ffmpeg version n3.3.6-6-g09419de Copyright (c) 2000-2017 the FFmpeg developers
  built with Apple LLVM version 9.0.0 (clang-900.0.39.2)
  configuration: --enable-debug --disable-yasm
  WARNING: library configuration mismatch
  avformat    configuration: --disable-yasm
  libavutil      55. 58.100 / 55. 58.100
  libavcodec     57. 89.100 / 57. 89.100
  libavformat    57. 71.100 / 57. 71.100
  libavdevice    57.  6.100 / 57.  6.100
  libavfilter     6. 82.100 /  6. 82.100
  libswscale      4.  6.100 /  4.  6.100
  libswresample   2.  7.100 /  2.  7.100
Splitting the commandline.
Reading option '-i' ... matched as input url with argument '/Users/mtime/Downloads/WeChatSight29.mp4'.
Reading option '-vf' ... matched as option 'vf' (set video filters) with argument 'gopreverse'.
Reading option '-vcodec' ... matched as option 'vcodec' (force video codec ('copy' to copy stream)) with argument 'h264'.
Reading option '-y' ... matched as option 'y' (overwrite output files) with argument '1'.
Reading option 'test.mp4' ... matched as output url.
Reading option '-v' ... matched as option 'v' (set logging level) with argument 'debug'.
Finished splitting the commandline.
Parsing a group of options: global .
Applying option y (overwrite output files) with argument 1.
Applying option v (set logging level) with argument debug.
Successfully parsed a group of options.
Parsing a group of options: input url /Users/mtime/Downloads/WeChatSight29.mp4.
Successfully parsed a group of options.
Opening an input file: /Users/mtime/Downloads/WeChatSight29.mp4.
[NULL @ 0x7feb59803200] Opening '/Users/mtime/Downloads/WeChatSight29.mp4' for reading
[file @ 0x7feb59407b20] Setting default whitelist 'file,crypto'
[mov,mp4,m4a,3gp,3g2,mj2 @ 0x7feb59803200] Format mov,mp4,m4a,3gp,3g2,mj2 probed with size=2048 and score=100
[mov,mp4,m4a,3gp,3g2,mj2 @ 0x7feb59803200] ISO: File Type Major Brand: isom
[mov,mp4,m4a,3gp,3g2,mj2 @ 0x7feb59803200] Unknown dref type 0x206c7275 size 12
[mov,mp4,m4a,3gp,3g2,mj2 @ 0x7feb59803200] Offset DTS by ctts[0].duration: 1024
[mov,mp4,m4a,3gp,3g2,mj2 @ 0x7feb59803200] Processing st: 0, edit list 0 - media time: 1024, duration: 364032
[mov,mp4,m4a,3gp,3g2,mj2 @ 0x7feb59803200] shifted frame pts, curr_cts: 0 @ 0, ctts: 1024, ctts_count: 704
[mov,mp4,m4a,3gp,3g2,mj2 @ 0x7feb59803200] shifted frame pts, curr_cts: 512 @ 1, ctts: 2560, ctts_count: 704
[mov,mp4,m4a,3gp,3g2,mj2 @ 0x7feb59803200] shifted frame pts, curr_cts: 1024 @ 2, ctts: 1024, ctts_count: 704
[mov,mp4,m4a,3gp,3g2,mj2 @ 0x7feb59803200] shifted frame pts, curr_cts: 1536 @ 3, ctts: 0, ctts_count: 704
[mov,mp4,m4a,3gp,3g2,mj2 @ 0x7feb59803200] shifted frame pts, curr_cts: 2048 @ 4, ctts: 512, ctts_count: 704
[mov,mp4,m4a,3gp,3g2,mj2 @ 0x7feb59803200] shifted frame pts, curr_cts: 2560 @ 5, ctts: 2560, ctts_count: 704
[mov,mp4,m4a,3gp,3g2,mj2 @ 0x7feb59803200] shifted frame pts, curr_cts: 3072 @ 6, ctts: 1024, ctts_count: 704
[mov,mp4,m4a,3gp,3g2,mj2 @ 0x7feb59803200] shifted frame pts, curr_cts: 3584 @ 7, ctts: 0, ctts_count: 704
[mov,mp4,m4a,3gp,3g2,mj2 @ 0x7feb59803200] shifted frame pts, curr_cts: 4096 @ 8, ctts: 512, ctts_count: 704
[mov,mp4,m4a,3gp,3g2,mj2 @ 0x7feb59803200] shifted frame pts, curr_cts: 4608 @ 9, ctts: 2560, ctts_count: 704
[mov,mp4,m4a,3gp,3g2,mj2 @ 0x7feb59803200] shifted frame pts, curr_cts: 5120 @ 10, ctts: 1024, ctts_count: 704
[mov,mp4,m4a,3gp,3g2,mj2 @ 0x7feb59803200] shifted frame pts, curr_cts: 5632 @ 11, ctts: 0, ctts_count: 704
[mov,mp4,m4a,3gp,3g2,mj2 @ 0x7feb59803200] shifted frame pts, curr_cts: 6144 @ 12, ctts: 512, ctts_count: 704
[mov,mp4,m4a,3gp,3g2,mj2 @ 0x7feb59803200] shifted frame pts, curr_cts: 6656 @ 13, ctts: 2560, ctts_count: 704
[mov,mp4,m4a,3gp,3g2,mj2 @ 0x7feb59803200] shifted frame pts, curr_cts: 7168 @ 14, ctts: 1024, ctts_count: 704
[mov,mp4,m4a,3gp,3g2,mj2 @ 0x7feb59803200] shifted frame pts, curr_cts: 7680 @ 15, ctts: 0, ctts_count: 704
[mov,mp4,m4a,3gp,3g2,mj2 @ 0x7feb59803200] shifted frame pts, curr_cts: 8192 @ 16, ctts: 512, ctts_count: 704
[mov,mp4,m4a,3gp,3g2,mj2 @ 0x7feb59803200] shifted frame pts, curr_cts: 8704 @ 17, ctts: 2560, ctts_count: 704
[mov,mp4,m4a,3gp,3g2,mj2 @ 0x7feb59803200] shifted frame pts, curr_cts: 9216 @ 18, ctts: 1024, ctts_count: 704
[mov,mp4,m4a,3gp,3g2,mj2 @ 0x7feb59803200] shifted frame pts, curr_cts: 9728 @ 19, ctts: 0, ctts_count: 704
[mov,mp4,m4a,3gp,3g2,mj2 @ 0x7feb59803200] shifted frame pts, curr_cts: 10240 @ 20, ctts: 512, ctts_count: 704
[mov,mp4,m4a,3gp,3g2,mj2 @ 0x7feb59803200] shifted frame pts, curr_cts: 10752 @ 21, ctts: 2560, ctts_count: 704
[mov,mp4,m4a,3gp,3g2,mj2 @ 0x7feb59803200] shifted frame pts, curr_cts: 11264 @ 22, ctts: 1024, ctts_count: 704
[mov,mp4,m4a,3gp,3g2,mj2 @ 0x7feb59803200] shifted frame pts, curr_cts: 11776 @ 23, ctts: 0, ctts_count: 704
[mov,mp4,m4a,3gp,3g2,mj2 @ 0x7feb59803200] shifted frame pts, curr_cts: 12288 @ 24, ctts: 512, ctts_count: 704
[mov,mp4,m4a,3gp,3g2,mj2 @ 0x7feb59803200] shifted frame pts, curr_cts: 12800 @ 25, ctts: 2560, ctts_count: 704
[mov,mp4,m4a,3gp,3g2,mj2 @ 0x7feb59803200] shifted frame pts, curr_cts: 13312 @ 26, ctts: 1024, ctts_count: 704
[mov,mp4,m4a,3gp,3g2,mj2 @ 0x7feb59803200] shifted frame pts, curr_cts: 13824 @ 27, ctts: 0, ctts_count: 704
[mov,mp4,m4a,3gp,3g2,mj2 @ 0x7feb59803200] shifted frame pts, curr_cts: 14336 @ 28, ctts: 512, ctts_count: 704
[mov,mp4,m4a,3gp,3g2,mj2 @ 0x7feb59803200] shifted frame pts, curr_cts: 14848 @ 29, ctts: 2560, ctts_count: 704
[mov,mp4,m4a,3gp,3g2,mj2 @ 0x7feb59803200] shifted frame pts, curr_cts: 15360 @ 30, ctts: 1024, ctts_count: 704
[mov,mp4,m4a,3gp,3g2,mj2 @ 0x7feb59803200] shifted frame pts, curr_cts: 15872 @ 31, ctts: 0, ctts_count: 704
[mov,mp4,m4a,3gp,3g2,mj2 @ 0x7feb59803200] shifted frame pts, curr_cts: 16384 @ 32, ctts: 512, ctts_count: 704
[mov,mp4,m4a,3gp,3g2,mj2 @ 0x7feb59803200] shifted frame pts, curr_cts: 16896 @ 33, ctts: 2560, ctts_count: 704
[mov,mp4,m4a,3gp,3g2,mj2 @ 0x7feb59803200] shifted frame pts, curr_cts: 17408 @ 34, ctts: 1024, ctts_count: 704
[mov,mp4,m4a,3gp,3g2,mj2 @ 0x7feb59803200] shifted frame pts, curr_cts: 17920 @ 35, ctts: 0, ctts_count: 704
[mov,mp4,m4a,3gp,3g2,mj2 @ 0x7feb59803200] shifted frame pts, curr_cts: 18432 @ 36, ctts: 512, ctts_count: 704
[mov,mp4,m4a,3gp,3g2,mj2 @ 0x7feb59803200] shifted frame pts, curr_cts: 18944 @ 37, ctts: 2560, ctts_count: 704
[mov,mp4,m4a,3gp,3g2,mj2 @ 0x7feb59803200] shifted frame pts, curr_cts: 19456 @ 38, ctts: 1024, ctts_count: 704
[mov,mp4,m4a,3gp,3g2,mj2 @ 0x7feb59803200] shifted frame pts, curr_cts: 19968 @ 39, ctts: 0, ctts_count: 704
[mov,mp4,m4a,3gp,3g2,mj2 @ 0x7feb59803200] shifted frame pts, curr_cts: 20480 @ 40, ctts: 512, ctts_count: 704
[mov,mp4,m4a,3gp,3g2,mj2 @ 0x7feb59803200] shifted frame pts, curr_cts: 20992 @ 41, ctts: 2560, ctts_count: 704
[mov,mp4,m4a,3gp,3g2,mj2 @ 0x7feb59803200] shifted frame pts, curr_cts: 21504 @ 42, ctts: 1024, ctts_count: 704
[mov,mp4,m4a,3gp,3g2,mj2 @ 0x7feb59803200] shifted frame pts, curr_cts: 22016 @ 43, ctts: 0, ctts_count: 704
[mov,mp4,m4a,3gp,3g2,mj2 @ 0x7feb59803200] shifted frame pts, curr_cts: 22528 @ 44, ctts: 512, ctts_count: 704
[mov,mp4,m4a,3gp,3g2,mj2 @ 0x7feb59803200] shifted frame pts, curr_cts: 23040 @ 45, ctts: 2560, ctts_count: 704
[mov,mp4,m4a,3gp,3g2,mj2 @ 0x7feb59803200] shifted frame pts, curr_cts: 23552 @ 46, ctts: 1024, ctts_count: 704
[mov,mp4,m4a,3gp,3g2,mj2 @ 0x7feb59803200] shifted frame pts, curr_cts: 24064 @ 47, ctts: 0, ctts_count: 704
[mov,mp4,m4a,3gp,3g2,mj2 @ 0x7feb59803200] shifted frame pts, curr_cts: 24576 @ 48, ctts: 512, ctts_count: 704
[mov,mp4,m4a,3gp,3g2,mj2 @ 0x7feb59803200] shifted frame pts, curr_cts: 25088 @ 49, ctts: 2560, ctts_count: 704
[mov,mp4,m4a,3gp,3g2,mj2 @ 0x7feb59803200] shifted frame pts, curr_cts: 25600 @ 50, ctts: 1024, ctts_count: 704
[mov,mp4,m4a,3gp,3g2,mj2 @ 0x7feb59803200] shifted frame pts, curr_cts: 26112 @ 51, ctts: 0, ctts_count: 704
[mov,mp4,m4a,3gp,3g2,mj2 @ 0x7feb59803200] shifted frame pts, curr_cts: 26624 @ 52, ctts: 512, ctts_count: 704
[mov,mp4,m4a,3gp,3g2,mj2 @ 0x7feb59803200] shifted frame pts, curr_cts: 27136 @ 53, ctts: 2560, ctts_count: 704
[mov,mp4,m4a,3gp,3g2,mj2 @ 0x7feb59803200] shifted frame pts, curr_cts: 27648 @ 54, ctts: 1024, ctts_count: 704
[mov,mp4,m4a,3gp,3g2,mj2 @ 0x7feb59803200] shifted frame pts, curr_cts: 28160 @ 55, ctts: 0, ctts_count: 704
[mov,mp4,m4a,3gp,3g2,mj2 @ 0x7feb59803200] shifted frame pts, curr_cts: 28672 @ 56, ctts: 512, ctts_count: 704
[mov,mp4,m4a,3gp,3g2,mj2 @ 0x7feb59803200] shifted frame pts, curr_cts: 29184 @ 57, ctts: 2560, ctts_count: 704
[mov,mp4,m4a,3gp,3g2,mj2 @ 0x7feb59803200] shifted frame pts, curr_cts: 29696 @ 58, ctts: 1024, ctts_count: 704
[mov,mp4,m4a,3gp,3g2,mj2 @ 0x7feb59803200] shifted frame pts, curr_cts: 30208 @ 59, ctts: 0, ctts_count: 704
[mov,mp4,m4a,3gp,3g2,mj2 @ 0x7feb59803200] shifted frame pts, curr_cts: 30720 @ 60, ctts: 512, ctts_count: 704
[mov,mp4,m4a,3gp,3g2,mj2 @ 0x7feb59803200] shifted frame pts, curr_cts: 31232 @ 61, ctts: 2560, ctts_count: 704
[mov,mp4,m4a,3gp,3g2,mj2 @ 0x7feb59803200] shifted frame pts, curr_cts: 31744 @ 62, ctts: 1024, ctts_count: 704
[mov,mp4,m4a,3gp,3g2,mj2 @ 0x7feb59803200] shifted frame pts, curr_cts: 32256 @ 63, ctts: 0, ctts_count: 704
[mov,mp4,m4a,3gp,3g2,mj2 @ 0x7feb59803200] shifted frame pts, curr_cts: 32768 @ 64, ctts: 512, ctts_count: 704
[mov,mp4,m4a,3gp,3g2,mj2 @ 0x7feb59803200] shifted frame pts, curr_cts: 33280 @ 65, ctts: 2560, ctts_count: 704
[mov,mp4,m4a,3gp,3g2,mj2 @ 0x7feb59803200] shifted frame pts, curr_cts: 33792 @ 66, ctts: 1024, ctts_count: 704
[mov,mp4,m4a,3gp,3g2,mj2 @ 0x7feb59803200] shifted frame pts, curr_cts: 34304 @ 67, ctts: 0, ctts_count: 704
[mov,mp4,m4a,3gp,3g2,mj2 @ 0x7feb59803200] shifted frame pts, curr_cts: 34816 @ 68, ctts: 512, ctts_count: 704
[mov,mp4,m4a,3gp,3g2,mj2 @ 0x7feb59803200] shifted frame pts, curr_cts: 35328 @ 69, ctts: 2560, ctts_count: 704
[mov,mp4,m4a,3gp,3g2,mj2 @ 0x7feb59803200] shifted frame pts, curr_cts: 35840 @ 70, ctts: 1024, ctts_count: 704
[mov,mp4,m4a,3gp,3g2,mj2 @ 0x7feb59803200] shifted frame pts, curr_cts: 36352 @ 71, ctts: 0, ctts_count: 704
[mov,mp4,m4a,3gp,3g2,mj2 @ 0x7feb59803200] shifted frame pts, curr_cts: 36864 @ 72, ctts: 512, ctts_count: 704
[mov,mp4,m4a,3gp,3g2,mj2 @ 0x7feb59803200] shifted frame pts, curr_cts: 37376 @ 73, ctts: 2560, ctts_count: 704
[mov,mp4,m4a,3gp,3g2,mj2 @ 0x7feb59803200] shifted frame pts, curr_cts: 37888 @ 74, ctts: 1024, ctts_count: 704
[mov,mp4,m4a,3gp,3g2,mj2 @ 0x7feb59803200] shifted frame pts, curr_cts: 38400 @ 75, ctts: 0, ctts_count: 704
[mov,mp4,m4a,3gp,3g2,mj2 @ 0x7feb59803200] shifted frame pts, curr_cts: 38912 @ 76, ctts: 512, ctts_count: 704
[mov,mp4,m4a,3gp,3g2,mj2 @ 0x7feb59803200] shifted frame pts, curr_cts: 39424 @ 77, ctts: 2560, ctts_count: 704
[mov,mp4,m4a,3gp,3g2,mj2 @ 0x7feb59803200] shifted frame pts, curr_cts: 39936 @ 78, ctts: 1024, ctts_count: 704
[mov,mp4,m4a,3gp,3g2,mj2 @ 0x7feb59803200] shifted frame pts, curr_cts: 40448 @ 79, ctts: 0, ctts_count: 704
[mov,mp4,m4a,3gp,3g2,mj2 @ 0x7feb59803200] shifted frame pts, curr_cts: 40960 @ 80, ctts: 512, ctts_count: 704
[mov,mp4,m4a,3gp,3g2,mj2 @ 0x7feb59803200] shifted frame pts, curr_cts: 41472 @ 81, ctts: 2560, ctts_count: 704
[mov,mp4,m4a,3gp,3g2,mj2 @ 0x7feb59803200] shifted frame pts, curr_cts: 41984 @ 82, ctts: 1024, ctts_count: 704
[mov,mp4,m4a,3gp,3g2,mj2 @ 0x7feb59803200] shifted frame pts, curr_cts: 42496 @ 83, ctts: 0, ctts_count: 704
[mov,mp4,m4a,3gp,3g2,mj2 @ 0x7feb59803200] shifted frame pts, curr_cts: 43008 @ 84, ctts: 512, ctts_count: 704
[mov,mp4,m4a,3gp,3g2,mj2 @ 0x7feb59803200] shifted frame pts, curr_cts: 43520 @ 85, ctts: 2560, ctts_count: 704
[mov,mp4,m4a,3gp,3g2,mj2 @ 0x7feb59803200] shifted frame pts, curr_cts: 44032 @ 86, ctts: 1024, ctts_count: 704
[mov,mp4,m4a,3gp,3g2,mj2 @ 0x7feb59803200] shifted frame pts, curr_cts: 44544 @ 87, ctts: 0, ctts_count: 704
[mov,mp4,m4a,3gp,3g2,mj2 @ 0x7feb59803200] shifted frame pts, curr_cts: 45056 @ 88, ctts: 512, ctts_count: 704
[mov,mp4,m4a,3gp,3g2,mj2 @ 0x7feb59803200] shifted frame pts, curr_cts: 45568 @ 89, ctts: 1024, ctts_count: 704
[mov,mp4,m4a,3gp,3g2,mj2 @ 0x7feb59803200] shifted frame pts, curr_cts: 46080 @ 89, ctts: 1024, ctts_count: 704
[mov,mp4,m4a,3gp,3g2,mj2 @ 0x7feb59803200] shifted frame pts, curr_cts: 46592 @ 90, ctts: 2560, ctts_count: 704
[mov,mp4,m4a,3gp,3g2,mj2 @ 0x7feb59803200] shifted frame pts, curr_cts: 47104 @ 91, ctts: 1024, ctts_count: 704
[mov,mp4,m4a,3gp,3g2,mj2 @ 0x7feb59803200] shifted frame pts, curr_cts: 47616 @ 92, ctts: 0, ctts_count: 704
[mov,mp4,m4a,3gp,3g2,mj2 @ 0x7feb59803200] shifted frame pts, curr_cts: 48128 @ 93, ctts: 512, ctts_count: 704
[mov,mp4,m4a,3gp,3g2,mj2 @ 0x7feb59803200] shifted frame pts, curr_cts: 48640 @ 94, ctts: 2560, ctts_count: 704
[mov,mp4,m4a,3gp,3g2,mj2 @ 0x7feb59803200] shifted frame pts, curr_cts: 49152 @ 95, ctts: 1024, ctts_count: 704
[mov,mp4,m4a,3gp,3g2,mj2 @ 0x7feb59803200] shifted frame pts, curr_cts: 49664 @ 96, ctts: 0, ctts_count: 704
[mov,mp4,m4a,3gp,3g2,mj2 @ 0x7feb59803200] shifted frame pts, curr_cts: 50176 @ 97, ctts: 512, ctts_count: 704
[mov,mp4,m4a,3gp,3g2,mj2 @ 0x7feb59803200] shifted frame pts, curr_cts: 50688 @ 98, ctts: 2560, ctts_count: 704
[mov,mp4,m4a,3gp,3g2,mj2 @ 0x7feb59803200] shifted frame pts, curr_cts: 51200 @ 99, ctts: 1024, ctts_count: 704
[mov,mp4,m4a,3gp,3g2,mj2 @ 0x7feb59803200] shifted frame pts, curr_cts: 51712 @ 100, ctts: 0, ctts_count: 704
[mov,mp4,m4a,3gp,3g2,mj2 @ 0x7feb59803200] shifted frame pts, curr_cts: 52224 @ 101, ctts: 512, ctts_count: 704
[mov,mp4,m4a,3gp,3g2,mj2 @ 0x7feb59803200] shifted frame pts, curr_cts: 52736 @ 102, ctts: 2560, ctts_count: 704
[mov,mp4,m4a,3gp,3g2,mj2 @ 0x7feb59803200] shifted frame pts, curr_cts: 53248 @ 103, ctts: 1024, ctts_count: 704
[mov,mp4,m4a,3gp,3g2,mj2 @ 0x7feb59803200] shifted frame pts, curr_cts: 53760 @ 104, ctts: 0, ctts_count: 704
[mov,mp4,m4a,3gp,3g2,mj2 @ 0x7feb59803200] shifted frame pts, curr_cts: 54272 @ 105, ctts: 512, ctts_count: 704
[mov,mp4,m4a,3gp,3g2,mj2 @ 0x7feb59803200] shifted frame pts, curr_cts: 54784 @ 106, ctts: 2560, ctts_count: 704
[mov,mp4,m4a,3gp,3g2,mj2 @ 0x7feb59803200] shifted frame pts, curr_cts: 55296 @ 107, ctts: 1024, ctts_count: 704
[mov,mp4,m4a,3gp,3g2,mj2 @ 0x7feb59803200] shifted frame pts, curr_cts: 55808 @ 108, ctts: 0, ctts_count: 704
[mov,mp4,m4a,3gp,3g2,mj2 @ 0x7feb59803200] shifted frame pts, curr_cts: 56320 @ 109, ctts: 512, ctts_count: 704
[mov,mp4,m4a,3gp,3g2,mj2 @ 0x7feb59803200] shifted frame pts, curr_cts: 56832 @ 110, ctts: 2560, ctts_count: 704
[mov,mp4,m4a,3gp,3g2,mj2 @ 0x7feb59803200] shifted frame pts, curr_cts: 57344 @ 111, ctts: 1024, ctts_count: 704
[mov,mp4,m4a,3gp,3g2,mj2 @ 0x7feb59803200] shifted frame pts, curr_cts: 57856 @ 112, ctts: 0, ctts_count: 704
[mov,mp4,m4a,3gp,3g2,mj2 @ 0x7feb59803200] shifted frame pts, curr_cts: 58368 @ 113, ctts: 512, ctts_count: 704
[mov,mp4,m4a,3gp,3g2,mj2 @ 0x7feb59803200] shifted frame pts, curr_cts: 58880 @ 114, ctts: 2560, ctts_count: 704
[mov,mp4,m4a,3gp,3g2,mj2 @ 0x7feb59803200] shifted frame pts, curr_cts: 59392 @ 115, ctts: 1024, ctts_count: 704
[mov,mp4,m4a,3gp,3g2,mj2 @ 0x7feb59803200] shifted frame pts, curr_cts: 59904 @ 116, ctts: 0, ctts_count: 704
[mov,mp4,m4a,3gp,3g2,mj2 @ 0x7feb59803200] shifted frame pts, curr_cts: 60416 @ 117, ctts: 512, ctts_count: 704
[mov,mp4,m4a,3gp,3g2,mj2 @ 0x7feb59803200] shifted frame pts, curr_cts: 60928 @ 118, ctts: 2560, ctts_count: 704
[mov,mp4,m4a,3gp,3g2,mj2 @ 0x7feb59803200] shifted frame pts, curr_cts: 61440 @ 119, ctts: 1024, ctts_count: 704
[mov,mp4,m4a,3gp,3g2,mj2 @ 0x7feb59803200] shifted frame pts, curr_cts: 61952 @ 120, ctts: 0, ctts_count: 704
[mov,mp4,m4a,3gp,3g2,mj2 @ 0x7feb59803200] shifted frame pts, curr_cts: 62464 @ 121, ctts: 512, ctts_count: 704
[mov,mp4,m4a,3gp,3g2,mj2 @ 0x7feb59803200] shifted frame pts, curr_cts: 62976 @ 122, ctts: 2560, ctts_count: 704
[mov,mp4,m4a,3gp,3g2,mj2 @ 0x7feb59803200] shifted frame pts, curr_cts: 63488 @ 123, ctts: 1024, ctts_count: 704
[mov,mp4,m4a,3gp,3g2,mj2 @ 0x7feb59803200] shifted frame pts, curr_cts: 64000 @ 124, ctts: 0, ctts_count: 704
[mov,mp4,m4a,3gp,3g2,mj2 @ 0x7feb59803200] shifted frame pts, curr_cts: 64512 @ 125, ctts: 512, ctts_count: 704
[mov,mp4,m4a,3gp,3g2,mj2 @ 0x7feb59803200] shifted frame pts, curr_cts: 65024 @ 126, ctts: 2560, ctts_count: 704
[mov,mp4,m4a,3gp,3g2,mj2 @ 0x7feb59803200] shifted frame pts, curr_cts: 65536 @ 127, ctts: 1024, ctts_count: 704
[mov,mp4,m4a,3gp,3g2,mj2 @ 0x7feb59803200] shifted frame pts, curr_cts: 66048 @ 128, ctts: 0, ctts_count: 704
[mov,mp4,m4a,3gp,3g2,mj2 @ 0x7feb59803200] shifted frame pts, curr_cts: 66560 @ 129, ctts: 512, ctts_count: 704
[mov,mp4,m4a,3gp,3g2,mj2 @ 0x7feb59803200] shifted frame pts, curr_cts: 67072 @ 130, ctts: 2560, ctts_count: 704
[mov,mp4,m4a,3gp,3g2,mj2 @ 0x7feb59803200] shifted frame pts, curr_cts: 67584 @ 131, ctts: 1024, ctts_count: 704
[mov,mp4,m4a,3gp,3g2,mj2 @ 0x7feb59803200] shifted frame pts, curr_cts: 68096 @ 132, ctts: 0, ctts_count: 704
[mov,mp4,m4a,3gp,3g2,mj2 @ 0x7feb59803200] shifted frame pts, curr_cts: 68608 @ 133, ctts: 512, ctts_count: 704
[mov,mp4,m4a,3gp,3g2,mj2 @ 0x7feb59803200] shifted frame pts, curr_cts: 69120 @ 134, ctts: 2560, ctts_count: 704
[mov,mp4,m4a,3gp,3g2,mj2 @ 0x7feb59803200] shifted frame pts, curr_cts: 69632 @ 135, ctts: 1024, ctts_count: 704
[mov,mp4,m4a,3gp,3g2,mj2 @ 0x7feb59803200] shifted frame pts, curr_cts: 70144 @ 136, ctts: 0, ctts_count: 704
[mov,mp4,m4a,3gp,3g2,mj2 @ 0x7feb59803200] shifted frame pts, curr_cts: 70656 @ 137, ctts: 512, ctts_count: 704
[mov,mp4,m4a,3gp,3g2,mj2 @ 0x7feb59803200] shifted frame pts, curr_cts: 71168 @ 138, ctts: 2560, ctts_count: 704
[mov,mp4,m4a,3gp,3g2,mj2 @ 0x7feb59803200] shifted frame pts, curr_cts: 71680 @ 139, ctts: 1024, ctts_count: 704
[mov,mp4,m4a,3gp,3g2,mj2 @ 0x7feb59803200] shifted frame pts, curr_cts: 72192 @ 140, ctts: 0, ctts_count: 704
[mov,mp4,m4a,3gp,3g2,mj2 @ 0x7feb59803200] shifted frame pts, curr_cts: 72704 @ 141, ctts: 512, ctts_count: 704
[mov,mp4,m4a,3gp,3g2,mj2 @ 0x7feb59803200] shifted frame pts, curr_cts: 73216 @ 142, ctts: 2560, ctts_count: 704
[mov,mp4,m4a,3gp,3g2,mj2 @ 0x7feb59803200] shifted frame pts, curr_cts: 73728 @ 143, ctts: 1024, ctts_count: 704
[mov,mp4,m4a,3gp,3g2,mj2 @ 0x7feb59803200] shifted frame pts, curr_cts: 74240 @ 144, ctts: 0, ctts_count: 704
[mov,mp4,m4a,3gp,3g2,mj2 @ 0x7feb59803200] shifted frame pts, curr_cts: 74752 @ 145, ctts: 512, ctts_count: 704
[mov,mp4,m4a,3gp,3g2,mj2 @ 0x7feb59803200] shifted frame pts, curr_cts: 75264 @ 146, ctts: 2560, ctts_count: 704
[mov,mp4,m4a,3gp,3g2,mj2 @ 0x7feb59803200] shifted frame pts, curr_cts: 75776 @ 147, ctts: 1024, ctts_count: 704
[mov,mp4,m4a,3gp,3g2,mj2 @ 0x7feb59803200] shifted frame pts, curr_cts: 76288 @ 148, ctts: 0, ctts_count: 704
[mov,mp4,m4a,3gp,3g2,mj2 @ 0x7feb59803200] shifted frame pts, curr_cts: 76800 @ 149, ctts: 512, ctts_count: 704
[mov,mp4,m4a,3gp,3g2,mj2 @ 0x7feb59803200] shifted frame pts, curr_cts: 77312 @ 150, ctts: 2560, ctts_count: 704
[mov,mp4,m4a,3gp,3g2,mj2 @ 0x7feb59803200] shifted frame pts, curr_cts: 77824 @ 151, ctts: 1024, ctts_count: 704
[mov,mp4,m4a,3gp,3g2,mj2 @ 0x7feb59803200] shifted frame pts, curr_cts: 78336 @ 152, ctts: 0, ctts_count: 704
[mov,mp4,m4a,3gp,3g2,mj2 @ 0x7feb59803200] shifted frame pts, curr_cts: 78848 @ 153, ctts: 512, ctts_count: 704
[mov,mp4,m4a,3gp,3g2,mj2 @ 0x7feb59803200] shifted frame pts, curr_cts: 79360 @ 154, ctts: 2560, ctts_count: 704
[mov,mp4,m4a,3gp,3g2,mj2 @ 0x7feb59803200] shifted frame pts, curr_cts: 79872 @ 155, ctts: 1024, ctts_count: 704
[mov,mp4,m4a,3gp,3g2,mj2 @ 0x7feb59803200] shifted frame pts, curr_cts: 80384 @ 156, ctts: 0, ctts_count: 704
[mov,mp4,m4a,3gp,3g2,mj2 @ 0x7feb59803200] shifted frame pts, curr_cts: 80896 @ 157, ctts: 512, ctts_count: 704
[mov,mp4,m4a,3gp,3g2,mj2 @ 0x7feb59803200] shifted frame pts, curr_cts: 81408 @ 158, ctts: 2560, ctts_count: 704
[mov,mp4,m4a,3gp,3g2,mj2 @ 0x7feb59803200] shifted frame pts, curr_cts: 81920 @ 159, ctts: 1024, ctts_count: 704
[mov,mp4,m4a,3gp,3g2,mj2 @ 0x7feb59803200] shifted frame pts, curr_cts: 82432 @ 160, ctts: 0, ctts_count: 704
[mov,mp4,m4a,3gp,3g2,mj2 @ 0x7feb59803200] shifted frame pts, curr_cts: 82944 @ 161, ctts: 512, ctts_count: 704
[mov,mp4,m4a,3gp,3g2,mj2 @ 0x7feb59803200] shifted frame pts, curr_cts: 83456 @ 162, ctts: 2560, ctts_count: 704
[mov,mp4,m4a,3gp,3g2,mj2 @ 0x7feb59803200] shifted frame pts, curr_cts: 83968 @ 163, ctts: 1024, ctts_count: 704
[mov,mp4,m4a,3gp,3g2,mj2 @ 0x7feb59803200] shifted frame pts, curr_cts: 84480 @ 164, ctts: 0, ctts_count: 704
[mov,mp4,m4a,3gp,3g2,mj2 @ 0x7feb59803200] shifted frame pts, curr_cts: 84992 @ 165, ctts: 512, ctts_count: 704
[mov,mp4,m4a,3gp,3g2,mj2 @ 0x7feb59803200] shifted frame pts, curr_cts: 85504 @ 166, ctts: 2560, ctts_count: 704
[mov,mp4,m4a,3gp,3g2,mj2 @ 0x7feb59803200] shifted frame pts, curr_cts: 86016 @ 167, ctts: 1024, ctts_count: 704
[mov,mp4,m4a,3gp,3g2,mj2 @ 0x7feb59803200] shifted frame pts, curr_cts: 86528 @ 168, ctts: 0, ctts_count: 704
[mov,mp4,m4a,3gp,3g2,mj2 @ 0x7feb59803200] shifted frame pts, curr_cts: 87040 @ 169, ctts: 512, ctts_count: 704
[mov,mp4,m4a,3gp,3g2,mj2 @ 0x7feb59803200] shifted frame pts, curr_cts: 87552 @ 170, ctts: 2560, ctts_count: 704
[mov,mp4,m4a,3gp,3g2,mj2 @ 0x7feb59803200] shifted frame pts, curr_cts: 88064 @ 171, ctts: 1024, ctts_count: 704
[mov,mp4,m4a,3gp,3g2,mj2 @ 0x7feb59803200] shifted frame pts, curr_cts: 88576 @ 172, ctts: 0, ctts_count: 704
[mov,mp4,m4a,3gp,3g2,mj2 @ 0x7feb59803200] shifted frame pts, curr_cts: 89088 @ 173, ctts: 512, ctts_count: 704
[mov,mp4,m4a,3gp,3g2,mj2 @ 0x7feb59803200] shifted frame pts, curr_cts: 89600 @ 174, ctts: 2560, ctts_count: 704
[mov,mp4,m4a,3gp,3g2,mj2 @ 0x7feb59803200] shifted frame pts, curr_cts: 90112 @ 175, ctts: 1024, ctts_count: 704
[mov,mp4,m4a,3gp,3g2,mj2 @ 0x7feb59803200] shifted frame pts, curr_cts: 90624 @ 176, ctts: 0, ctts_count: 704
[mov,mp4,m4a,3gp,3g2,mj2 @ 0x7feb59803200] shifted frame pts, curr_cts: 91136 @ 177, ctts: 512, ctts_count: 704
[mov,mp4,m4a,3gp,3g2,mj2 @ 0x7feb59803200] shifted frame pts, curr_cts: 91648 @ 178, ctts: 1024, ctts_count: 704
[mov,mp4,m4a,3gp,3g2,mj2 @ 0x7feb59803200] shifted frame pts, curr_cts: 92160 @ 178, ctts: 1024, ctts_count: 704
[mov,mp4,m4a,3gp,3g2,mj2 @ 0x7feb59803200] shifted frame pts, curr_cts: 92672 @ 179, ctts: 2560, ctts_count: 704
[mov,mp4,m4a,3gp,3g2,mj2 @ 0x7feb59803200] shifted frame pts, curr_cts: 93184 @ 180, ctts: 1024, ctts_count: 704
[mov,mp4,m4a,3gp,3g2,mj2 @ 0x7feb59803200] shifted frame pts, curr_cts: 93696 @ 181, ctts: 0, ctts_count: 704
[mov,mp4,m4a,3gp,3g2,mj2 @ 0x7feb59803200] shifted frame pts, curr_cts: 94208 @ 182, ctts: 512, ctts_count: 704
[mov,mp4,m4a,3gp,3g2,mj2 @ 0x7feb59803200] shifted frame pts, curr_cts: 94720 @ 183, ctts: 2560, ctts_count: 704
[mov,mp4,m4a,3gp,3g2,mj2 @ 0x7feb59803200] shifted frame pts, curr_cts: 95232 @ 184, ctts: 1024, ctts_count: 704
[mov,mp4,m4a,3gp,3g2,mj2 @ 0x7feb59803200] shifted frame pts, curr_cts: 95744 @ 185, ctts: 0, ctts_count: 704
[mov,mp4,m4a,3gp,3g2,mj2 @ 0x7feb59803200] shifted frame pts, curr_cts: 96256 @ 186, ctts: 512, ctts_count: 704
[mov,mp4,m4a,3gp,3g2,mj2 @ 0x7feb59803200] shifted frame pts, curr_cts: 96768 @ 187, ctts: 2560, ctts_count: 704
[mov,mp4,m4a,3gp,3g2,mj2 @ 0x7feb59803200] shifted frame pts, curr_cts: 97280 @ 188, ctts: 1024, ctts_count: 704
[mov,mp4,m4a,3gp,3g2,mj2 @ 0x7feb59803200] shifted frame pts, curr_cts: 97792 @ 189, ctts: 0, ctts_count: 704
[mov,mp4,m4a,3gp,3g2,mj2 @ 0x7feb59803200] shifted frame pts, curr_cts: 98304 @ 190, ctts: 512, ctts_count: 704
[mov,mp4,m4a,3gp,3g2,mj2 @ 0x7feb59803200] shifted frame pts, curr_cts: 98816 @ 191, ctts: 2560, ctts_count: 704
[mov,mp4,m4a,3gp,3g2,mj2 @ 0x7feb59803200] shifted frame pts, curr_cts: 99328 @ 192, ctts: 1024, ctts_count: 704
[mov,mp4,m4a,3gp,3g2,mj2 @ 0x7feb59803200] shifted frame pts, curr_cts: 99840 @ 193, ctts: 0, ctts_count: 704
[mov,mp4,m4a,3gp,3g2,mj2 @ 0x7feb59803200] shifted frame pts, curr_cts: 100352 @ 194, ctts: 512, ctts_count: 704
[mov,mp4,m4a,3gp,3g2,mj2 @ 0x7feb59803200] shifted frame pts, curr_cts: 100864 @ 195, ctts: 2560, ctts_count: 704
[mov,mp4,m4a,3gp,3g2,mj2 @ 0x7feb59803200] shifted frame pts, curr_cts: 101376 @ 196, ctts: 1024, ctts_count: 704
[mov,mp4,m4a,3gp,3g2,mj2 @ 0x7feb59803200] shifted frame pts, curr_cts: 101888 @ 197, ctts: 0, ctts_count: 704
[mov,mp4,m4a,3gp,3g2,mj2 @ 0x7feb59803200] shifted frame pts, curr_cts: 102400 @ 198, ctts: 512, ctts_count: 704
[mov,mp4,m4a,3gp,3g2,mj2 @ 0x7feb59803200] shifted frame pts, curr_cts: 102912 @ 199, ctts: 2560, ctts_count: 704
[mov,mp4,m4a,3gp,3g2,mj2 @ 0x7feb59803200] shifted frame pts, curr_cts: 103424 @ 200, ctts: 1024, ctts_count: 704
[mov,mp4,m4a,3gp,3g2,mj2 @ 0x7feb59803200] shifted frame pts, curr_cts: 103936 @ 201, ctts: 0, ctts_count: 704
[mov,mp4,m4a,3gp,3g2,mj2 @ 0x7feb59803200] shifted frame pts, curr_cts: 104448 @ 202, ctts: 512, ctts_count: 704
[mov,mp4,m4a,3gp,3g2,mj2 @ 0x7feb59803200] shifted frame pts, curr_cts: 104960 @ 203, ctts: 2560, ctts_count: 704
[mov,mp4,m4a,3gp,3g2,mj2 @ 0x7feb59803200] shifted frame pts, curr_cts: 105472 @ 204, ctts: 1024, ctts_count: 704
[mov,mp4,m4a,3gp,3g2,mj2 @ 0x7feb59803200] shifted frame pts, curr_cts: 105984 @ 205, ctts: 0, ctts_count: 704
[mov,mp4,m4a,3gp,3g2,mj2 @ 0x7feb59803200] shifted frame pts, curr_cts: 106496 @ 206, ctts: 512, ctts_count: 704
[mov,mp4,m4a,3gp,3g2,mj2 @ 0x7feb59803200] shifted frame pts, curr_cts: 107008 @ 207, ctts: 2560, ctts_count: 704
[mov,mp4,m4a,3gp,3g2,mj2 @ 0x7feb59803200] shifted frame pts, curr_cts: 107520 @ 208, ctts: 1024, ctts_count: 704
[mov,mp4,m4a,3gp,3g2,mj2 @ 0x7feb59803200] shifted frame pts, curr_cts: 108032 @ 209, ctts: 0, ctts_count: 704
[mov,mp4,m4a,3gp,3g2,mj2 @ 0x7feb59803200] shifted frame pts, curr_cts: 108544 @ 210, ctts: 512, ctts_count: 704
[mov,mp4,m4a,3gp,3g2,mj2 @ 0x7feb59803200] shifted frame pts, curr_cts: 109056 @ 211, ctts: 2560, ctts_count: 704
[mov,mp4,m4a,3gp,3g2,mj2 @ 0x7feb59803200] shifted frame pts, curr_cts: 109568 @ 212, ctts: 1024, ctts_count: 704
[mov,mp4,m4a,3gp,3g2,mj2 @ 0x7feb59803200] shifted frame pts, curr_cts: 110080 @ 213, ctts: 0, ctts_count: 704
[mov,mp4,m4a,3gp,3g2,mj2 @ 0x7feb59803200] shifted frame pts, curr_cts: 110592 @ 214, ctts: 512, ctts_count: 704
[mov,mp4,m4a,3gp,3g2,mj2 @ 0x7feb59803200] shifted frame pts, curr_cts: 111104 @ 215, ctts: 2560, ctts_count: 704
[mov,mp4,m4a,3gp,3g2,mj2 @ 0x7feb59803200] shifted frame pts, curr_cts: 111616 @ 216, ctts: 1024, ctts_count: 704
[mov,mp4,m4a,3gp,3g2,mj2 @ 0x7feb59803200] shifted frame pts, curr_cts: 112128 @ 217, ctts: 0, ctts_count: 704
[mov,mp4,m4a,3gp,3g2,mj2 @ 0x7feb59803200] shifted frame pts, curr_cts: 112640 @ 218, ctts: 512, ctts_count: 704
[mov,mp4,m4a,3gp,3g2,mj2 @ 0x7feb59803200] shifted frame pts, curr_cts: 113152 @ 219, ctts: 2560, ctts_count: 704
[mov,mp4,m4a,3gp,3g2,mj2 @ 0x7feb59803200] shifted frame pts, curr_cts: 113664 @ 220, ctts: 1024, ctts_count: 704
[mov,mp4,m4a,3gp,3g2,mj2 @ 0x7feb59803200] shifted frame pts, curr_cts: 114176 @ 221, ctts: 0, ctts_count: 704
[mov,mp4,m4a,3gp,3g2,mj2 @ 0x7feb59803200] shifted frame pts, curr_cts: 114688 @ 222, ctts: 512, ctts_count: 704
[mov,mp4,m4a,3gp,3g2,mj2 @ 0x7feb59803200] shifted frame pts, curr_cts: 115200 @ 223, ctts: 2560, ctts_count: 704
[mov,mp4,m4a,3gp,3g2,mj2 @ 0x7feb59803200] shifted frame pts, curr_cts: 115712 @ 224, ctts: 1024, ctts_count: 704
[mov,mp4,m4a,3gp,3g2,mj2 @ 0x7feb59803200] shifted frame pts, curr_cts: 116224 @ 225, ctts: 0, ctts_count: 704
[mov,mp4,m4a,3gp,3g2,mj2 @ 0x7feb59803200] shifted frame pts, curr_cts: 116736 @ 226, ctts: 512, ctts_count: 704
[mov,mp4,m4a,3gp,3g2,mj2 @ 0x7feb59803200] shifted frame pts, curr_cts: 117248 @ 227, ctts: 2560, ctts_count: 704
[mov,mp4,m4a,3gp,3g2,mj2 @ 0x7feb59803200] shifted frame pts, curr_cts: 117760 @ 228, ctts: 1024, ctts_count: 704
[mov,mp4,m4a,3gp,3g2,mj2 @ 0x7feb59803200] shifted frame pts, curr_cts: 118272 @ 229, ctts: 0, ctts_count: 704
[mov,mp4,m4a,3gp,3g2,mj2 @ 0x7feb59803200] shifted frame pts, curr_cts: 118784 @ 230, ctts: 512, ctts_count: 704
[mov,mp4,m4a,3gp,3g2,mj2 @ 0x7feb59803200] shifted frame pts, curr_cts: 119296 @ 231, ctts: 2560, ctts_count: 704
[mov,mp4,m4a,3gp,3g2,mj2 @ 0x7feb59803200] shifted frame pts, curr_cts: 119808 @ 232, ctts: 1024, ctts_count: 704
[mov,mp4,m4a,3gp,3g2,mj2 @ 0x7feb59803200] shifted frame pts, curr_cts: 120320 @ 233, ctts: 0, ctts_count: 704
[mov,mp4,m4a,3gp,3g2,mj2 @ 0x7feb59803200] shifted frame pts, curr_cts: 120832 @ 234, ctts: 512, ctts_count: 704
[mov,mp4,m4a,3gp,3g2,mj2 @ 0x7feb59803200] shifted frame pts, curr_cts: 121344 @ 235, ctts: 2560, ctts_count: 704
[mov,mp4,m4a,3gp,3g2,mj2 @ 0x7feb59803200] shifted frame pts, curr_cts: 121856 @ 236, ctts: 1024, ctts_count: 704
[mov,mp4,m4a,3gp,3g2,mj2 @ 0x7feb59803200] shifted frame pts, curr_cts: 122368 @ 237, ctts: 0, ctts_count: 704
[mov,mp4,m4a,3gp,3g2,mj2 @ 0x7feb59803200] shifted frame pts, curr_cts: 122880 @ 238, ctts: 512, ctts_count: 704
[mov,mp4,m4a,3gp,3g2,mj2 @ 0x7feb59803200] shifted frame pts, curr_cts: 123392 @ 239, ctts: 2560, ctts_count: 704
[mov,mp4,m4a,3gp,3g2,mj2 @ 0x7feb59803200] shifted frame pts, curr_cts: 123904 @ 240, ctts: 1024, ctts_count: 704
[mov,mp4,m4a,3gp,3g2,mj2 @ 0x7feb59803200] shifted frame pts, curr_cts: 124416 @ 241, ctts: 0, ctts_count: 704
[mov,mp4,m4a,3gp,3g2,mj2 @ 0x7feb59803200] shifted frame pts, curr_cts: 124928 @ 242, ctts: 512, ctts_count: 704
[mov,mp4,m4a,3gp,3g2,mj2 @ 0x7feb59803200] shifted frame pts, curr_cts: 125440 @ 243, ctts: 2560, ctts_count: 704
[mov,mp4,m4a,3gp,3g2,mj2 @ 0x7feb59803200] shifted frame pts, curr_cts: 125952 @ 244, ctts: 1024, ctts_count: 704
[mov,mp4,m4a,3gp,3g2,mj2 @ 0x7feb59803200] shifted frame pts, curr_cts: 126464 @ 245, ctts: 0, ctts_count: 704
[mov,mp4,m4a,3gp,3g2,mj2 @ 0x7feb59803200] shifted frame pts, curr_cts: 126976 @ 246, ctts: 512, ctts_count: 704
[mov,mp4,m4a,3gp,3g2,mj2 @ 0x7feb59803200] shifted frame pts, curr_cts: 127488 @ 247, ctts: 2560, ctts_count: 704
[mov,mp4,m4a,3gp,3g2,mj2 @ 0x7feb59803200] shifted frame pts, curr_cts: 128000 @ 248, ctts: 1024, ctts_count: 704
[mov,mp4,m4a,3gp,3g2,mj2 @ 0x7feb59803200] shifted frame pts, curr_cts: 128512 @ 249, ctts: 0, ctts_count: 704
[mov,mp4,m4a,3gp,3g2,mj2 @ 0x7feb59803200] shifted frame pts, curr_cts: 129024 @ 250, ctts: 512, ctts_count: 704
[mov,mp4,m4a,3gp,3g2,mj2 @ 0x7feb59803200] shifted frame pts, curr_cts: 129536 @ 251, ctts: 2560, ctts_count: 704
[mov,mp4,m4a,3gp,3g2,mj2 @ 0x7feb59803200] shifted frame pts, curr_cts: 130048 @ 252, ctts: 1024, ctts_count: 704
[mov,mp4,m4a,3gp,3g2,mj2 @ 0x7feb59803200] shifted frame pts, curr_cts: 130560 @ 253, ctts: 0, ctts_count: 704
[mov,mp4,m4a,3gp,3g2,mj2 @ 0x7feb59803200] shifted frame pts, curr_cts: 131072 @ 254, ctts: 512, ctts_count: 704
[mov,mp4,m4a,3gp,3g2,mj2 @ 0x7feb59803200] shifted frame pts, curr_cts: 131584 @ 255, ctts: 2560, ctts_count: 704
[mov,mp4,m4a,3gp,3g2,mj2 @ 0x7feb59803200] shifted frame pts, curr_cts: 132096 @ 256, ctts: 1024, ctts_count: 704
[mov,mp4,m4a,3gp,3g2,mj2 @ 0x7feb59803200] shifted frame pts, curr_cts: 132608 @ 257, ctts: 0, ctts_count: 704
[mov,mp4,m4a,3gp,3g2,mj2 @ 0x7feb59803200] shifted frame pts, curr_cts: 133120 @ 258, ctts: 512, ctts_count: 704
[mov,mp4,m4a,3gp,3g2,mj2 @ 0x7feb59803200] shifted frame pts, curr_cts: 133632 @ 259, ctts: 2560, ctts_count: 704
[mov,mp4,m4a,3gp,3g2,mj2 @ 0x7feb59803200] shifted frame pts, curr_cts: 134144 @ 260, ctts: 1024, ctts_count: 704
[mov,mp4,m4a,3gp,3g2,mj2 @ 0x7feb59803200] shifted frame pts, curr_cts: 134656 @ 261, ctts: 0, ctts_count: 704
[mov,mp4,m4a,3gp,3g2,mj2 @ 0x7feb59803200] shifted frame pts, curr_cts: 135168 @ 262, ctts: 512, ctts_count: 704
[mov,mp4,m4a,3gp,3g2,mj2 @ 0x7feb59803200] shifted frame pts, curr_cts: 135680 @ 263, ctts: 2560, ctts_count: 704
[mov,mp4,m4a,3gp,3g2,mj2 @ 0x7feb59803200] shifted frame pts, curr_cts: 136192 @ 264, ctts: 1024, ctts_count: 704
[mov,mp4,m4a,3gp,3g2,mj2 @ 0x7feb59803200] shifted frame pts, curr_cts: 136704 @ 265, ctts: 0, ctts_count: 704
[mov,mp4,m4a,3gp,3g2,mj2 @ 0x7feb59803200] shifted frame pts, curr_cts: 137216 @ 266, ctts: 512, ctts_count: 704
[mov,mp4,m4a,3gp,3g2,mj2 @ 0x7feb59803200] shifted frame pts, curr_cts: 137728 @ 267, ctts: 1024, ctts_count: 704
[mov,mp4,m4a,3gp,3g2,mj2 @ 0x7feb59803200] shifted frame pts, curr_cts: 138240 @ 267, ctts: 1024, ctts_count: 704
[mov,mp4,m4a,3gp,3g2,mj2 @ 0x7feb59803200] shifted frame pts, curr_cts: 138752 @ 268, ctts: 2560, ctts_count: 704
[mov,mp4,m4a,3gp,3g2,mj2 @ 0x7feb59803200] shifted frame pts, curr_cts: 139264 @ 269, ctts: 1024, ctts_count: 704
[mov,mp4,m4a,3gp,3g2,mj2 @ 0x7feb59803200] shifted frame pts, curr_cts: 139776 @ 270, ctts: 0, ctts_count: 704
[mov,mp4,m4a,3gp,3g2,mj2 @ 0x7feb59803200] shifted frame pts, curr_cts: 140288 @ 271, ctts: 512, ctts_count: 704
[mov,mp4,m4a,3gp,3g2,mj2 @ 0x7feb59803200] shifted frame pts, curr_cts: 140800 @ 272, ctts: 2560, ctts_count: 704
[mov,mp4,m4a,3gp,3g2,mj2 @ 0x7feb59803200] shifted frame pts, curr_cts: 141312 @ 273, ctts: 1024, ctts_count: 704
[mov,mp4,m4a,3gp,3g2,mj2 @ 0x7feb59803200] shifted frame pts, curr_cts: 141824 @ 274, ctts: 0, ctts_count: 704
[mov,mp4,m4a,3gp,3g2,mj2 @ 0x7feb59803200] shifted frame pts, curr_cts: 142336 @ 275, ctts: 512, ctts_count: 704
[mov,mp4,m4a,3gp,3g2,mj2 @ 0x7feb59803200] shifted frame pts, curr_cts: 142848 @ 276, ctts: 2560, ctts_count: 704
[mov,mp4,m4a,3gp,3g2,mj2 @ 0x7feb59803200] shifted frame pts, curr_cts: 143360 @ 277, ctts: 1024, ctts_count: 704
[mov,mp4,m4a,3gp,3g2,mj2 @ 0x7feb59803200] shifted frame pts, curr_cts: 143872 @ 278, ctts: 0, ctts_count: 704
[mov,mp4,m4a,3gp,3g2,mj2 @ 0x7feb59803200] shifted frame pts, curr_cts: 144384 @ 279, ctts: 512, ctts_count: 704
[mov,mp4,m4a,3gp,3g2,mj2 @ 0x7feb59803200] shifted frame pts, curr_cts: 144896 @ 280, ctts: 2560, ctts_count: 704
[mov,mp4,m4a,3gp,3g2,mj2 @ 0x7feb59803200] shifted frame pts, curr_cts: 145408 @ 281, ctts: 1024, ctts_count: 704
[mov,mp4,m4a,3gp,3g2,mj2 @ 0x7feb59803200] shifted frame pts, curr_cts: 145920 @ 282, ctts: 0, ctts_count: 704
[mov,mp4,m4a,3gp,3g2,mj2 @ 0x7feb59803200] shifted frame pts, curr_cts: 146432 @ 283, ctts: 512, ctts_count: 704
[mov,mp4,m4a,3gp,3g2,mj2 @ 0x7feb59803200] shifted frame pts, curr_cts: 146944 @ 284, ctts: 2560, ctts_count: 704
[mov,mp4,m4a,3gp,3g2,mj2 @ 0x7feb59803200] shifted frame pts, curr_cts: 147456 @ 285, ctts: 1024, ctts_count: 704
[mov,mp4,m4a,3gp,3g2,mj2 @ 0x7feb59803200] shifted frame pts, curr_cts: 147968 @ 286, ctts: 0, ctts_count: 704
[mov,mp4,m4a,3gp,3g2,mj2 @ 0x7feb59803200] shifted frame pts, curr_cts: 148480 @ 287, ctts: 512, ctts_count: 704
[mov,mp4,m4a,3gp,3g2,mj2 @ 0x7feb59803200] shifted frame pts, curr_cts: 148992 @ 288, ctts: 2560, ctts_count: 704
[mov,mp4,m4a,3gp,3g2,mj2 @ 0x7feb59803200] shifted frame pts, curr_cts: 149504 @ 289, ctts: 1024, ctts_count: 704
[mov,mp4,m4a,3gp,3g2,mj2 @ 0x7feb59803200] shifted frame pts, curr_cts: 150016 @ 290, ctts: 0, ctts_count: 704
[mov,mp4,m4a,3gp,3g2,mj2 @ 0x7feb59803200] shifted frame pts, curr_cts: 150528 @ 291, ctts: 512, ctts_count: 704
[mov,mp4,m4a,3gp,3g2,mj2 @ 0x7feb59803200] shifted frame pts, curr_cts: 151040 @ 292, ctts: 2560, ctts_count: 704
[mov,mp4,m4a,3gp,3g2,mj2 @ 0x7feb59803200] shifted frame pts, curr_cts: 151552 @ 293, ctts: 1024, ctts_count: 704
[mov,mp4,m4a,3gp,3g2,mj2 @ 0x7feb59803200] shifted frame pts, curr_cts: 152064 @ 294, ctts: 0, ctts_count: 704
[mov,mp4,m4a,3gp,3g2,mj2 @ 0x7feb59803200] shifted frame pts, curr_cts: 152576 @ 295, ctts: 512, ctts_count: 704
[mov,mp4,m4a,3gp,3g2,mj2 @ 0x7feb59803200] shifted frame pts, curr_cts: 153088 @ 296, ctts: 2560, ctts_count: 704
[mov,mp4,m4a,3gp,3g2,mj2 @ 0x7feb59803200] shifted frame pts, curr_cts: 153600 @ 297, ctts: 1024, ctts_count: 704
[mov,mp4,m4a,3gp,3g2,mj2 @ 0x7feb59803200] shifted frame pts, curr_cts: 154112 @ 298, ctts: 0, ctts_count: 704
[mov,mp4,m4a,3gp,3g2,mj2 @ 0x7feb59803200] shifted frame pts, curr_cts: 154624 @ 299, ctts: 512, ctts_count: 704
[mov,mp4,m4a,3gp,3g2,mj2 @ 0x7feb59803200] shifted frame pts, curr_cts: 155136 @ 300, ctts: 2560, ctts_count: 704
[mov,mp4,m4a,3gp,3g2,mj2 @ 0x7feb59803200] shifted frame pts, curr_cts: 155648 @ 301, ctts: 1024, ctts_count: 704
[mov,mp4,m4a,3gp,3g2,mj2 @ 0x7feb59803200] shifted frame pts, curr_cts: 156160 @ 302, ctts: 0, ctts_count: 704
[mov,mp4,m4a,3gp,3g2,mj2 @ 0x7feb59803200] shifted frame pts, curr_cts: 156672 @ 303, ctts: 512, ctts_count: 704
[mov,mp4,m4a,3gp,3g2,mj2 @ 0x7feb59803200] shifted frame pts, curr_cts: 157184 @ 304, ctts: 2560, ctts_count: 704
[mov,mp4,m4a,3gp,3g2,mj2 @ 0x7feb59803200] shifted frame pts, curr_cts: 157696 @ 305, ctts: 1024, ctts_count: 704
[mov,mp4,m4a,3gp,3g2,mj2 @ 0x7feb59803200] shifted frame pts, curr_cts: 158208 @ 306, ctts: 0, ctts_count: 704
[mov,mp4,m4a,3gp,3g2,mj2 @ 0x7feb59803200] shifted frame pts, curr_cts: 158720 @ 307, ctts: 512, ctts_count: 704
[mov,mp4,m4a,3gp,3g2,mj2 @ 0x7feb59803200] shifted frame pts, curr_cts: 159232 @ 308, ctts: 2560, ctts_count: 704
[mov,mp4,m4a,3gp,3g2,mj2 @ 0x7feb59803200] shifted frame pts, curr_cts: 159744 @ 309, ctts: 1024, ctts_count: 704
[mov,mp4,m4a,3gp,3g2,mj2 @ 0x7feb59803200] shifted frame pts, curr_cts: 160256 @ 310, ctts: 0, ctts_count: 704
[mov,mp4,m4a,3gp,3g2,mj2 @ 0x7feb59803200] shifted frame pts, curr_cts: 160768 @ 311, ctts: 512, ctts_count: 704
[mov,mp4,m4a,3gp,3g2,mj2 @ 0x7feb59803200] shifted frame pts, curr_cts: 161280 @ 312, ctts: 2560, ctts_count: 704
[mov,mp4,m4a,3gp,3g2,mj2 @ 0x7feb59803200] shifted frame pts, curr_cts: 161792 @ 313, ctts: 1024, ctts_count: 704
[mov,mp4,m4a,3gp,3g2,mj2 @ 0x7feb59803200] shifted frame pts, curr_cts: 162304 @ 314, ctts: 0, ctts_count: 704
[mov,mp4,m4a,3gp,3g2,mj2 @ 0x7feb59803200] shifted frame pts, curr_cts: 162816 @ 315, ctts: 512, ctts_count: 704
[mov,mp4,m4a,3gp,3g2,mj2 @ 0x7feb59803200] shifted frame pts, curr_cts: 163328 @ 316, ctts: 2560, ctts_count: 704
[mov,mp4,m4a,3gp,3g2,mj2 @ 0x7feb59803200] shifted frame pts, curr_cts: 163840 @ 317, ctts: 1024, ctts_count: 704
[mov,mp4,m4a,3gp,3g2,mj2 @ 0x7feb59803200] shifted frame pts, curr_cts: 164352 @ 318, ctts: 0, ctts_count: 704
[mov,mp4,m4a,3gp,3g2,mj2 @ 0x7feb59803200] shifted frame pts, curr_cts: 164864 @ 319, ctts: 512, ctts_count: 704
[mov,mp4,m4a,3gp,3g2,mj2 @ 0x7feb59803200] shifted frame pts, curr_cts: 165376 @ 320, ctts: 2560, ctts_count: 704
[mov,mp4,m4a,3gp,3g2,mj2 @ 0x7feb59803200] shifted frame pts, curr_cts: 165888 @ 321, ctts: 1024, ctts_count: 704
[mov,mp4,m4a,3gp,3g2,mj2 @ 0x7feb59803200] shifted frame pts, curr_cts: 166400 @ 322, ctts: 0, ctts_count: 704
[mov,mp4,m4a,3gp,3g2,mj2 @ 0x7feb59803200] shifted frame pts, curr_cts: 166912 @ 323, ctts: 512, ctts_count: 704
[mov,mp4,m4a,3gp,3g2,mj2 @ 0x7feb59803200] shifted frame pts, curr_cts: 167424 @ 324, ctts: 2560, ctts_count: 704
[mov,mp4,m4a,3gp,3g2,mj2 @ 0x7feb59803200] shifted frame pts, curr_cts: 167936 @ 325, ctts: 1024, ctts_count: 704
[mov,mp4,m4a,3gp,3g2,mj2 @ 0x7feb59803200] shifted frame pts, curr_cts: 168448 @ 326, ctts: 0, ctts_count: 704
[mov,mp4,m4a,3gp,3g2,mj2 @ 0x7feb59803200] shifted frame pts, curr_cts: 168960 @ 327, ctts: 512, ctts_count: 704
[mov,mp4,m4a,3gp,3g2,mj2 @ 0x7feb59803200] shifted frame pts, curr_cts: 169472 @ 328, ctts: 2560, ctts_count: 704
[mov,mp4,m4a,3gp,3g2,mj2 @ 0x7feb59803200] shifted frame pts, curr_cts: 169984 @ 329, ctts: 1024, ctts_count: 704
[mov,mp4,m4a,3gp,3g2,mj2 @ 0x7feb59803200] shifted frame pts, curr_cts: 170496 @ 330, ctts: 0, ctts_count: 704
[mov,mp4,m4a,3gp,3g2,mj2 @ 0x7feb59803200] shifted frame pts, curr_cts: 171008 @ 331, ctts: 512, ctts_count: 704
[mov,mp4,m4a,3gp,3g2,mj2 @ 0x7feb59803200] shifted frame pts, curr_cts: 171520 @ 332, ctts: 2560, ctts_count: 704
[mov,mp4,m4a,3gp,3g2,mj2 @ 0x7feb59803200] shifted frame pts, curr_cts: 172032 @ 333, ctts: 1024, ctts_count: 704
[mov,mp4,m4a,3gp,3g2,mj2 @ 0x7feb59803200] shifted frame pts, curr_cts: 172544 @ 334, ctts: 0, ctts_count: 704
[mov,mp4,m4a,3gp,3g2,mj2 @ 0x7feb59803200] shifted frame pts, curr_cts: 173056 @ 335, ctts: 512, ctts_count: 704
[mov,mp4,m4a,3gp,3g2,mj2 @ 0x7feb59803200] shifted frame pts, curr_cts: 173568 @ 336, ctts: 2560, ctts_count: 704
[mov,mp4,m4a,3gp,3g2,mj2 @ 0x7feb59803200] shifted frame pts, curr_cts: 174080 @ 337, ctts: 1024, ctts_count: 704
[mov,mp4,m4a,3gp,3g2,mj2 @ 0x7feb59803200] shifted frame pts, curr_cts: 174592 @ 338, ctts: 0, ctts_count: 704
[mov,mp4,m4a,3gp,3g2,mj2 @ 0x7feb59803200] shifted frame pts, curr_cts: 175104 @ 339, ctts: 512, ctts_count: 704
[mov,mp4,m4a,3gp,3g2,mj2 @ 0x7feb59803200] shifted frame pts, curr_cts: 175616 @ 340, ctts: 2560, ctts_count: 704
[mov,mp4,m4a,3gp,3g2,mj2 @ 0x7feb59803200] shifted frame pts, curr_cts: 176128 @ 341, ctts: 1024, ctts_count: 704
[mov,mp4,m4a,3gp,3g2,mj2 @ 0x7feb59803200] shifted frame pts, curr_cts: 176640 @ 342, ctts: 0, ctts_count: 704
[mov,mp4,m4a,3gp,3g2,mj2 @ 0x7feb59803200] shifted frame pts, curr_cts: 177152 @ 343, ctts: 512, ctts_count: 704
[mov,mp4,m4a,3gp,3g2,mj2 @ 0x7feb59803200] shifted frame pts, curr_cts: 177664 @ 344, ctts: 2560, ctts_count: 704
[mov,mp4,m4a,3gp,3g2,mj2 @ 0x7feb59803200] shifted frame pts, curr_cts: 178176 @ 345, ctts: 1024, ctts_count: 704
[mov,mp4,m4a,3gp,3g2,mj2 @ 0x7feb59803200] shifted frame pts, curr_cts: 178688 @ 346, ctts: 0, ctts_count: 704
[mov,mp4,m4a,3gp,3g2,mj2 @ 0x7feb59803200] shifted frame pts, curr_cts: 179200 @ 347, ctts: 512, ctts_count: 704
[mov,mp4,m4a,3gp,3g2,mj2 @ 0x7feb59803200] shifted frame pts, curr_cts: 179712 @ 348, ctts: 2560, ctts_count: 704
[mov,mp4,m4a,3gp,3g2,mj2 @ 0x7feb59803200] shifted frame pts, curr_cts: 180224 @ 349, ctts: 1024, ctts_count: 704
[mov,mp4,m4a,3gp,3g2,mj2 @ 0x7feb59803200] shifted frame pts, curr_cts: 180736 @ 350, ctts: 0, ctts_count: 704
[mov,mp4,m4a,3gp,3g2,mj2 @ 0x7feb59803200] shifted frame pts, curr_cts: 181248 @ 351, ctts: 512, ctts_count: 704
[mov,mp4,m4a,3gp,3g2,mj2 @ 0x7feb59803200] shifted frame pts, curr_cts: 181760 @ 352, ctts: 2560, ctts_count: 704
[mov,mp4,m4a,3gp,3g2,mj2 @ 0x7feb59803200] shifted frame pts, curr_cts: 182272 @ 353, ctts: 1024, ctts_count: 704
[mov,mp4,m4a,3gp,3g2,mj2 @ 0x7feb59803200] shifted frame pts, curr_cts: 182784 @ 354, ctts: 0, ctts_count: 704
[mov,mp4,m4a,3gp,3g2,mj2 @ 0x7feb59803200] shifted frame pts, curr_cts: 183296 @ 355, ctts: 512, ctts_count: 704
[mov,mp4,m4a,3gp,3g2,mj2 @ 0x7feb59803200] shifted frame pts, curr_cts: 183808 @ 356, ctts: 1024, ctts_count: 704
[mov,mp4,m4a,3gp,3g2,mj2 @ 0x7feb59803200] shifted frame pts, curr_cts: 184320 @ 356, ctts: 1024, ctts_count: 704
[mov,mp4,m4a,3gp,3g2,mj2 @ 0x7feb59803200] shifted frame pts, curr_cts: 184832 @ 357, ctts: 2560, ctts_count: 704
[mov,mp4,m4a,3gp,3g2,mj2 @ 0x7feb59803200] shifted frame pts, curr_cts: 185344 @ 358, ctts: 1024, ctts_count: 704
[mov,mp4,m4a,3gp,3g2,mj2 @ 0x7feb59803200] shifted frame pts, curr_cts: 185856 @ 359, ctts: 0, ctts_count: 704
[mov,mp4,m4a,3gp,3g2,mj2 @ 0x7feb59803200] shifted frame pts, curr_cts: 186368 @ 360, ctts: 512, ctts_count: 704
[mov,mp4,m4a,3gp,3g2,mj2 @ 0x7feb59803200] shifted frame pts, curr_cts: 186880 @ 361, ctts: 2560, ctts_count: 704
[mov,mp4,m4a,3gp,3g2,mj2 @ 0x7feb59803200] shifted frame pts, curr_cts: 187392 @ 362, ctts: 1024, ctts_count: 704
[mov,mp4,m4a,3gp,3g2,mj2 @ 0x7feb59803200] shifted frame pts, curr_cts: 187904 @ 363, ctts: 0, ctts_count: 704
[mov,mp4,m4a,3gp,3g2,mj2 @ 0x7feb59803200] shifted frame pts, curr_cts: 188416 @ 364, ctts: 512, ctts_count: 704
[mov,mp4,m4a,3gp,3g2,mj2 @ 0x7feb59803200] shifted frame pts, curr_cts: 188928 @ 365, ctts: 2560, ctts_count: 704
[mov,mp4,m4a,3gp,3g2,mj2 @ 0x7feb59803200] shifted frame pts, curr_cts: 189440 @ 366, ctts: 1024, ctts_count: 704
[mov,mp4,m4a,3gp,3g2,mj2 @ 0x7feb59803200] shifted frame pts, curr_cts: 189952 @ 367, ctts: 0, ctts_count: 704
[mov,mp4,m4a,3gp,3g2,mj2 @ 0x7feb59803200] shifted frame pts, curr_cts: 190464 @ 368, ctts: 512, ctts_count: 704
[mov,mp4,m4a,3gp,3g2,mj2 @ 0x7feb59803200] shifted frame pts, curr_cts: 190976 @ 369, ctts: 2560, ctts_count: 704
[mov,mp4,m4a,3gp,3g2,mj2 @ 0x7feb59803200] shifted frame pts, curr_cts: 191488 @ 370, ctts: 1024, ctts_count: 704
[mov,mp4,m4a,3gp,3g2,mj2 @ 0x7feb59803200] shifted frame pts, curr_cts: 192000 @ 371, ctts: 0, ctts_count: 704
[mov,mp4,m4a,3gp,3g2,mj2 @ 0x7feb59803200] shifted frame pts, curr_cts: 192512 @ 372, ctts: 512, ctts_count: 704
[mov,mp4,m4a,3gp,3g2,mj2 @ 0x7feb59803200] shifted frame pts, curr_cts: 193024 @ 373, ctts: 2560, ctts_count: 704
[mov,mp4,m4a,3gp,3g2,mj2 @ 0x7feb59803200] shifted frame pts, curr_cts: 193536 @ 374, ctts: 1024, ctts_count: 704
[mov,mp4,m4a,3gp,3g2,mj2 @ 0x7feb59803200] shifted frame pts, curr_cts: 194048 @ 375, ctts: 0, ctts_count: 704
[mov,mp4,m4a,3gp,3g2,mj2 @ 0x7feb59803200] shifted frame pts, curr_cts: 194560 @ 376, ctts: 512, ctts_count: 704
[mov,mp4,m4a,3gp,3g2,mj2 @ 0x7feb59803200] shifted frame pts, curr_cts: 195072 @ 377, ctts: 2560, ctts_count: 704
[mov,mp4,m4a,3gp,3g2,mj2 @ 0x7feb59803200] shifted frame pts, curr_cts: 195584 @ 378, ctts: 1024, ctts_count: 704
[mov,mp4,m4a,3gp,3g2,mj2 @ 0x7feb59803200] shifted frame pts, curr_cts: 196096 @ 379, ctts: 0, ctts_count: 704
[mov,mp4,m4a,3gp,3g2,mj2 @ 0x7feb59803200] shifted frame pts, curr_cts: 196608 @ 380, ctts: 512, ctts_count: 704
[mov,mp4,m4a,3gp,3g2,mj2 @ 0x7feb59803200] shifted frame pts, curr_cts: 197120 @ 381, ctts: 2560, ctts_count: 704
[mov,mp4,m4a,3gp,3g2,mj2 @ 0x7feb59803200] shifted frame pts, curr_cts: 197632 @ 382, ctts: 1024, ctts_count: 704
[mov,mp4,m4a,3gp,3g2,mj2 @ 0x7feb59803200] shifted frame pts, curr_cts: 198144 @ 383, ctts: 0, ctts_count: 704
[mov,mp4,m4a,3gp,3g2,mj2 @ 0x7feb59803200] shifted frame pts, curr_cts: 198656 @ 384, ctts: 512, ctts_count: 704
[mov,mp4,m4a,3gp,3g2,mj2 @ 0x7feb59803200] shifted frame pts, curr_cts: 199168 @ 385, ctts: 2560, ctts_count: 704
[mov,mp4,m4a,3gp,3g2,mj2 @ 0x7feb59803200] shifted frame pts, curr_cts: 199680 @ 386, ctts: 1024, ctts_count: 704
[mov,mp4,m4a,3gp,3g2,mj2 @ 0x7feb59803200] shifted frame pts, curr_cts: 200192 @ 387, ctts: 0, ctts_count: 704
[mov,mp4,m4a,3gp,3g2,mj2 @ 0x7feb59803200] shifted frame pts, curr_cts: 200704 @ 388, ctts: 512, ctts_count: 704
[mov,mp4,m4a,3gp,3g2,mj2 @ 0x7feb59803200] shifted frame pts, curr_cts: 201216 @ 389, ctts: 2560, ctts_count: 704
[mov,mp4,m4a,3gp,3g2,mj2 @ 0x7feb59803200] shifted frame pts, curr_cts: 201728 @ 390, ctts: 1024, ctts_count: 704
[mov,mp4,m4a,3gp,3g2,mj2 @ 0x7feb59803200] shifted frame pts, curr_cts: 202240 @ 391, ctts: 0, ctts_count: 704
[mov,mp4,m4a,3gp,3g2,mj2 @ 0x7feb59803200] shifted frame pts, curr_cts: 202752 @ 392, ctts: 512, ctts_count: 704
[mov,mp4,m4a,3gp,3g2,mj2 @ 0x7feb59803200] shifted frame pts, curr_cts: 203264 @ 393, ctts: 2560, ctts_count: 704
[mov,mp4,m4a,3gp,3g2,mj2 @ 0x7feb59803200] shifted frame pts, curr_cts: 203776 @ 394, ctts: 1024, ctts_count: 704
[mov,mp4,m4a,3gp,3g2,mj2 @ 0x7feb59803200] shifted frame pts, curr_cts: 204288 @ 395, ctts: 0, ctts_count: 704
[mov,mp4,m4a,3gp,3g2,mj2 @ 0x7feb59803200] shifted frame pts, curr_cts: 204800 @ 396, ctts: 512, ctts_count: 704
[mov,mp4,m4a,3gp,3g2,mj2 @ 0x7feb59803200] shifted frame pts, curr_cts: 205312 @ 397, ctts: 2560, ctts_count: 704
[mov,mp4,m4a,3gp,3g2,mj2 @ 0x7feb59803200] shifted frame pts, curr_cts: 205824 @ 398, ctts: 1024, ctts_count: 704
[mov,mp4,m4a,3gp,3g2,mj2 @ 0x7feb59803200] shifted frame pts, curr_cts: 206336 @ 399, ctts: 0, ctts_count: 704
[mov,mp4,m4a,3gp,3g2,mj2 @ 0x7feb59803200] shifted frame pts, curr_cts: 206848 @ 400, ctts: 512, ctts_count: 704
[mov,mp4,m4a,3gp,3g2,mj2 @ 0x7feb59803200] shifted frame pts, curr_cts: 207360 @ 401, ctts: 2560, ctts_count: 704
[mov,mp4,m4a,3gp,3g2,mj2 @ 0x7feb59803200] shifted frame pts, curr_cts: 207872 @ 402, ctts: 1024, ctts_count: 704
[mov,mp4,m4a,3gp,3g2,mj2 @ 0x7feb59803200] shifted frame pts, curr_cts: 208384 @ 403, ctts: 0, ctts_count: 704
[mov,mp4,m4a,3gp,3g2,mj2 @ 0x7feb59803200] shifted frame pts, curr_cts: 208896 @ 404, ctts: 512, ctts_count: 704
[mov,mp4,m4a,3gp,3g2,mj2 @ 0x7feb59803200] shifted frame pts, curr_cts: 209408 @ 405, ctts: 2560, ctts_count: 704
[mov,mp4,m4a,3gp,3g2,mj2 @ 0x7feb59803200] shifted frame pts, curr_cts: 209920 @ 406, ctts: 1024, ctts_count: 704
[mov,mp4,m4a,3gp,3g2,mj2 @ 0x7feb59803200] shifted frame pts, curr_cts: 210432 @ 407, ctts: 0, ctts_count: 704
[mov,mp4,m4a,3gp,3g2,mj2 @ 0x7feb59803200] shifted frame pts, curr_cts: 210944 @ 408, ctts: 512, ctts_count: 704
[mov,mp4,m4a,3gp,3g2,mj2 @ 0x7feb59803200] shifted frame pts, curr_cts: 211456 @ 409, ctts: 2560, ctts_count: 704
[mov,mp4,m4a,3gp,3g2,mj2 @ 0x7feb59803200] shifted frame pts, curr_cts: 211968 @ 410, ctts: 1024, ctts_count: 704
[mov,mp4,m4a,3gp,3g2,mj2 @ 0x7feb59803200] shifted frame pts, curr_cts: 212480 @ 411, ctts: 0, ctts_count: 704
[mov,mp4,m4a,3gp,3g2,mj2 @ 0x7feb59803200] shifted frame pts, curr_cts: 212992 @ 412, ctts: 512, ctts_count: 704
[mov,mp4,m4a,3gp,3g2,mj2 @ 0x7feb59803200] shifted frame pts, curr_cts: 213504 @ 413, ctts: 2560, ctts_count: 704
[mov,mp4,m4a,3gp,3g2,mj2 @ 0x7feb59803200] shifted frame pts, curr_cts: 214016 @ 414, ctts: 1024, ctts_count: 704
[mov,mp4,m4a,3gp,3g2,mj2 @ 0x7feb59803200] shifted frame pts, curr_cts: 214528 @ 415, ctts: 0, ctts_count: 704
[mov,mp4,m4a,3gp,3g2,mj2 @ 0x7feb59803200] shifted frame pts, curr_cts: 215040 @ 416, ctts: 512, ctts_count: 704
[mov,mp4,m4a,3gp,3g2,mj2 @ 0x7feb59803200] shifted frame pts, curr_cts: 215552 @ 417, ctts: 2560, ctts_count: 704
[mov,mp4,m4a,3gp,3g2,mj2 @ 0x7feb59803200] shifted frame pts, curr_cts: 216064 @ 418, ctts: 1024, ctts_count: 704
[mov,mp4,m4a,3gp,3g2,mj2 @ 0x7feb59803200] shifted frame pts, curr_cts: 216576 @ 419, ctts: 0, ctts_count: 704
[mov,mp4,m4a,3gp,3g2,mj2 @ 0x7feb59803200] shifted frame pts, curr_cts: 217088 @ 420, ctts: 512, ctts_count: 704
[mov,mp4,m4a,3gp,3g2,mj2 @ 0x7feb59803200] shifted frame pts, curr_cts: 217600 @ 421, ctts: 2560, ctts_count: 704
[mov,mp4,m4a,3gp,3g2,mj2 @ 0x7feb59803200] shifted frame pts, curr_cts: 218112 @ 422, ctts: 1024, ctts_count: 704
[mov,mp4,m4a,3gp,3g2,mj2 @ 0x7feb59803200] shifted frame pts, curr_cts: 218624 @ 423, ctts: 0, ctts_count: 704
[mov,mp4,m4a,3gp,3g2,mj2 @ 0x7feb59803200] shifted frame pts, curr_cts: 219136 @ 424, ctts: 512, ctts_count: 704
[mov,mp4,m4a,3gp,3g2,mj2 @ 0x7feb59803200] shifted frame pts, curr_cts: 219648 @ 425, ctts: 2560, ctts_count: 704
[mov,mp4,m4a,3gp,3g2,mj2 @ 0x7feb59803200] shifted frame pts, curr_cts: 220160 @ 426, ctts: 1024, ctts_count: 704
[mov,mp4,m4a,3gp,3g2,mj2 @ 0x7feb59803200] shifted frame pts, curr_cts: 220672 @ 427, ctts: 0, ctts_count: 704
[mov,mp4,m4a,3gp,3g2,mj2 @ 0x7feb59803200] shifted frame pts, curr_cts: 221184 @ 428, ctts: 512, ctts_count: 704
[mov,mp4,m4a,3gp,3g2,mj2 @ 0x7feb59803200] shifted frame pts, curr_cts: 221696 @ 429, ctts: 2560, ctts_count: 704
[mov,mp4,m4a,3gp,3g2,mj2 @ 0x7feb59803200] shifted frame pts, curr_cts: 222208 @ 430, ctts: 1024, ctts_count: 704
[mov,mp4,m4a,3gp,3g2,mj2 @ 0x7feb59803200] shifted frame pts, curr_cts: 222720 @ 431, ctts: 0, ctts_count: 704
[mov,mp4,m4a,3gp,3g2,mj2 @ 0x7feb59803200] shifted frame pts, curr_cts: 223232 @ 432, ctts: 512, ctts_count: 704
[mov,mp4,m4a,3gp,3g2,mj2 @ 0x7feb59803200] shifted frame pts, curr_cts: 223744 @ 433, ctts: 2560, ctts_count: 704
[mov,mp4,m4a,3gp,3g2,mj2 @ 0x7feb59803200] shifted frame pts, curr_cts: 224256 @ 434, ctts: 1024, ctts_count: 704
[mov,mp4,m4a,3gp,3g2,mj2 @ 0x7feb59803200] shifted frame pts, curr_cts: 224768 @ 435, ctts: 0, ctts_count: 704
[mov,mp4,m4a,3gp,3g2,mj2 @ 0x7feb59803200] shifted frame pts, curr_cts: 225280 @ 436, ctts: 512, ctts_count: 704
[mov,mp4,m4a,3gp,3g2,mj2 @ 0x7feb59803200] shifted frame pts, curr_cts: 225792 @ 437, ctts: 2560, ctts_count: 704
[mov,mp4,m4a,3gp,3g2,mj2 @ 0x7feb59803200] shifted frame pts, curr_cts: 226304 @ 438, ctts: 1024, ctts_count: 704
[mov,mp4,m4a,3gp,3g2,mj2 @ 0x7feb59803200] shifted frame pts, curr_cts: 226816 @ 439, ctts: 0, ctts_count: 704
[mov,mp4,m4a,3gp,3g2,mj2 @ 0x7feb59803200] shifted frame pts, curr_cts: 227328 @ 440, ctts: 512, ctts_count: 704
[mov,mp4,m4a,3gp,3g2,mj2 @ 0x7feb59803200] shifted frame pts, curr_cts: 227840 @ 441, ctts: 2560, ctts_count: 704
[mov,mp4,m4a,3gp,3g2,mj2 @ 0x7feb59803200] shifted frame pts, curr_cts: 228352 @ 442, ctts: 1024, ctts_count: 704
[mov,mp4,m4a,3gp,3g2,mj2 @ 0x7feb59803200] shifted frame pts, curr_cts: 228864 @ 443, ctts: 0, ctts_count: 704
[mov,mp4,m4a,3gp,3g2,mj2 @ 0x7feb59803200] shifted frame pts, curr_cts: 229376 @ 444, ctts: 512, ctts_count: 704
[mov,mp4,m4a,3gp,3g2,mj2 @ 0x7feb59803200] shifted frame pts, curr_cts: 229888 @ 445, ctts: 1024, ctts_count: 704
[mov,mp4,m4a,3gp,3g2,mj2 @ 0x7feb59803200] shifted frame pts, curr_cts: 230400 @ 445, ctts: 1024, ctts_count: 704
[mov,mp4,m4a,3gp,3g2,mj2 @ 0x7feb59803200] shifted frame pts, curr_cts: 230912 @ 446, ctts: 2560, ctts_count: 704
[mov,mp4,m4a,3gp,3g2,mj2 @ 0x7feb59803200] shifted frame pts, curr_cts: 231424 @ 447, ctts: 1024, ctts_count: 704
[mov,mp4,m4a,3gp,3g2,mj2 @ 0x7feb59803200] shifted frame pts, curr_cts: 231936 @ 448, ctts: 0, ctts_count: 704
[mov,mp4,m4a,3gp,3g2,mj2 @ 0x7feb59803200] shifted frame pts, curr_cts: 232448 @ 449, ctts: 512, ctts_count: 704
[mov,mp4,m4a,3gp,3g2,mj2 @ 0x7feb59803200] shifted frame pts, curr_cts: 232960 @ 450, ctts: 2560, ctts_count: 704
[mov,mp4,m4a,3gp,3g2,mj2 @ 0x7feb59803200] shifted frame pts, curr_cts: 233472 @ 451, ctts: 1024, ctts_count: 704
[mov,mp4,m4a,3gp,3g2,mj2 @ 0x7feb59803200] shifted frame pts, curr_cts: 233984 @ 452, ctts: 0, ctts_count: 704
[mov,mp4,m4a,3gp,3g2,mj2 @ 0x7feb59803200] shifted frame pts, curr_cts: 234496 @ 453, ctts: 512, ctts_count: 704
[mov,mp4,m4a,3gp,3g2,mj2 @ 0x7feb59803200] shifted frame pts, curr_cts: 235008 @ 454, ctts: 2560, ctts_count: 704
[mov,mp4,m4a,3gp,3g2,mj2 @ 0x7feb59803200] shifted frame pts, curr_cts: 235520 @ 455, ctts: 1024, ctts_count: 704
[mov,mp4,m4a,3gp,3g2,mj2 @ 0x7feb59803200] shifted frame pts, curr_cts: 236032 @ 456, ctts: 0, ctts_count: 704
[mov,mp4,m4a,3gp,3g2,mj2 @ 0x7feb59803200] shifted frame pts, curr_cts: 236544 @ 457, ctts: 512, ctts_count: 704
[mov,mp4,m4a,3gp,3g2,mj2 @ 0x7feb59803200] shifted frame pts, curr_cts: 237056 @ 458, ctts: 2560, ctts_count: 704
[mov,mp4,m4a,3gp,3g2,mj2 @ 0x7feb59803200] shifted frame pts, curr_cts: 237568 @ 459, ctts: 1024, ctts_count: 704
[mov,mp4,m4a,3gp,3g2,mj2 @ 0x7feb59803200] shifted frame pts, curr_cts: 238080 @ 460, ctts: 0, ctts_count: 704
[mov,mp4,m4a,3gp,3g2,mj2 @ 0x7feb59803200] shifted frame pts, curr_cts: 238592 @ 461, ctts: 512, ctts_count: 704
[mov,mp4,m4a,3gp,3g2,mj2 @ 0x7feb59803200] shifted frame pts, curr_cts: 239104 @ 462, ctts: 2560, ctts_count: 704
[mov,mp4,m4a,3gp,3g2,mj2 @ 0x7feb59803200] shifted frame pts, curr_cts: 239616 @ 463, ctts: 1024, ctts_count: 704
[mov,mp4,m4a,3gp,3g2,mj2 @ 0x7feb59803200] shifted frame pts, curr_cts: 240128 @ 464, ctts: 0, ctts_count: 704
[mov,mp4,m4a,3gp,3g2,mj2 @ 0x7feb59803200] shifted frame pts, curr_cts: 240640 @ 465, ctts: 512, ctts_count: 704
[mov,mp4,m4a,3gp,3g2,mj2 @ 0x7feb59803200] shifted frame pts, curr_cts: 241152 @ 466, ctts: 2560, ctts_count: 704
[mov,mp4,m4a,3gp,3g2,mj2 @ 0x7feb59803200] shifted frame pts, curr_cts: 241664 @ 467, ctts: 1024, ctts_count: 704
[mov,mp4,m4a,3gp,3g2,mj2 @ 0x7feb59803200] shifted frame pts, curr_cts: 242176 @ 468, ctts: 0, ctts_count: 704
[mov,mp4,m4a,3gp,3g2,mj2 @ 0x7feb59803200] shifted frame pts, curr_cts: 242688 @ 469, ctts: 512, ctts_count: 704
[mov,mp4,m4a,3gp,3g2,mj2 @ 0x7feb59803200] shifted frame pts, curr_cts: 243200 @ 470, ctts: 2560, ctts_count: 704
[mov,mp4,m4a,3gp,3g2,mj2 @ 0x7feb59803200] shifted frame pts, curr_cts: 243712 @ 471, ctts: 1024, ctts_count: 704
[mov,mp4,m4a,3gp,3g2,mj2 @ 0x7feb59803200] shifted frame pts, curr_cts: 244224 @ 472, ctts: 0, ctts_count: 704
[mov,mp4,m4a,3gp,3g2,mj2 @ 0x7feb59803200] shifted frame pts, curr_cts: 244736 @ 473, ctts: 512, ctts_count: 704
[mov,mp4,m4a,3gp,3g2,mj2 @ 0x7feb59803200] shifted frame pts, curr_cts: 245248 @ 474, ctts: 2560, ctts_count: 704
[mov,mp4,m4a,3gp,3g2,mj2 @ 0x7feb59803200] shifted frame pts, curr_cts: 245760 @ 475, ctts: 1024, ctts_count: 704
[mov,mp4,m4a,3gp,3g2,mj2 @ 0x7feb59803200] shifted frame pts, curr_cts: 246272 @ 476, ctts: 0, ctts_count: 704
[mov,mp4,m4a,3gp,3g2,mj2 @ 0x7feb59803200] shifted frame pts, curr_cts: 246784 @ 477, ctts: 512, ctts_count: 704
[mov,mp4,m4a,3gp,3g2,mj2 @ 0x7feb59803200] shifted frame pts, curr_cts: 247296 @ 478, ctts: 2560, ctts_count: 704
[mov,mp4,m4a,3gp,3g2,mj2 @ 0x7feb59803200] shifted frame pts, curr_cts: 247808 @ 479, ctts: 1024, ctts_count: 704
[mov,mp4,m4a,3gp,3g2,mj2 @ 0x7feb59803200] shifted frame pts, curr_cts: 248320 @ 480, ctts: 0, ctts_count: 704
[mov,mp4,m4a,3gp,3g2,mj2 @ 0x7feb59803200] shifted frame pts, curr_cts: 248832 @ 481, ctts: 512, ctts_count: 704
[mov,mp4,m4a,3gp,3g2,mj2 @ 0x7feb59803200] shifted frame pts, curr_cts: 249344 @ 482, ctts: 2560, ctts_count: 704
[mov,mp4,m4a,3gp,3g2,mj2 @ 0x7feb59803200] shifted frame pts, curr_cts: 249856 @ 483, ctts: 1024, ctts_count: 704
[mov,mp4,m4a,3gp,3g2,mj2 @ 0x7feb59803200] shifted frame pts, curr_cts: 250368 @ 484, ctts: 0, ctts_count: 704
[mov,mp4,m4a,3gp,3g2,mj2 @ 0x7feb59803200] shifted frame pts, curr_cts: 250880 @ 485, ctts: 512, ctts_count: 704
[mov,mp4,m4a,3gp,3g2,mj2 @ 0x7feb59803200] shifted frame pts, curr_cts: 251392 @ 486, ctts: 2560, ctts_count: 704
[mov,mp4,m4a,3gp,3g2,mj2 @ 0x7feb59803200] shifted frame pts, curr_cts: 251904 @ 487, ctts: 1024, ctts_count: 704
[mov,mp4,m4a,3gp,3g2,mj2 @ 0x7feb59803200] shifted frame pts, curr_cts: 252416 @ 488, ctts: 0, ctts_count: 704
[mov,mp4,m4a,3gp,3g2,mj2 @ 0x7feb59803200] shifted frame pts, curr_cts: 252928 @ 489, ctts: 512, ctts_count: 704
[mov,mp4,m4a,3gp,3g2,mj2 @ 0x7feb59803200] shifted frame pts, curr_cts: 253440 @ 490, ctts: 2560, ctts_count: 704
[mov,mp4,m4a,3gp,3g2,mj2 @ 0x7feb59803200] shifted frame pts, curr_cts: 253952 @ 491, ctts: 1024, ctts_count: 704
[mov,mp4,m4a,3gp,3g2,mj2 @ 0x7feb59803200] shifted frame pts, curr_cts: 254464 @ 492, ctts: 0, ctts_count: 704
[mov,mp4,m4a,3gp,3g2,mj2 @ 0x7feb59803200] shifted frame pts, curr_cts: 254976 @ 493, ctts: 512, ctts_count: 704
[mov,mp4,m4a,3gp,3g2,mj2 @ 0x7feb59803200] shifted frame pts, curr_cts: 255488 @ 494, ctts: 2560, ctts_count: 704
[mov,mp4,m4a,3gp,3g2,mj2 @ 0x7feb59803200] shifted frame pts, curr_cts: 256000 @ 495, ctts: 1024, ctts_count: 704
[mov,mp4,m4a,3gp,3g2,mj2 @ 0x7feb59803200] shifted frame pts, curr_cts: 256512 @ 496, ctts: 0, ctts_count: 704
[mov,mp4,m4a,3gp,3g2,mj2 @ 0x7feb59803200] shifted frame pts, curr_cts: 257024 @ 497, ctts: 512, ctts_count: 704
[mov,mp4,m4a,3gp,3g2,mj2 @ 0x7feb59803200] shifted frame pts, curr_cts: 257536 @ 498, ctts: 2560, ctts_count: 704
[mov,mp4,m4a,3gp,3g2,mj2 @ 0x7feb59803200] shifted frame pts, curr_cts: 258048 @ 499, ctts: 1024, ctts_count: 704
[mov,mp4,m4a,3gp,3g2,mj2 @ 0x7feb59803200] shifted frame pts, curr_cts: 258560 @ 500, ctts: 0, ctts_count: 704
[mov,mp4,m4a,3gp,3g2,mj2 @ 0x7feb59803200] shifted frame pts, curr_cts: 259072 @ 501, ctts: 512, ctts_count: 704
[mov,mp4,m4a,3gp,3g2,mj2 @ 0x7feb59803200] shifted frame pts, curr_cts: 259584 @ 502, ctts: 2560, ctts_count: 704
[mov,mp4,m4a,3gp,3g2,mj2 @ 0x7feb59803200] shifted frame pts, curr_cts: 260096 @ 503, ctts: 1024, ctts_count: 704
[mov,mp4,m4a,3gp,3g2,mj2 @ 0x7feb59803200] shifted frame pts, curr_cts: 260608 @ 504, ctts: 0, ctts_count: 704
[mov,mp4,m4a,3gp,3g2,mj2 @ 0x7feb59803200] shifted frame pts, curr_cts: 261120 @ 505, ctts: 512, ctts_count: 704
[mov,mp4,m4a,3gp,3g2,mj2 @ 0x7feb59803200] shifted frame pts, curr_cts: 261632 @ 506, ctts: 2560, ctts_count: 704
[mov,mp4,m4a,3gp,3g2,mj2 @ 0x7feb59803200] shifted frame pts, curr_cts: 262144 @ 507, ctts: 1024, ctts_count: 704
[mov,mp4,m4a,3gp,3g2,mj2 @ 0x7feb59803200] shifted frame pts, curr_cts: 262656 @ 508, ctts: 0, ctts_count: 704
[mov,mp4,m4a,3gp,3g2,mj2 @ 0x7feb59803200] shifted frame pts, curr_cts: 263168 @ 509, ctts: 512, ctts_count: 704
[mov,mp4,m4a,3gp,3g2,mj2 @ 0x7feb59803200] shifted frame pts, curr_cts: 263680 @ 510, ctts: 2560, ctts_count: 704
[mov,mp4,m4a,3gp,3g2,mj2 @ 0x7feb59803200] shifted frame pts, curr_cts: 264192 @ 511, ctts: 1024, ctts_count: 704
[mov,mp4,m4a,3gp,3g2,mj2 @ 0x7feb59803200] shifted frame pts, curr_cts: 264704 @ 512, ctts: 0, ctts_count: 704
[mov,mp4,m4a,3gp,3g2,mj2 @ 0x7feb59803200] shifted frame pts, curr_cts: 265216 @ 513, ctts: 512, ctts_count: 704
[mov,mp4,m4a,3gp,3g2,mj2 @ 0x7feb59803200] shifted frame pts, curr_cts: 265728 @ 514, ctts: 2560, ctts_count: 704
[mov,mp4,m4a,3gp,3g2,mj2 @ 0x7feb59803200] shifted frame pts, curr_cts: 266240 @ 515, ctts: 1024, ctts_count: 704
[mov,mp4,m4a,3gp,3g2,mj2 @ 0x7feb59803200] shifted frame pts, curr_cts: 266752 @ 516, ctts: 0, ctts_count: 704
[mov,mp4,m4a,3gp,3g2,mj2 @ 0x7feb59803200] shifted frame pts, curr_cts: 267264 @ 517, ctts: 512, ctts_count: 704
[mov,mp4,m4a,3gp,3g2,mj2 @ 0x7feb59803200] shifted frame pts, curr_cts: 267776 @ 518, ctts: 2560, ctts_count: 704
[mov,mp4,m4a,3gp,3g2,mj2 @ 0x7feb59803200] shifted frame pts, curr_cts: 268288 @ 519, ctts: 1024, ctts_count: 704
[mov,mp4,m4a,3gp,3g2,mj2 @ 0x7feb59803200] shifted frame pts, curr_cts: 268800 @ 520, ctts: 0, ctts_count: 704
[mov,mp4,m4a,3gp,3g2,mj2 @ 0x7feb59803200] shifted frame pts, curr_cts: 269312 @ 521, ctts: 512, ctts_count: 704
[mov,mp4,m4a,3gp,3g2,mj2 @ 0x7feb59803200] shifted frame pts, curr_cts: 269824 @ 522, ctts: 2560, ctts_count: 704
[mov,mp4,m4a,3gp,3g2,mj2 @ 0x7feb59803200] shifted frame pts, curr_cts: 270336 @ 523, ctts: 1024, ctts_count: 704
[mov,mp4,m4a,3gp,3g2,mj2 @ 0x7feb59803200] shifted frame pts, curr_cts: 270848 @ 524, ctts: 0, ctts_count: 704
[mov,mp4,m4a,3gp,3g2,mj2 @ 0x7feb59803200] shifted frame pts, curr_cts: 271360 @ 525, ctts: 512, ctts_count: 704
[mov,mp4,m4a,3gp,3g2,mj2 @ 0x7feb59803200] shifted frame pts, curr_cts: 271872 @ 526, ctts: 2560, ctts_count: 704
[mov,mp4,m4a,3gp,3g2,mj2 @ 0x7feb59803200] shifted frame pts, curr_cts: 272384 @ 527, ctts: 1024, ctts_count: 704
[mov,mp4,m4a,3gp,3g2,mj2 @ 0x7feb59803200] shifted frame pts, curr_cts: 272896 @ 528, ctts: 0, ctts_count: 704
[mov,mp4,m4a,3gp,3g2,mj2 @ 0x7feb59803200] shifted frame pts, curr_cts: 273408 @ 529, ctts: 512, ctts_count: 704
[mov,mp4,m4a,3gp,3g2,mj2 @ 0x7feb59803200] shifted frame pts, curr_cts: 273920 @ 530, ctts: 2560, ctts_count: 704
[mov,mp4,m4a,3gp,3g2,mj2 @ 0x7feb59803200] shifted frame pts, curr_cts: 274432 @ 531, ctts: 1024, ctts_count: 704
[mov,mp4,m4a,3gp,3g2,mj2 @ 0x7feb59803200] shifted frame pts, curr_cts: 274944 @ 532, ctts: 0, ctts_count: 704
[mov,mp4,m4a,3gp,3g2,mj2 @ 0x7feb59803200] shifted frame pts, curr_cts: 275456 @ 533, ctts: 512, ctts_count: 704
[mov,mp4,m4a,3gp,3g2,mj2 @ 0x7feb59803200] shifted frame pts, curr_cts: 275968 @ 534, ctts: 1024, ctts_count: 704
[mov,mp4,m4a,3gp,3g2,mj2 @ 0x7feb59803200] shifted frame pts, curr_cts: 276480 @ 534, ctts: 1024, ctts_count: 704
[mov,mp4,m4a,3gp,3g2,mj2 @ 0x7feb59803200] shifted frame pts, curr_cts: 276992 @ 535, ctts: 2560, ctts_count: 704
[mov,mp4,m4a,3gp,3g2,mj2 @ 0x7feb59803200] shifted frame pts, curr_cts: 277504 @ 536, ctts: 1024, ctts_count: 704
[mov,mp4,m4a,3gp,3g2,mj2 @ 0x7feb59803200] shifted frame pts, curr_cts: 278016 @ 537, ctts: 0, ctts_count: 704
[mov,mp4,m4a,3gp,3g2,mj2 @ 0x7feb59803200] shifted frame pts, curr_cts: 278528 @ 538, ctts: 512, ctts_count: 704
[mov,mp4,m4a,3gp,3g2,mj2 @ 0x7feb59803200] shifted frame pts, curr_cts: 279040 @ 539, ctts: 2560, ctts_count: 704
[mov,mp4,m4a,3gp,3g2,mj2 @ 0x7feb59803200] shifted frame pts, curr_cts: 279552 @ 540, ctts: 1024, ctts_count: 704
[mov,mp4,m4a,3gp,3g2,mj2 @ 0x7feb59803200] shifted frame pts, curr_cts: 280064 @ 541, ctts: 0, ctts_count: 704
[mov,mp4,m4a,3gp,3g2,mj2 @ 0x7feb59803200] shifted frame pts, curr_cts: 280576 @ 542, ctts: 512, ctts_count: 704
[mov,mp4,m4a,3gp,3g2,mj2 @ 0x7feb59803200] shifted frame pts, curr_cts: 281088 @ 543, ctts: 2560, ctts_count: 704
[mov,mp4,m4a,3gp,3g2,mj2 @ 0x7feb59803200] shifted frame pts, curr_cts: 281600 @ 544, ctts: 1024, ctts_count: 704
[mov,mp4,m4a,3gp,3g2,mj2 @ 0x7feb59803200] shifted frame pts, curr_cts: 282112 @ 545, ctts: 0, ctts_count: 704
[mov,mp4,m4a,3gp,3g2,mj2 @ 0x7feb59803200] shifted frame pts, curr_cts: 282624 @ 546, ctts: 512, ctts_count: 704
[mov,mp4,m4a,3gp,3g2,mj2 @ 0x7feb59803200] shifted frame pts, curr_cts: 283136 @ 547, ctts: 2560, ctts_count: 704
[mov,mp4,m4a,3gp,3g2,mj2 @ 0x7feb59803200] shifted frame pts, curr_cts: 283648 @ 548, ctts: 1024, ctts_count: 704
[mov,mp4,m4a,3gp,3g2,mj2 @ 0x7feb59803200] shifted frame pts, curr_cts: 284160 @ 549, ctts: 0, ctts_count: 704
[mov,mp4,m4a,3gp,3g2,mj2 @ 0x7feb59803200] shifted frame pts, curr_cts: 284672 @ 550, ctts: 512, ctts_count: 704
[mov,mp4,m4a,3gp,3g2,mj2 @ 0x7feb59803200] shifted frame pts, curr_cts: 285184 @ 551, ctts: 2560, ctts_count: 704
[mov,mp4,m4a,3gp,3g2,mj2 @ 0x7feb59803200] shifted frame pts, curr_cts: 285696 @ 552, ctts: 1024, ctts_count: 704
[mov,mp4,m4a,3gp,3g2,mj2 @ 0x7feb59803200] shifted frame pts, curr_cts: 286208 @ 553, ctts: 0, ctts_count: 704
[mov,mp4,m4a,3gp,3g2,mj2 @ 0x7feb59803200] shifted frame pts, curr_cts: 286720 @ 554, ctts: 512, ctts_count: 704
[mov,mp4,m4a,3gp,3g2,mj2 @ 0x7feb59803200] shifted frame pts, curr_cts: 287232 @ 555, ctts: 2560, ctts_count: 704
[mov,mp4,m4a,3gp,3g2,mj2 @ 0x7feb59803200] shifted frame pts, curr_cts: 287744 @ 556, ctts: 1024, ctts_count: 704
[mov,mp4,m4a,3gp,3g2,mj2 @ 0x7feb59803200] shifted frame pts, curr_cts: 288256 @ 557, ctts: 0, ctts_count: 704
[mov,mp4,m4a,3gp,3g2,mj2 @ 0x7feb59803200] shifted frame pts, curr_cts: 288768 @ 558, ctts: 512, ctts_count: 704
[mov,mp4,m4a,3gp,3g2,mj2 @ 0x7feb59803200] shifted frame pts, curr_cts: 289280 @ 559, ctts: 2560, ctts_count: 704
[mov,mp4,m4a,3gp,3g2,mj2 @ 0x7feb59803200] shifted frame pts, curr_cts: 289792 @ 560, ctts: 1024, ctts_count: 704
[mov,mp4,m4a,3gp,3g2,mj2 @ 0x7feb59803200] shifted frame pts, curr_cts: 290304 @ 561, ctts: 0, ctts_count: 704
[mov,mp4,m4a,3gp,3g2,mj2 @ 0x7feb59803200] shifted frame pts, curr_cts: 290816 @ 562, ctts: 512, ctts_count: 704
[mov,mp4,m4a,3gp,3g2,mj2 @ 0x7feb59803200] shifted frame pts, curr_cts: 291328 @ 563, ctts: 2560, ctts_count: 704
[mov,mp4,m4a,3gp,3g2,mj2 @ 0x7feb59803200] shifted frame pts, curr_cts: 291840 @ 564, ctts: 1024, ctts_count: 704
[mov,mp4,m4a,3gp,3g2,mj2 @ 0x7feb59803200] shifted frame pts, curr_cts: 292352 @ 565, ctts: 0, ctts_count: 704
[mov,mp4,m4a,3gp,3g2,mj2 @ 0x7feb59803200] shifted frame pts, curr_cts: 292864 @ 566, ctts: 512, ctts_count: 704
[mov,mp4,m4a,3gp,3g2,mj2 @ 0x7feb59803200] shifted frame pts, curr_cts: 293376 @ 567, ctts: 2560, ctts_count: 704
[mov,mp4,m4a,3gp,3g2,mj2 @ 0x7feb59803200] shifted frame pts, curr_cts: 293888 @ 568, ctts: 1024, ctts_count: 704
[mov,mp4,m4a,3gp,3g2,mj2 @ 0x7feb59803200] shifted frame pts, curr_cts: 294400 @ 569, ctts: 0, ctts_count: 704
[mov,mp4,m4a,3gp,3g2,mj2 @ 0x7feb59803200] shifted frame pts, curr_cts: 294912 @ 570, ctts: 512, ctts_count: 704
[mov,mp4,m4a,3gp,3g2,mj2 @ 0x7feb59803200] shifted frame pts, curr_cts: 295424 @ 571, ctts: 2560, ctts_count: 704
[mov,mp4,m4a,3gp,3g2,mj2 @ 0x7feb59803200] shifted frame pts, curr_cts: 295936 @ 572, ctts: 1024, ctts_count: 704
[mov,mp4,m4a,3gp,3g2,mj2 @ 0x7feb59803200] shifted frame pts, curr_cts: 296448 @ 573, ctts: 0, ctts_count: 704
[mov,mp4,m4a,3gp,3g2,mj2 @ 0x7feb59803200] shifted frame pts, curr_cts: 296960 @ 574, ctts: 512, ctts_count: 704
[mov,mp4,m4a,3gp,3g2,mj2 @ 0x7feb59803200] shifted frame pts, curr_cts: 297472 @ 575, ctts: 2560, ctts_count: 704
[mov,mp4,m4a,3gp,3g2,mj2 @ 0x7feb59803200] shifted frame pts, curr_cts: 297984 @ 576, ctts: 1024, ctts_count: 704
[mov,mp4,m4a,3gp,3g2,mj2 @ 0x7feb59803200] shifted frame pts, curr_cts: 298496 @ 577, ctts: 0, ctts_count: 704
[mov,mp4,m4a,3gp,3g2,mj2 @ 0x7feb59803200] shifted frame pts, curr_cts: 299008 @ 578, ctts: 512, ctts_count: 704
[mov,mp4,m4a,3gp,3g2,mj2 @ 0x7feb59803200] shifted frame pts, curr_cts: 299520 @ 579, ctts: 2560, ctts_count: 704
[mov,mp4,m4a,3gp,3g2,mj2 @ 0x7feb59803200] shifted frame pts, curr_cts: 300032 @ 580, ctts: 1024, ctts_count: 704
[mov,mp4,m4a,3gp,3g2,mj2 @ 0x7feb59803200] shifted frame pts, curr_cts: 300544 @ 581, ctts: 0, ctts_count: 704
[mov,mp4,m4a,3gp,3g2,mj2 @ 0x7feb59803200] shifted frame pts, curr_cts: 301056 @ 582, ctts: 512, ctts_count: 704
[mov,mp4,m4a,3gp,3g2,mj2 @ 0x7feb59803200] shifted frame pts, curr_cts: 301568 @ 583, ctts: 2560, ctts_count: 704
[mov,mp4,m4a,3gp,3g2,mj2 @ 0x7feb59803200] shifted frame pts, curr_cts: 302080 @ 584, ctts: 1024, ctts_count: 704
[mov,mp4,m4a,3gp,3g2,mj2 @ 0x7feb59803200] shifted frame pts, curr_cts: 302592 @ 585, ctts: 0, ctts_count: 704
[mov,mp4,m4a,3gp,3g2,mj2 @ 0x7feb59803200] shifted frame pts, curr_cts: 303104 @ 586, ctts: 512, ctts_count: 704
[mov,mp4,m4a,3gp,3g2,mj2 @ 0x7feb59803200] shifted frame pts, curr_cts: 303616 @ 587, ctts: 2560, ctts_count: 704
[mov,mp4,m4a,3gp,3g2,mj2 @ 0x7feb59803200] shifted frame pts, curr_cts: 304128 @ 588, ctts: 1024, ctts_count: 704
[mov,mp4,m4a,3gp,3g2,mj2 @ 0x7feb59803200] shifted frame pts, curr_cts: 304640 @ 589, ctts: 0, ctts_count: 704
[mov,mp4,m4a,3gp,3g2,mj2 @ 0x7feb59803200] shifted frame pts, curr_cts: 305152 @ 590, ctts: 512, ctts_count: 704
[mov,mp4,m4a,3gp,3g2,mj2 @ 0x7feb59803200] shifted frame pts, curr_cts: 305664 @ 591, ctts: 2560, ctts_count: 704
[mov,mp4,m4a,3gp,3g2,mj2 @ 0x7feb59803200] shifted frame pts, curr_cts: 306176 @ 592, ctts: 1024, ctts_count: 704
[mov,mp4,m4a,3gp,3g2,mj2 @ 0x7feb59803200] shifted frame pts, curr_cts: 306688 @ 593, ctts: 0, ctts_count: 704
[mov,mp4,m4a,3gp,3g2,mj2 @ 0x7feb59803200] shifted frame pts, curr_cts: 307200 @ 594, ctts: 512, ctts_count: 704
[mov,mp4,m4a,3gp,3g2,mj2 @ 0x7feb59803200] shifted frame pts, curr_cts: 307712 @ 595, ctts: 2560, ctts_count: 704
[mov,mp4,m4a,3gp,3g2,mj2 @ 0x7feb59803200] shifted frame pts, curr_cts: 308224 @ 596, ctts: 1024, ctts_count: 704
[mov,mp4,m4a,3gp,3g2,mj2 @ 0x7feb59803200] shifted frame pts, curr_cts: 308736 @ 597, ctts: 0, ctts_count: 704
[mov,mp4,m4a,3gp,3g2,mj2 @ 0x7feb59803200] shifted frame pts, curr_cts: 309248 @ 598, ctts: 512, ctts_count: 704
[mov,mp4,m4a,3gp,3g2,mj2 @ 0x7feb59803200] shifted frame pts, curr_cts: 309760 @ 599, ctts: 2560, ctts_count: 704
[mov,mp4,m4a,3gp,3g2,mj2 @ 0x7feb59803200] shifted frame pts, curr_cts: 310272 @ 600, ctts: 1024, ctts_count: 704
[mov,mp4,m4a,3gp,3g2,mj2 @ 0x7feb59803200] shifted frame pts, curr_cts: 310784 @ 601, ctts: 0, ctts_count: 704
[mov,mp4,m4a,3gp,3g2,mj2 @ 0x7feb59803200] shifted frame pts, curr_cts: 311296 @ 602, ctts: 512, ctts_count: 704
[mov,mp4,m4a,3gp,3g2,mj2 @ 0x7feb59803200] shifted frame pts, curr_cts: 311808 @ 603, ctts: 2560, ctts_count: 704
[mov,mp4,m4a,3gp,3g2,mj2 @ 0x7feb59803200] shifted frame pts, curr_cts: 312320 @ 604, ctts: 1024, ctts_count: 704
[mov,mp4,m4a,3gp,3g2,mj2 @ 0x7feb59803200] shifted frame pts, curr_cts: 312832 @ 605, ctts: 0, ctts_count: 704
[mov,mp4,m4a,3gp,3g2,mj2 @ 0x7feb59803200] shifted frame pts, curr_cts: 313344 @ 606, ctts: 512, ctts_count: 704
[mov,mp4,m4a,3gp,3g2,mj2 @ 0x7feb59803200] shifted frame pts, curr_cts: 313856 @ 607, ctts: 2560, ctts_count: 704
[mov,mp4,m4a,3gp,3g2,mj2 @ 0x7feb59803200] shifted frame pts, curr_cts: 314368 @ 608, ctts: 1024, ctts_count: 704
[mov,mp4,m4a,3gp,3g2,mj2 @ 0x7feb59803200] shifted frame pts, curr_cts: 314880 @ 609, ctts: 0, ctts_count: 704
[mov,mp4,m4a,3gp,3g2,mj2 @ 0x7feb59803200] shifted frame pts, curr_cts: 315392 @ 610, ctts: 512, ctts_count: 704
[mov,mp4,m4a,3gp,3g2,mj2 @ 0x7feb59803200] shifted frame pts, curr_cts: 315904 @ 611, ctts: 2560, ctts_count: 704
[mov,mp4,m4a,3gp,3g2,mj2 @ 0x7feb59803200] shifted frame pts, curr_cts: 316416 @ 612, ctts: 1024, ctts_count: 704
[mov,mp4,m4a,3gp,3g2,mj2 @ 0x7feb59803200] shifted frame pts, curr_cts: 316928 @ 613, ctts: 0, ctts_count: 704
[mov,mp4,m4a,3gp,3g2,mj2 @ 0x7feb59803200] shifted frame pts, curr_cts: 317440 @ 614, ctts: 512, ctts_count: 704
[mov,mp4,m4a,3gp,3g2,mj2 @ 0x7feb59803200] shifted frame pts, curr_cts: 317952 @ 615, ctts: 2560, ctts_count: 704
[mov,mp4,m4a,3gp,3g2,mj2 @ 0x7feb59803200] shifted frame pts, curr_cts: 318464 @ 616, ctts: 1024, ctts_count: 704
[mov,mp4,m4a,3gp,3g2,mj2 @ 0x7feb59803200] shifted frame pts, curr_cts: 318976 @ 617, ctts: 0, ctts_count: 704
[mov,mp4,m4a,3gp,3g2,mj2 @ 0x7feb59803200] shifted frame pts, curr_cts: 319488 @ 618, ctts: 512, ctts_count: 704
[mov,mp4,m4a,3gp,3g2,mj2 @ 0x7feb59803200] shifted frame pts, curr_cts: 320000 @ 619, ctts: 2560, ctts_count: 704
[mov,mp4,m4a,3gp,3g2,mj2 @ 0x7feb59803200] shifted frame pts, curr_cts: 320512 @ 620, ctts: 1024, ctts_count: 704
[mov,mp4,m4a,3gp,3g2,mj2 @ 0x7feb59803200] shifted frame pts, curr_cts: 321024 @ 621, ctts: 0, ctts_count: 704
[mov,mp4,m4a,3gp,3g2,mj2 @ 0x7feb59803200] shifted frame pts, curr_cts: 321536 @ 622, ctts: 512, ctts_count: 704
[mov,mp4,m4a,3gp,3g2,mj2 @ 0x7feb59803200] shifted frame pts, curr_cts: 322048 @ 623, ctts: 1024, ctts_count: 704
[mov,mp4,m4a,3gp,3g2,mj2 @ 0x7feb59803200] shifted frame pts, curr_cts: 322560 @ 623, ctts: 1024, ctts_count: 704
[mov,mp4,m4a,3gp,3g2,mj2 @ 0x7feb59803200] shifted frame pts, curr_cts: 323072 @ 624, ctts: 2560, ctts_count: 704
[mov,mp4,m4a,3gp,3g2,mj2 @ 0x7feb59803200] shifted frame pts, curr_cts: 323584 @ 625, ctts: 1024, ctts_count: 704
[mov,mp4,m4a,3gp,3g2,mj2 @ 0x7feb59803200] shifted frame pts, curr_cts: 324096 @ 626, ctts: 0, ctts_count: 704
[mov,mp4,m4a,3gp,3g2,mj2 @ 0x7feb59803200] shifted frame pts, curr_cts: 324608 @ 627, ctts: 512, ctts_count: 704
[mov,mp4,m4a,3gp,3g2,mj2 @ 0x7feb59803200] shifted frame pts, curr_cts: 325120 @ 628, ctts: 2560, ctts_count: 704
[mov,mp4,m4a,3gp,3g2,mj2 @ 0x7feb59803200] shifted frame pts, curr_cts: 325632 @ 629, ctts: 1024, ctts_count: 704
[mov,mp4,m4a,3gp,3g2,mj2 @ 0x7feb59803200] shifted frame pts, curr_cts: 326144 @ 630, ctts: 0, ctts_count: 704
[mov,mp4,m4a,3gp,3g2,mj2 @ 0x7feb59803200] shifted frame pts, curr_cts: 326656 @ 631, ctts: 512, ctts_count: 704
[mov,mp4,m4a,3gp,3g2,mj2 @ 0x7feb59803200] shifted frame pts, curr_cts: 327168 @ 632, ctts: 2560, ctts_count: 704
[mov,mp4,m4a,3gp,3g2,mj2 @ 0x7feb59803200] shifted frame pts, curr_cts: 327680 @ 633, ctts: 1024, ctts_count: 704
[mov,mp4,m4a,3gp,3g2,mj2 @ 0x7feb59803200] shifted frame pts, curr_cts: 328192 @ 634, ctts: 0, ctts_count: 704
[mov,mp4,m4a,3gp,3g2,mj2 @ 0x7feb59803200] shifted frame pts, curr_cts: 328704 @ 635, ctts: 512, ctts_count: 704
[mov,mp4,m4a,3gp,3g2,mj2 @ 0x7feb59803200] shifted frame pts, curr_cts: 329216 @ 636, ctts: 2560, ctts_count: 704
[mov,mp4,m4a,3gp,3g2,mj2 @ 0x7feb59803200] shifted frame pts, curr_cts: 329728 @ 637, ctts: 1024, ctts_count: 704
[mov,mp4,m4a,3gp,3g2,mj2 @ 0x7feb59803200] shifted frame pts, curr_cts: 330240 @ 638, ctts: 0, ctts_count: 704
[mov,mp4,m4a,3gp,3g2,mj2 @ 0x7feb59803200] shifted frame pts, curr_cts: 330752 @ 639, ctts: 512, ctts_count: 704
[mov,mp4,m4a,3gp,3g2,mj2 @ 0x7feb59803200] shifted frame pts, curr_cts: 331264 @ 640, ctts: 2560, ctts_count: 704
[mov,mp4,m4a,3gp,3g2,mj2 @ 0x7feb59803200] shifted frame pts, curr_cts: 331776 @ 641, ctts: 1024, ctts_count: 704
[mov,mp4,m4a,3gp,3g2,mj2 @ 0x7feb59803200] shifted frame pts, curr_cts: 332288 @ 642, ctts: 0, ctts_count: 704
[mov,mp4,m4a,3gp,3g2,mj2 @ 0x7feb59803200] shifted frame pts, curr_cts: 332800 @ 643, ctts: 512, ctts_count: 704
[mov,mp4,m4a,3gp,3g2,mj2 @ 0x7feb59803200] shifted frame pts, curr_cts: 333312 @ 644, ctts: 2560, ctts_count: 704
[mov,mp4,m4a,3gp,3g2,mj2 @ 0x7feb59803200] shifted frame pts, curr_cts: 333824 @ 645, ctts: 1024, ctts_count: 704
[mov,mp4,m4a,3gp,3g2,mj2 @ 0x7feb59803200] shifted frame pts, curr_cts: 334336 @ 646, ctts: 0, ctts_count: 704
[mov,mp4,m4a,3gp,3g2,mj2 @ 0x7feb59803200] shifted frame pts, curr_cts: 334848 @ 647, ctts: 512, ctts_count: 704
[mov,mp4,m4a,3gp,3g2,mj2 @ 0x7feb59803200] shifted frame pts, curr_cts: 335360 @ 648, ctts: 2560, ctts_count: 704
[mov,mp4,m4a,3gp,3g2,mj2 @ 0x7feb59803200] shifted frame pts, curr_cts: 335872 @ 649, ctts: 1024, ctts_count: 704
[mov,mp4,m4a,3gp,3g2,mj2 @ 0x7feb59803200] shifted frame pts, curr_cts: 336384 @ 650, ctts: 0, ctts_count: 704
[mov,mp4,m4a,3gp,3g2,mj2 @ 0x7feb59803200] shifted frame pts, curr_cts: 336896 @ 651, ctts: 512, ctts_count: 704
[mov,mp4,m4a,3gp,3g2,mj2 @ 0x7feb59803200] shifted frame pts, curr_cts: 337408 @ 652, ctts: 2560, ctts_count: 704
[mov,mp4,m4a,3gp,3g2,mj2 @ 0x7feb59803200] shifted frame pts, curr_cts: 337920 @ 653, ctts: 1024, ctts_count: 704
[mov,mp4,m4a,3gp,3g2,mj2 @ 0x7feb59803200] shifted frame pts, curr_cts: 338432 @ 654, ctts: 0, ctts_count: 704
[mov,mp4,m4a,3gp,3g2,mj2 @ 0x7feb59803200] shifted frame pts, curr_cts: 338944 @ 655, ctts: 512, ctts_count: 704
[mov,mp4,m4a,3gp,3g2,mj2 @ 0x7feb59803200] shifted frame pts, curr_cts: 339456 @ 656, ctts: 2560, ctts_count: 704
[mov,mp4,m4a,3gp,3g2,mj2 @ 0x7feb59803200] shifted frame pts, curr_cts: 339968 @ 657, ctts: 1024, ctts_count: 704
[mov,mp4,m4a,3gp,3g2,mj2 @ 0x7feb59803200] shifted frame pts, curr_cts: 340480 @ 658, ctts: 0, ctts_count: 704
[mov,mp4,m4a,3gp,3g2,mj2 @ 0x7feb59803200] shifted frame pts, curr_cts: 340992 @ 659, ctts: 512, ctts_count: 704
[mov,mp4,m4a,3gp,3g2,mj2 @ 0x7feb59803200] shifted frame pts, curr_cts: 341504 @ 660, ctts: 2560, ctts_count: 704
[mov,mp4,m4a,3gp,3g2,mj2 @ 0x7feb59803200] shifted frame pts, curr_cts: 342016 @ 661, ctts: 1024, ctts_count: 704
[mov,mp4,m4a,3gp,3g2,mj2 @ 0x7feb59803200] shifted frame pts, curr_cts: 342528 @ 662, ctts: 0, ctts_count: 704
[mov,mp4,m4a,3gp,3g2,mj2 @ 0x7feb59803200] shifted frame pts, curr_cts: 343040 @ 663, ctts: 512, ctts_count: 704
[mov,mp4,m4a,3gp,3g2,mj2 @ 0x7feb59803200] shifted frame pts, curr_cts: 343552 @ 664, ctts: 2560, ctts_count: 704
[mov,mp4,m4a,3gp,3g2,mj2 @ 0x7feb59803200] shifted frame pts, curr_cts: 344064 @ 665, ctts: 1024, ctts_count: 704
[mov,mp4,m4a,3gp,3g2,mj2 @ 0x7feb59803200] shifted frame pts, curr_cts: 344576 @ 666, ctts: 0, ctts_count: 704
[mov,mp4,m4a,3gp,3g2,mj2 @ 0x7feb59803200] shifted frame pts, curr_cts: 345088 @ 667, ctts: 512, ctts_count: 704
[mov,mp4,m4a,3gp,3g2,mj2 @ 0x7feb59803200] shifted frame pts, curr_cts: 345600 @ 668, ctts: 2560, ctts_count: 704
[mov,mp4,m4a,3gp,3g2,mj2 @ 0x7feb59803200] shifted frame pts, curr_cts: 346112 @ 669, ctts: 1024, ctts_count: 704
[mov,mp4,m4a,3gp,3g2,mj2 @ 0x7feb59803200] shifted frame pts, curr_cts: 346624 @ 670, ctts: 0, ctts_count: 704
[mov,mp4,m4a,3gp,3g2,mj2 @ 0x7feb59803200] shifted frame pts, curr_cts: 347136 @ 671, ctts: 512, ctts_count: 704
[mov,mp4,m4a,3gp,3g2,mj2 @ 0x7feb59803200] shifted frame pts, curr_cts: 347648 @ 672, ctts: 2560, ctts_count: 704
[mov,mp4,m4a,3gp,3g2,mj2 @ 0x7feb59803200] shifted frame pts, curr_cts: 348160 @ 673, ctts: 1024, ctts_count: 704
[mov,mp4,m4a,3gp,3g2,mj2 @ 0x7feb59803200] shifted frame pts, curr_cts: 348672 @ 674, ctts: 0, ctts_count: 704
[mov,mp4,m4a,3gp,3g2,mj2 @ 0x7feb59803200] shifted frame pts, curr_cts: 349184 @ 675, ctts: 512, ctts_count: 704
[mov,mp4,m4a,3gp,3g2,mj2 @ 0x7feb59803200] shifted frame pts, curr_cts: 349696 @ 676, ctts: 2560, ctts_count: 704
[mov,mp4,m4a,3gp,3g2,mj2 @ 0x7feb59803200] shifted frame pts, curr_cts: 350208 @ 677, ctts: 1024, ctts_count: 704
[mov,mp4,m4a,3gp,3g2,mj2 @ 0x7feb59803200] shifted frame pts, curr_cts: 350720 @ 678, ctts: 0, ctts_count: 704
[mov,mp4,m4a,3gp,3g2,mj2 @ 0x7feb59803200] shifted frame pts, curr_cts: 351232 @ 679, ctts: 512, ctts_count: 704
[mov,mp4,m4a,3gp,3g2,mj2 @ 0x7feb59803200] shifted frame pts, curr_cts: 351744 @ 680, ctts: 2560, ctts_count: 704
[mov,mp4,m4a,3gp,3g2,mj2 @ 0x7feb59803200] shifted frame pts, curr_cts: 352256 @ 681, ctts: 1024, ctts_count: 704
[mov,mp4,m4a,3gp,3g2,mj2 @ 0x7feb59803200] shifted frame pts, curr_cts: 352768 @ 682, ctts: 0, ctts_count: 704
[mov,mp4,m4a,3gp,3g2,mj2 @ 0x7feb59803200] shifted frame pts, curr_cts: 353280 @ 683, ctts: 512, ctts_count: 704
[mov,mp4,m4a,3gp,3g2,mj2 @ 0x7feb59803200] shifted frame pts, curr_cts: 353792 @ 684, ctts: 2560, ctts_count: 704
[mov,mp4,m4a,3gp,3g2,mj2 @ 0x7feb59803200] shifted frame pts, curr_cts: 354304 @ 685, ctts: 1024, ctts_count: 704
[mov,mp4,m4a,3gp,3g2,mj2 @ 0x7feb59803200] shifted frame pts, curr_cts: 354816 @ 686, ctts: 0, ctts_count: 704
[mov,mp4,m4a,3gp,3g2,mj2 @ 0x7feb59803200] shifted frame pts, curr_cts: 355328 @ 687, ctts: 512, ctts_count: 704
[mov,mp4,m4a,3gp,3g2,mj2 @ 0x7feb59803200] shifted frame pts, curr_cts: 355840 @ 688, ctts: 2560, ctts_count: 704
[mov,mp4,m4a,3gp,3g2,mj2 @ 0x7feb59803200] shifted frame pts, curr_cts: 356352 @ 689, ctts: 1024, ctts_count: 704
[mov,mp4,m4a,3gp,3g2,mj2 @ 0x7feb59803200] shifted frame pts, curr_cts: 356864 @ 690, ctts: 0, ctts_count: 704
[mov,mp4,m4a,3gp,3g2,mj2 @ 0x7feb59803200] shifted frame pts, curr_cts: 357376 @ 691, ctts: 512, ctts_count: 704
[mov,mp4,m4a,3gp,3g2,mj2 @ 0x7feb59803200] shifted frame pts, curr_cts: 357888 @ 692, ctts: 2560, ctts_count: 704
[mov,mp4,m4a,3gp,3g2,mj2 @ 0x7feb59803200] shifted frame pts, curr_cts: 358400 @ 693, ctts: 1024, ctts_count: 704
[mov,mp4,m4a,3gp,3g2,mj2 @ 0x7feb59803200] shifted frame pts, curr_cts: 358912 @ 694, ctts: 0, ctts_count: 704
[mov,mp4,m4a,3gp,3g2,mj2 @ 0x7feb59803200] shifted frame pts, curr_cts: 359424 @ 695, ctts: 512, ctts_count: 704
[mov,mp4,m4a,3gp,3g2,mj2 @ 0x7feb59803200] shifted frame pts, curr_cts: 359936 @ 696, ctts: 2560, ctts_count: 704
[mov,mp4,m4a,3gp,3g2,mj2 @ 0x7feb59803200] shifted frame pts, curr_cts: 360448 @ 697, ctts: 1024, ctts_count: 704
[mov,mp4,m4a,3gp,3g2,mj2 @ 0x7feb59803200] shifted frame pts, curr_cts: 360960 @ 698, ctts: 0, ctts_count: 704
[mov,mp4,m4a,3gp,3g2,mj2 @ 0x7feb59803200] shifted frame pts, curr_cts: 361472 @ 699, ctts: 512, ctts_count: 704
[mov,mp4,m4a,3gp,3g2,mj2 @ 0x7feb59803200] shifted frame pts, curr_cts: 361984 @ 700, ctts: 2560, ctts_count: 704
[mov,mp4,m4a,3gp,3g2,mj2 @ 0x7feb59803200] shifted frame pts, curr_cts: 362496 @ 701, ctts: 1024, ctts_count: 704
[mov,mp4,m4a,3gp,3g2,mj2 @ 0x7feb59803200] shifted frame pts, curr_cts: 363008 @ 702, ctts: 0, ctts_count: 704
[mov,mp4,m4a,3gp,3g2,mj2 @ 0x7feb59803200] shifted frame pts, curr_cts: 363520 @ 703, ctts: 512, ctts_count: 704
[mov,mp4,m4a,3gp,3g2,mj2 @ 0x7feb59803200] Unknown dref type 0x206c7275 size 12
[mov,mp4,m4a,3gp,3g2,mj2 @ 0x7feb59803200] Processing st: 1, edit list 0 - media time: 0, duration: 1323044
[mov,mp4,m4a,3gp,3g2,mj2 @ 0x7feb59803200] Before avformat_find_stream_info() pos: 24160 bytes read:32768 seeks:0 nb_streams:2
[h264 @ 0x7feb59801800] nal_unit_type: 7, nal_ref_idc: 3
[h264 @ 0x7feb59801800] nal_unit_type: 8, nal_ref_idc: 3
[h264 @ 0x7feb59801800] nal_unit_type: 6, nal_ref_idc: 0
[h264 @ 0x7feb59801800] nal_unit_type: 5, nal_ref_idc: 3
[h264 @ 0x7feb59801800] user data:"x264 - core 148 - H.264/MPEG-4 AVC codec - Copyleft 2003-2016 - http://www.videolan.org/x264.html - options: cabac=1 ref=2 deblock=1:0:0 analyse=0x3:0x113 me=dia subme=4 psy=1 psy_rd=1.00:0.00 mixed_ref=0 me_range=16 chroma_me=0 trellis=0 8x8dct=1 cqm=0 deadzone=21,11 fast_pskip=1 chroma_qp_offset=0 threads=8 lookahead_threads=2 sliced_threads=0 nr=0 decimate=1 interlaced=0 bluray_compat=0 constrained_intra=0 bframes=3 b_pyramid=2 b_adapt=0 b_bias=0 direct=1 weightb=1 open_gop=0 weightp=1 keyint=90 keyint_min=30 scenecut=0 intra_refresh=0 rc_lookahead=20 rc=abr mbtree=1 bitrate=489 ratetol=1.0 qcomp=0.60 qpmin=10 qpmax=51 qpstep=4 ip_ratio=1.40 aq=1:1.00"
[h264 @ 0x7feb59801800] Reinit context to 640x368, pix_fmt: yuv420p
[h264 @ 0x7feb59801800] no picture 
[mov,mp4,m4a,3gp,3g2,mj2 @ 0x7feb59803200] All info found
[mov,mp4,m4a,3gp,3g2,mj2 @ 0x7feb59803200] After avformat_find_stream_info() pos: 56167 bytes read:65536 seeks:0 frames:4
Input #0, mov,mp4,m4a,3gp,3g2,mj2, from '/Users/mtime/Downloads/WeChatSight29.mp4':
  Metadata:
    major_brand     : isom
    minor_version   : 512
    compatible_brands: isomiso2avc1mp41
    encoder         : Lavf57.41.100
  Duration: 00:00:30.00, start: 0.000000, bitrate: 489 kb/s
    Stream #0:0(und), 3, 1/12288: Video: h264 (High), 1 reference frame (avc1 / 0x31637661), yuv420p(left), 640x368 [SAR 1:1 DAR 40:23], 0/1, 439 kb/s, 24 fps, 24 tbr, 12288 tbn, 96 tbc (default)
    Metadata:
      handler_name    : VideoHandler
    Stream #0:1(und), 1, 1/44100: Audio: aac (LC) (mp4a / 0x6134706D), 44100 Hz, stereo, fltp, 48 kb/s (default)
    Metadata:
      handler_name    : SoundHandler
Successfully opened the file.
Parsing a group of options: output url test.mp4.
Applying option vf (set video filters) with argument gopreverse.
Applying option vcodec (force video codec ('copy' to copy stream)) with argument h264.
Successfully parsed a group of options.
Opening an output file: test.mp4.
Matched encoder 'h264_videotoolbox' for codec 'h264'.
[file @ 0x7feb59502ae0] Setting default whitelist 'file,crypto'
Successfully opened the file.
detected 4 logical cores
[h264 @ 0x7feb5a009c00] nal_unit_type: 7, nal_ref_idc: 3
[h264 @ 0x7feb5a009c00] nal_unit_type: 8, nal_ref_idc: 3
Stream mapping:
  Stream #0:0 -> #0:0 (h264 (native) -> h264 (h264_videotoolbox))
  Stream #0:1 -> #0:1 (aac (native) -> aac (native))
Press [q] to stop, [?] for help
cur_dts is invalid (this is harmless if it occurs once at the start per stream)
    Last message repeated 1 times
[h264 @ 0x7feb5a009c00] nal_unit_type: 6, nal_ref_idc: 0
[h264 @ 0x7feb5a009c00] nal_unit_type: 5, nal_ref_idc: 3
[h264 @ 0x7feb5a009c00] user data:"x264 - core 148 - H.264/MPEG-4 AVC codec - Copyleft 2003-2016 - http://www.videolan.org/x264.html - options: cabac=1 ref=2 deblock=1:0:0 analyse=0x3:0x113 me=dia subme=4 psy=1 psy_rd=1.00:0.00 mixed_ref=0 me_range=16 chroma_me=0 trellis=0 8x8dct=1 cqm=0 deadzone=21,11 fast_pskip=1 chroma_qp_offset=0 threads=8 lookahead_threads=2 sliced_threads=0 nr=0 decimate=1 interlaced=0 bluray_compat=0 constrained_intra=0 bframes=3 b_pyramid=2 b_adapt=0 b_bias=0 direct=1 weightb=1 open_gop=0 weightp=1 keyint=90 keyint_min=30 scenecut=0 intra_refresh=0 rc_lookahead=20 rc=abr mbtree=1 bitrate=489 ratetol=1.0 qcomp=0.60 qpmin=10 qpmax=51 qpstep=4 ip_ratio=1.40 aq=1:1.00"
[h264 @ 0x7feb5a009c00] Reinit context to 640x368, pix_fmt: yuv420p
[h264 @ 0x7feb5a009c00] no picture 
cur_dts is invalid (this is harmless if it occurs once at the start per stream)
[h264 @ 0x7feb5a015a00] nal_unit_type: 1, nal_ref_idc: 2
[h264 @ 0x7feb5a015a00] no picture 
cur_dts is invalid (this is harmless if it occurs once at the start per stream)
[h264 @ 0x7feb5a02be00] nal_unit_type: 1, nal_ref_idc: 2
[graph_1_in_0_1 @ 0x7feb59523260] Setting 'time_base' to value '1/44100'
[graph_1_in_0_1 @ 0x7feb59523260] Setting 'sample_rate' to value '44100'
[graph_1_in_0_1 @ 0x7feb59523260] Setting 'sample_fmt' to value 'fltp'
[graph_1_in_0_1 @ 0x7feb59523260] Setting 'channel_layout' to value '0x3'
[graph_1_in_0_1 @ 0x7feb59523260] tb:1/44100 samplefmt:fltp samplerate:44100 chlayout:0x3
[format_out_0_1 @ 0x7feb5940ac40] Setting 'sample_fmts' to value 'fltp'
[format_out_0_1 @ 0x7feb5940ac40] Setting 'sample_rates' to value '96000|88200|64000|48000|44100|32000|24000|22050|16000|12000|11025|8000|7350'
[AVFilterGraph @ 0x7feb5940a900] query_formats: 4 queried, 9 merged, 0 already done, 0 delayed
cur_dts is invalid (this is harmless if it occurs once at the start per stream)
    Last message repeated 3 times
[h264 @ 0x7feb5a042200] nal_unit_type: 1, nal_ref_idc: 0
cur_dts is invalid (this is harmless if it occurs once at the start per stream)
[h264 @ 0x7feb5a042800] nal_unit_type: 1, nal_ref_idc: 0
cur_dts is invalid (this is harmless if it occurs once at the start per stream)
    Last message repeated 3 times
[h264 @ 0x7feb5a009c00] nal_unit_type: 1, nal_ref_idc: 2
cur_dts is invalid (this is harmless if it occurs once at the start per stream)
    Last message repeated 1 times
[h264 @ 0x7feb5a015a00] nal_unit_type: 1, nal_ref_idc: 2
[graph 0 input from stream 0:0 @ 0x7feb5940d0a0] Setting 'video_size' to value '640x368'
[graph 0 input from stream 0:0 @ 0x7feb5940d0a0] Setting 'pix_fmt' to value '0'
[graph 0 input from stream 0:0 @ 0x7feb5940d0a0] Setting 'time_base' to value '1/12288'
[graph 0 input from stream 0:0 @ 0x7feb5940d0a0] Setting 'pixel_aspect' to value '1/1'
[graph 0 input from stream 0:0 @ 0x7feb5940d0a0] Setting 'sws_param' to value 'flags=2'
[graph 0 input from stream 0:0 @ 0x7feb5940d0a0] Setting 'frame_rate' to value '24/1'
[graph 0 input from stream 0:0 @ 0x7feb5940d0a0] w:640 h:368 pixfmt:yuv420p tb:1/12288 fr:24/1 sar:1/1 sws_param:flags=2
[format @ 0x7feb5940d660] compat: called with args=[videotoolbox_vld|nv12|yuv420p]
[format @ 0x7feb5940d660] Setting 'pix_fmts' to value 'videotoolbox_vld|nv12|yuv420p'
[AVFilterGraph @ 0x7feb5940d260] query_formats: 4 queried, 3 merged, 0 already done, 0 delayed
filter frame --- , insert frame begin, frame queue size : 0, nb_frames : 0, pts : 0, key_frame : 1 
filter frame --- , frame queue size <= 0 and nb_frames <= 0, current : 1, 1 
[h264_videotoolbox @ 0x7feb5b004400] Color range not set for yuv420p. Using MPEG range.
[h264_videotoolbox @ 0x7feb5b004400] Output #0, mp4, to 'test.mp4':
  Metadata:
    major_brand     : isom
    minor_version   : 512
    compatible_brands: isomiso2avc1mp41
    encoder         : Lavf57.71.100
    Stream #0:0(und), 0, 1/12288: Video: h264 (h264_videotoolbox), 1 reference frame ([33][0][0][0] / 0x0021), yuv420p(left), 640x368 [SAR 1:1 DAR 40:23], 0/1, q=2-31, 200 kb/s, 24 fps, 12288 tbn, 24 tbc (default)
    Metadata:
      handler_name    : VideoHandler
      encoder         : Lavc57.89.100 h264_videotoolbox
    Stream #0:1(und), 0, 1/44100: Audio: aac (LC) ([64][0][0][0] / 0x0040), 44100 Hz, stereo, fltp, delay 1024, 128 kb/s (default)
    Metadata:
      handler_name    : SoundHandler
      encoder         : Lavc57.89.100 aac
cur_dts is invalid (this is harmless if it occurs once at the start per stream)
request frame --- , current cached_gop_ok : 0, nb_gop_frames : 0 
request frame --- , nb_gop_frames == 0 
cur_dts is invalid (this is harmless if it occurs once at the start per stream)
filter frame --- , insert frame begin, frame queue size : 1, nb_frames : 1, pts : 512, key_frame : 0 
[h264 @ 0x7feb5a02be00] nal_unit_type: 1, nal_ref_idc: 0
filter frame --- , frame queue size(1) > 0 and nb_frames(1) > 0, check key_frame : 0, pts : 512 
filter frame --- , not key frame comes, add it to queue, nb_frames : 2, queue size : 2, pts : 512 
request frame --- , current cached_gop_ok : 0, nb_gop_frames : 0 
request frame --- , nb_gop_frames == 0 
cur_dts is invalid (this is harmless if it occurs once at the start per stream)
    Last message repeated 2 times
filter frame --- , insert frame begin, frame queue size : 2, nb_frames : 2, pts : 1024, key_frame : 0 
[h264 @ 0x7feb5a042200] nal_unit_type: 1, nal_ref_idc: 0
filter frame --- , frame queue size(2) > 0 and nb_frames(2) > 0, check key_frame : 0, pts : 1024 
filter frame --- , not key frame comes, add it to queue, nb_frames : 3, queue size : 3, pts : 1024 
request frame --- , current cached_gop_ok : 0, nb_gop_frames : 0 
request frame --- , nb_gop_frames == 0 
cur_dts is invalid (this is harmless if it occurs once at the start per stream)
    Last message repeated 2 times
filter frame --- , insert frame begin, frame queue size : 3, nb_frames : 3, pts : 1536, key_frame : 0 
[h264 @ 0x7feb5a042800] nal_unit_type: 1, nal_ref_idc: 2
filter frame --- , frame queue size(3) > 0 and nb_frames(3) > 0, check key_frame : 0, pts : 1536 
filter frame --- , not key frame comes, add it to queue, nb_frames : 4, queue size : 4, pts : 1536 
request frame --- , current cached_gop_ok : 0, nb_gop_frames : 0 
request frame --- , nb_gop_frames == 0 
cur_dts is invalid (this is harmless if it occurs once at the start per stream)
    Last message repeated 2 times
filter frame --- , insert frame begin, frame queue size : 4, nb_frames : 4, pts : 2048, key_frame : 0 
[h264 @ 0x7feb5a009c00] nal_unit_type: 1, nal_ref_idc: 2
filter frame --- , frame queue size(4) > 0 and nb_frames(4) > 0, check key_frame : 0, pts : 2048 
filter frame --- , not key frame comes, add it to queue, nb_frames : 5, queue size : 5, pts : 2048 
request frame --- , current cached_gop_ok : 0, nb_gop_frames : 0 
request frame --- , nb_gop_frames == 0 
cur_dts is invalid (this is harmless if it occurs once at the start per stream)
    Last message repeated 2 times
filter frame --- , insert frame begin, frame queue size : 5, nb_frames : 5, pts : 2560, key_frame : 0 
[h264 @ 0x7feb5a015a00] nal_unit_type: 1, nal_ref_idc: 0
filter frame --- , frame queue size(5) > 0 and nb_frames(5) > 0, check key_frame : 0, pts : 2560 
filter frame --- , not key frame comes, add it to queue, nb_frames : 6, queue size : 6, pts : 2560 
request frame --- , current cached_gop_ok : 0, nb_gop_frames : 0 
request frame --- , nb_gop_frames == 0 
cur_dts is invalid (this is harmless if it occurs once at the start per stream)
    Last message repeated 1 times
filter frame --- , insert frame begin, frame queue size : 6, nb_frames : 6, pts : 3072, key_frame : 0 
[h264 @ 0x7feb5a02be00] nal_unit_type: 1, nal_ref_idc: 0
filter frame --- , frame queue size(6) > 0 and nb_frames(6) > 0, check key_frame : 0, pts : 3072 
filter frame --- , not key frame comes, add it to queue, nb_frames : 7, queue size : 7, pts : 3072 
request frame --- , current cached_gop_ok : 0, nb_gop_frames : 0 
request frame --- , nb_gop_frames == 0 
cur_dts is invalid (this is harmless if it occurs once at the start per stream)
    Last message repeated 2 times
filter frame --- , insert frame begin, frame queue size : 7, nb_frames : 7, pts : 3584, key_frame : 0 
[h264 @ 0x7feb5a042200] nal_unit_type: 1, nal_ref_idc: 2
filter frame --- , frame queue size(7) > 0 and nb_frames(7) > 0, check key_frame : 0, pts : 3584 
filter frame --- , not key frame comes, add it to queue, nb_frames : 8, queue size : 8, pts : 3584 
request frame --- , current cached_gop_ok : 0, nb_gop_frames : 0 
request frame --- , nb_gop_frames == 0 
cur_dts is invalid (this is harmless if it occurs once at the start per stream)
    Last message repeated 2 times
filter frame --- , insert frame begin, frame queue size : 8, nb_frames : 8, pts : 4096, key_frame : 0 
[h264 @ 0x7feb5a042800] nal_unit_type: 1, nal_ref_idc: 2
filter frame --- , frame queue size(8) > 0 and nb_frames(8) > 0, check key_frame : 0, pts : 4096 
filter frame --- , not key frame comes, add it to queue, nb_frames : 9, queue size : 9, pts : 4096 
request frame --- , current cached_gop_ok : 0, nb_gop_frames : 0 
request frame --- , nb_gop_frames == 0 
cur_dts is invalid (this is harmless if it occurs once at the start per stream)
    Last message repeated 2 times
filter frame --- , insert frame begin, frame queue size : 9, nb_frames : 9, pts : 4608, key_frame : 0 
[h264 @ 0x7feb5a009c00] nal_unit_type: 1, nal_ref_idc: 0
filter frame --- , frame queue size(9) > 0 and nb_frames(9) > 0, check key_frame : 0, pts : 4608 
filter frame --- , not key frame comes, add it to queue, nb_frames : 10, queue size : 10, pts : 4608 
request frame --- , current cached_gop_ok : 0, nb_gop_frames : 0 
request frame --- , nb_gop_frames == 0 
cur_dts is invalid (this is harmless if it occurs once at the start per stream)
    Last message repeated 2 times
[h264 @ 0x7feb5a015a00] nal_unit_type: 1, nal_ref_idc: 0
filter frame --- , insert frame begin, frame queue size : 10, nb_frames : 10, pts : 5120, key_frame : 0 
filter frame --- , frame queue size(10) > 0 and nb_frames(10) > 0, check key_frame : 0, pts : 5120 
filter frame --- , not key frame comes, add it to queue, nb_frames : 11, queue size : 11, pts : 5120 
request frame --- , current cached_gop_ok : 0, nb_gop_frames : 0 
request frame --- , nb_gop_frames == 0 
cur_dts is invalid (this is harmless if it occurs once at the start per stream)
    Last message repeated 1 times
filter frame --- , insert frame begin, frame queue size : 11, nb_frames : 11, pts : 5632, key_frame : 0 
[h264 @ 0x7feb5a02be00] nal_unit_type: 1, nal_ref_idc: 2
filter frame --- , frame queue size(11) > 0 and nb_frames(11) > 0, check key_frame : 0, pts : 5632 
filter frame --- , not key frame comes, add it to queue, nb_frames : 12, queue size : 12, pts : 5632 
request frame --- , current cached_gop_ok : 0, nb_gop_frames : 0 
request frame --- , nb_gop_frames == 0 
cur_dts is invalid (this is harmless if it occurs once at the start per stream)
    Last message repeated 2 times
filter frame --- , insert frame begin, frame queue size : 12, nb_frames : 12, pts : 6144, key_frame : 0 
[h264 @ 0x7feb5a042200] nal_unit_type: 1, nal_ref_idc: 2
filter frame --- , frame queue size(12) > 0 and nb_frames(12) > 0, check key_frame : 0, pts : 6144 
filter frame --- , not key frame comes, add it to queue, nb_frames : 13, queue size : 13, pts : 6144 
request frame --- , current cached_gop_ok : 0, nb_gop_frames : 0 
request frame --- , nb_gop_frames == 0 
cur_dts is invalid (this is harmless if it occurs once at the start per stream)
    Last message repeated 2 times
filter frame --- , insert frame begin, frame queue size : 13, nb_frames : 13, pts : 6656, key_frame : 0 
[h264 @ 0x7feb5a042800] nal_unit_type: 1, nal_ref_idc: 0
filter frame --- , frame queue size(13) > 0 and nb_frames(13) > 0, check key_frame : 0, pts : 6656 
filter frame --- , not key frame comes, add it to queue, nb_frames : 14, queue size : 14, pts : 6656 
request frame --- , current cached_gop_ok : 0, nb_gop_frames : 0 
request frame --- , nb_gop_frames == 0 
cur_dts is invalid (this is harmless if it occurs once at the start per stream)
    Last message repeated 2 times
filter frame --- , insert frame begin, frame queue size : 14, nb_frames : 14, pts : 7168, key_frame : 0 
[h264 @ 0x7feb5a009c00] nal_unit_type: 1, nal_ref_idc: 0
filter frame --- , frame queue size(14) > 0 and nb_frames(14) > 0, check key_frame : 0, pts : 7168 
filter frame --- , not key frame comes, add it to queue, nb_frames : 15, queue size : 15, pts : 7168 
request frame --- , current cached_gop_ok : 0, nb_gop_frames : 0 
request frame --- , nb_gop_frames == 0 
cur_dts is invalid (this is harmless if it occurs once at the start per stream)
    Last message repeated 2 times
filter frame --- , insert frame begin, frame queue size : 15, nb_frames : 15, pts : 7680, key_frame : 0 
[h264 @ 0x7feb5a015a00] nal_unit_type: 1, nal_ref_idc: 2
filter frame --- , frame queue size(15) > 0 and nb_frames(15) > 0, check key_frame : 0, pts : 7680 
filter frame --- , not key frame comes, add it to queue, nb_frames : 16, queue size : 16, pts : 7680 
request frame --- , current cached_gop_ok : 0, nb_gop_frames : 0 
request frame --- , nb_gop_frames == 0 
cur_dts is invalid (this is harmless if it occurs once at the start per stream)
    Last message repeated 1 times
filter frame --- , insert frame begin, frame queue size : 16, nb_frames : 16, pts : 8192, key_frame : 0 
[h264 @ 0x7feb5a02be00] nal_unit_type: 1, nal_ref_idc: 2
filter frame --- , frame queue size(16) > 0 and nb_frames(16) > 0, check key_frame : 0, pts : 8192 
filter frame --- , not key frame comes, add it to queue, nb_frames : 17, queue size : 17, pts : 8192 
request frame --- , current cached_gop_ok : 0, nb_gop_frames : 0 
request frame --- , nb_gop_frames == 0 
cur_dts is invalid (this is harmless if it occurs once at the start per stream)
    Last message repeated 2 times
filter frame --- , insert frame begin, frame queue size : 17, nb_frames : 17, pts : 8704, key_frame : 0 
[h264 @ 0x7feb5a042200] nal_unit_type: 1, nal_ref_idc: 0
filter frame --- , frame queue size(17) > 0 and nb_frames(17) > 0, check key_frame : 0, pts : 8704 
filter frame --- , not key frame comes, add it to queue, nb_frames : 18, queue size : 18, pts : 8704 
request frame --- , current cached_gop_ok : 0, nb_gop_frames : 0 
request frame --- , nb_gop_frames == 0 
cur_dts is invalid (this is harmless if it occurs once at the start per stream)
    Last message repeated 2 times
filter frame --- , insert frame begin, frame queue size : 18, nb_frames : 18, pts : 9216, key_frame : 0 
[h264 @ 0x7feb5a042800] nal_unit_type: 1, nal_ref_idc: 0
filter frame --- , frame queue size(18) > 0 and nb_frames(18) > 0, check key_frame : 0, pts : 9216 
filter frame --- , not key frame comes, add it to queue, nb_frames : 19, queue size : 19, pts : 9216 
request frame --- , current cached_gop_ok : 0, nb_gop_frames : 0 
request frame --- , nb_gop_frames == 0 
cur_dts is invalid (this is harmless if it occurs once at the start per stream)
    Last message repeated 2 times
[h264 @ 0x7feb5a009c00] nal_unit_type: 1, nal_ref_idc: 2
filter frame --- , insert frame begin, frame queue size : 19, nb_frames : 19, pts : 9728, key_frame : 0 
filter frame --- , frame queue size(19) > 0 and nb_frames(19) > 0, check key_frame : 0, pts : 9728 
filter frame --- , not key frame comes, add it to queue, nb_frames : 20, queue size : 20, pts : 9728 
request frame --- , current cached_gop_ok : 0, nb_gop_frames : 0 
request frame --- , nb_gop_frames == 0 
cur_dts is invalid (this is harmless if it occurs once at the start per stream)
    Last message repeated 2 times
filter frame --- , insert frame begin, frame queue size : 20, nb_frames : 20, pts : 10240, key_frame : 0 
[h264 @ 0x7feb5a015a00] nal_unit_type: 1, nal_ref_idc: 2
filter frame --- , frame queue size(20) > 0 and nb_frames(20) > 0, check key_frame : 0, pts : 10240 
filter frame --- , not key frame comes, add it to queue, nb_frames : 21, queue size : 21, pts : 10240 
request frame --- , current cached_gop_ok : 0, nb_gop_frames : 0 
request frame --- , nb_gop_frames == 0 
cur_dts is invalid (this is harmless if it occurs once at the start per stream)
    Last message repeated 1 times
filter frame --- , insert frame begin, frame queue size : 21, nb_frames : 21, pts : 10752, key_frame : 0 
[h264 @ 0x7feb5a02be00] nal_unit_type: 1, nal_ref_idc: 0
filter frame --- , frame queue size(21) > 0 and nb_frames(21) > 0, check key_frame : 0, pts : 10752 
filter frame --- , not key frame comes, add it to queue, nb_frames : 22, queue size : 22, pts : 10752 
request frame --- , current cached_gop_ok : 0, nb_gop_frames : 0 
request frame --- , nb_gop_frames == 0 
cur_dts is invalid (this is harmless if it occurs once at the start per stream)
    Last message repeated 2 times
filter frame --- , insert frame begin, frame queue size : 22, nb_frames : 22, pts : 11264, key_frame : 0 
[h264 @ 0x7feb5a042200] nal_unit_type: 1, nal_ref_idc: 0
filter frame --- , frame queue size(22) > 0 and nb_frames(22) > 0, check key_frame : 0, pts : 11264 
filter frame --- , not key frame comes, add it to queue, nb_frames : 23, queue size : 23, pts : 11264 
request frame --- , current cached_gop_ok : 0, nb_gop_frames : 0 
request frame --- , nb_gop_frames == 0 
cur_dts is invalid (this is harmless if it occurs once at the start per stream)
    Last message repeated 2 times
[h264 @ 0x7feb5a042800] nal_unit_type: 1, nal_ref_idc: 2
filter frame --- , insert frame begin, frame queue size : 23, nb_frames : 23, pts : 11776, key_frame : 0 
filter frame --- , frame queue size(23) > 0 and nb_frames(23) > 0, check key_frame : 0, pts : 11776 
filter frame --- , not key frame comes, add it to queue, nb_frames : 24, queue size : 24, pts : 11776 
request frame --- , current cached_gop_ok : 0, nb_gop_frames : 0 
request frame --- , nb_gop_frames == 0 
cur_dts is invalid (this is harmless if it occurs once at the start per stream)
    Last message repeated 2 times
filter frame --- , insert frame begin, frame queue size : 24, nb_frames : 24, pts : 12288, key_frame : 0 
[h264 @ 0x7feb5a009c00] nal_unit_type: 1, nal_ref_idc: 2
filter frame --- , frame queue size(24) > 0 and nb_frames(24) > 0, check key_frame : 0, pts : 12288 
filter frame --- , not key frame comes, add it to queue, nb_frames : 25, queue size : 25, pts : 12288 
request frame --- , current cached_gop_ok : 0, nb_gop_frames : 0 
request frame --- , nb_gop_frames == 0 
cur_dts is invalid (this is harmless if it occurs once at the start per stream)
    Last message repeated 2 times
filter frame --- , insert frame begin, frame queue size : 25, nb_frames : 25, pts : 12800, key_frame : 0 
[h264 @ 0x7feb5a015a00] nal_unit_type: 1, nal_ref_idc: 0
filter frame --- , frame queue size(25) > 0 and nb_frames(25) > 0, check key_frame : 0, pts : 12800 
filter frame --- , not key frame comes, add it to queue, nb_frames : 26, queue size : 26, pts : 12800 
request frame --- , current cached_gop_ok : 0, nb_gop_frames : 0 
request frame --- , nb_gop_frames == 0 
cur_dts is invalid (this is harmless if it occurs once at the start per stream)
    Last message repeated 1 times
filter frame --- , insert frame begin, frame queue size : 26, nb_frames : 26, pts : 13312, key_frame : 0 
[h264 @ 0x7feb5a02be00] nal_unit_type: 1, nal_ref_idc: 0
filter frame --- , frame queue size(26) > 0 and nb_frames(26) > 0, check key_frame : 0, pts : 13312 
filter frame --- , not key frame comes, add it to queue, nb_frames : 27, queue size : 27, pts : 13312 
request frame --- , current cached_gop_ok : 0, nb_gop_frames : 0 
request frame --- , nb_gop_frames == 0 
cur_dts is invalid (this is harmless if it occurs once at the start per stream)
    Last message repeated 2 times
filter frame --- , insert frame begin, frame queue size : 27, nb_frames : 27, pts : 13824, key_frame : 0 
filter frame --- , frame queue size(27) > 0 and nb_frames(27) > 0, check key_frame : 0, pts : 13824 
filter frame --- , not key frame comes, add it to queue, nb_frames : 28, queue size : 28, pts : 13824 
request frame --- , current cached_gop_ok : 0, nb_gop_frames : 0 
request frame --- , nb_gop_frames == 0 
cur_dts is invalid (this is harmless if it occurs once at the start per stream)
[h264 @ 0x7feb5a042200] nal_unit_type: 1, nal_ref_idc: 2
cur_dts is invalid (this is harmless if it occurs once at the start per stream)
    Last message repeated 1 times
filter frame --- , insert frame begin, frame queue size : 28, nb_frames : 28, pts : 14336, key_frame : 0 
[h264 @ 0x7feb5a042800] nal_unit_type: 1, nal_ref_idc: 2
filter frame --- , frame queue size(28) > 0 and nb_frames(28) > 0, check key_frame : 0, pts : 14336 
filter frame --- , not key frame comes, add it to queue, nb_frames : 29, queue size : 29, pts : 14336 
request frame --- , current cached_gop_ok : 0, nb_gop_frames : 0 
request frame --- , nb_gop_frames == 0 
cur_dts is invalid (this is harmless if it occurs once at the start per stream)
    Last message repeated 2 times
filter frame --- , insert frame begin, frame queue size : 29, nb_frames : 29, pts : 14848, key_frame : 0 
filter frame --- , frame queue size(29) > 0 and nb_frames(29) > 0, check key_frame : 0, pts : 14848 
filter frame --- , not key frame comes, add it to queue, nb_frames : 30, queue size : 30, pts : 14848 
request frame --- , current cached_gop_ok : 0, nb_gop_frames : 0 
request frame --- , nb_gop_frames == 0 
[h264 @ 0x7feb5a009c00] nal_unit_type: 1, nal_ref_idc: 0
cur_dts is invalid (this is harmless if it occurs once at the start per stream)
    Last message repeated 2 times
filter frame --- , insert frame begin, frame queue size : 30, nb_frames : 30, pts : 15360, key_frame : 0 
[h264 @ 0x7feb5a015a00] nal_unit_type: 1, nal_ref_idc: 0
filter frame --- , frame queue size(30) > 0 and nb_frames(30) > 0, check key_frame : 0, pts : 15360 
filter frame --- , not key frame comes, add it to queue, nb_frames : 31, queue size : 31, pts : 15360 
request frame --- , current cached_gop_ok : 0, nb_gop_frames : 0 
request frame --- , nb_gop_frames == 0 
cur_dts is invalid (this is harmless if it occurs once at the start per stream)
    Last message repeated 1 times
[h264 @ 0x7feb5a02be00] nal_unit_type: 1, nal_ref_idc: 2
filter frame --- , insert frame begin, frame queue size : 31, nb_frames : 31, pts : 15872, key_frame : 0 
filter frame --- , frame queue size(31) > 0 and nb_frames(31) > 0, check key_frame : 0, pts : 15872 
filter frame --- , not key frame comes, add it to queue, nb_frames : 32, queue size : 32, pts : 15872 
request frame --- , current cached_gop_ok : 0, nb_gop_frames : 0 
request frame --- , nb_gop_frames == 0 
cur_dts is invalid (this is harmless if it occurs once at the start per stream)
    Last message repeated 2 times
filter frame --- , insert frame begin, frame queue size : 32, nb_frames : 32, pts : 16384, key_frame : 0 
[h264 @ 0x7feb5a042200] nal_unit_type: 1, nal_ref_idc: 2
filter frame --- , frame queue size(32) > 0 and nb_frames(32) > 0, check key_frame : 0, pts : 16384 
filter frame --- , not key frame comes, add it to queue, nb_frames : 33, queue size : 33, pts : 16384 
request frame --- , current cached_gop_ok : 0, nb_gop_frames : 0 
request frame --- , nb_gop_frames == 0 
cur_dts is invalid (this is harmless if it occurs once at the start per stream)
    Last message repeated 2 times
filter frame --- , insert frame begin, frame queue size : 33, nb_frames : 33, pts : 16896, key_frame : 0 
[h264 @ 0x7feb5a042800] nal_unit_type: 1, nal_ref_idc: 0
filter frame --- , frame queue size(33) > 0 and nb_frames(33) > 0, check key_frame : 0, pts : 16896 
filter frame --- , not key frame comes, add it to queue, nb_frames : 34, queue size : 34, pts : 16896 
request frame --- , current cached_gop_ok : 0, nb_gop_frames : 0 
request frame --- , nb_gop_frames == 0 
cur_dts is invalid (this is harmless if it occurs once at the start per stream)
    Last message repeated 2 times
filter frame --- , insert frame begin, frame queue size : 34, nb_frames : 34, pts : 17408, key_frame : 0 
[h264 @ 0x7feb5a009c00] nal_unit_type: 1, nal_ref_idc: 0
filter frame --- , frame queue size(34) > 0 and nb_frames(34) > 0, check key_frame : 0, pts : 17408 
filter frame --- , not key frame comes, add it to queue, nb_frames : 35, queue size : 35, pts : 17408 
request frame --- , current cached_gop_ok : 0, nb_gop_frames : 0 
request frame --- , nb_gop_frames == 0 
cur_dts is invalid (this is harmless if it occurs once at the start per stream)
    Last message repeated 1 times
[h264 @ 0x7feb5a015a00] nal_unit_type: 1, nal_ref_idc: 2
filter frame --- , insert frame begin, frame queue size : 35, nb_frames : 35, pts : 17920, key_frame : 0 
filter frame --- , frame queue size(35) > 0 and nb_frames(35) > 0, check key_frame : 0, pts : 17920 
filter frame --- , not key frame comes, add it to queue, nb_frames : 36, queue size : 36, pts : 17920 
request frame --- , current cached_gop_ok : 0, nb_gop_frames : 0 
request frame --- , nb_gop_frames == 0 
cur_dts is invalid (this is harmless if it occurs once at the start per stream)
    Last message repeated 2 times
filter frame --- , insert frame begin, frame queue size : 36, nb_frames : 36, pts : 18432, key_frame : 0 
[h264 @ 0x7feb5a02be00] nal_unit_type: 1, nal_ref_idc: 2
filter frame --- , frame queue size(36) > 0 and nb_frames(36) > 0, check key_frame : 0, pts : 18432 
filter frame --- , not key frame comes, add it to queue, nb_frames : 37, queue size : 37, pts : 18432 
request frame --- , current cached_gop_ok : 0, nb_gop_frames : 0 
request frame --- , nb_gop_frames == 0 
cur_dts is invalid (this is harmless if it occurs once at the start per stream)
    Last message repeated 2 times
filter frame --- , insert frame begin, frame queue size : 37, nb_frames : 37, pts : 18944, key_frame : 0 
[h264 @ 0x7feb5a042200] nal_unit_type: 1, nal_ref_idc: 0
filter frame --- , frame queue size(37) > 0 and nb_frames(37) > 0, check key_frame : 0, pts : 18944 
filter frame --- , not key frame comes, add it to queue, nb_frames : 38, queue size : 38, pts : 18944 
request frame --- , current cached_gop_ok : 0, nb_gop_frames : 0 
request frame --- , nb_gop_frames == 0 
cur_dts is invalid (this is harmless if it occurs once at the start per stream)
    Last message repeated 2 times
filter frame --- , insert frame begin, frame queue size : 38, nb_frames : 38, pts : 19456, key_frame : 0 
[h264 @ 0x7feb5a042800] nal_unit_type: 1, nal_ref_idc: 0
filter frame --- , frame queue size(38) > 0 and nb_frames(38) > 0, check key_frame : 0, pts : 19456 
filter frame --- , not key frame comes, add it to queue, nb_frames : 39, queue size : 39, pts : 19456 
request frame --- , current cached_gop_ok : 0, nb_gop_frames : 0 
request frame --- , nb_gop_frames == 0 
cur_dts is invalid (this is harmless if it occurs once at the start per stream)
    Last message repeated 2 times
[h264 @ 0x7feb5a009c00] nal_unit_type: 1, nal_ref_idc: 2
filter frame --- , insert frame begin, frame queue size : 39, nb_frames : 39, pts : 19968, key_frame : 0 
filter frame --- , frame queue size(39) > 0 and nb_frames(39) > 0, check key_frame : 0, pts : 19968 
filter frame --- , not key frame comes, add it to queue, nb_frames : 40, queue size : 40, pts : 19968 
request frame --- , current cached_gop_ok : 0, nb_gop_frames : 0 
request frame --- , nb_gop_frames == 0 
cur_dts is invalid (this is harmless if it occurs once at the start per stream)
    Last message repeated 1 times
filter frame --- , insert frame begin, frame queue size : 40, nb_frames : 40, pts : 20480, key_frame : 0 
filter frame --- , frame queue size(40) > 0 and nb_frames(40) > 0, check key_frame : 0, pts : 20480 
filter frame --- , not key frame comes, add it to queue, nb_frames : 41, queue size : 41, pts : 20480 
request frame --- , current cached_gop_ok : 0, nb_gop_frames : 0 
request frame --- , nb_gop_frames == 0 
cur_dts is invalid (this is harmless if it occurs once at the start per stream)
[h264 @ 0x7feb5a015a00] nal_unit_type: 1, nal_ref_idc: 2
cur_dts is invalid (this is harmless if it occurs once at the start per stream)
    Last message repeated 1 times
filter frame --- , insert frame begin, frame queue size : 41, nb_frames : 41, pts : 20992, key_frame : 0 
[h264 @ 0x7feb5a02be00] nal_unit_type: 1, nal_ref_idc: 0
filter frame --- , frame queue size(41) > 0 and nb_frames(41) > 0, check key_frame : 0, pts : 20992 
filter frame --- , not key frame comes, add it to queue, nb_frames : 42, queue size : 42, pts : 20992 
request frame --- , current cached_gop_ok : 0, nb_gop_frames : 0 
request frame --- , nb_gop_frames == 0 
cur_dts is invalid (this is harmless if it occurs once at the start per stream)
    Last message repeated 2 times
filter frame --- , insert frame begin, frame queue size : 42, nb_frames : 42, pts : 21504, key_frame : 0 
filter frame --- , frame queue size(42) > 0 and nb_frames(42) > 0, check key_frame : 0, pts : 21504 
filter frame --- , not key frame comes, add it to queue, nb_frames : 43, queue size : 43, pts : 21504 
request frame --- , current cached_gop_ok : 0, nb_gop_frames : 0 
request frame --- , nb_gop_frames == 0 
cur_dts is invalid (this is harmless if it occurs once at the start per stream)
[h264 @ 0x7feb5a042200] nal_unit_type: 1, nal_ref_idc: 0
cur_dts is invalid (this is harmless if it occurs once at the start per stream)
    Last message repeated 1 times
[h264 @ 0x7feb5a042800] nal_unit_type: 1, nal_ref_idc: 2
filter frame --- , insert frame begin, frame queue size : 43, nb_frames : 43, pts : 22016, key_frame : 0 
filter frame --- , frame queue size(43) > 0 and nb_frames(43) > 0, check key_frame : 0, pts : 22016 
filter frame --- , not key frame comes, add it to queue, nb_frames : 44, queue size : 44, pts : 22016 
request frame --- , current cached_gop_ok : 0, nb_gop_frames : 0 
request frame --- , nb_gop_frames == 0 
cur_dts is invalid (this is harmless if it occurs once at the start per stream)
    Last message repeated 2 times
filter frame --- , insert frame begin, frame queue size : 44, nb_frames : 44, pts : 22528, key_frame : 0 
[h264 @ 0x7feb5a009c00] nal_unit_type: 1, nal_ref_idc: 2
filter frame --- , frame queue size(44) > 0 and nb_frames(44) > 0, check key_frame : 0, pts : 22528 
filter frame --- , not key frame comes, add it to queue, nb_frames : 45, queue size : 45, pts : 22528 
request frame --- , current cached_gop_ok : 0, nb_gop_frames : 0 
request frame --- , nb_gop_frames == 0 
cur_dts is invalid (this is harmless if it occurs once at the start per stream)
    Last message repeated 1 times
filter frame --- , insert frame begin, frame queue size : 45, nb_frames : 45, pts : 23040, key_frame : 0 
[h264 @ 0x7feb5a015a00] nal_unit_type: 1, nal_ref_idc: 0
filter frame --- , frame queue size(45) > 0 and nb_frames(45) > 0, check key_frame : 0, pts : 23040 
filter frame --- , not key frame comes, add it to queue, nb_frames : 46, queue size : 46, pts : 23040 
request frame --- , current cached_gop_ok : 0, nb_gop_frames : 0 
request frame --- , nb_gop_frames == 0 
cur_dts is invalid (this is harmless if it occurs once at the start per stream)
    Last message repeated 2 times
filter frame --- , insert frame begin, frame queue size : 46, nb_frames : 46, pts : 23552, key_frame : 0 
filter frame --- , frame queue size(46) > 0 and nb_frames(46) > 0, check key_frame : 0, pts : 23552 
filter frame --- , not key frame comes, add it to queue, nb_frames : 47, queue size : 47, pts : 23552 
request frame --- , current cached_gop_ok : 0, nb_gop_frames : 0 
request frame --- , nb_gop_frames == 0 
cur_dts is invalid (this is harmless if it occurs once at the start per stream)
    Last message repeated 1 times
[h264 @ 0x7feb5a02be00] nal_unit_type: 1, nal_ref_idc: 0
cur_dts is invalid (this is harmless if it occurs once at the start per stream)
[h264 @ 0x7feb5a042200] nal_unit_type: 1, nal_ref_idc: 2
filter frame --- , insert frame begin, frame queue size : 47, nb_frames : 47, pts : 24064, key_frame : 0 
filter frame --- , frame queue size(47) > 0 and nb_frames(47) > 0, check key_frame : 0, pts : 24064 
filter frame --- , not key frame comes, add it to queue, nb_frames : 48, queue size : 48, pts : 24064 
request frame --- , current cached_gop_ok : 0, nb_gop_frames : 0 
request frame --- , nb_gop_frames == 0 
cur_dts is invalid (this is harmless if it occurs once at the start per stream)
    Last message repeated 2 times
filter frame --- , insert frame begin, frame queue size : 48, nb_frames : 48, pts : 24576, key_frame : 0 
[h264 @ 0x7feb5a042800] nal_unit_type: 1, nal_ref_idc: 2
filter frame --- , frame queue size(48) > 0 and nb_frames(48) > 0, check key_frame : 0, pts : 24576 
filter frame --- , not key frame comes, add it to queue, nb_frames : 49, queue size : 49, pts : 24576 
request frame --- , current cached_gop_ok : 0, nb_gop_frames : 0 
request frame --- , nb_gop_frames == 0 
cur_dts is invalid (this is harmless if it occurs once at the start per stream)
    Last message repeated 2 times
filter frame --- , insert frame begin, frame queue size : 49, nb_frames : 49, pts : 25088, key_frame : 0 
filter frame --- , frame queue size(49) > 0 and nb_frames(49) > 0, check key_frame : 0, pts : 25088 
filter frame --- , not key frame comes, add it to queue, nb_frames : 50, queue size : 50, pts : 25088 
request frame --- , current cached_gop_ok : 0, nb_gop_frames : 0 
request frame --- , nb_gop_frames == 0 
cur_dts is invalid (this is harmless if it occurs once at the start per stream)
    Last message repeated 1 times
[h264 @ 0x7feb5a009c00] nal_unit_type: 1, nal_ref_idc: 0
filter frame --- , insert frame begin, frame queue size : 50, nb_frames : 50, pts : 25600, key_frame : 0 
filter frame --- , frame queue size(50) > 0 and nb_frames(50) > 0, check key_frame : 0, pts : 25600 
filter frame --- , not key frame comes, add it to queue, nb_frames : 51, queue size : 51, pts : 25600 
request frame --- , current cached_gop_ok : 0, nb_gop_frames : 0 
request frame --- , nb_gop_frames == 0 
cur_dts is invalid (this is harmless if it occurs once at the start per stream)
[h264 @ 0x7feb5a015a00] nal_unit_type: 1, nal_ref_idc: 0
cur_dts is invalid (this is harmless if it occurs once at the start per stream)
    Last message repeated 1 times
[h264 @ 0x7feb5a02be00] nal_unit_type: 1, nal_ref_idc: 2
filter frame --- , insert frame begin, frame queue size : 51, nb_frames : 51, pts : 26112, key_frame : 0 
filter frame --- , frame queue size(51) > 0 and nb_frames(51) > 0, check key_frame : 0, pts : 26112 
filter frame --- , not key frame comes, add it to queue, nb_frames : 52, queue size : 52, pts : 26112 
request frame --- , current cached_gop_ok : 0, nb_gop_frames : 0 
request frame --- , nb_gop_frames == 0 
cur_dts is invalid (this is harmless if it occurs once at the start per stream)
    Last message repeated 2 times
filter frame --- , insert frame begin, frame queue size : 52, nb_frames : 52, pts : 26624, key_frame : 0 
[h264 @ 0x7feb5a042200] nal_unit_type: 1, nal_ref_idc: 2
filter frame --- , frame queue size(52) > 0 and nb_frames(52) > 0, check key_frame : 0, pts : 26624 
filter frame --- , not key frame comes, add it to queue, nb_frames : 53, queue size : 53, pts : 26624 
request frame --- , current cached_gop_ok : 0, nb_gop_frames : 0 
request frame --- , nb_gop_frames == 0 
cur_dts is invalid (this is harmless if it occurs once at the start per stream)
    Last message repeated 2 times
filter frame --- , insert frame begin, frame queue size : 53, nb_frames : 53, pts : 27136, key_frame : 0 
[h264 @ 0x7feb5a042800] nal_unit_type: 1, nal_ref_idc: 0
filter frame --- , frame queue size(53) > 0 and nb_frames(53) > 0, check key_frame : 0, pts : 27136 
filter frame --- , not key frame comes, add it to queue, nb_frames : 54, queue size : 54, pts : 27136 
request frame --- , current cached_gop_ok : 0, nb_gop_frames : 0 
request frame --- , nb_gop_frames == 0 
cur_dts is invalid (this is harmless if it occurs once at the start per stream)
    Last message repeated 2 times
filter frame --- , insert frame begin, frame queue size : 54, nb_frames : 54, pts : 27648, key_frame : 0 
filter frame --- , frame queue size(54) > 0 and nb_frames(54) > 0, check key_frame : 0, pts : 27648 
filter frame --- , not key frame comes, add it to queue, nb_frames : 55, queue size : 55, pts : 27648 
request frame --- , current cached_gop_ok : 0, nb_gop_frames : 0 
request frame --- , nb_gop_frames == 0 
cur_dts is invalid (this is harmless if it occurs once at the start per stream)
    Last message repeated 1 times
[h264 @ 0x7feb5a009c00] nal_unit_type: 1, nal_ref_idc: 0
filter frame --- , insert frame begin, frame queue size : 55, nb_frames : 55, pts : 28160, key_frame : 0 
filter frame --- , frame queue size(55) > 0 and nb_frames(55) > 0, check key_frame : 0, pts : 28160 
filter frame --- , not key frame comes, add it to queue, nb_frames : 56, queue size : 56, pts : 28160 
request frame --- , current cached_gop_ok : 0, nb_gop_frames : 0 
request frame --- , nb_gop_frames == 0 
cur_dts is invalid (this is harmless if it occurs once at the start per stream)
    Last message repeated 2 times
[h264 @ 0x7feb5a015a00] nal_unit_type: 1, nal_ref_idc: 2
filter frame --- , insert frame begin, frame queue size : 56, nb_frames : 56, pts : 28672, key_frame : 0 
[h264 @ 0x7feb5a02be00] nal_unit_type: 1, nal_ref_idc: 2
filter frame --- , frame queue size(56) > 0 and nb_frames(56) > 0, check key_frame : 0, pts : 28672 
filter frame --- , not key frame comes, add it to queue, nb_frames : 57, queue size : 57, pts : 28672 
request frame --- , current cached_gop_ok : 0, nb_gop_frames : 0 
request frame --- , nb_gop_frames == 0 
cur_dts is invalid (this is harmless if it occurs once at the start per stream)
    Last message repeated 2 times
filter frame --- , insert frame begin, frame queue size : 57, nb_frames : 57, pts : 29184, key_frame : 0 
[h264 @ 0x7feb5a042200] nal_unit_type: 1, nal_ref_idc: 0
filter frame --- , frame queue size(57) > 0 and nb_frames(57) > 0, check key_frame : 0, pts : 29184 
filter frame --- , not key frame comes, add it to queue, nb_frames : 58, queue size : 58, pts : 29184 
request frame --- , current cached_gop_ok : 0, nb_gop_frames : 0 
request frame --- , nb_gop_frames == 0 
cur_dts is invalid (this is harmless if it occurs once at the start per stream)
    Last message repeated 2 times
filter frame --- , insert frame begin, frame queue size : 58, nb_frames : 58, pts : 29696, key_frame : 0 
filter frame --- , frame queue size(58) > 0 and nb_frames(58) > 0, check key_frame : 0, pts : 29696 
filter frame --- , not key frame comes, add it to queue, nb_frames : 59, queue size : 59, pts : 29696 
request frame --- , current cached_gop_ok : 0, nb_gop_frames : 0 
request frame --- , nb_gop_frames == 0 
cur_dts is invalid (this is harmless if it occurs once at the start per stream)
    Last message repeated 1 times
[h264 @ 0x7feb5a042800] nal_unit_type: 1, nal_ref_idc: 0
cur_dts is invalid (this is harmless if it occurs once at the start per stream)
[h264 @ 0x7feb5a009c00] nal_unit_type: 1, nal_ref_idc: 2
filter frame --- , insert frame begin, frame queue size : 59, nb_frames : 59, pts : 30208, key_frame : 0 
filter frame --- , frame queue size(59) > 0 and nb_frames(59) > 0, check key_frame : 0, pts : 30208 
filter frame --- , not key frame comes, add it to queue, nb_frames : 60, queue size : 60, pts : 30208 
request frame --- , current cached_gop_ok : 0, nb_gop_frames : 0 
request frame --- , nb_gop_frames == 0 
cur_dts is invalid (this is harmless if it occurs once at the start per stream)
    Last message repeated 1 times
filter frame --- , insert frame begin, frame queue size : 60, nb_frames : 60, pts : 30720, key_frame : 0 
filter frame --- , frame queue size(60) > 0 and nb_frames(60) > 0, check key_frame : 0, pts : 30720 
filter frame --- , not key frame comes, add it to queue, nb_frames : 61, queue size : 61, pts : 30720 
request frame --- , current cached_gop_ok : 0, nb_gop_frames : 0 
request frame --- , nb_gop_frames == 0 
cur_dts is invalid (this is harmless if it occurs once at the start per stream)
[h264 @ 0x7feb5a015a00] nal_unit_type: 1, nal_ref_idc: 2
cur_dts is invalid (this is harmless if it occurs once at the start per stream)
    Last message repeated 1 times
filter frame --- , insert frame begin, frame queue size : 61, nb_frames : 61, pts : 31232, key_frame : 0 
filter frame --- , frame queue size(61) > 0 and nb_frames(61) > 0, check key_frame : 0, pts : 31232 
filter frame --- , not key frame comes, add it to queue, nb_frames : 62, queue size : 62, pts : 31232 
request frame --- , current cached_gop_ok : 0, nb_gop_frames : 0 
request frame --- , nb_gop_frames == 0 
cur_dts is invalid (this is harmless if it occurs once at the start per stream)
    Last message repeated 1 times
[h264 @ 0x7feb5a02be00] nal_unit_type: 1, nal_ref_idc: 0
cur_dts is invalid (this is harmless if it occurs once at the start per stream)
filter frame --- , insert frame begin, frame queue size : 62, nb_frames : 62, pts : 31744, key_frame : 0 
[h264 @ 0x7feb5a042200] nal_unit_type: 1, nal_ref_idc: 0
filter frame --- , frame queue size(62) > 0 and nb_frames(62) > 0, check key_frame : 0, pts : 31744 
filter frame --- , not key frame comes, add it to queue, nb_frames : 63, queue size : 63, pts : 31744 
request frame --- , current cached_gop_ok : 0, nb_gop_frames : 0 
request frame --- , nb_gop_frames == 0 
cur_dts is invalid (this is harmless if it occurs once at the start per stream)
    Last message repeated 2 times
filter frame --- , insert frame begin, frame queue size : 63, nb_frames : 63, pts : 32256, key_frame : 0 
[h264 @ 0x7feb5a042800] nal_unit_type: 1, nal_ref_idc: 2
filter frame --- , frame queue size(63) > 0 and nb_frames(63) > 0, check key_frame : 0, pts : 32256 
filter frame --- , not key frame comes, add it to queue, nb_frames : 64, queue size : 64, pts : 32256 
request frame --- , current cached_gop_ok : 0, nb_gop_frames : 0 
request frame --- , nb_gop_frames == 0 
cur_dts is invalid (this is harmless if it occurs once at the start per stream)
    Last message repeated 2 times
filter frame --- , insert frame begin, frame queue size : 64, nb_frames : 64, pts : 32768, key_frame : 0 
[h264 @ 0x7feb5a009c00] nal_unit_type: 1, nal_ref_idc: 2
filter frame --- , frame queue size(64) > 0 and nb_frames(64) > 0, check key_frame : 0, pts : 32768 
filter frame --- , not key frame comes, add it to queue, nb_frames : 65, queue size : 65, pts : 32768 
request frame --- , current cached_gop_ok : 0, nb_gop_frames : 0 
request frame --- , nb_gop_frames == 0 
cur_dts is invalid (this is harmless if it occurs once at the start per stream)
    Last message repeated 1 times
filter frame --- , insert frame begin, frame queue size : 65, nb_frames : 65, pts : 33280, key_frame : 0 
[h264 @ 0x7feb5a015a00] nal_unit_type: 1, nal_ref_idc: 0
filter frame --- , frame queue size(65) > 0 and nb_frames(65) > 0, check key_frame : 0, pts : 33280 
filter frame --- , not key frame comes, add it to queue, nb_frames : 66, queue size : 66, pts : 33280 
request frame --- , current cached_gop_ok : 0, nb_gop_frames : 0 
request frame --- , nb_gop_frames == 0 
cur_dts is invalid (this is harmless if it occurs once at the start per stream)
    Last message repeated 2 times
filter frame --- , insert frame begin, frame queue size : 66, nb_frames : 66, pts : 33792, key_frame : 0 
filter frame --- , frame queue size(66) > 0 and nb_frames(66) > 0, check key_frame : 0, pts : 33792 
filter frame --- , not key frame comes, add it to queue, nb_frames : 67, queue size : 67, pts : 33792 
request frame --- , current cached_gop_ok : 0, nb_gop_frames : 0 
request frame --- , nb_gop_frames == 0 
cur_dts is invalid (this is harmless if it occurs once at the start per stream)
[h264 @ 0x7feb5a02be00] nal_unit_type: 1, nal_ref_idc: 0
cur_dts is invalid (this is harmless if it occurs once at the start per stream)
    Last message repeated 1 times
[h264 @ 0x7feb5a042200] nal_unit_type: 1, nal_ref_idc: 2
filter frame --- , insert frame begin, frame queue size : 67, nb_frames : 67, pts : 34304, key_frame : 0 
filter frame --- , frame queue size(67) > 0 and nb_frames(67) > 0, check key_frame : 0, pts : 34304 
filter frame --- , not key frame comes, add it to queue, nb_frames : 68, queue size : 68, pts : 34304 
request frame --- , current cached_gop_ok : 0, nb_gop_frames : 0 
request frame --- , nb_gop_frames == 0 
cur_dts is invalid (this is harmless if it occurs once at the start per stream)
    Last message repeated 2 times
filter frame --- , insert frame begin, frame queue size : 68, nb_frames : 68, pts : 34816, key_frame : 0 
[h264 @ 0x7feb5a042800] nal_unit_type: 1, nal_ref_idc: 2
filter frame --- , frame queue size(68) > 0 and nb_frames(68) > 0, check key_frame : 0, pts : 34816 
filter frame --- , not key frame comes, add it to queue, nb_frames : 69, queue size : 69, pts : 34816 
request frame --- , current cached_gop_ok : 0, nb_gop_frames : 0 
request frame --- , nb_gop_frames == 0 
cur_dts is invalid (this is harmless if it occurs once at the start per stream)
    Last message repeated 1 times
filter frame --- , insert frame begin, frame queue size : 69, nb_frames : 69, pts : 35328, key_frame : 0 
filter frame --- , frame queue size(69) > 0 and nb_frames(69) > 0, check key_frame : 0, pts : 35328 
filter frame --- , not key frame comes, add it to queue, nb_frames : 70, queue size : 70, pts : 35328 
request frame --- , current cached_gop_ok : 0, nb_gop_frames : 0 
request frame --- , nb_gop_frames == 0 
cur_dts is invalid (this is harmless if it occurs once at the start per stream)
[h264 @ 0x7feb5a009c00] nal_unit_type: 1, nal_ref_idc: 0
cur_dts is invalid (this is harmless if it occurs once at the start per stream)
    Last message repeated 1 times
filter frame --- , insert frame begin, frame queue size : 70, nb_frames : 70, pts : 35840, key_frame : 0 
[h264 @ 0x7feb5a015a00] nal_unit_type: 1, nal_ref_idc: 0
filter frame --- , frame queue size(70) > 0 and nb_frames(70) > 0, check key_frame : 0, pts : 35840 
filter frame --- , not key frame comes, add it to queue, nb_frames : 71, queue size : 71, pts : 35840 
request frame --- , current cached_gop_ok : 0, nb_gop_frames : 0 
request frame --- , nb_gop_frames == 0 
cur_dts is invalid (this is harmless if it occurs once at the start per stream)
    Last message repeated 2 times
filter frame --- , insert frame begin, frame queue size : 71, nb_frames : 71, pts : 36352, key_frame : 0 
filter frame --- , frame queue size(71) > 0 and nb_frames(71) > 0, check key_frame : 0, pts : 36352 
filter frame --- , not key frame comes, add it to queue, nb_frames : 72, queue size : 72, pts : 36352 
[h264 @ 0x7feb5a02be00] nal_unit_type: 1, nal_ref_idc: 2
request frame --- , current cached_gop_ok : 0, nb_gop_frames : 0 
request frame --- , nb_gop_frames == 0 
cur_dts is invalid (this is harmless if it occurs once at the start per stream)
    Last message repeated 2 times
[h264 @ 0x7feb5a042200] nal_unit_type: 1, nal_ref_idc: 2
filter frame --- , insert frame begin, frame queue size : 72, nb_frames : 72, pts : 36864, key_frame : 0 
filter frame --- , frame queue size(72) > 0 and nb_frames(72) > 0, check key_frame : 0, pts : 36864 
filter frame --- , not key frame comes, add it to queue, nb_frames : 73, queue size : 73, pts : 36864 
request frame --- , current cached_gop_ok : 0, nb_gop_frames : 0 
request frame --- , nb_gop_frames == 0 
cur_dts is invalid (this is harmless if it occurs once at the start per stream)
    Last message repeated 2 times
filter frame --- , insert frame begin, frame queue size : 73, nb_frames : 73, pts : 37376, key_frame : 0 
filter frame --- , frame queue size(73) > 0 and nb_frames(73) > 0, check key_frame : 0, pts : 37376 
filter frame --- , not key frame comes, add it to queue, nb_frames : 74, queue size : 74, pts : 37376 
request frame --- , current cached_gop_ok : 0, nb_gop_frames : 0 
request frame --- , nb_gop_frames == 0 
cur_dts is invalid (this is harmless if it occurs once at the start per stream)
[h264 @ 0x7feb5a042800] nal_unit_type: 1, nal_ref_idc: 0
cur_dts is invalid (this is harmless if it occurs once at the start per stream)
filter frame --- , insert frame begin, frame queue size : 74, nb_frames : 74, pts : 37888, key_frame : 0 
filter frame --- , frame queue size(74) > 0 and nb_frames(74) > 0, check key_frame : 0, pts : 37888 
filter frame --- , not key frame comes, add it to queue, nb_frames : 75, queue size : 75, pts : 37888 
request frame --- , current cached_gop_ok : 0, nb_gop_frames : 0 
request frame --- , nb_gop_frames == 0 
cur_dts is invalid (this is harmless if it occurs once at the start per stream)
    Last message repeated 2 times
[h264 @ 0x7feb5a009c00] nal_unit_type: 1, nal_ref_idc: 0
[h264 @ 0x7feb5a015a00] nal_unit_type: 1, nal_ref_idc: 2
filter frame --- , insert frame begin, frame queue size : 75, nb_frames : 75, pts : 38400, key_frame : 0 
filter frame --- , frame queue size(75) > 0 and nb_frames(75) > 0, check key_frame : 0, pts : 38400 
filter frame --- , not key frame comes, add it to queue, nb_frames : 76, queue size : 76, pts : 38400 
request frame --- , current cached_gop_ok : 0, nb_gop_frames : 0 
request frame --- , nb_gop_frames == 0 
cur_dts is invalid (this is harmless if it occurs once at the start per stream)
    Last message repeated 2 times
filter frame --- , insert frame begin, frame queue size : 76, nb_frames : 76, pts : 38912, key_frame : 0 
[h264 @ 0x7feb5a02be00] nal_unit_type: 1, nal_ref_idc: 2
filter frame --- , frame queue size(76) > 0 and nb_frames(76) > 0, check key_frame : 0, pts : 38912 
filter frame --- , not key frame comes, add it to queue, nb_frames : 77, queue size : 77, pts : 38912 
request frame --- , current cached_gop_ok : 0, nb_gop_frames : 0 
request frame --- , nb_gop_frames == 0 
cur_dts is invalid (this is harmless if it occurs once at the start per stream)
    Last message repeated 2 times
filter frame --- , insert frame begin, frame queue size : 77, nb_frames : 77, pts : 39424, key_frame : 0 
[h264 @ 0x7feb5a042200] nal_unit_type: 1, nal_ref_idc: 0
filter frame --- , frame queue size(77) > 0 and nb_frames(77) > 0, check key_frame : 0, pts : 39424 
filter frame --- , not key frame comes, add it to queue, nb_frames : 78, queue size : 78, pts : 39424 
request frame --- , current cached_gop_ok : 0, nb_gop_frames : 0 
request frame --- , nb_gop_frames == 0 
cur_dts is invalid (this is harmless if it occurs once at the start per stream)
    Last message repeated 2 times
filter frame --- , insert frame begin, frame queue size : 78, nb_frames : 78, pts : 39936, key_frame : 0 
filter frame --- , frame queue size(78) > 0 and nb_frames(78) > 0, check key_frame : 0, pts : 39936 
filter frame --- , not key frame comes, add it to queue, nb_frames : 79, queue size : 79, pts : 39936 
request frame --- , current cached_gop_ok : 0, nb_gop_frames : 0 
request frame --- , nb_gop_frames == 0 
cur_dts is invalid (this is harmless if it occurs once at the start per stream)
[h264 @ 0x7feb5a042800] nal_unit_type: 1, nal_ref_idc: 0
cur_dts is invalid (this is harmless if it occurs once at the start per stream)
filter frame --- , insert frame begin, frame queue size : 79, nb_frames : 79, pts : 40448, key_frame : 0 
filter frame --- , frame queue size(79) > 0 and nb_frames(79) > 0, check key_frame : 0, pts : 40448 
filter frame --- , not key frame comes, add it to queue, nb_frames : 80, queue size : 80, pts : 40448 
request frame --- , current cached_gop_ok : 0, nb_gop_frames : 0 
request frame --- , nb_gop_frames == 0 
[h264 @ 0x7feb5a009c00] nal_unit_type: 1, nal_ref_idc: 2
cur_dts is invalid (this is harmless if it occurs once at the start per stream)
    Last message repeated 2 times
[h264 @ 0x7feb5a015a00] nal_unit_type: 1, nal_ref_idc: 2
filter frame --- , insert frame begin, frame queue size : 80, nb_frames : 80, pts : 40960, key_frame : 0 
filter frame --- , frame queue size(80) > 0 and nb_frames(80) > 0, check key_frame : 0, pts : 40960 
filter frame --- , not key frame comes, add it to queue, nb_frames : 81, queue size : 81, pts : 40960 
request frame --- , current cached_gop_ok : 0, nb_gop_frames : 0 
request frame --- , nb_gop_frames == 0 
cur_dts is invalid (this is harmless if it occurs once at the start per stream)
    Last message repeated 2 times
filter frame --- , insert frame begin, frame queue size : 81, nb_frames : 81, pts : 41472, key_frame : 0 
[h264 @ 0x7feb5a02be00] nal_unit_type: 1, nal_ref_idc: 0
filter frame --- , frame queue size(81) > 0 and nb_frames(81) > 0, check key_frame : 0, pts : 41472 
filter frame --- , not key frame comes, add it to queue, nb_frames : 82, queue size : 82, pts : 41472 
request frame --- , current cached_gop_ok : 0, nb_gop_frames : 0 
request frame --- , nb_gop_frames == 0 
cur_dts is invalid (this is harmless if it occurs once at the start per stream)
    Last message repeated 2 times
filter frame --- , insert frame begin, frame queue size : 82, nb_frames : 82, pts : 41984, key_frame : 0 
filter frame --- , frame queue size(82) > 0 and nb_frames(82) > 0, check key_frame : 0, pts : 41984 
filter frame --- , not key frame comes, add it to queue, nb_frames : 83, queue size : 83, pts : 41984 
request frame --- , current cached_gop_ok : 0, nb_gop_frames : 0 
request frame --- , nb_gop_frames == 0 
[h264 @ 0x7feb5a042200] nal_unit_type: 1, nal_ref_idc: 0
cur_dts is invalid (this is harmless if it occurs once at the start per stream)
    Last message repeated 2 times
filter frame --- , insert frame begin, frame queue size : 83, nb_frames : 83, pts : 42496, key_frame : 0 
filter frame --- , frame queue size(83) > 0 and nb_frames(83) > 0, check key_frame : 0, pts : 42496 
filter frame --- , not key frame comes, add it to queue, nb_frames : 84, queue size : 84, pts : 42496 
[h264 @ 0x7feb5a042800] nal_unit_type: 1, nal_ref_idc: 2
request frame --- , current cached_gop_ok : 0, nb_gop_frames : 0 
request frame --- , nb_gop_frames == 0 
cur_dts is invalid (this is harmless if it occurs once at the start per stream)
    Last message repeated 1 times
filter frame --- , insert frame begin, frame queue size : 84, nb_frames : 84, pts : 43008, key_frame : 0 
filter frame --- , frame queue size(84) > 0 and nb_frames(84) > 0, check key_frame : 0, pts : 43008 
filter frame --- , not key frame comes, add it to queue, nb_frames : 85, queue size : 85, pts : 43008 
request frame --- , current cached_gop_ok : 0, nb_gop_frames : 0 
request frame --- , nb_gop_frames == 0 
cur_dts is invalid (this is harmless if it occurs once at the start per stream)
    Last message repeated 1 times
[h264 @ 0x7feb5a009c00] nal_unit_type: 5, nal_ref_idc: 3
cur_dts is invalid (this is harmless if it occurs once at the start per stream)
filter frame --- , insert frame begin, frame queue size : 85, nb_frames : 85, pts : 43520, key_frame : 0 
filter frame --- , frame queue size(85) > 0 and nb_frames(85) > 0, check key_frame : 0, pts : 43520 
filter frame --- , not key frame comes, add it to queue, nb_frames : 86, queue size : 86, pts : 43520 
request frame --- , current cached_gop_ok : 0, nb_gop_frames : 0 
request frame --- , nb_gop_frames == 0 
cur_dts is invalid (this is harmless if it occurs once at the start per stream)
    Last message repeated 1 times
[h264 @ 0x7feb5a015a00] nal_unit_type: 1, nal_ref_idc: 2
cur_dts is invalid (this is harmless if it occurs once at the start per stream)
filter frame --- , insert frame begin, frame queue size : 86, nb_frames : 86, pts : 44032, key_frame : 0 
filter frame --- , frame queue size(86) > 0 and nb_frames(86) > 0, check key_frame : 0, pts : 44032 
filter frame --- , not key frame comes, add it to queue, nb_frames : 87, queue size : 87, pts : 44032 
request frame --- , current cached_gop_ok : 0, nb_gop_frames : 0 
request frame --- , nb_gop_frames == 0 
cur_dts is invalid (this is harmless if it occurs once at the start per stream)
[h264 @ 0x7feb5a02be00] nal_unit_type: 1, nal_ref_idc: 2
cur_dts is invalid (this is harmless if it occurs once at the start per stream)
    Last message repeated 1 times
filter frame --- , insert frame begin, frame queue size : 87, nb_frames : 87, pts : 44544, key_frame : 0 
[h264 @ 0x7feb5a042200] nal_unit_type: 1, nal_ref_idc: 0
filter frame --- , frame queue size(87) > 0 and nb_frames(87) > 0, check key_frame : 0, pts : 44544 
filter frame --- , not key frame comes, add it to queue, nb_frames : 88, queue size : 88, pts : 44544 
request frame --- , current cached_gop_ok : 0, nb_gop_frames : 0 
request frame --- , nb_gop_frames == 0 
cur_dts is invalid (this is harmless if it occurs once at the start per stream)
    Last message repeated 2 times
[h264 @ 0x7feb5a042800] nal_unit_type: 1, nal_ref_idc: 0
filter frame --- , insert frame begin, frame queue size : 88, nb_frames : 88, pts : 45056, key_frame : 0 
filter frame --- , frame queue size(88) > 0 and nb_frames(88) > 0, check key_frame : 0, pts : 45056 
filter frame --- , not key frame comes, add it to queue, nb_frames : 89, queue size : 89, pts : 45056 
request frame --- , current cached_gop_ok : 0, nb_gop_frames : 0 
request frame --- , nb_gop_frames == 0 
cur_dts is invalid (this is harmless if it occurs once at the start per stream)
    Last message repeated 1 times
filter frame --- , insert frame begin, frame queue size : 89, nb_frames : 89, pts : 45568, key_frame : 0 
filter frame --- , frame queue size(89) > 0 and nb_frames(89) > 0, check key_frame : 0, pts : 45568 
filter frame --- , not key frame comes, add it to queue, nb_frames : 90, queue size : 90, pts : 45568 
request frame --- , current cached_gop_ok : 0, nb_gop_frames : 0 
request frame --- , nb_gop_frames == 0 
cur_dts is invalid (this is harmless if it occurs once at the start per stream)
[h264 @ 0x7feb5a009c00] nal_unit_type: 1, nal_ref_idc: 2
cur_dts is invalid (this is harmless if it occurs once at the start per stream)
    Last message repeated 1 times
filter frame --- , insert frame begin, frame queue size : 90, nb_frames : 90, pts : 46080, key_frame : 1 
[h264 @ 0x7feb5a015a00] nal_unit_type: 1, nal_ref_idc: 2
filter frame --- , frame queue size(90) > 0 and nb_frames(90) > 0, check key_frame : 1, pts : 46080 
filter frame --- , key frame(next gop) comes, check nb_gop_frames : 0 
filter frame --- , key frame(next gop) comes, take frame from queue to gop_frames, nb_frames : 89, nb_gop_frames : 1, queue size : 89, pts : 0 
filter frame --- , not key frame(next gop) comes, take frame from queue to gop_frames, nb_frames : 88, nb_gop_frames : 2, queue size : 88, pts : 512 
filter frame --- , not key frame(next gop) comes, take frame from queue to gop_frames, nb_frames : 87, nb_gop_frames : 3, queue size : 87, pts : 1024 
filter frame --- , not key frame(next gop) comes, take frame from queue to gop_frames, nb_frames : 86, nb_gop_frames : 4, queue size : 86, pts : 1536 
filter frame --- , not key frame(next gop) comes, take frame from queue to gop_frames, nb_frames : 85, nb_gop_frames : 5, queue size : 85, pts : 2048 
filter frame --- , not key frame(next gop) comes, take frame from queue to gop_frames, nb_frames : 84, nb_gop_frames : 6, queue size : 84, pts : 2560 
filter frame --- , not key frame(next gop) comes, take frame from queue to gop_frames, nb_frames : 83, nb_gop_frames : 7, queue size : 83, pts : 3072 
filter frame --- , not key frame(next gop) comes, take frame from queue to gop_frames, nb_frames : 82, nb_gop_frames : 8, queue size : 82, pts : 3584 
filter frame --- , not key frame(next gop) comes, take frame from queue to gop_frames, nb_frames : 81, nb_gop_frames : 9, queue size : 81, pts : 4096 
filter frame --- , not key frame(next gop) comes, take frame from queue to gop_frames, nb_frames : 80, nb_gop_frames : 10, queue size : 80, pts : 4608 
filter frame --- , not key frame(next gop) comes, take frame from queue to gop_frames, nb_frames : 79, nb_gop_frames : 11, queue size : 79, pts : 5120 
filter frame --- , not key frame(next gop) comes, take frame from queue to gop_frames, nb_frames : 78, nb_gop_frames : 12, queue size : 78, pts : 5632 
filter frame --- , not key frame(next gop) comes, take frame from queue to gop_frames, nb_frames : 77, nb_gop_frames : 13, queue size : 77, pts : 6144 
filter frame --- , not key frame(next gop) comes, take frame from queue to gop_frames, nb_frames : 76, nb_gop_frames : 14, queue size : 76, pts : 6656 
filter frame --- , not key frame(next gop) comes, take frame from queue to gop_frames, nb_frames : 75, nb_gop_frames : 15, queue size : 75, pts : 7168 
filter frame --- , not key frame(next gop) comes, take frame from queue to gop_frames, nb_frames : 74, nb_gop_frames : 16, queue size : 74, pts : 7680 
filter frame --- , not key frame(next gop) comes, take frame from queue to gop_frames, nb_frames : 73, nb_gop_frames : 17, queue size : 73, pts : 8192 
filter frame --- , not key frame(next gop) comes, take frame from queue to gop_frames, nb_frames : 72, nb_gop_frames : 18, queue size : 72, pts : 8704 
filter frame --- , not key frame(next gop) comes, take frame from queue to gop_frames, nb_frames : 71, nb_gop_frames : 19, queue size : 71, pts : 9216 
filter frame --- , not key frame(next gop) comes, take frame from queue to gop_frames, nb_frames : 70, nb_gop_frames : 20, queue size : 70, pts : 9728 
filter frame --- , not key frame(next gop) comes, take frame from queue to gop_frames, nb_frames : 69, nb_gop_frames : 21, queue size : 69, pts : 10240 
filter frame --- , not key frame(next gop) comes, take frame from queue to gop_frames, nb_frames : 68, nb_gop_frames : 22, queue size : 68, pts : 10752 
filter frame --- , not key frame(next gop) comes, take frame from queue to gop_frames, nb_frames : 67, nb_gop_frames : 23, queue size : 67, pts : 11264 
filter frame --- , not key frame(next gop) comes, take frame from queue to gop_frames, nb_frames : 66, nb_gop_frames : 24, queue size : 66, pts : 11776 
filter frame --- , not key frame(next gop) comes, take frame from queue to gop_frames, nb_frames : 65, nb_gop_frames : 25, queue size : 65, pts : 12288 
filter frame --- , not key frame(next gop) comes, take frame from queue to gop_frames, nb_frames : 64, nb_gop_frames : 26, queue size : 64, pts : 12800 
filter frame --- , not key frame(next gop) comes, take frame from queue to gop_frames, nb_frames : 63, nb_gop_frames : 27, queue size : 63, pts : 13312 
filter frame --- , not key frame(next gop) comes, take frame from queue to gop_frames, nb_frames : 62, nb_gop_frames : 28, queue size : 62, pts : 13824 
filter frame --- , not key frame(next gop) comes, take frame from queue to gop_frames, nb_frames : 61, nb_gop_frames : 29, queue size : 61, pts : 14336 
filter frame --- , not key frame(next gop) comes, take frame from queue to gop_frames, nb_frames : 60, nb_gop_frames : 30, queue size : 60, pts : 14848 
filter frame --- , not key frame(next gop) comes, take frame from queue to gop_frames, nb_frames : 59, nb_gop_frames : 31, queue size : 59, pts : 15360 
filter frame --- , not key frame(next gop) comes, take frame from queue to gop_frames, nb_frames : 58, nb_gop_frames : 32, queue size : 58, pts : 15872 
filter frame --- , not key frame(next gop) comes, take frame from queue to gop_frames, nb_frames : 57, nb_gop_frames : 33, queue size : 57, pts : 16384 
filter frame --- , not key frame(next gop) comes, take frame from queue to gop_frames, nb_frames : 56, nb_gop_frames : 34, queue size : 56, pts : 16896 
filter frame --- , not key frame(next gop) comes, take frame from queue to gop_frames, nb_frames : 55, nb_gop_frames : 35, queue size : 55, pts : 17408 
filter frame --- , not key frame(next gop) comes, take frame from queue to gop_frames, nb_frames : 54, nb_gop_frames : 36, queue size : 54, pts : 17920 
filter frame --- , not key frame(next gop) comes, take frame from queue to gop_frames, nb_frames : 53, nb_gop_frames : 37, queue size : 53, pts : 18432 
filter frame --- , not key frame(next gop) comes, take frame from queue to gop_frames, nb_frames : 52, nb_gop_frames : 38, queue size : 52, pts : 18944 
filter frame --- , not key frame(next gop) comes, take frame from queue to gop_frames, nb_frames : 51, nb_gop_frames : 39, queue size : 51, pts : 19456 
filter frame --- , not key frame(next gop) comes, take frame from queue to gop_frames, nb_frames : 50, nb_gop_frames : 40, queue size : 50, pts : 19968 
filter frame --- , not key frame(next gop) comes, take frame from queue to gop_frames, nb_frames : 49, nb_gop_frames : 41, queue size : 49, pts : 20480 
filter frame --- , not key frame(next gop) comes, take frame from queue to gop_frames, nb_frames : 48, nb_gop_frames : 42, queue size : 48, pts : 20992 
filter frame --- , not key frame(next gop) comes, take frame from queue to gop_frames, nb_frames : 47, nb_gop_frames : 43, queue size : 47, pts : 21504 
filter frame --- , not key frame(next gop) comes, take frame from queue to gop_frames, nb_frames : 46, nb_gop_frames : 44, queue size : 46, pts : 22016 
filter frame --- , not key frame(next gop) comes, take frame from queue to gop_frames, nb_frames : 45, nb_gop_frames : 45, queue size : 45, pts : 22528 
filter frame --- , not key frame(next gop) comes, take frame from queue to gop_frames, nb_frames : 44, nb_gop_frames : 46, queue size : 44, pts : 23040 
filter frame --- , not key frame(next gop) comes, take frame from queue to gop_frames, nb_frames : 43, nb_gop_frames : 47, queue size : 43, pts : 23552 
filter frame --- , not key frame(next gop) comes, take frame from queue to gop_frames, nb_frames : 42, nb_gop_frames : 48, queue size : 42, pts : 24064 
filter frame --- , not key frame(next gop) comes, take frame from queue to gop_frames, nb_frames : 41, nb_gop_frames : 49, queue size : 41, pts : 24576 
filter frame --- , not key frame(next gop) comes, take frame from queue to gop_frames, nb_frames : 40, nb_gop_frames : 50, queue size : 40, pts : 25088 
filter frame --- , not key frame(next gop) comes, take frame from queue to gop_frames, nb_frames : 39, nb_gop_frames : 51, queue size : 39, pts : 25600 
filter frame --- , not key frame(next gop) comes, take frame from queue to gop_frames, nb_frames : 38, nb_gop_frames : 52, queue size : 38, pts : 26112 
filter frame --- , not key frame(next gop) comes, take frame from queue to gop_frames, nb_frames : 37, nb_gop_frames : 53, queue size : 37, pts : 26624 
filter frame --- , not key frame(next gop) comes, take frame from queue to gop_frames, nb_frames : 36, nb_gop_frames : 54, queue size : 36, pts : 27136 
filter frame --- , not key frame(next gop) comes, take frame from queue to gop_frames, nb_frames : 35, nb_gop_frames : 55, queue size : 35, pts : 27648 
filter frame --- , not key frame(next gop) comes, take frame from queue to gop_frames, nb_frames : 34, nb_gop_frames : 56, queue size : 34, pts : 28160 
filter frame --- , not key frame(next gop) comes, take frame from queue to gop_frames, nb_frames : 33, nb_gop_frames : 57, queue size : 33, pts : 28672 
filter frame --- , not key frame(next gop) comes, take frame from queue to gop_frames, nb_frames : 32, nb_gop_frames : 58, queue size : 32, pts : 29184 
filter frame --- , not key frame(next gop) comes, take frame from queue to gop_frames, nb_frames : 31, nb_gop_frames : 59, queue size : 31, pts : 29696 
filter frame --- , not key frame(next gop) comes, take frame from queue to gop_frames, nb_frames : 30, nb_gop_frames : 60, queue size : 30, pts : 30208 
filter frame --- , not key frame(next gop) comes, take frame from queue to gop_frames, nb_frames : 29, nb_gop_frames : 61, queue size : 29, pts : 30720 
filter frame --- , not key frame(next gop) comes, take frame from queue to gop_frames, nb_frames : 28, nb_gop_frames : 62, queue size : 28, pts : 31232 
filter frame --- , not key frame(next gop) comes, take frame from queue to gop_frames, nb_frames : 27, nb_gop_frames : 63, queue size : 27, pts : 31744 
filter frame --- , not key frame(next gop) comes, take frame from queue to gop_frames, nb_frames : 26, nb_gop_frames : 64, queue size : 26, pts : 32256 
filter frame --- , not key frame(next gop) comes, take frame from queue to gop_frames, nb_frames : 25, nb_gop_frames : 65, queue size : 25, pts : 32768 
filter frame --- , not key frame(next gop) comes, take frame from queue to gop_frames, nb_frames : 24, nb_gop_frames : 66, queue size : 24, pts : 33280 
filter frame --- , not key frame(next gop) comes, take frame from queue to gop_frames, nb_frames : 23, nb_gop_frames : 67, queue size : 23, pts : 33792 
filter frame --- , not key frame(next gop) comes, take frame from queue to gop_frames, nb_frames : 22, nb_gop_frames : 68, queue size : 22, pts : 34304 
filter frame --- , not key frame(next gop) comes, take frame from queue to gop_frames, nb_frames : 21, nb_gop_frames : 69, queue size : 21, pts : 34816 
filter frame --- , not key frame(next gop) comes, take frame from queue to gop_frames, nb_frames : 20, nb_gop_frames : 70, queue size : 20, pts : 35328 
filter frame --- , not key frame(next gop) comes, take frame from queue to gop_frames, nb_frames : 19, nb_gop_frames : 71, queue size : 19, pts : 35840 
filter frame --- , not key frame(next gop) comes, take frame from queue to gop_frames, nb_frames : 18, nb_gop_frames : 72, queue size : 18, pts : 36352 
filter frame --- , not key frame(next gop) comes, take frame from queue to gop_frames, nb_frames : 17, nb_gop_frames : 73, queue size : 17, pts : 36864 
filter frame --- , not key frame(next gop) comes, take frame from queue to gop_frames, nb_frames : 16, nb_gop_frames : 74, queue size : 16, pts : 37376 
filter frame --- , not key frame(next gop) comes, take frame from queue to gop_frames, nb_frames : 15, nb_gop_frames : 75, queue size : 15, pts : 37888 
filter frame --- , not key frame(next gop) comes, take frame from queue to gop_frames, nb_frames : 14, nb_gop_frames : 76, queue size : 14, pts : 38400 
filter frame --- , not key frame(next gop) comes, take frame from queue to gop_frames, nb_frames : 13, nb_gop_frames : 77, queue size : 13, pts : 38912 
filter frame --- , not key frame(next gop) comes, take frame from queue to gop_frames, nb_frames : 12, nb_gop_frames : 78, queue size : 12, pts : 39424 
filter frame --- , not key frame(next gop) comes, take frame from queue to gop_frames, nb_frames : 11, nb_gop_frames : 79, queue size : 11, pts : 39936 
filter frame --- , not key frame(next gop) comes, take frame from queue to gop_frames, nb_frames : 10, nb_gop_frames : 80, queue size : 10, pts : 40448 
filter frame --- , not key frame(next gop) comes, take frame from queue to gop_frames, nb_frames : 9, nb_gop_frames : 81, queue size : 9, pts : 40960 
filter frame --- , not key frame(next gop) comes, take frame from queue to gop_frames, nb_frames : 8, nb_gop_frames : 82, queue size : 8, pts : 41472 
filter frame --- , not key frame(next gop) comes, take frame from queue to gop_frames, nb_frames : 7, nb_gop_frames : 83, queue size : 7, pts : 41984 
filter frame --- , not key frame(next gop) comes, take frame from queue to gop_frames, nb_frames : 6, nb_gop_frames : 84, queue size : 6, pts : 42496 
filter frame --- , not key frame(next gop) comes, take frame from queue to gop_frames, nb_frames : 5, nb_gop_frames : 85, queue size : 5, pts : 43008 
filter frame --- , not key frame(next gop) comes, take frame from queue to gop_frames, nb_frames : 4, nb_gop_frames : 86, queue size : 4, pts : 43520 
filter frame --- , not key frame(next gop) comes, take frame from queue to gop_frames, nb_frames : 3, nb_gop_frames : 87, queue size : 3, pts : 44032 
filter frame --- , not key frame(next gop) comes, take frame from queue to gop_frames, nb_frames : 2, nb_gop_frames : 88, queue size : 2, pts : 44544 
filter frame --- , not key frame(next gop) comes, take frame from queue to gop_frames, nb_frames : 1, nb_gop_frames : 89, queue size : 1, pts : 45056 
filter frame --- , not key frame(next gop) comes, take frame from queue to gop_frames, nb_frames : 0, nb_gop_frames : 90, queue size : 0, pts : 45568 
filter frame --- , cached_gop_ok == 1 
filter frame --- , print max pts : 45568request frame --- , current cached_gop_ok : 1, nb_gop_frames : 90 
*** 89 dup!
[h264_videotoolbox @ 0x7feb5b004400] request frame --- , current cached_gop_ok : 1, nb_gop_frames : 89 
[h264_videotoolbox @ 0x7feb5b004400] request frame --- , current cached_gop_ok : 1, nb_gop_frames : 88 
request frame --- , current cached_gop_ok : 1, nb_gop_frames : 87 
*** dropping frame 91 from stream 0 at ts 87
request frame --- , current cached_gop_ok : 1, nb_gop_frames : 86 
*** dropping frame 91 from stream 0 at ts 86
request frame --- , current cached_gop_ok : 1, nb_gop_frames : 85 
*** dropping frame 91 from stream 0 at ts 85
request frame --- , current cached_gop_ok : 1, nb_gop_frames : 84 
*** dropping frame 91 from stream 0 at ts 84
request frame --- , current cached_gop_ok : 1, nb_gop_frames : 83 
*** dropping frame 91 from stream 0 at ts 83
request frame --- , current cached_gop_ok : 1, nb_gop_frames : 82 
*** dropping frame 91 from stream 0 at ts 82
request frame --- , current cached_gop_ok : 1, nb_gop_frames : 81 
*** dropping frame 91 from stream 0 at ts 81
request frame --- , current cached_gop_ok : 1, nb_gop_frames : 80 
*** dropping frame 91 from stream 0 at ts 80
request frame --- , current cached_gop_ok : 1, nb_gop_frames : 79 
*** dropping frame 91 from stream 0 at ts 79
request frame --- , current cached_gop_ok : 1, nb_gop_frames : 78 
*** dropping frame 91 from stream 0 at ts 78
request frame --- , current cached_gop_ok : 1, nb_gop_frames : 77 
*** dropping frame 91 from stream 0 at ts 77
request frame --- , current cached_gop_ok : 1, nb_gop_frames : 76 
*** dropping frame 91 from stream 0 at ts 76
request frame --- , current cached_gop_ok : 1, nb_gop_frames : 75 
*** dropping frame 91 from stream 0 at ts 75
request frame --- , current cached_gop_ok : 1, nb_gop_frames : 74 
*** dropping frame 91 from stream 0 at ts 74
request frame --- , current cached_gop_ok : 1, nb_gop_frames : 73 
*** dropping frame 91 from stream 0 at ts 73
request frame --- , current cached_gop_ok : 1, nb_gop_frames : 72 
*** dropping frame 91 from stream 0 at ts 72
request frame --- , current cached_gop_ok : 1, nb_gop_frames : 71 
*** dropping frame 91 from stream 0 at ts 71
request frame --- , current cached_gop_ok : 1, nb_gop_frames : 70 
*** dropping frame 91 from stream 0 at ts 70
request frame --- , current cached_gop_ok : 1, nb_gop_frames : 69 
*** dropping frame 91 from stream 0 at ts 69
request frame --- , current cached_gop_ok : 1, nb_gop_frames : 68 
*** dropping frame 91 from stream 0 at ts 68
request frame --- , current cached_gop_ok : 1, nb_gop_frames : 67 
*** dropping frame 91 from stream 0 at ts 67
request frame --- , current cached_gop_ok : 1, nb_gop_frames : 66 
*** dropping frame 91 from stream 0 at ts 66
request frame --- , current cached_gop_ok : 1, nb_gop_frames : 65 
*** dropping frame 91 from stream 0 at ts 65
request frame --- , current cached_gop_ok : 1, nb_gop_frames : 64 
*** dropping frame 91 from stream 0 at ts 64
request frame --- , current cached_gop_ok : 1, nb_gop_frames : 63 
*** dropping frame 91 from stream 0 at ts 63
request frame --- , current cached_gop_ok : 1, nb_gop_frames : 62 
*** dropping frame 91 from stream 0 at ts 62
request frame --- , current cached_gop_ok : 1, nb_gop_frames : 61 
*** dropping frame 91 from stream 0 at ts 61
request frame --- , current cached_gop_ok : 1, nb_gop_frames : 60 
*** dropping frame 91 from stream 0 at ts 60
request frame --- , current cached_gop_ok : 1, nb_gop_frames : 59 
*** dropping frame 91 from stream 0 at ts 59
request frame --- , current cached_gop_ok : 1, nb_gop_frames : 58 
*** dropping frame 91 from stream 0 at ts 58
request frame --- , current cached_gop_ok : 1, nb_gop_frames : 57 
*** dropping frame 91 from stream 0 at ts 57
request frame --- , current cached_gop_ok : 1, nb_gop_frames : 56 
*** dropping frame 91 from stream 0 at ts 56
request frame --- , current cached_gop_ok : 1, nb_gop_frames : 55 
*** dropping frame 91 from stream 0 at ts 55
request frame --- , current cached_gop_ok : 1, nb_gop_frames : 54 
*** dropping frame 91 from stream 0 at ts 54
request frame --- , current cached_gop_ok : 1, nb_gop_frames : 53 
*** dropping frame 91 from stream 0 at ts 53
request frame --- , current cached_gop_ok : 1, nb_gop_frames : 52 
*** dropping frame 91 from stream 0 at ts 52
request frame --- , current cached_gop_ok : 1, nb_gop_frames : 51 
*** dropping frame 91 from stream 0 at ts 51
request frame --- , current cached_gop_ok : 1, nb_gop_frames : 50 
*** dropping frame 91 from stream 0 at ts 50
request frame --- , current cached_gop_ok : 1, nb_gop_frames : 49 
*** dropping frame 91 from stream 0 at ts 49
request frame --- , current cached_gop_ok : 1, nb_gop_frames : 48 
*** dropping frame 91 from stream 0 at ts 48
request frame --- , current cached_gop_ok : 1, nb_gop_frames : 47 
*** dropping frame 91 from stream 0 at ts 47
request frame --- , current cached_gop_ok : 1, nb_gop_frames : 46 
*** dropping frame 91 from stream 0 at ts 46
request frame --- , current cached_gop_ok : 1, nb_gop_frames : 45 
*** dropping frame 91 from stream 0 at ts 45
request frame --- , current cached_gop_ok : 1, nb_gop_frames : 44 
*** dropping frame 91 from stream 0 at ts 44
request frame --- , current cached_gop_ok : 1, nb_gop_frames : 43 
*** dropping frame 91 from stream 0 at ts 43
request frame --- , current cached_gop_ok : 1, nb_gop_frames : 42 
*** dropping frame 91 from stream 0 at ts 42
request frame --- , current cached_gop_ok : 1, nb_gop_frames : 41 
*** dropping frame 91 from stream 0 at ts 41
request frame --- , current cached_gop_ok : 1, nb_gop_frames : 40 
*** dropping frame 91 from stream 0 at ts 40
request frame --- , current cached_gop_ok : 1, nb_gop_frames : 39 
*** dropping frame 91 from stream 0 at ts 39
request frame --- , current cached_gop_ok : 1, nb_gop_frames : 38 
*** dropping frame 91 from stream 0 at ts 38
request frame --- , current cached_gop_ok : 1, nb_gop_frames : 37 
*** dropping frame 91 from stream 0 at ts 37
request frame --- , current cached_gop_ok : 1, nb_gop_frames : 36 
*** dropping frame 91 from stream 0 at ts 36
request frame --- , current cached_gop_ok : 1, nb_gop_frames : 35 
*** dropping frame 91 from stream 0 at ts 35
request frame --- , current cached_gop_ok : 1, nb_gop_frames : 34 
*** dropping frame 91 from stream 0 at ts 34
request frame --- , current cached_gop_ok : 1, nb_gop_frames : 33 
*** dropping frame 91 from stream 0 at ts 33
request frame --- , current cached_gop_ok : 1, nb_gop_frames : 32 
*** dropping frame 91 from stream 0 at ts 32
request frame --- , current cached_gop_ok : 1, nb_gop_frames : 31 
*** dropping frame 91 from stream 0 at ts 31
request frame --- , current cached_gop_ok : 1, nb_gop_frames : 30 
*** dropping frame 91 from stream 0 at ts 30
request frame --- , current cached_gop_ok : 1, nb_gop_frames : 29 
*** dropping frame 91 from stream 0 at ts 29
request frame --- , current cached_gop_ok : 1, nb_gop_frames : 28 
*** dropping frame 91 from stream 0 at ts 28
request frame --- , current cached_gop_ok : 1, nb_gop_frames : 27 
*** dropping frame 91 from stream 0 at ts 27
request frame --- , current cached_gop_ok : 1, nb_gop_frames : 26 
*** dropping frame 91 from stream 0 at ts 26
request frame --- , current cached_gop_ok : 1, nb_gop_frames : 25 
*** dropping frame 91 from stream 0 at ts 25
request frame --- , current cached_gop_ok : 1, nb_gop_frames : 24 
*** dropping frame 91 from stream 0 at ts 24
request frame --- , current cached_gop_ok : 1, nb_gop_frames : 23 
*** dropping frame 91 from stream 0 at ts 23
request frame --- , current cached_gop_ok : 1, nb_gop_frames : 22 
*** dropping frame 91 from stream 0 at ts 22
request frame --- , current cached_gop_ok : 1, nb_gop_frames : 21 
*** dropping frame 91 from stream 0 at ts 21
request frame --- , current cached_gop_ok : 1, nb_gop_frames : 20 
*** dropping frame 91 from stream 0 at ts 20
request frame --- , current cached_gop_ok : 1, nb_gop_frames : 19 
*** dropping frame 91 from stream 0 at ts 19
request frame --- , current cached_gop_ok : 1, nb_gop_frames : 18 
*** dropping frame 91 from stream 0 at ts 18
request frame --- , current cached_gop_ok : 1, nb_gop_frames : 17 
*** dropping frame 91 from stream 0 at ts 17
request frame --- , current cached_gop_ok : 1, nb_gop_frames : 16 
*** dropping frame 91 from stream 0 at ts 16
request frame --- , current cached_gop_ok : 1, nb_gop_frames : 15 
*** dropping frame 91 from stream 0 at ts 15
request frame --- , current cached_gop_ok : 1, nb_gop_frames : 14 
*** dropping frame 91 from stream 0 at ts 14
request frame --- , current cached_gop_ok : 1, nb_gop_frames : 13 
*** dropping frame 91 from stream 0 at ts 13
request frame --- , current cached_gop_ok : 1, nb_gop_frames : 12 
*** dropping frame 91 from stream 0 at ts 12
request frame --- , current cached_gop_ok : 1, nb_gop_frames : 11 
*** dropping frame 91 from stream 0 at ts 11
request frame --- , current cached_gop_ok : 1, nb_gop_frames : 10 
*** dropping frame 91 from stream 0 at ts 10
request frame --- , current cached_gop_ok : 1, nb_gop_frames : 9 
*** dropping frame 91 from stream 0 at ts 9
request frame --- , current cached_gop_ok : 1, nb_gop_frames : 8 
*** dropping frame 91 from stream 0 at ts 8
request frame --- , current cached_gop_ok : 1, nb_gop_frames : 7 
*** dropping frame 91 from stream 0 at ts 7
request frame --- , current cached_gop_ok : 1, nb_gop_frames : 6 
*** dropping frame 91 from stream 0 at ts 6
request frame --- , current cached_gop_ok : 1, nb_gop_frames : 5 
*** dropping frame 91 from stream 0 at ts 5
request frame --- , current cached_gop_ok : 1, nb_gop_frames : 4 
*** dropping frame 91 from stream 0 at ts 4
request frame --- , current cached_gop_ok : 1, nb_gop_frames : 3 
*** dropping frame 91 from stream 0 at ts 3
request frame --- , current cached_gop_ok : 1, nb_gop_frames : 2 
*** dropping frame 91 from stream 0 at ts 2
request frame --- , current cached_gop_ok : 1, nb_gop_frames : 1 
request frame --- , nb_gop_frames == 0 
*** dropping frame 91 from stream 0 at ts 1
request frame --- , current cached_gop_ok : 0, nb_gop_frames : 0 
request frame --- , nb_gop_frames == 0 
filter frame --- , insert frame begin, frame queue size : 1, nb_frames : 1, pts : 46592, key_frame : 0 
filter frame --- , frame queue size(1) > 0 and nb_frames(1) > 0, check key_frame : 0, pts : 46592 
filter frame --- , not key frame comes, add it to queue, nb_frames : 2, queue size : 2, pts : 46592 
[h264 @ 0x7feb5a02be00] nal_unit_type: 1, nal_ref_idc: 0
request frame --- , current cached_gop_ok : 0, nb_gop_frames : 0 
request frame --- , nb_gop_frames == 0 
filter frame --- , insert frame begin, frame queue size : 2, nb_frames : 2, pts : 47104, key_frame : 0 
[h264 @ 0x7feb5a042200] nal_unit_type: 1, nal_ref_idc: 0
filter frame --- , frame queue size(2) > 0 and nb_frames(2) > 0, check key_frame : 0, pts : 47104 
filter frame --- , not key frame comes, add it to queue, nb_frames : 3, queue size : 3, pts : 47104 
request frame --- , current cached_gop_ok : 0, nb_gop_frames : 0 
request frame --- , nb_gop_frames == 0 
filter frame --- , insert frame begin, frame queue size : 3, nb_frames : 3, pts : 47616, key_frame : 0 
[h264 @ 0x7feb5a042800] nal_unit_type: 1, nal_ref_idc: 2
filter frame --- , frame queue size(3) > 0 and nb_frames(3) > 0, check key_frame : 0, pts : 47616 
filter frame --- , not key frame comes, add it to queue, nb_frames : 4, queue size : 4, pts : 47616 
request frame --- , current cached_gop_ok : 0, nb_gop_frames : 0 
request frame --- , nb_gop_frames == 0 
filter frame --- , insert frame begin, frame queue size : 4, nb_frames : 4, pts : 48128, key_frame : 0 
filter frame --- , frame queue size(4) > 0 and nb_frames(4) > 0, check key_frame : 0, pts : 48128 
filter frame --- , not key frame comes, add it to queue, nb_frames : 5, queue size : 5, pts : 48128 
request frame --- , current cached_gop_ok : 0, nb_gop_frames : 0 
request frame --- , nb_gop_frames == 0 
[h264 @ 0x7feb5a009c00] nal_unit_type: 1, nal_ref_idc: 2
filter frame --- , insert frame begin, frame queue size : 5, nb_frames : 5, pts : 48640, key_frame : 0 
filter frame --- , frame queue size(5) > 0 and nb_frames(5) > 0, check key_frame : 0, pts : 48640 
filter frame --- , not key frame comes, add it to queue, nb_frames : 6, queue size : 6, pts : 48640 
request frame --- , current cached_gop_ok : 0, nb_gop_frames : 0 
request frame --- , nb_gop_frames == 0 
[h264 @ 0x7feb5a015a00] nal_unit_type: 1, nal_ref_idc: 0
filter frame --- , insert frame begin, frame queue size : 6, nb_frames : 6, pts : 49152, key_frame : 0 
[h264 @ 0x7feb5a02be00] nal_unit_type: 1, nal_ref_idc: 0
filter frame --- , frame queue size(6) > 0 and nb_frames(6) > 0, check key_frame : 0, pts : 49152 
filter frame --- , not key frame comes, add it to queue, nb_frames : 7, queue size : 7, pts : 49152 
request frame --- , current cached_gop_ok : 0, nb_gop_frames : 0 
request frame --- , nb_gop_frames == 0 
filter frame --- , insert frame begin, frame queue size : 7, nb_frames : 7, pts : 49664, key_frame : 0 
[h264 @ 0x7feb5a042200] nal_unit_type: 1, nal_ref_idc: 2
filter frame --- , frame queue size(7) > 0 and nb_frames(7) > 0, check key_frame : 0, pts : 49664 
filter frame --- , not key frame comes, add it to queue, nb_frames : 8, queue size : 8, pts : 49664 
request frame --- , current cached_gop_ok : 0, nb_gop_frames : 0 
request frame --- , nb_gop_frames == 0 
filter frame --- , insert frame begin, frame queue size : 8, nb_frames : 8, pts : 50176, key_frame : 0 
[h264 @ 0x7feb5a042800] nal_unit_type: 1, nal_ref_idc: 2
filter frame --- , frame queue size(8) > 0 and nb_frames(8) > 0, check key_frame : 0, pts : 50176 
filter frame --- , not key frame comes, add it to queue, nb_frames : 9, queue size : 9, pts : 50176 
request frame --- , current cached_gop_ok : 0, nb_gop_frames : 0 
request frame --- , nb_gop_frames == 0 
filter frame --- , insert frame begin, frame queue size : 9, nb_frames : 9, pts : 50688, key_frame : 0 
[h264 @ 0x7feb5a009c00] nal_unit_type: 1, nal_ref_idc: 0
filter frame --- , frame queue size(9) > 0 and nb_frames(9) > 0, check key_frame : 0, pts : 50688 
filter frame --- , not key frame comes, add it to queue, nb_frames : 10, queue size : 10, pts : 50688 
request frame --- , current cached_gop_ok : 0, nb_gop_frames : 0 
request frame --- , nb_gop_frames == 0 
filter frame --- , insert frame begin, frame queue size : 10, nb_frames : 10, pts : 51200, key_frame : 0 
[h264 @ 0x7feb5a015a00] nal_unit_type: 1, nal_ref_idc: 0
filter frame --- , frame queue size(10) > 0 and nb_frames(10) > 0, check key_frame : 0, pts : 51200 
filter frame --- , not key frame comes, add it to queue, nb_frames : 11, queue size : 11, pts : 51200 
request frame --- , current cached_gop_ok : 0, nb_gop_frames : 0 
request frame --- , nb_gop_frames == 0 
filter frame --- , insert frame begin, frame queue size : 11, nb_frames : 11, pts : 51712, key_frame : 0 
filter frame --- , frame queue size(11) > 0 and nb_frames(11) > 0, check key_frame : 0, pts : 51712 
filter frame --- , not key frame comes, add it to queue, nb_frames : 12, queue size : 12, pts : 51712 
request frame --- , current cached_gop_ok : 0, nb_gop_frames : 0 
request frame --- , nb_gop_frames == 0 
[h264 @ 0x7feb5a02be00] nal_unit_type: 1, nal_ref_idc: 2
filter frame --- , insert frame begin, frame queue size : 12, nb_frames : 12, pts : 52224, key_frame : 0 
[h264 @ 0x7feb5a042200] nal_unit_type: 1, nal_ref_idc: 2
filter frame --- , frame queue size(12) > 0 and nb_frames(12) > 0, check key_frame : 0, pts : 52224 
filter frame --- , not key frame comes, add it to queue, nb_frames : 13, queue size : 13, pts : 52224 
request frame --- , current cached_gop_ok : 0, nb_gop_frames : 0 
request frame --- , nb_gop_frames == 0 
filter frame --- , insert frame begin, frame queue size : 13, nb_frames : 13, pts : 52736, key_frame : 0 
filter frame --- , frame queue size(13) > 0 and nb_frames(13) > 0, check key_frame : 0, pts : 52736 
filter frame --- , not key frame comes, add it to queue, nb_frames : 14, queue size : 14, pts : 52736 
request frame --- , current cached_gop_ok : 0, nb_gop_frames : 0 
request frame --- , nb_gop_frames == 0 
[h264 @ 0x7feb5a042800] nal_unit_type: 1, nal_ref_idc: 0
filter frame --- , insert frame begin, frame queue size : 14, nb_frames : 14, pts : 53248, key_frame : 0 
filter frame --- , frame queue size(14) > 0 and nb_frames(14) > 0, check key_frame : 0, pts : 53248 
filter frame --- , not key frame comes, add it to queue, nb_frames : 15, queue size : 15, pts : 53248 
request frame --- , current cached_gop_ok : 0, nb_gop_frames : 0 
request frame --- , nb_gop_frames == 0 
[h264 @ 0x7feb5a009c00] nal_unit_type: 1, nal_ref_idc: 0
filter frame --- , insert frame begin, frame queue size : 15, nb_frames : 15, pts : 53760, key_frame : 0 
filter frame --- , frame queue size(15) > 0 and nb_frames(15) > 0, check key_frame : 0, pts : 53760 
filter frame --- , not key frame comes, add it to queue, nb_frames : 16, queue size : 16, pts : 53760 
request frame --- , current cached_gop_ok : 0, nb_gop_frames : 0 
request frame --- , nb_gop_frames == 0 
[h264 @ 0x7feb5a015a00] nal_unit_type: 1, nal_ref_idc: 2
filter frame --- , insert frame begin, frame queue size : 16, nb_frames : 16, pts : 54272, key_frame : 0 
filter frame --- , frame queue size(16) > 0 and nb_frames(16) > 0, check key_frame : 0, pts : 54272 
filter frame --- , not key frame comes, add it to queue, nb_frames : 17, queue size : 17, pts : 54272 
request frame --- , current cached_gop_ok : 0, nb_gop_frames : 0 
request frame --- , nb_gop_frames == 0 
[h264 @ 0x7feb5a02be00] nal_unit_type: 1, nal_ref_idc: 2
[h264 @ 0x7feb5a042200] nal_unit_type: 1, nal_ref_idc: 0
filter frame --- , insert frame begin, frame queue size : 17, nb_frames : 17, pts : 54784, key_frame : 0 
filter frame --- , frame queue size(17) > 0 and nb_frames(17) > 0, check key_frame : 0, pts : 54784 
filter frame --- , not key frame comes, add it to queue, nb_frames : 18, queue size : 18, pts : 54784 
request frame --- , current cached_gop_ok : 0, nb_gop_frames : 0 
request frame --- , nb_gop_frames == 0 
filter frame --- , insert frame begin, frame queue size : 18, nb_frames : 18, pts : 55296, key_frame : 0 
filter frame --- , frame queue size(18) > 0 and nb_frames(18) > 0, check key_frame : 0, pts : 55296 
filter frame --- , not key frame comes, add it to queue, nb_frames : 19, queue size : 19, pts : 55296 
request frame --- , current cached_gop_ok : 0, nb_gop_frames : 0 
request frame --- , nb_gop_frames == 0 
[h264 @ 0x7feb5a042800] nal_unit_type: 1, nal_ref_idc: 0
filter frame --- , insert frame begin, frame queue size : 19, nb_frames : 19, pts : 55808, key_frame : 0 
[h264 @ 0x7feb5a009c00] nal_unit_type: 1, nal_ref_idc: 2
filter frame --- , frame queue size(19) > 0 and nb_frames(19) > 0, check key_frame : 0, pts : 55808 
filter frame --- , not key frame comes, add it to queue, nb_frames : 20, queue size : 20, pts : 55808 
request frame --- , current cached_gop_ok : 0, nb_gop_frames : 0 
request frame --- , nb_gop_frames == 0 
filter frame --- , insert frame begin, frame queue size : 20, nb_frames : 20, pts : 56320, key_frame : 0 
[h264 @ 0x7feb5a015a00] nal_unit_type: 1, nal_ref_idc: 2
filter frame --- , frame queue size(20) > 0 and nb_frames(20) > 0, check key_frame : 0, pts : 56320 
filter frame --- , not key frame comes, add it to queue, nb_frames : 21, queue size : 21, pts : 56320 
request frame --- , current cached_gop_ok : 0, nb_gop_frames : 0 
request frame --- , nb_gop_frames == 0 
filter frame --- , insert frame begin, frame queue size : 21, nb_frames : 21, pts : 56832, key_frame : 0 
[h264 @ 0x7feb5a02be00] nal_unit_type: 1, nal_ref_idc: 0
filter frame --- , frame queue size(21) > 0 and nb_frames(21) > 0, check key_frame : 0, pts : 56832 
filter frame --- , not key frame comes, add it to queue, nb_frames : 22, queue size : 22, pts : 56832 
request frame --- , current cached_gop_ok : 0, nb_gop_frames : 0 
request frame --- , nb_gop_frames == 0 
filter frame --- , insert frame begin, frame queue size : 22, nb_frames : 22, pts : 57344, key_frame : 0 
filter frame --- , frame queue size(22) > 0 and nb_frames(22) > 0, check key_frame : 0, pts : 57344 
filter frame --- , not key frame comes, add it to queue, nb_frames : 23, queue size : 23, pts : 57344 
request frame --- , current cached_gop_ok : 0, nb_gop_frames : 0 
[h264 @ 0x7feb5a042200] nal_unit_type: 1, nal_ref_idc: 0
request frame --- , nb_gop_frames == 0 
filter frame --- , insert frame begin, frame queue size : 23, nb_frames : 23, pts : 57856, key_frame : 0 
[h264 @ 0x7feb5a042800] nal_unit_type: 1, nal_ref_idc: 2
filter frame --- , frame queue size(23) > 0 and nb_frames(23) > 0, check key_frame : 0, pts : 57856 
filter frame --- , not key frame comes, add it to queue, nb_frames : 24, queue size : 24, pts : 57856 
request frame --- , current cached_gop_ok : 0, nb_gop_frames : 0 
request frame --- , nb_gop_frames == 0 
filter frame --- , insert frame begin, frame queue size : 24, nb_frames : 24, pts : 58368, key_frame : 0 
[h264 @ 0x7feb5a009c00] nal_unit_type: 1, nal_ref_idc: 2
filter frame --- , frame queue size(24) > 0 and nb_frames(24) > 0, check key_frame : 0, pts : 58368 
filter frame --- , not key frame comes, add it to queue, nb_frames : 25, queue size : 25, pts : 58368 
request frame --- , current cached_gop_ok : 0, nb_gop_frames : 0 
request frame --- , nb_gop_frames == 0 
filter frame --- , insert frame begin, frame queue size : 25, nb_frames : 25, pts : 58880, key_frame : 0 
[h264 @ 0x7feb5a015a00] nal_unit_type: 1, nal_ref_idc: 0
filter frame --- , frame queue size(25) > 0 and nb_frames(25) > 0, check key_frame : 0, pts : 58880 
filter frame --- , not key frame comes, add it to queue, nb_frames : 26, queue size : 26, pts : 58880 
request frame --- , current cached_gop_ok : 0, nb_gop_frames : 0 
request frame --- , nb_gop_frames == 0 
filter frame --- , insert frame begin, frame queue size : 26, nb_frames : 26, pts : 59392, key_frame : 0 
filter frame --- , frame queue size(26) > 0 and nb_frames(26) > 0, check key_frame : 0, pts : 59392 
filter frame --- , not key frame comes, add it to queue, nb_frames : 27, queue size : 27, pts : 59392 
[h264 @ 0x7feb5a02be00] nal_unit_type: 1, nal_ref_idc: 0
request frame --- , current cached_gop_ok : 0, nb_gop_frames : 0 
request frame --- , nb_gop_frames == 0 
filter frame --- , insert frame begin, frame queue size : 27, nb_frames : 27, pts : 59904, key_frame : 0 
[h264 @ 0x7feb5a042200] nal_unit_type: 1, nal_ref_idc: 2
filter frame --- , frame queue size(27) > 0 and nb_frames(27) > 0, check key_frame : 0, pts : 59904 
filter frame --- , not key frame comes, add it to queue, nb_frames : 28, queue size : 28, pts : 59904 
request frame --- , current cached_gop_ok : 0, nb_gop_frames : 0 
request frame --- , nb_gop_frames == 0 
filter frame --- , insert frame begin, frame queue size : 28, nb_frames : 28, pts : 60416, key_frame : 0 
filter frame --- , frame queue size(28) > 0 and nb_frames(28) > 0, check key_frame : 0, pts : 60416 
[h264 @ 0x7feb5a042800] nal_unit_type: 1, nal_ref_idc: 2
filter frame --- , not key frame comes, add it to queue, nb_frames : 29, queue size : 29, pts : 60416 
request frame --- , current cached_gop_ok : 0, nb_gop_frames : 0 
request frame --- , nb_gop_frames == 0 
filter frame --- , insert frame begin, frame queue size : 29, nb_frames : 29, pts : 60928, key_frame : 0 
[h264 @ 0x7feb5a009c00] nal_unit_type: 1, nal_ref_idc: 0
filter frame --- , frame queue size(29) > 0 and nb_frames(29) > 0, check key_frame : 0, pts : 60928 
filter frame --- , not key frame comes, add it to queue, nb_frames : 30, queue size : 30, pts : 60928 
request frame --- , current cached_gop_ok : 0, nb_gop_frames : 0 
request frame --- , nb_gop_frames == 0 
filter frame --- , insert frame begin, frame queue size : 30, nb_frames : 30, pts : 61440, key_frame : 0 
[h264 @ 0x7feb5a015a00] nal_unit_type: 1, nal_ref_idc: 0
filter frame --- , frame queue size(30) > 0 and nb_frames(30) > 0, check key_frame : 0, pts : 61440 
filter frame --- , not key frame comes, add it to queue, nb_frames : 31, queue size : 31, pts : 61440 
request frame --- , current cached_gop_ok : 0, nb_gop_frames : 0 
request frame --- , nb_gop_frames == 0 
filter frame --- , insert frame begin, frame queue size : 31, nb_frames : 31, pts : 61952, key_frame : 0 
filter frame --- , frame queue size(31) > 0 and nb_frames(31) > 0, check key_frame : 0, pts : 61952 
filter frame --- , not key frame comes, add it to queue, nb_frames : 32, queue size : 32, pts : 61952 
request frame --- , current cached_gop_ok : 0, nb_gop_frames : 0 
[h264 @ 0x7feb5a02be00] nal_unit_type: 1, nal_ref_idc: 2
request frame --- , nb_gop_frames == 0 
filter frame --- , insert frame begin, frame queue size : 32, nb_frames : 32, pts : 62464, key_frame : 0 
[h264 @ 0x7feb5a042200] nal_unit_type: 1, nal_ref_idc: 2
filter frame --- , frame queue size(32) > 0 and nb_frames(32) > 0, check key_frame : 0, pts : 62464 
filter frame --- , not key frame comes, add it to queue, nb_frames : 33, queue size : 33, pts : 62464 
request frame --- , current cached_gop_ok : 0, nb_gop_frames : 0 
request frame --- , nb_gop_frames == 0 
filter frame --- , insert frame begin, frame queue size : 33, nb_frames : 33, pts : 62976, key_frame : 0 
[h264 @ 0x7feb5a042800] nal_unit_type: 1, nal_ref_idc: 0
filter frame --- , frame queue size(33) > 0 and nb_frames(33) > 0, check key_frame : 0, pts : 62976 
filter frame --- , not key frame comes, add it to queue, nb_frames : 34, queue size : 34, pts : 62976 
request frame --- , current cached_gop_ok : 0, nb_gop_frames : 0 
request frame --- , nb_gop_frames == 0 
filter frame --- , insert frame begin, frame queue size : 34, nb_frames : 34, pts : 63488, key_frame : 0 
filter frame --- , frame queue size(34) > 0 and nb_frames(34) > 0, check key_frame : 0, pts : 63488 
filter frame --- , not key frame comes, add it to queue, nb_frames : 35, queue size : 35, pts : 63488 
[h264 @ 0x7feb5a009c00] nal_unit_type: 1, nal_ref_idc: 0
request frame --- , current cached_gop_ok : 0, nb_gop_frames : 0 
request frame --- , nb_gop_frames == 0 
filter frame --- , insert frame begin, frame queue size : 35, nb_frames : 35, pts : 64000, key_frame : 0 
[h264 @ 0x7feb5a015a00] nal_unit_type: 1, nal_ref_idc: 2
filter frame --- , frame queue size(35) > 0 and nb_frames(35) > 0, check key_frame : 0, pts : 64000 
filter frame --- , not key frame comes, add it to queue, nb_frames : 36, queue size : 36, pts : 64000 
request frame --- , current cached_gop_ok : 0, nb_gop_frames : 0 
request frame --- , nb_gop_frames == 0 
filter frame --- , insert frame begin, frame queue size : 36, nb_frames : 36, pts : 64512, key_frame : 0 
[h264 @ 0x7feb5a02be00] nal_unit_type: 1, nal_ref_idc: 2
filter frame --- , frame queue size(36) > 0 and nb_frames(36) > 0, check key_frame : 0, pts : 64512 
filter frame --- , not key frame comes, add it to queue, nb_frames : 37, queue size : 37, pts : 64512 
request frame --- , current cached_gop_ok : 0, nb_gop_frames : 0 
request frame --- , nb_gop_frames == 0 
filter frame --- , insert frame begin, frame queue size : 37, nb_frames : 37, pts : 65024, key_frame : 0 
[h264 @ 0x7feb5a042200] nal_unit_type: 1, nal_ref_idc: 0
filter frame --- , frame queue size(37) > 0 and nb_frames(37) > 0, check key_frame : 0, pts : 65024 
filter frame --- , not key frame comes, add it to queue, nb_frames : 38, queue size : 38, pts : 65024 
request frame --- , current cached_gop_ok : 0, nb_gop_frames : 0 
request frame --- , nb_gop_frames == 0 
filter frame --- , insert frame begin, frame queue size : 38, nb_frames : 38, pts : 65536, key_frame : 0 
[h264 @ 0x7feb5a042800] nal_unit_type: 1, nal_ref_idc: 0
filter frame --- , frame queue size(38) > 0 and nb_frames(38) > 0, check key_frame : 0, pts : 65536 
filter frame --- , not key frame comes, add it to queue, nb_frames : 39, queue size : 39, pts : 65536 
request frame --- , current cached_gop_ok : 0, nb_gop_frames : 0 
request frame --- , nb_gop_frames == 0 
filter frame --- , insert frame begin, frame queue size : 39, nb_frames : 39, pts : 66048, key_frame : 0 
filter frame --- , frame queue size(39) > 0 and nb_frames(39) > 0, check key_frame : 0, pts : 66048 
filter frame --- , not key frame comes, add it to queue, nb_frames : 40, queue size : 40, pts : 66048 
request frame --- , current cached_gop_ok : 0, nb_gop_frames : 0 
[h264 @ 0x7feb5a009c00] nal_unit_type: 1, nal_ref_idc: 2
request frame --- , nb_gop_frames == 0 
filter frame --- , insert frame begin, frame queue size : 40, nb_frames : 40, pts : 66560, key_frame : 0 
filter frame --- , frame queue size(40) > 0 and nb_frames(40) > 0, check key_frame : 0, pts : 66560 
filter frame --- , not key frame comes, add it to queue, nb_frames : 41, queue size : 41, pts : 66560 
request frame --- , current cached_gop_ok : 0, nb_gop_frames : 0 
request frame --- , nb_gop_frames == 0 
[h264 @ 0x7feb5a015a00] nal_unit_type: 1, nal_ref_idc: 2
filter frame --- , insert frame begin, frame queue size : 41, nb_frames : 41, pts : 67072, key_frame : 0 
[h264 @ 0x7feb5a02be00] nal_unit_type: 1, nal_ref_idc: 0
filter frame --- , frame queue size(41) > 0 and nb_frames(41) > 0, check key_frame : 0, pts : 67072 
filter frame --- , not key frame comes, add it to queue, nb_frames : 42, queue size : 42, pts : 67072 
request frame --- , current cached_gop_ok : 0, nb_gop_frames : 0 
request frame --- , nb_gop_frames == 0 
filter frame --- , insert frame begin, frame queue size : 42, nb_frames : 42, pts : 67584, key_frame : 0 
[h264 @ 0x7feb5a042200] nal_unit_type: 1, nal_ref_idc: 0
filter frame --- , frame queue size(42) > 0 and nb_frames(42) > 0, check key_frame : 0, pts : 67584 
filter frame --- , not key frame comes, add it to queue, nb_frames : 43, queue size : 43, pts : 67584 
request frame --- , current cached_gop_ok : 0, nb_gop_frames : 0 
request frame --- , nb_gop_frames == 0 
[h264 @ 0x7feb5a042800] nal_unit_type: 1, nal_ref_idc: 2
filter frame --- , insert frame begin, frame queue size : 43, nb_frames : 43, pts : 68096, key_frame : 0 
filter frame --- , frame queue size(43) > 0 and nb_frames(43) > 0, check key_frame : 0, pts : 68096 
filter frame --- , not key frame comes, add it to queue, nb_frames : 44, queue size : 44, pts : 68096 
request frame --- , current cached_gop_ok : 0, nb_gop_frames : 0 
request frame --- , nb_gop_frames == 0 
filter frame --- , insert frame begin, frame queue size : 44, nb_frames : 44, pts : 68608, key_frame : 0 
filter frame --- , frame queue size(44) > 0 and nb_frames(44) > 0, check key_frame : 0, pts : 68608 
filter frame --- , not key frame comes, add it to queue, nb_frames : 45, queue size : 45, pts : 68608 
request frame --- , current cached_gop_ok : 0, nb_gop_frames : 0 
request frame --- , nb_gop_frames == 0 
[h264 @ 0x7feb5a009c00] nal_unit_type: 1, nal_ref_idc: 2
filter frame --- , insert frame begin, frame queue size : 45, nb_frames : 45, pts : 69120, key_frame : 0 
[h264 @ 0x7feb5a015a00] nal_unit_type: 1, nal_ref_idc: 0
filter frame --- , frame queue size(45) > 0 and nb_frames(45) > 0, check key_frame : 0, pts : 69120 
filter frame --- , not key frame comes, add it to queue, nb_frames : 46, queue size : 46, pts : 69120 
request frame --- , current cached_gop_ok : 0, nb_gop_frames : 0 
request frame --- , nb_gop_frames == 0 
filter frame --- , insert frame begin, frame queue size : 46, nb_frames : 46, pts : 69632, key_frame : 0 
filter frame --- , frame queue size(46) > 0 and nb_frames(46) > 0, check key_frame : 0, pts : 69632 
filter frame --- , not key frame comes, add it to queue, nb_frames : 47, queue size : 47, pts : 69632 
request frame --- , current cached_gop_ok : 0, nb_gop_frames : 0 
request frame --- , nb_gop_frames == 0 
[h264 @ 0x7feb5a02be00] nal_unit_type: 1, nal_ref_idc: 0
filter frame --- , insert frame begin, frame queue size : 47, nb_frames : 47, pts : 70144, key_frame : 0 
filter frame --- , frame queue size(47) > 0 and nb_frames(47) > 0, check key_frame : 0, pts : 70144 
filter frame --- , not key frame comes, add it to queue, nb_frames : 48, queue size : 48, pts : 70144 
request frame --- , current cached_gop_ok : 0, nb_gop_frames : 0 
request frame --- , nb_gop_frames == 0 
[h264 @ 0x7feb5a042200] nal_unit_type: 1, nal_ref_idc: 2
filter frame --- , insert frame begin, frame queue size : 48, nb_frames : 48, pts : 70656, key_frame : 0 
filter frame --- , frame queue size(48) > 0 and nb_frames(48) > 0, check key_frame : 0, pts : 70656 
filter frame --- , not key frame comes, add it to queue, nb_frames : 49, queue size : 49, pts : 70656 
request frame --- , current cached_gop_ok : 0, nb_gop_frames : 0 
request frame --- , nb_gop_frames == 0 
[h264 @ 0x7feb5a042800] nal_unit_type: 1, nal_ref_idc: 2
filter frame --- , insert frame begin, frame queue size : 49, nb_frames : 49, pts : 71168, key_frame : 0 
[h264 @ 0x7feb5a009c00] nal_unit_type: 1, nal_ref_idc: 0
filter frame --- , frame queue size(49) > 0 and nb_frames(49) > 0, check key_frame : 0, pts : 71168 
filter frame --- , not key frame comes, add it to queue, nb_frames : 50, queue size : 50, pts : 71168 
request frame --- , current cached_gop_ok : 0, nb_gop_frames : 0 
request frame --- , nb_gop_frames == 0 
filter frame --- , insert frame begin, frame queue size : 50, nb_frames : 50, pts : 71680, key_frame : 0 
filter frame --- , frame queue size(50) > 0 and nb_frames(50) > 0, check key_frame : 0, pts : 71680 
filter frame --- , not key frame comes, add it to queue, nb_frames : 51, queue size : 51, pts : 71680 
request frame --- , current cached_gop_ok : 0, nb_gop_frames : 0 
request frame --- , nb_gop_frames == 0 
[h264 @ 0x7feb5a015a00] nal_unit_type: 1, nal_ref_idc: 0
[h264 @ 0x7feb5a02be00] nal_unit_type: 1, nal_ref_idc: 2
filter frame --- , insert frame begin, frame queue size : 51, nb_frames : 51, pts : 72192, key_frame : 0 
filter frame --- , frame queue size(51) > 0 and nb_frames(51) > 0, check key_frame : 0, pts : 72192 
filter frame --- , not key frame comes, add it to queue, nb_frames : 52, queue size : 52, pts : 72192 
request frame --- , current cached_gop_ok : 0, nb_gop_frames : 0 
request frame --- , nb_gop_frames == 0 
filter frame --- , insert frame begin, frame queue size : 52, nb_frames : 52, pts : 72704, key_frame : 0 
filter frame --- , frame queue size(52) > 0 and nb_frames(52) > 0, check key_frame : 0, pts : 72704 
filter frame --- , not key frame comes, add it to queue, nb_frames : 53, queue size : 53, pts : 72704 
request frame --- , current cached_gop_ok : 0, nb_gop_frames : 0 
request frame --- , nb_gop_frames == 0 
[h264 @ 0x7feb5a042200] nal_unit_type: 1, nal_ref_idc: 2
filter frame --- , insert frame begin, frame queue size : 53, nb_frames : 53, pts : 73216, key_frame : 0 
filter frame --- , frame queue size(53) > 0 and nb_frames(53) > 0, check key_frame : 0, pts : 73216 
[h264 @ 0x7feb5a042800] nal_unit_type: 1, nal_ref_idc: 0
filter frame --- , not key frame comes, add it to queue, nb_frames : 54, queue size : 54, pts : 73216 
request frame --- , current cached_gop_ok : 0, nb_gop_frames : 0 
request frame --- , nb_gop_frames == 0 
filter frame --- , insert frame begin, frame queue size : 54, nb_frames : 54, pts : 73728, key_frame : 0 
filter frame --- , frame queue size(54) > 0 and nb_frames(54) > 0, check key_frame : 0, pts : 73728 
filter frame --- , not key frame comes, add it to queue, nb_frames : 55, queue size : 55, pts : 73728 
request frame --- , current cached_gop_ok : 0, nb_gop_frames : 0 
request frame --- , nb_gop_frames == 0 
[h264 @ 0x7feb5a009c00] nal_unit_type: 1, nal_ref_idc: 0
filter frame --- , insert frame begin, frame queue size : 55, nb_frames : 55, pts : 74240, key_frame : 0 
filter frame --- , frame queue size(55) > 0 and nb_frames(55) > 0, check key_frame : 0, pts : 74240 
filter frame --- , not key frame comes, add it to queue, nb_frames : 56, queue size : 56, pts : 74240 
request frame --- , current cached_gop_ok : 0, nb_gop_frames : 0 
request frame --- , nb_gop_frames == 0 
[h264 @ 0x7feb5a015a00] nal_unit_type: 1, nal_ref_idc: 2
[h264 @ 0x7feb5a02be00] nal_unit_type: 1, nal_ref_idc: 2
filter frame --- , insert frame begin, frame queue size : 56, nb_frames : 56, pts : 74752, key_frame : 0 
filter frame --- , frame queue size(56) > 0 and nb_frames(56) > 0, check key_frame : 0, pts : 74752 
filter frame --- , not key frame comes, add it to queue, nb_frames : 57, queue size : 57, pts : 74752 
request frame --- , current cached_gop_ok : 0, nb_gop_frames : 0 
request frame --- , nb_gop_frames == 0 
[h264 @ 0x7feb5a042200] nal_unit_type: 1, nal_ref_idc: 0
filter frame --- , insert frame begin, frame queue size : 57, nb_frames : 57, pts : 75264, key_frame : 0 
filter frame --- , frame queue size(57) > 0 and nb_frames(57) > 0, check key_frame : 0, pts : 75264 
filter frame --- , not key frame comes, add it to queue, nb_frames : 58, queue size : 58, pts : 75264 
request frame --- , current cached_gop_ok : 0, nb_gop_frames : 0 
request frame --- , nb_gop_frames == 0 
frame=   91 fps=0.0 q=-0.0 size=     155kB time=00:00:06.24 bitrate= 203.4kbits/s dup=89 drop=87 speed=12.5x    filter frame --- , insert frame begin, frame queue size : 58, nb_frames : 58, pts : 75776, key_frame : 0 
filter frame --- , frame queue size(58) > 0 and nb_frames(58) > 0, check key_frame : 0, pts : 75776 
filter frame --- , not key frame comes, add it to queue, nb_frames : 59, queue size : 59, pts : 75776 
request frame --- , current cached_gop_ok : 0, nb_gop_frames : 0 
request frame --- , nb_gop_frames == 0 
[h264 @ 0x7feb5a042800] nal_unit_type: 1, nal_ref_idc: 0
filter frame --- , insert frame begin, frame queue size : 59, nb_frames : 59, pts : 76288, key_frame : 0 
filter frame --- , frame queue size(59) > 0 and nb_frames(59) > 0, check key_frame : 0, pts : 76288 
filter frame --- , not key frame comes, add it to queue, nb_frames : 60, queue size : 60, pts : 76288 
request frame --- , current cached_gop_ok : 0, nb_gop_frames : 0 
request frame --- , nb_gop_frames == 0 
[h264 @ 0x7feb5a009c00] nal_unit_type: 1, nal_ref_idc: 2
[h264 @ 0x7feb5a015a00] nal_unit_type: 1, nal_ref_idc: 2
filter frame --- , insert frame begin, frame queue size : 60, nb_frames : 60, pts : 76800, key_frame : 0 
filter frame --- , frame queue size(60) > 0 and nb_frames(60) > 0, check key_frame : 0, pts : 76800 
filter frame --- , not key frame comes, add it to queue, nb_frames : 61, queue size : 61, pts : 76800 
request frame --- , current cached_gop_ok : 0, nb_gop_frames : 0 
request frame --- , nb_gop_frames == 0 
filter frame --- , insert frame begin, frame queue size : 61, nb_frames : 61, pts : 77312, key_frame : 0 
[h264 @ 0x7feb5a02be00] nal_unit_type: 1, nal_ref_idc: 0
filter frame --- , frame queue size(61) > 0 and nb_frames(61) > 0, check key_frame : 0, pts : 77312 
filter frame --- , not key frame comes, add it to queue, nb_frames : 62, queue size : 62, pts : 77312 
request frame --- , current cached_gop_ok : 0, nb_gop_frames : 0 
request frame --- , nb_gop_frames == 0 
filter frame --- , insert frame begin, frame queue size : 62, nb_frames : 62, pts : 77824, key_frame : 0 
[h264 @ 0x7feb5a042200] nal_unit_type: 1, nal_ref_idc: 0
filter frame --- , frame queue size(62) > 0 and nb_frames(62) > 0, check key_frame : 0, pts : 77824 
filter frame --- , not key frame comes, add it to queue, nb_frames : 63, queue size : 63, pts : 77824 
request frame --- , current cached_gop_ok : 0, nb_gop_frames : 0 
request frame --- , nb_gop_frames == 0 
filter frame --- , insert frame begin, frame queue size : 63, nb_frames : 63, pts : 78336, key_frame : 0 
filter frame --- , frame queue size(63) > 0 and nb_frames(63) > 0, check key_frame : 0, pts : 78336 
filter frame --- , not key frame comes, add it to queue, nb_frames : 64, queue size : 64, pts : 78336 
request frame --- , current cached_gop_ok : 0, nb_gop_frames : 0 
request frame --- , nb_gop_frames == 0 
[h264 @ 0x7feb5a042800] nal_unit_type: 1, nal_ref_idc: 2
filter frame --- , insert frame begin, frame queue size : 64, nb_frames : 64, pts : 78848, key_frame : 0 
filter frame --- , frame queue size(64) > 0 and nb_frames(64) > 0, check key_frame : 0, pts : 78848 
filter frame --- , not key frame comes, add it to queue, nb_frames : 65, queue size : 65, pts : 78848 
request frame --- , current cached_gop_ok : 0, nb_gop_frames : 0 
request frame --- , nb_gop_frames == 0 
[h264 @ 0x7feb5a009c00] nal_unit_type: 1, nal_ref_idc: 2
[h264 @ 0x7feb5a015a00] nal_unit_type: 1, nal_ref_idc: 0
filter frame --- , insert frame begin, frame queue size : 65, nb_frames : 65, pts : 79360, key_frame : 0 
filter frame --- , frame queue size(65) > 0 and nb_frames(65) > 0, check key_frame : 0, pts : 79360 
filter frame --- , not key frame comes, add it to queue, nb_frames : 66, queue size : 66, pts : 79360 
request frame --- , current cached_gop_ok : 0, nb_gop_frames : 0 
request frame --- , nb_gop_frames == 0 
filter frame --- , insert frame begin, frame queue size : 66, nb_frames : 66, pts : 79872, key_frame : 0 
filter frame --- , frame queue size(66) > 0 and nb_frames(66) > 0, check key_frame : 0, pts : 79872 
filter frame --- , not key frame comes, add it to queue, nb_frames : 67, queue size : 67, pts : 79872 
request frame --- , current cached_gop_ok : 0, nb_gop_frames : 0 
request frame --- , nb_gop_frames == 0 
[h264 @ 0x7feb5a02be00] nal_unit_type: 1, nal_ref_idc: 0
[h264 @ 0x7feb5a042200] nal_unit_type: 1, nal_ref_idc: 2
filter frame --- , insert frame begin, frame queue size : 67, nb_frames : 67, pts : 80384, key_frame : 0 
filter frame --- , frame queue size(67) > 0 and nb_frames(67) > 0, check key_frame : 0, pts : 80384 
filter frame --- , not key frame comes, add it to queue, nb_frames : 68, queue size : 68, pts : 80384 
request frame --- , current cached_gop_ok : 0, nb_gop_frames : 0 
request frame --- , nb_gop_frames == 0 
filter frame --- , insert frame begin, frame queue size : 68, nb_frames : 68, pts : 80896, key_frame : 0 
filter frame --- , frame queue size(68) > 0 and nb_frames(68) > 0, check key_frame : 0, pts : 80896 
filter frame --- , not key frame comes, add it to queue, nb_frames : 69, queue size : 69, pts : 80896 
request frame --- , current cached_gop_ok : 0, nb_gop_frames : 0 
request frame --- , nb_gop_frames == 0 
[h264 @ 0x7feb5a042800] nal_unit_type: 1, nal_ref_idc: 2
filter frame --- , insert frame begin, frame queue size : 69, nb_frames : 69, pts : 81408, key_frame : 0 
filter frame --- , frame queue size(69) > 0 and nb_frames(69) > 0, check key_frame : 0, pts : 81408 
filter frame --- , not key frame comes, add it to queue, nb_frames : 70, queue size : 70, pts : 81408 
request frame --- , current cached_gop_ok : 0, nb_gop_frames : 0 
request frame --- , nb_gop_frames == 0 
[h264 @ 0x7feb5a009c00] nal_unit_type: 1, nal_ref_idc: 0
filter frame --- , insert frame begin, frame queue size : 70, nb_frames : 70, pts : 81920, key_frame : 0 
[h264 @ 0x7feb5a015a00] nal_unit_type: 1, nal_ref_idc: 0
filter frame --- , frame queue size(70) > 0 and nb_frames(70) > 0, check key_frame : 0, pts : 81920 
filter frame --- , not key frame comes, add it to queue, nb_frames : 71, queue size : 71, pts : 81920 
request frame --- , current cached_gop_ok : 0, nb_gop_frames : 0 
request frame --- , nb_gop_frames == 0 
filter frame --- , insert frame begin, frame queue size : 71, nb_frames : 71, pts : 82432, key_frame : 0 
filter frame --- , frame queue size(71) > 0 and nb_frames(71) > 0, check key_frame : 0, pts : 82432 
filter frame --- , not key frame comes, add it to queue, nb_frames : 72, queue size : 72, pts : 82432 
request frame --- , current cached_gop_ok : 0, nb_gop_frames : 0 
request frame --- , nb_gop_frames == 0 
[h264 @ 0x7feb5a02be00] nal_unit_type: 1, nal_ref_idc: 2
[h264 @ 0x7feb5a042200] nal_unit_type: 1, nal_ref_idc: 2
filter frame --- , insert frame begin, frame queue size : 72, nb_frames : 72, pts : 82944, key_frame : 0 
filter frame --- , frame queue size(72) > 0 and nb_frames(72) > 0, check key_frame : 0, pts : 82944 
filter frame --- , not key frame comes, add it to queue, nb_frames : 73, queue size : 73, pts : 82944 
request frame --- , current cached_gop_ok : 0, nb_gop_frames : 0 
request frame --- , nb_gop_frames == 0 
filter frame --- , insert frame begin, frame queue size : 73, nb_frames : 73, pts : 83456, key_frame : 0 
[h264 @ 0x7feb5a042800] nal_unit_type: 1, nal_ref_idc: 0
filter frame --- , frame queue size(73) > 0 and nb_frames(73) > 0, check key_frame : 0, pts : 83456 
filter frame --- , not key frame comes, add it to queue, nb_frames : 74, queue size : 74, pts : 83456 
request frame --- , current cached_gop_ok : 0, nb_gop_frames : 0 
request frame --- , nb_gop_frames == 0 
filter frame --- , insert frame begin, frame queue size : 74, nb_frames : 74, pts : 83968, key_frame : 0 
[h264 @ 0x7feb5a009c00] nal_unit_type: 1, nal_ref_idc: 0
filter frame --- , frame queue size(74) > 0 and nb_frames(74) > 0, check key_frame : 0, pts : 83968 
filter frame --- , not key frame comes, add it to queue, nb_frames : 75, queue size : 75, pts : 83968 
request frame --- , current cached_gop_ok : 0, nb_gop_frames : 0 
request frame --- , nb_gop_frames == 0 
filter frame --- , insert frame begin, frame queue size : 75, nb_frames : 75, pts : 84480, key_frame : 0 
filter frame --- , frame queue size(75) > 0 and nb_frames(75) > 0, check key_frame : 0, pts : 84480 
filter frame --- , not key frame comes, add it to queue, nb_frames : 76, queue size : 76, pts : 84480 
request frame --- , current cached_gop_ok : 0, nb_gop_frames : 0 
request frame --- , nb_gop_frames == 0 
[h264 @ 0x7feb5a015a00] nal_unit_type: 1, nal_ref_idc: 2
filter frame --- , insert frame begin, frame queue size : 76, nb_frames : 76, pts : 84992, key_frame : 0 
[h264 @ 0x7feb5a02be00] nal_unit_type: 1, nal_ref_idc: 2
filter frame --- , frame queue size(76) > 0 and nb_frames(76) > 0, check key_frame : 0, pts : 84992 
filter frame --- , not key frame comes, add it to queue, nb_frames : 77, queue size : 77, pts : 84992 
request frame --- , current cached_gop_ok : 0, nb_gop_frames : 0 
request frame --- , nb_gop_frames == 0 
filter frame --- , insert frame begin, frame queue size : 77, nb_frames : 77, pts : 85504, key_frame : 0 
filter frame --- , frame queue size(77) > 0 and nb_frames(77) > 0, check key_frame : 0, pts : 85504 
filter frame --- , not key frame comes, add it to queue, nb_frames : 78, queue size : 78, pts : 85504 
request frame --- , current cached_gop_ok : 0, nb_gop_frames : 0 
request frame --- , nb_gop_frames == 0 
[h264 @ 0x7feb5a042200] nal_unit_type: 1, nal_ref_idc: 0
filter frame --- , insert frame begin, frame queue size : 78, nb_frames : 78, pts : 86016, key_frame : 0 
[h264 @ 0x7feb5a042800] nal_unit_type: 1, nal_ref_idc: 0
filter frame --- , frame queue size(78) > 0 and nb_frames(78) > 0, check key_frame : 0, pts : 86016 
filter frame --- , not key frame comes, add it to queue, nb_frames : 79, queue size : 79, pts : 86016 
request frame --- , current cached_gop_ok : 0, nb_gop_frames : 0 
request frame --- , nb_gop_frames == 0 
filter frame --- , insert frame begin, frame queue size : 79, nb_frames : 79, pts : 86528, key_frame : 0 
filter frame --- , frame queue size(79) > 0 and nb_frames(79) > 0, check key_frame : 0, pts : 86528 
filter frame --- , not key frame comes, add it to queue, nb_frames : 80, queue size : 80, pts : 86528 
request frame --- , current cached_gop_ok : 0, nb_gop_frames : 0 
request frame --- , nb_gop_frames == 0 
[h264 @ 0x7feb5a009c00] nal_unit_type: 1, nal_ref_idc: 2
filter frame --- , insert frame begin, frame queue size : 80, nb_frames : 80, pts : 87040, key_frame : 0 
[h264 @ 0x7feb5a015a00] nal_unit_type: 1, nal_ref_idc: 2
filter frame --- , frame queue size(80) > 0 and nb_frames(80) > 0, check key_frame : 0, pts : 87040 
filter frame --- , not key frame comes, add it to queue, nb_frames : 81, queue size : 81, pts : 87040 
request frame --- , current cached_gop_ok : 0, nb_gop_frames : 0 
request frame --- , nb_gop_frames == 0 
filter frame --- , insert frame begin, frame queue size : 81, nb_frames : 81, pts : 87552, key_frame : 0 
filter frame --- , frame queue size(81) > 0 and nb_frames(81) > 0, check key_frame : 0, pts : 87552 
filter frame --- , not key frame comes, add it to queue, nb_frames : 82, queue size : 82, pts : 87552 
request frame --- , current cached_gop_ok : 0, nb_gop_frames : 0 
request frame --- , nb_gop_frames == 0 
[h264 @ 0x7feb5a02be00] nal_unit_type: 1, nal_ref_idc: 0
filter frame --- , insert frame begin, frame queue size : 82, nb_frames : 82, pts : 88064, key_frame : 0 
filter frame --- , frame queue size(82) > 0 and nb_frames(82) > 0, check key_frame : 0, pts : 88064 
filter frame --- , not key frame comes, add it to queue, nb_frames : 83, queue size : 83, pts : 88064 
request frame --- , current cached_gop_ok : 0, nb_gop_frames : 0 
request frame --- , nb_gop_frames == 0 
[h264 @ 0x7feb5a042200] nal_unit_type: 1, nal_ref_idc: 0
[h264 @ 0x7feb5a042800] nal_unit_type: 1, nal_ref_idc: 2
filter frame --- , insert frame begin, frame queue size : 83, nb_frames : 83, pts : 88576, key_frame : 0 
filter frame --- , frame queue size(83) > 0 and nb_frames(83) > 0, check key_frame : 0, pts : 88576 
filter frame --- , not key frame comes, add it to queue, nb_frames : 84, queue size : 84, pts : 88576 
request frame --- , current cached_gop_ok : 0, nb_gop_frames : 0 
request frame --- , nb_gop_frames == 0 
filter frame --- , insert frame begin, frame queue size : 84, nb_frames : 84, pts : 89088, key_frame : 0 
filter frame --- , frame queue size(84) > 0 and nb_frames(84) > 0, check key_frame : 0, pts : 89088 
filter frame --- , not key frame comes, add it to queue, nb_frames : 85, queue size : 85, pts : 89088 
request frame --- , current cached_gop_ok : 0, nb_gop_frames : 0 
request frame --- , nb_gop_frames == 0 
[h264 @ 0x7feb5a009c00] nal_unit_type: 5, nal_ref_idc: 3
filter frame --- , insert frame begin, frame queue size : 85, nb_frames : 85, pts : 89600, key_frame : 0 
[h264 @ 0x7feb5a015a00] nal_unit_type: 1, nal_ref_idc: 2
filter frame --- , frame queue size(85) > 0 and nb_frames(85) > 0, check key_frame : 0, pts : 89600 
filter frame --- , not key frame comes, add it to queue, nb_frames : 86, queue size : 86, pts : 89600 
request frame --- , current cached_gop_ok : 0, nb_gop_frames : 0 
request frame --- , nb_gop_frames == 0 
filter frame --- , insert frame begin, frame queue size : 86, nb_frames : 86, pts : 90112, key_frame : 0 
[h264 @ 0x7feb5a02be00] nal_unit_type: 1, nal_ref_idc: 2
filter frame --- , frame queue size(86) > 0 and nb_frames(86) > 0, check key_frame : 0, pts : 90112 
filter frame --- , not key frame comes, add it to queue, nb_frames : 87, queue size : 87, pts : 90112 
request frame --- , current cached_gop_ok : 0, nb_gop_frames : 0 
request frame --- , nb_gop_frames == 0 
filter frame --- , insert frame begin, frame queue size : 87, nb_frames : 87, pts : 90624, key_frame : 0 
filter frame --- , frame queue size(87) > 0 and nb_frames(87) > 0, check key_frame : 0, pts : 90624 
filter frame --- , not key frame comes, add it to queue, nb_frames : 88, queue size : 88, pts : 90624 
request frame --- , current cached_gop_ok : 0, nb_gop_frames : 0 
request frame --- , nb_gop_frames == 0 
[h264 @ 0x7feb5a042200] nal_unit_type: 1, nal_ref_idc: 0
[h264 @ 0x7feb5a042800] nal_unit_type: 1, nal_ref_idc: 0
filter frame --- , insert frame begin, frame queue size : 88, nb_frames : 88, pts : 91136, key_frame : 0 
filter frame --- , frame queue size(88) > 0 and nb_frames(88) > 0, check key_frame : 0, pts : 91136 
filter frame --- , not key frame comes, add it to queue, nb_frames : 89, queue size : 89, pts : 91136 
request frame --- , current cached_gop_ok : 0, nb_gop_frames : 0 
request frame --- , nb_gop_frames == 0 
filter frame --- , insert frame begin, frame queue size : 89, nb_frames : 89, pts : 91648, key_frame : 0 
[h264 @ 0x7feb5a009c00] nal_unit_type: 1, nal_ref_idc: 2
filter frame --- , frame queue size(89) > 0 and nb_frames(89) > 0, check key_frame : 0, pts : 91648 
filter frame --- , not key frame comes, add it to queue, nb_frames : 90, queue size : 90, pts : 91648 
request frame --- , current cached_gop_ok : 0, nb_gop_frames : 0 
request frame --- , nb_gop_frames == 0 
filter frame --- , insert frame begin, frame queue size : 90, nb_frames : 90, pts : 92160, key_frame : 1 
[h264 @ 0x7feb5a015a00] nal_unit_type: 1, nal_ref_idc: 2
filter frame --- , frame queue size(90) > 0 and nb_frames(90) > 0, check key_frame : 1, pts : 92160 
filter frame --- , key frame(next gop) comes, check nb_gop_frames : 0 
filter frame --- , key frame(next gop) comes, take frame from queue to gop_frames, nb_frames : 89, nb_gop_frames : 1, queue size : 89, pts : 46080 
filter frame --- , not key frame(next gop) comes, take frame from queue to gop_frames, nb_frames : 88, nb_gop_frames : 2, queue size : 88, pts : 46592 
filter frame --- , not key frame(next gop) comes, take frame from queue to gop_frames, nb_frames : 87, nb_gop_frames : 3, queue size : 87, pts : 47104 
filter frame --- , not key frame(next gop) comes, take frame from queue to gop_frames, nb_frames : 86, nb_gop_frames : 4, queue size : 86, pts : 47616 
filter frame --- , not key frame(next gop) comes, take frame from queue to gop_frames, nb_frames : 85, nb_gop_frames : 5, queue size : 85, pts : 48128 
filter frame --- , not key frame(next gop) comes, take frame from queue to gop_frames, nb_frames : 84, nb_gop_frames : 6, queue size : 84, pts : 48640 
filter frame --- , not key frame(next gop) comes, take frame from queue to gop_frames, nb_frames : 83, nb_gop_frames : 7, queue size : 83, pts : 49152 
filter frame --- , not key frame(next gop) comes, take frame from queue to gop_frames, nb_frames : 82, nb_gop_frames : 8, queue size : 82, pts : 49664 
filter frame --- , not key frame(next gop) comes, take frame from queue to gop_frames, nb_frames : 81, nb_gop_frames : 9, queue size : 81, pts : 50176 
filter frame --- , not key frame(next gop) comes, take frame from queue to gop_frames, nb_frames : 80, nb_gop_frames : 10, queue size : 80, pts : 50688 
filter frame --- , not key frame(next gop) comes, take frame from queue to gop_frames, nb_frames : 79, nb_gop_frames : 11, queue size : 79, pts : 51200 
filter frame --- , not key frame(next gop) comes, take frame from queue to gop_frames, nb_frames : 78, nb_gop_frames : 12, queue size : 78, pts : 51712 
filter frame --- , not key frame(next gop) comes, take frame from queue to gop_frames, nb_frames : 77, nb_gop_frames : 13, queue size : 77, pts : 52224 
filter frame --- , not key frame(next gop) comes, take frame from queue to gop_frames, nb_frames : 76, nb_gop_frames : 14, queue size : 76, pts : 52736 
filter frame --- , not key frame(next gop) comes, take frame from queue to gop_frames, nb_frames : 75, nb_gop_frames : 15, queue size : 75, pts : 53248 
filter frame --- , not key frame(next gop) comes, take frame from queue to gop_frames, nb_frames : 74, nb_gop_frames : 16, queue size : 74, pts : 53760 
filter frame --- , not key frame(next gop) comes, take frame from queue to gop_frames, nb_frames : 73, nb_gop_frames : 17, queue size : 73, pts : 54272 
filter frame --- , not key frame(next gop) comes, take frame from queue to gop_frames, nb_frames : 72, nb_gop_frames : 18, queue size : 72, pts : 54784 
filter frame --- , not key frame(next gop) comes, take frame from queue to gop_frames, nb_frames : 71, nb_gop_frames : 19, queue size : 71, pts : 55296 
filter frame --- , not key frame(next gop) comes, take frame from queue to gop_frames, nb_frames : 70, nb_gop_frames : 20, queue size : 70, pts : 55808 
filter frame --- , not key frame(next gop) comes, take frame from queue to gop_frames, nb_frames : 69, nb_gop_frames : 21, queue size : 69, pts : 56320 
filter frame --- , not key frame(next gop) comes, take frame from queue to gop_frames, nb_frames : 68, nb_gop_frames : 22, queue size : 68, pts : 56832 
filter frame --- , not key frame(next gop) comes, take frame from queue to gop_frames, nb_frames : 67, nb_gop_frames : 23, queue size : 67, pts : 57344 
filter frame --- , not key frame(next gop) comes, take frame from queue to gop_frames, nb_frames : 66, nb_gop_frames : 24, queue size : 66, pts : 57856 
filter frame --- , not key frame(next gop) comes, take frame from queue to gop_frames, nb_frames : 65, nb_gop_frames : 25, queue size : 65, pts : 58368 
filter frame --- , not key frame(next gop) comes, take frame from queue to gop_frames, nb_frames : 64, nb_gop_frames : 26, queue size : 64, pts : 58880 
filter frame --- , not key frame(next gop) comes, take frame from queue to gop_frames, nb_frames : 63, nb_gop_frames : 27, queue size : 63, pts : 59392 
filter frame --- , not key frame(next gop) comes, take frame from queue to gop_frames, nb_frames : 62, nb_gop_frames : 28, queue size : 62, pts : 59904 
filter frame --- , not key frame(next gop) comes, take frame from queue to gop_frames, nb_frames : 61, nb_gop_frames : 29, queue size : 61, pts : 60416 
filter frame --- , not key frame(next gop) comes, take frame from queue to gop_frames, nb_frames : 60, nb_gop_frames : 30, queue size : 60, pts : 60928 
filter frame --- , not key frame(next gop) comes, take frame from queue to gop_frames, nb_frames : 59, nb_gop_frames : 31, queue size : 59, pts : 61440 
filter frame --- , not key frame(next gop) comes, take frame from queue to gop_frames, nb_frames : 58, nb_gop_frames : 32, queue size : 58, pts : 61952 
filter frame --- , not key frame(next gop) comes, take frame from queue to gop_frames, nb_frames : 57, nb_gop_frames : 33, queue size : 57, pts : 62464 
filter frame --- , not key frame(next gop) comes, take frame from queue to gop_frames, nb_frames : 56, nb_gop_frames : 34, queue size : 56, pts : 62976 
filter frame --- , not key frame(next gop) comes, take frame from queue to gop_frames, nb_frames : 55, nb_gop_frames : 35, queue size : 55, pts : 63488 
filter frame --- , not key frame(next gop) comes, take frame from queue to gop_frames, nb_frames : 54, nb_gop_frames : 36, queue size : 54, pts : 64000 
filter frame --- , not key frame(next gop) comes, take frame from queue to gop_frames, nb_frames : 53, nb_gop_frames : 37, queue size : 53, pts : 64512 
filter frame --- , not key frame(next gop) comes, take frame from queue to gop_frames, nb_frames : 52, nb_gop_frames : 38, queue size : 52, pts : 65024 
filter frame --- , not key frame(next gop) comes, take frame from queue to gop_frames, nb_frames : 51, nb_gop_frames : 39, queue size : 51, pts : 65536 
filter frame --- , not key frame(next gop) comes, take frame from queue to gop_frames, nb_frames : 50, nb_gop_frames : 40, queue size : 50, pts : 66048 
filter frame --- , not key frame(next gop) comes, take frame from queue to gop_frames, nb_frames : 49, nb_gop_frames : 41, queue size : 49, pts : 66560 
filter frame --- , not key frame(next gop) comes, take frame from queue to gop_frames, nb_frames : 48, nb_gop_frames : 42, queue size : 48, pts : 67072 
filter frame --- , not key frame(next gop) comes, take frame from queue to gop_frames, nb_frames : 47, nb_gop_frames : 43, queue size : 47, pts : 67584 
filter frame --- , not key frame(next gop) comes, take frame from queue to gop_frames, nb_frames : 46, nb_gop_frames : 44, queue size : 46, pts : 68096 
filter frame --- , not key frame(next gop) comes, take frame from queue to gop_frames, nb_frames : 45, nb_gop_frames : 45, queue size : 45, pts : 68608 
filter frame --- , not key frame(next gop) comes, take frame from queue to gop_frames, nb_frames : 44, nb_gop_frames : 46, queue size : 44, pts : 69120 
filter frame --- , not key frame(next gop) comes, take frame from queue to gop_frames, nb_frames : 43, nb_gop_frames : 47, queue size : 43, pts : 69632 
filter frame --- , not key frame(next gop) comes, take frame from queue to gop_frames, nb_frames : 42, nb_gop_frames : 48, queue size : 42, pts : 70144 
filter frame --- , not key frame(next gop) comes, take frame from queue to gop_frames, nb_frames : 41, nb_gop_frames : 49, queue size : 41, pts : 70656 
filter frame --- , not key frame(next gop) comes, take frame from queue to gop_frames, nb_frames : 40, nb_gop_frames : 50, queue size : 40, pts : 71168 
filter frame --- , not key frame(next gop) comes, take frame from queue to gop_frames, nb_frames : 39, nb_gop_frames : 51, queue size : 39, pts : 71680 
filter frame --- , not key frame(next gop) comes, take frame from queue to gop_frames, nb_frames : 38, nb_gop_frames : 52, queue size : 38, pts : 72192 
filter frame --- , not key frame(next gop) comes, take frame from queue to gop_frames, nb_frames : 37, nb_gop_frames : 53, queue size : 37, pts : 72704 
filter frame --- , not key frame(next gop) comes, take frame from queue to gop_frames, nb_frames : 36, nb_gop_frames : 54, queue size : 36, pts : 73216 
filter frame --- , not key frame(next gop) comes, take frame from queue to gop_frames, nb_frames : 35, nb_gop_frames : 55, queue size : 35, pts : 73728 
filter frame --- , not key frame(next gop) comes, take frame from queue to gop_frames, nb_frames : 34, nb_gop_frames : 56, queue size : 34, pts : 74240 
filter frame --- , not key frame(next gop) comes, take frame from queue to gop_frames, nb_frames : 33, nb_gop_frames : 57, queue size : 33, pts : 74752 
filter frame --- , not key frame(next gop) comes, take frame from queue to gop_frames, nb_frames : 32, nb_gop_frames : 58, queue size : 32, pts : 75264 
filter frame --- , not key frame(next gop) comes, take frame from queue to gop_frames, nb_frames : 31, nb_gop_frames : 59, queue size : 31, pts : 75776 
filter frame --- , not key frame(next gop) comes, take frame from queue to gop_frames, nb_frames : 30, nb_gop_frames : 60, queue size : 30, pts : 76288 
filter frame --- , not key frame(next gop) comes, take frame from queue to gop_frames, nb_frames : 29, nb_gop_frames : 61, queue size : 29, pts : 76800 
filter frame --- , not key frame(next gop) comes, take frame from queue to gop_frames, nb_frames : 28, nb_gop_frames : 62, queue size : 28, pts : 77312 
filter frame --- , not key frame(next gop) comes, take frame from queue to gop_frames, nb_frames : 27, nb_gop_frames : 63, queue size : 27, pts : 77824 
filter frame --- , not key frame(next gop) comes, take frame from queue to gop_frames, nb_frames : 26, nb_gop_frames : 64, queue size : 26, pts : 78336 
filter frame --- , not key frame(next gop) comes, take frame from queue to gop_frames, nb_frames : 25, nb_gop_frames : 65, queue size : 25, pts : 78848 
filter frame --- , not key frame(next gop) comes, take frame from queue to gop_frames, nb_frames : 24, nb_gop_frames : 66, queue size : 24, pts : 79360 
filter frame --- , not key frame(next gop) comes, take frame from queue to gop_frames, nb_frames : 23, nb_gop_frames : 67, queue size : 23, pts : 79872 
filter frame --- , not key frame(next gop) comes, take frame from queue to gop_frames, nb_frames : 22, nb_gop_frames : 68, queue size : 22, pts : 80384 
filter frame --- , not key frame(next gop) comes, take frame from queue to gop_frames, nb_frames : 21, nb_gop_frames : 69, queue size : 21, pts : 80896 
filter frame --- , not key frame(next gop) comes, take frame from queue to gop_frames, nb_frames : 20, nb_gop_frames : 70, queue size : 20, pts : 81408 
filter frame --- , not key frame(next gop) comes, take frame from queue to gop_frames, nb_frames : 19, nb_gop_frames : 71, queue size : 19, pts : 81920 
filter frame --- , not key frame(next gop) comes, take frame from queue to gop_frames, nb_frames : 18, nb_gop_frames : 72, queue size : 18, pts : 82432 
filter frame --- , not key frame(next gop) comes, take frame from queue to gop_frames, nb_frames : 17, nb_gop_frames : 73, queue size : 17, pts : 82944 
filter frame --- , not key frame(next gop) comes, take frame from queue to gop_frames, nb_frames : 16, nb_gop_frames : 74, queue size : 16, pts : 83456 
filter frame --- , not key frame(next gop) comes, take frame from queue to gop_frames, nb_frames : 15, nb_gop_frames : 75, queue size : 15, pts : 83968 
filter frame --- , not key frame(next gop) comes, take frame from queue to gop_frames, nb_frames : 14, nb_gop_frames : 76, queue size : 14, pts : 84480 
filter frame --- , not key frame(next gop) comes, take frame from queue to gop_frames, nb_frames : 13, nb_gop_frames : 77, queue size : 13, pts : 84992 
filter frame --- , not key frame(next gop) comes, take frame from queue to gop_frames, nb_frames : 12, nb_gop_frames : 78, queue size : 12, pts : 85504 
filter frame --- , not key frame(next gop) comes, take frame from queue to gop_frames, nb_frames : 11, nb_gop_frames : 79, queue size : 11, pts : 86016 
filter frame --- , not key frame(next gop) comes, take frame from queue to gop_frames, nb_frames : 10, nb_gop_frames : 80, queue size : 10, pts : 86528 
filter frame --- , not key frame(next gop) comes, take frame from queue to gop_frames, nb_frames : 9, nb_gop_frames : 81, queue size : 9, pts : 87040 
filter frame --- , not key frame(next gop) comes, take frame from queue to gop_frames, nb_frames : 8, nb_gop_frames : 82, queue size : 8, pts : 87552 
filter frame --- , not key frame(next gop) comes, take frame from queue to gop_frames, nb_frames : 7, nb_gop_frames : 83, queue size : 7, pts : 88064 
filter frame --- , not key frame(next gop) comes, take frame from queue to gop_frames, nb_frames : 6, nb_gop_frames : 84, queue size : 6, pts : 88576 
filter frame --- , not key frame(next gop) comes, take frame from queue to gop_frames, nb_frames : 5, nb_gop_frames : 85, queue size : 5, pts : 89088 
filter frame --- , not key frame(next gop) comes, take frame from queue to gop_frames, nb_frames : 4, nb_gop_frames : 86, queue size : 4, pts : 89600 
filter frame --- , not key frame(next gop) comes, take frame from queue to gop_frames, nb_frames : 3, nb_gop_frames : 87, queue size : 3, pts : 90112 
filter frame --- , not key frame(next gop) comes, take frame from queue to gop_frames, nb_frames : 2, nb_gop_frames : 88, queue size : 2, pts : 90624 
filter frame --- , not key frame(next gop) comes, take frame from queue to gop_frames, nb_frames : 1, nb_gop_frames : 89, queue size : 1, pts : 91136 
filter frame --- , not key frame(next gop) comes, take frame from queue to gop_frames, nb_frames : 0, nb_gop_frames : 90, queue size : 0, pts : 91648 
filter frame --- , cached_gop_ok == 1 
request frame --- , current cached_gop_ok : 1, nb_gop_frames : 90 
*** 88 dup!
[h264_videotoolbox @ 0x7feb5b004400] request frame --- , current cached_gop_ok : 1, nb_gop_frames : 89 
[h264_videotoolbox @ 0x7feb5b004400] request frame --- , current cached_gop_ok : 1, nb_gop_frames : 88 
request frame --- , current cached_gop_ok : 1, nb_gop_frames : 87 
*** dropping frame 181 from stream 0 at ts 177
request frame --- , current cached_gop_ok : 1, nb_gop_frames : 86 
*** dropping frame 181 from stream 0 at ts 176
request frame --- , current cached_gop_ok : 1, nb_gop_frames : 85 
*** dropping frame 181 from stream 0 at ts 175
request frame --- , current cached_gop_ok : 1, nb_gop_frames : 84 
*** dropping frame 181 from stream 0 at ts 174
request frame --- , current cached_gop_ok : 1, nb_gop_frames : 83 
*** dropping frame 181 from stream 0 at ts 173
request frame --- , current cached_gop_ok : 1, nb_gop_frames : 82 
*** dropping frame 181 from stream 0 at ts 172
request frame --- , current cached_gop_ok : 1, nb_gop_frames : 81 
*** dropping frame 181 from stream 0 at ts 171
request frame --- , current cached_gop_ok : 1, nb_gop_frames : 80 
*** dropping frame 181 from stream 0 at ts 170
request frame --- , current cached_gop_ok : 1, nb_gop_frames : 79 
*** dropping frame 181 from stream 0 at ts 169
request frame --- , current cached_gop_ok : 1, nb_gop_frames : 78 
*** dropping frame 181 from stream 0 at ts 168
request frame --- , current cached_gop_ok : 1, nb_gop_frames : 77 
*** dropping frame 181 from stream 0 at ts 167
request frame --- , current cached_gop_ok : 1, nb_gop_frames : 76 
*** dropping frame 181 from stream 0 at ts 166
request frame --- , current cached_gop_ok : 1, nb_gop_frames : 75 
*** dropping frame 181 from stream 0 at ts 165
request frame --- , current cached_gop_ok : 1, nb_gop_frames : 74 
*** dropping frame 181 from stream 0 at ts 164
request frame --- , current cached_gop_ok : 1, nb_gop_frames : 73 
*** dropping frame 181 from stream 0 at ts 163
request frame --- , current cached_gop_ok : 1, nb_gop_frames : 72 
*** dropping frame 181 from stream 0 at ts 162
request frame --- , current cached_gop_ok : 1, nb_gop_frames : 71 
*** dropping frame 181 from stream 0 at ts 161
request frame --- , current cached_gop_ok : 1, nb_gop_frames : 70 
*** dropping frame 181 from stream 0 at ts 160
request frame --- , current cached_gop_ok : 1, nb_gop_frames : 69 
*** dropping frame 181 from stream 0 at ts 159
request frame --- , current cached_gop_ok : 1, nb_gop_frames : 68 
*** dropping frame 181 from stream 0 at ts 158
request frame --- , current cached_gop_ok : 1, nb_gop_frames : 67 
*** dropping frame 181 from stream 0 at ts 157
request frame --- , current cached_gop_ok : 1, nb_gop_frames : 66 
*** dropping frame 181 from stream 0 at ts 156
request frame --- , current cached_gop_ok : 1, nb_gop_frames : 65 
*** dropping frame 181 from stream 0 at ts 155
request frame --- , current cached_gop_ok : 1, nb_gop_frames : 64 
*** dropping frame 181 from stream 0 at ts 154
request frame --- , current cached_gop_ok : 1, nb_gop_frames : 63 
*** dropping frame 181 from stream 0 at ts 153
request frame --- , current cached_gop_ok : 1, nb_gop_frames : 62 
*** dropping frame 181 from stream 0 at ts 152
request frame --- , current cached_gop_ok : 1, nb_gop_frames : 61 
*** dropping frame 181 from stream 0 at ts 151
request frame --- , current cached_gop_ok : 1, nb_gop_frames : 60 
*** dropping frame 181 from stream 0 at ts 150
request frame --- , current cached_gop_ok : 1, nb_gop_frames : 59 
*** dropping frame 181 from stream 0 at ts 149
request frame --- , current cached_gop_ok : 1, nb_gop_frames : 58 
*** dropping frame 181 from stream 0 at ts 148
request frame --- , current cached_gop_ok : 1, nb_gop_frames : 57 
*** dropping frame 181 from stream 0 at ts 147
request frame --- , current cached_gop_ok : 1, nb_gop_frames : 56 
*** dropping frame 181 from stream 0 at ts 146
request frame --- , current cached_gop_ok : 1, nb_gop_frames : 55 
*** dropping frame 181 from stream 0 at ts 145
request frame --- , current cached_gop_ok : 1, nb_gop_frames : 54 
*** dropping frame 181 from stream 0 at ts 144
request frame --- , current cached_gop_ok : 1, nb_gop_frames : 53 
*** dropping frame 181 from stream 0 at ts 143
request frame --- , current cached_gop_ok : 1, nb_gop_frames : 52 
*** dropping frame 181 from stream 0 at ts 142
request frame --- , current cached_gop_ok : 1, nb_gop_frames : 51 
*** dropping frame 181 from stream 0 at ts 141
request frame --- , current cached_gop_ok : 1, nb_gop_frames : 50 
*** dropping frame 181 from stream 0 at ts 140
request frame --- , current cached_gop_ok : 1, nb_gop_frames : 49 
*** dropping frame 181 from stream 0 at ts 139
request frame --- , current cached_gop_ok : 1, nb_gop_frames : 48 
*** dropping frame 181 from stream 0 at ts 138
request frame --- , current cached_gop_ok : 1, nb_gop_frames : 47 
*** dropping frame 181 from stream 0 at ts 137
request frame --- , current cached_gop_ok : 1, nb_gop_frames : 46 
*** dropping frame 181 from stream 0 at ts 136
request frame --- , current cached_gop_ok : 1, nb_gop_frames : 45 
*** dropping frame 181 from stream 0 at ts 135
request frame --- , current cached_gop_ok : 1, nb_gop_frames : 44 
*** dropping frame 181 from stream 0 at ts 134
request frame --- , current cached_gop_ok : 1, nb_gop_frames : 43 
*** dropping frame 181 from stream 0 at ts 133
request frame --- , current cached_gop_ok : 1, nb_gop_frames : 42 
*** dropping frame 181 from stream 0 at ts 132
request frame --- , current cached_gop_ok : 1, nb_gop_frames : 41 
*** dropping frame 181 from stream 0 at ts 131
request frame --- , current cached_gop_ok : 1, nb_gop_frames : 40 
*** dropping frame 181 from stream 0 at ts 130
request frame --- , current cached_gop_ok : 1, nb_gop_frames : 39 
*** dropping frame 181 from stream 0 at ts 129
request frame --- , current cached_gop_ok : 1, nb_gop_frames : 38 
*** dropping frame 181 from stream 0 at ts 128
request frame --- , current cached_gop_ok : 1, nb_gop_frames : 37 
*** dropping frame 181 from stream 0 at ts 127
request frame --- , current cached_gop_ok : 1, nb_gop_frames : 36 
*** dropping frame 181 from stream 0 at ts 126
request frame --- , current cached_gop_ok : 1, nb_gop_frames : 35 
*** dropping frame 181 from stream 0 at ts 125
request frame --- , current cached_gop_ok : 1, nb_gop_frames : 34 
*** dropping frame 181 from stream 0 at ts 124
request frame --- , current cached_gop_ok : 1, nb_gop_frames : 33 
*** dropping frame 181 from stream 0 at ts 123
request frame --- , current cached_gop_ok : 1, nb_gop_frames : 32 
*** dropping frame 181 from stream 0 at ts 122
request frame --- , current cached_gop_ok : 1, nb_gop_frames : 31 
*** dropping frame 181 from stream 0 at ts 121
request frame --- , current cached_gop_ok : 1, nb_gop_frames : 30 
*** dropping frame 181 from stream 0 at ts 120
request frame --- , current cached_gop_ok : 1, nb_gop_frames : 29 
*** dropping frame 181 from stream 0 at ts 119
request frame --- , current cached_gop_ok : 1, nb_gop_frames : 28 
*** dropping frame 181 from stream 0 at ts 118
request frame --- , current cached_gop_ok : 1, nb_gop_frames : 27 
*** dropping frame 181 from stream 0 at ts 117
request frame --- , current cached_gop_ok : 1, nb_gop_frames : 26 
*** dropping frame 181 from stream 0 at ts 116
request frame --- , current cached_gop_ok : 1, nb_gop_frames : 25 
*** dropping frame 181 from stream 0 at ts 115
request frame --- , current cached_gop_ok : 1, nb_gop_frames : 24 
*** dropping frame 181 from stream 0 at ts 114
request frame --- , current cached_gop_ok : 1, nb_gop_frames : 23 
*** dropping frame 181 from stream 0 at ts 113
request frame --- , current cached_gop_ok : 1, nb_gop_frames : 22 
*** dropping frame 181 from stream 0 at ts 112
request frame --- , current cached_gop_ok : 1, nb_gop_frames : 21 
*** dropping frame 181 from stream 0 at ts 111
request frame --- , current cached_gop_ok : 1, nb_gop_frames : 20 
*** dropping frame 181 from stream 0 at ts 110
request frame --- , current cached_gop_ok : 1, nb_gop_frames : 19 
*** dropping frame 181 from stream 0 at ts 109
request frame --- , current cached_gop_ok : 1, nb_gop_frames : 18 
*** dropping frame 181 from stream 0 at ts 108
request frame --- , current cached_gop_ok : 1, nb_gop_frames : 17 
*** dropping frame 181 from stream 0 at ts 107
request frame --- , current cached_gop_ok : 1, nb_gop_frames : 16 
*** dropping frame 181 from stream 0 at ts 106
request frame --- , current cached_gop_ok : 1, nb_gop_frames : 15 
*** dropping frame 181 from stream 0 at ts 105
request frame --- , current cached_gop_ok : 1, nb_gop_frames : 14 
*** dropping frame 181 from stream 0 at ts 104
request frame --- , current cached_gop_ok : 1, nb_gop_frames : 13 
*** dropping frame 181 from stream 0 at ts 103
request frame --- , current cached_gop_ok : 1, nb_gop_frames : 12 
*** dropping frame 181 from stream 0 at ts 102
request frame --- , current cached_gop_ok : 1, nb_gop_frames : 11 
*** dropping frame 181 from stream 0 at ts 101
request frame --- , current cached_gop_ok : 1, nb_gop_frames : 10 
*** dropping frame 181 from stream 0 at ts 100
request frame --- , current cached_gop_ok : 1, nb_gop_frames : 9 
*** dropping frame 181 from stream 0 at ts 99
request frame --- , current cached_gop_ok : 1, nb_gop_frames : 8 
*** dropping frame 181 from stream 0 at ts 98
request frame --- , current cached_gop_ok : 1, nb_gop_frames : 7 
*** dropping frame 181 from stream 0 at ts 97
request frame --- , current cached_gop_ok : 1, nb_gop_frames : 6 
*** dropping frame 181 from stream 0 at ts 96
request frame --- , current cached_gop_ok : 1, nb_gop_frames : 5 
*** dropping frame 181 from stream 0 at ts 95
request frame --- , current cached_gop_ok : 1, nb_gop_frames : 4 
*** dropping frame 181 from stream 0 at ts 94
request frame --- , current cached_gop_ok : 1, nb_gop_frames : 3 
*** dropping frame 181 from stream 0 at ts 93
request frame --- , current cached_gop_ok : 1, nb_gop_frames : 2 
*** dropping frame 181 from stream 0 at ts 92
request frame --- , current cached_gop_ok : 1, nb_gop_frames : 1 
request frame --- , nb_gop_frames == 0 
*** dropping frame 181 from stream 0 at ts 91
request frame --- , current cached_gop_ok : 0, nb_gop_frames : 0 
request frame --- , nb_gop_frames == 0 
filter frame --- , insert frame begin, frame queue size : 1, nb_frames : 1, pts : 92672, key_frame : 0 
filter frame --- , frame queue size(1) > 0 and nb_frames(1) > 0, check key_frame : 0, pts : 92672 
filter frame --- , not key frame comes, add it to queue, nb_frames : 2, queue size : 2, pts : 92672 
request frame --- , current cached_gop_ok : 0, nb_gop_frames : 0 
request frame --- , nb_gop_frames == 0 
[h264 @ 0x7feb5a02be00] nal_unit_type: 1, nal_ref_idc: 0
[h264 @ 0x7feb5a042200] nal_unit_type: 1, nal_ref_idc: 0
filter frame --- , insert frame begin, frame queue size : 2, nb_frames : 2, pts : 93184, key_frame : 0 
filter frame --- , frame queue size(2) > 0 and nb_frames(2) > 0, check key_frame : 0, pts : 93184 
filter frame --- , not key frame comes, add it to queue, nb_frames : 3, queue size : 3, pts : 93184 
request frame --- , current cached_gop_ok : 0, nb_gop_frames : 0 
request frame --- , nb_gop_frames == 0 
[h264 @ 0x7feb5a042800] nal_unit_type: 1, nal_ref_idc: 2
filter frame --- , insert frame begin, frame queue size : 3, nb_frames : 3, pts : 93696, key_frame : 0 
filter frame --- , frame queue size(3) > 0 and nb_frames(3) > 0, check key_frame : 0, pts : 93696 
filter frame --- , not key frame comes, add it to queue, nb_frames : 4, queue size : 4, pts : 93696 
request frame --- , current cached_gop_ok : 0, nb_gop_frames : 0 
request frame --- , nb_gop_frames == 0 
filter frame --- , insert frame begin, frame queue size : 4, nb_frames : 4, pts : 94208, key_frame : 0 
[h264 @ 0x7feb5a009c00] nal_unit_type: 1, nal_ref_idc: 2
filter frame --- , frame queue size(4) > 0 and nb_frames(4) > 0, check key_frame : 0, pts : 94208 
filter frame --- , not key frame comes, add it to queue, nb_frames : 5, queue size : 5, pts : 94208 
request frame --- , current cached_gop_ok : 0, nb_gop_frames : 0 
request frame --- , nb_gop_frames == 0 
filter frame --- , insert frame begin, frame queue size : 5, nb_frames : 5, pts : 94720, key_frame : 0 
[h264 @ 0x7feb5a015a00] nal_unit_type: 1, nal_ref_idc: 0
filter frame --- , frame queue size(5) > 0 and nb_frames(5) > 0, check key_frame : 0, pts : 94720 
filter frame --- , not key frame comes, add it to queue, nb_frames : 6, queue size : 6, pts : 94720 
request frame --- , current cached_gop_ok : 0, nb_gop_frames : 0 
request frame --- , nb_gop_frames == 0 
filter frame --- , insert frame begin, frame queue size : 6, nb_frames : 6, pts : 95232, key_frame : 0 
[h264 @ 0x7feb5a02be00] nal_unit_type: 1, nal_ref_idc: 0
filter frame --- , frame queue size(6) > 0 and nb_frames(6) > 0, check key_frame : 0, pts : 95232 
filter frame --- , not key frame comes, add it to queue, nb_frames : 7, queue size : 7, pts : 95232 
request frame --- , current cached_gop_ok : 0, nb_gop_frames : 0 
request frame --- , nb_gop_frames == 0 
[h264 @ 0x7feb5a042200] nal_unit_type: 1, nal_ref_idc: 2
filter frame --- , insert frame begin, frame queue size : 7, nb_frames : 7, pts : 95744, key_frame : 0 
filter frame --- , frame queue size(7) > 0 and nb_frames(7) > 0, check key_frame : 0, pts : 95744 
filter frame --- , not key frame comes, add it to queue, nb_frames : 8, queue size : 8, pts : 95744 
request frame --- , current cached_gop_ok : 0, nb_gop_frames : 0 
request frame --- , nb_gop_frames == 0 
filter frame --- , insert frame begin, frame queue size : 8, nb_frames : 8, pts : 96256, key_frame : 0 
[h264 @ 0x7feb5a042800] nal_unit_type: 1, nal_ref_idc: 2
filter frame --- , frame queue size(8) > 0 and nb_frames(8) > 0, check key_frame : 0, pts : 96256 
filter frame --- , not key frame comes, add it to queue, nb_frames : 9, queue size : 9, pts : 96256 
request frame --- , current cached_gop_ok : 0, nb_gop_frames : 0 
request frame --- , nb_gop_frames == 0 
[h264 @ 0x7feb5a009c00] nal_unit_type: 1, nal_ref_idc: 0
filter frame --- , insert frame begin, frame queue size : 9, nb_frames : 9, pts : 96768, key_frame : 0 
filter frame --- , frame queue size(9) > 0 and nb_frames(9) > 0, check key_frame : 0, pts : 96768 
filter frame --- , not key frame comes, add it to queue, nb_frames : 10, queue size : 10, pts : 96768 
request frame --- , current cached_gop_ok : 0, nb_gop_frames : 0 
request frame --- , nb_gop_frames == 0 
[h264 @ 0x7feb5a015a00] nal_unit_type: 1, nal_ref_idc: 0
filter frame --- , insert frame begin, frame queue size : 10, nb_frames : 10, pts : 97280, key_frame : 0 
filter frame --- , frame queue size(10) > 0 and nb_frames(10) > 0, check key_frame : 0, pts : 97280 
filter frame --- , not key frame comes, add it to queue, nb_frames : 11, queue size : 11, pts : 97280 
request frame --- , current cached_gop_ok : 0, nb_gop_frames : 0 
request frame --- , nb_gop_frames == 0 
[h264 @ 0x7feb5a02be00] nal_unit_type: 1, nal_ref_idc: 2
filter frame --- , insert frame begin, frame queue size : 11, nb_frames : 11, pts : 97792, key_frame : 0 
filter frame --- , frame queue size(11) > 0 and nb_frames(11) > 0, check key_frame : 0, pts : 97792 
filter frame --- , not key frame comes, add it to queue, nb_frames : 12, queue size : 12, pts : 97792 
request frame --- , current cached_gop_ok : 0, nb_gop_frames : 0 
request frame --- , nb_gop_frames == 0 
filter frame --- , insert frame begin, frame queue size : 12, nb_frames : 12, pts : 98304, key_frame : 0 
[h264 @ 0x7feb5a042200] nal_unit_type: 1, nal_ref_idc: 2
filter frame --- , frame queue size(12) > 0 and nb_frames(12) > 0, check key_frame : 0, pts : 98304 
filter frame --- , not key frame comes, add it to queue, nb_frames : 13, queue size : 13, pts : 98304 
request frame --- , current cached_gop_ok : 0, nb_gop_frames : 0 
request frame --- , nb_gop_frames == 0 
[h264 @ 0x7feb5a042800] nal_unit_type: 1, nal_ref_idc: 0
filter frame --- , insert frame begin, frame queue size : 13, nb_frames : 13, pts : 98816, key_frame : 0 
filter frame --- , frame queue size(13) > 0 and nb_frames(13) > 0, check key_frame : 0, pts : 98816 
filter frame --- , not key frame comes, add it to queue, nb_frames : 14, queue size : 14, pts : 98816 
request frame --- , current cached_gop_ok : 0, nb_gop_frames : 0 
request frame --- , nb_gop_frames == 0 
filter frame --- , insert frame begin, frame queue size : 14, nb_frames : 14, pts : 99328, key_frame : 0 
[h264 @ 0x7feb5a009c00] nal_unit_type: 1, nal_ref_idc: 0
filter frame --- , frame queue size(14) > 0 and nb_frames(14) > 0, check key_frame : 0, pts : 99328 
filter frame --- , not key frame comes, add it to queue, nb_frames : 15, queue size : 15, pts : 99328 
request frame --- , current cached_gop_ok : 0, nb_gop_frames : 0 
request frame --- , nb_gop_frames == 0 
[h264 @ 0x7feb5a015a00] nal_unit_type: 1, nal_ref_idc: 2
filter frame --- , insert frame begin, frame queue size : 15, nb_frames : 15, pts : 99840, key_frame : 0 
filter frame --- , frame queue size(15) > 0 and nb_frames(15) > 0, check key_frame : 0, pts : 99840 
filter frame --- , not key frame comes, add it to queue, nb_frames : 16, queue size : 16, pts : 99840 
request frame --- , current cached_gop_ok : 0, nb_gop_frames : 0 
request frame --- , nb_gop_frames == 0 
filter frame --- , insert frame begin, frame queue size : 16, nb_frames : 16, pts : 100352, key_frame : 0 
filter frame --- , frame queue size(16) > 0 and nb_frames(16) > 0, check key_frame : 0, pts : 100352 
[h264 @ 0x7feb5a02be00] nal_unit_type: 1, nal_ref_idc: 2
filter frame --- , not key frame comes, add it to queue, nb_frames : 17, queue size : 17, pts : 100352 
request frame --- , current cached_gop_ok : 0, nb_gop_frames : 0 
request frame --- , nb_gop_frames == 0 
[h264 @ 0x7feb5a042200] nal_unit_type: 1, nal_ref_idc: 0
filter frame --- , insert frame begin, frame queue size : 17, nb_frames : 17, pts : 100864, key_frame : 0 
filter frame --- , frame queue size(17) > 0 and nb_frames(17) > 0, check key_frame : 0, pts : 100864 
filter frame --- , not key frame comes, add it to queue, nb_frames : 18, queue size : 18, pts : 100864 
request frame --- , current cached_gop_ok : 0, nb_gop_frames : 0 
request frame --- , nb_gop_frames == 0 
filter frame --- , insert frame begin, frame queue size : 18, nb_frames : 18, pts : 101376, key_frame : 0 
[h264 @ 0x7feb5a042800] nal_unit_type: 1, nal_ref_idc: 0
filter frame --- , frame queue size(18) > 0 and nb_frames(18) > 0, check key_frame : 0, pts : 101376 
filter frame --- , not key frame comes, add it to queue, nb_frames : 19, queue size : 19, pts : 101376 
request frame --- , current cached_gop_ok : 0, nb_gop_frames : 0 
request frame --- , nb_gop_frames == 0 
filter frame --- , insert frame begin, frame queue size : 19, nb_frames : 19, pts : 101888, key_frame : 0 
[h264 @ 0x7feb5a009c00] nal_unit_type: 1, nal_ref_idc: 2
filter frame --- , frame queue size(19) > 0 and nb_frames(19) > 0, check key_frame : 0, pts : 101888 
filter frame --- , not key frame comes, add it to queue, nb_frames : 20, queue size : 20, pts : 101888 
request frame --- , current cached_gop_ok : 0, nb_gop_frames : 0 
request frame --- , nb_gop_frames == 0 
filter frame --- , insert frame begin, frame queue size : 20, nb_frames : 20, pts : 102400, key_frame : 0 
[h264 @ 0x7feb5a015a00] nal_unit_type: 1, nal_ref_idc: 2
filter frame --- , frame queue size(20) > 0 and nb_frames(20) > 0, check key_frame : 0, pts : 102400 
filter frame --- , not key frame comes, add it to queue, nb_frames : 21, queue size : 21, pts : 102400 
request frame --- , current cached_gop_ok : 0, nb_gop_frames : 0 
request frame --- , nb_gop_frames == 0 
[h264 @ 0x7feb5a02be00] nal_unit_type: 1, nal_ref_idc: 0
filter frame --- , insert frame begin, frame queue size : 21, nb_frames : 21, pts : 102912, key_frame : 0 
filter frame --- , frame queue size(21) > 0 and nb_frames(21) > 0, check key_frame : 0, pts : 102912 
filter frame --- , not key frame comes, add it to queue, nb_frames : 22, queue size : 22, pts : 102912 
request frame --- , current cached_gop_ok : 0, nb_gop_frames : 0 
request frame --- , nb_gop_frames == 0 
filter frame --- , insert frame begin, frame queue size : 22, nb_frames : 22, pts : 103424, key_frame : 0 
[h264 @ 0x7feb5a042200] nal_unit_type: 1, nal_ref_idc: 0
filter frame --- , frame queue size(22) > 0 and nb_frames(22) > 0, check key_frame : 0, pts : 103424 
filter frame --- , not key frame comes, add it to queue, nb_frames : 23, queue size : 23, pts : 103424 
request frame --- , current cached_gop_ok : 0, nb_gop_frames : 0 
request frame --- , nb_gop_frames == 0 
filter frame --- , insert frame begin, frame queue size : 23, nb_frames : 23, pts : 103936, key_frame : 0 
[h264 @ 0x7feb5a042800] nal_unit_type: 1, nal_ref_idc: 2
filter frame --- , frame queue size(23) > 0 and nb_frames(23) > 0, check key_frame : 0, pts : 103936 
filter frame --- , not key frame comes, add it to queue, nb_frames : 24, queue size : 24, pts : 103936 
request frame --- , current cached_gop_ok : 0, nb_gop_frames : 0 
request frame --- , nb_gop_frames == 0 
filter frame --- , insert frame begin, frame queue size : 24, nb_frames : 24, pts : 104448, key_frame : 0 
filter frame --- , frame queue size(24) > 0 and nb_frames(24) > 0, check key_frame : 0, pts : 104448 
filter frame --- , not key frame comes, add it to queue, nb_frames : 25, queue size : 25, pts : 104448 
request frame --- , current cached_gop_ok : 0, nb_gop_frames : 0 
request frame --- , nb_gop_frames == 0 
[h264 @ 0x7feb5a009c00] nal_unit_type: 1, nal_ref_idc: 2
[h264 @ 0x7feb5a015a00] nal_unit_type: 1, nal_ref_idc: 0
filter frame --- , insert frame begin, frame queue size : 25, nb_frames : 25, pts : 104960, key_frame : 0 
filter frame --- , frame queue size(25) > 0 and nb_frames(25) > 0, check key_frame : 0, pts : 104960 
filter frame --- , not key frame comes, add it to queue, nb_frames : 26, queue size : 26, pts : 104960 
request frame --- , current cached_gop_ok : 0, nb_gop_frames : 0 
request frame --- , nb_gop_frames == 0 
[h264 @ 0x7feb5a02be00] nal_unit_type: 1, nal_ref_idc: 0
filter frame --- , insert frame begin, frame queue size : 26, nb_frames : 26, pts : 105472, key_frame : 0 
filter frame --- , frame queue size(26) > 0 and nb_frames(26) > 0, check key_frame : 0, pts : 105472 
filter frame --- , not key frame comes, add it to queue, nb_frames : 27, queue size : 27, pts : 105472 
request frame --- , current cached_gop_ok : 0, nb_gop_frames : 0 
request frame --- , nb_gop_frames == 0 
filter frame --- , insert frame begin, frame queue size : 27, nb_frames : 27, pts : 105984, key_frame : 0 
[h264 @ 0x7feb5a042200] nal_unit_type: 1, nal_ref_idc: 2
filter frame --- , frame queue size(27) > 0 and nb_frames(27) > 0, check key_frame : 0, pts : 105984 
filter frame --- , not key frame comes, add it to queue, nb_frames : 28, queue size : 28, pts : 105984 
request frame --- , current cached_gop_ok : 0, nb_gop_frames : 0 
request frame --- , nb_gop_frames == 0 
filter frame --- , insert frame begin, frame queue size : 28, nb_frames : 28, pts : 106496, key_frame : 0 
[h264 @ 0x7feb5a042800] nal_unit_type: 1, nal_ref_idc: 2
filter frame --- , frame queue size(28) > 0 and nb_frames(28) > 0, check key_frame : 0, pts : 106496 
filter frame --- , not key frame comes, add it to queue, nb_frames : 29, queue size : 29, pts : 106496 
request frame --- , current cached_gop_ok : 0, nb_gop_frames : 0 
request frame --- , nb_gop_frames == 0 
filter frame --- , insert frame begin, frame queue size : 29, nb_frames : 29, pts : 107008, key_frame : 0 
filter frame --- , frame queue size(29) > 0 and nb_frames(29) > 0, check key_frame : 0, pts : 107008 
[h264 @ 0x7feb5a009c00] nal_unit_type: 1, nal_ref_idc: 0
filter frame --- , not key frame comes, add it to queue, nb_frames : 30, queue size : 30, pts : 107008 
request frame --- , current cached_gop_ok : 0, nb_gop_frames : 0 
request frame --- , nb_gop_frames == 0 
filter frame --- , insert frame begin, frame queue size : 30, nb_frames : 30, pts : 107520, key_frame : 0 
[h264 @ 0x7feb5a015a00] nal_unit_type: 1, nal_ref_idc: 0
filter frame --- , frame queue size(30) > 0 and nb_frames(30) > 0, check key_frame : 0, pts : 107520 
filter frame --- , not key frame comes, add it to queue, nb_frames : 31, queue size : 31, pts : 107520 
request frame --- , current cached_gop_ok : 0, nb_gop_frames : 0 
request frame --- , nb_gop_frames == 0 
filter frame --- , insert frame begin, frame queue size : 31, nb_frames : 31, pts : 108032, key_frame : 0 
[h264 @ 0x7feb5a02be00] nal_unit_type: 1, nal_ref_idc: 2
filter frame --- , frame queue size(31) > 0 and nb_frames(31) > 0, check key_frame : 0, pts : 108032 
filter frame --- , not key frame comes, add it to queue, nb_frames : 32, queue size : 32, pts : 108032 
request frame --- , current cached_gop_ok : 0, nb_gop_frames : 0 
request frame --- , nb_gop_frames == 0 
[h264 @ 0x7feb5a042200] nal_unit_type: 1, nal_ref_idc: 2
filter frame --- , insert frame begin, frame queue size : 32, nb_frames : 32, pts : 108544, key_frame : 0 
filter frame --- , frame queue size(32) > 0 and nb_frames(32) > 0, check key_frame : 0, pts : 108544 
filter frame --- , not key frame comes, add it to queue, nb_frames : 33, queue size : 33, pts : 108544 
request frame --- , current cached_gop_ok : 0, nb_gop_frames : 0 
request frame --- , nb_gop_frames == 0 
[h264 @ 0x7feb5a042800] nal_unit_type: 1, nal_ref_idc: 0
filter frame --- , insert frame begin, frame queue size : 33, nb_frames : 33, pts : 109056, key_frame : 0 
filter frame --- , frame queue size(33) > 0 and nb_frames(33) > 0, check key_frame : 0, pts : 109056 
filter frame --- , not key frame comes, add it to queue, nb_frames : 34, queue size : 34, pts : 109056 
request frame --- , current cached_gop_ok : 0, nb_gop_frames : 0 
request frame --- , nb_gop_frames == 0 
filter frame --- , insert frame begin, frame queue size : 34, nb_frames : 34, pts : 109568, key_frame : 0 
[h264 @ 0x7feb5a009c00] nal_unit_type: 1, nal_ref_idc: 0
filter frame --- , frame queue size(34) > 0 and nb_frames(34) > 0, check key_frame : 0, pts : 109568 
filter frame --- , not key frame comes, add it to queue, nb_frames : 35, queue size : 35, pts : 109568 
request frame --- , current cached_gop_ok : 0, nb_gop_frames : 0 
request frame --- , nb_gop_frames == 0 
filter frame --- , insert frame begin, frame queue size : 35, nb_frames : 35, pts : 110080, key_frame : 0 
[h264 @ 0x7feb5a015a00] nal_unit_type: 1, nal_ref_idc: 2
filter frame --- , frame queue size(35) > 0 and nb_frames(35) > 0, check key_frame : 0, pts : 110080 
filter frame --- , not key frame comes, add it to queue, nb_frames : 36, queue size : 36, pts : 110080 
request frame --- , current cached_gop_ok : 0, nb_gop_frames : 0 
request frame --- , nb_gop_frames == 0 
filter frame --- , insert frame begin, frame queue size : 36, nb_frames : 36, pts : 110592, key_frame : 0 
[h264 @ 0x7feb5a02be00] nal_unit_type: 1, nal_ref_idc: 2
filter frame --- , frame queue size(36) > 0 and nb_frames(36) > 0, check key_frame : 0, pts : 110592 
filter frame --- , not key frame comes, add it to queue, nb_frames : 37, queue size : 37, pts : 110592 
request frame --- , current cached_gop_ok : 0, nb_gop_frames : 0 
request frame --- , nb_gop_frames == 0 
[h264 @ 0x7feb5a042200] nal_unit_type: 1, nal_ref_idc: 0
filter frame --- , insert frame begin, frame queue size : 37, nb_frames : 37, pts : 111104, key_frame : 0 
filter frame --- , frame queue size(37) > 0 and nb_frames(37) > 0, check key_frame : 0, pts : 111104 
filter frame --- , not key frame comes, add it to queue, nb_frames : 38, queue size : 38, pts : 111104 
request frame --- , current cached_gop_ok : 0, nb_gop_frames : 0 
request frame --- , nb_gop_frames == 0 
filter frame --- , insert frame begin, frame queue size : 38, nb_frames : 38, pts : 111616, key_frame : 0 
[h264 @ 0x7feb5a042800] nal_unit_type: 1, nal_ref_idc: 0
filter frame --- , frame queue size(38) > 0 and nb_frames(38) > 0, check key_frame : 0, pts : 111616 
filter frame --- , not key frame comes, add it to queue, nb_frames : 39, queue size : 39, pts : 111616 
request frame --- , current cached_gop_ok : 0, nb_gop_frames : 0 
request frame --- , nb_gop_frames == 0 
[h264 @ 0x7feb5a009c00] nal_unit_type: 1, nal_ref_idc: 2
filter frame --- , insert frame begin, frame queue size : 39, nb_frames : 39, pts : 112128, key_frame : 0 
filter frame --- , frame queue size(39) > 0 and nb_frames(39) > 0, check key_frame : 0, pts : 112128 
filter frame --- , not key frame comes, add it to queue, nb_frames : 40, queue size : 40, pts : 112128 
request frame --- , current cached_gop_ok : 0, nb_gop_frames : 0 
request frame --- , nb_gop_frames == 0 
filter frame --- , insert frame begin, frame queue size : 40, nb_frames : 40, pts : 112640, key_frame : 0 
[h264 @ 0x7feb5a015a00] nal_unit_type: 1, nal_ref_idc: 2
filter frame --- , frame queue size(40) > 0 and nb_frames(40) > 0, check key_frame : 0, pts : 112640 
filter frame --- , not key frame comes, add it to queue, nb_frames : 41, queue size : 41, pts : 112640 
request frame --- , current cached_gop_ok : 0, nb_gop_frames : 0 
request frame --- , nb_gop_frames == 0 
[h264 @ 0x7feb5a02be00] nal_unit_type: 1, nal_ref_idc: 0
filter frame --- , insert frame begin, frame queue size : 41, nb_frames : 41, pts : 113152, key_frame : 0 
filter frame --- , frame queue size(41) > 0 and nb_frames(41) > 0, check key_frame : 0, pts : 113152 
filter frame --- , not key frame comes, add it to queue, nb_frames : 42, queue size : 42, pts : 113152 
request frame --- , current cached_gop_ok : 0, nb_gop_frames : 0 
request frame --- , nb_gop_frames == 0 
filter frame --- , insert frame begin, frame queue size : 42, nb_frames : 42, pts : 113664, key_frame : 0 
[h264 @ 0x7feb5a042200] nal_unit_type: 1, nal_ref_idc: 0
filter frame --- , frame queue size(42) > 0 and nb_frames(42) > 0, check key_frame : 0, pts : 113664 
filter frame --- , not key frame comes, add it to queue, nb_frames : 43, queue size : 43, pts : 113664 
request frame --- , current cached_gop_ok : 0, nb_gop_frames : 0 
request frame --- , nb_gop_frames == 0 
filter frame --- , insert frame begin, frame queue size : 43, nb_frames : 43, pts : 114176, key_frame : 0 
[h264 @ 0x7feb5a042800] nal_unit_type: 1, nal_ref_idc: 2
filter frame --- , frame queue size(43) > 0 and nb_frames(43) > 0, check key_frame : 0, pts : 114176 
filter frame --- , not key frame comes, add it to queue, nb_frames : 44, queue size : 44, pts : 114176 
request frame --- , current cached_gop_ok : 0, nb_gop_frames : 0 
request frame --- , nb_gop_frames == 0 
filter frame --- , insert frame begin, frame queue size : 44, nb_frames : 44, pts : 114688, key_frame : 0 
filter frame --- , frame queue size(44) > 0 and nb_frames(44) > 0, check key_frame : 0, pts : 114688 
filter frame --- , not key frame comes, add it to queue, nb_frames : 45, queue size : 45, pts : 114688 
request frame --- , current cached_gop_ok : 0, nb_gop_frames : 0 
request frame --- , nb_gop_frames == 0 
[h264 @ 0x7feb5a009c00] nal_unit_type: 1, nal_ref_idc: 2
filter frame --- , insert frame begin, frame queue size : 45, nb_frames : 45, pts : 115200, key_frame : 0 
[h264 @ 0x7feb5a015a00] nal_unit_type: 1, nal_ref_idc: 0
filter frame --- , frame queue size(45) > 0 and nb_frames(45) > 0, check key_frame : 0, pts : 115200 
filter frame --- , not key frame comes, add it to queue, nb_frames : 46, queue size : 46, pts : 115200 
request frame --- , current cached_gop_ok : 0, nb_gop_frames : 0 
request frame --- , nb_gop_frames == 0 
filter frame --- , insert frame begin, frame queue size : 46, nb_frames : 46, pts : 115712, key_frame : 0 
[h264 @ 0x7feb5a02be00] nal_unit_type: 1, nal_ref_idc: 0
filter frame --- , frame queue size(46) > 0 and nb_frames(46) > 0, check key_frame : 0, pts : 115712 
filter frame --- , not key frame comes, add it to queue, nb_frames : 47, queue size : 47, pts : 115712 
request frame --- , current cached_gop_ok : 0, nb_gop_frames : 0 
request frame --- , nb_gop_frames == 0 
filter frame --- , insert frame begin, frame queue size : 47, nb_frames : 47, pts : 116224, key_frame : 0 
filter frame --- , frame queue size(47) > 0 and nb_frames(47) > 0, check key_frame : 0, pts : 116224 
filter frame --- , not key frame comes, add it to queue, nb_frames : 48, queue size : 48, pts : 116224 
request frame --- , current cached_gop_ok : 0, nb_gop_frames : 0 
[h264 @ 0x7feb5a042200] nal_unit_type: 1, nal_ref_idc: 2
request frame --- , nb_gop_frames == 0 
[h264 @ 0x7feb5a042800] nal_unit_type: 1, nal_ref_idc: 2
filter frame --- , insert frame begin, frame queue size : 48, nb_frames : 48, pts : 116736, key_frame : 0 
filter frame --- , frame queue size(48) > 0 and nb_frames(48) > 0, check key_frame : 0, pts : 116736 
filter frame --- , not key frame comes, add it to queue, nb_frames : 49, queue size : 49, pts : 116736 
request frame --- , current cached_gop_ok : 0, nb_gop_frames : 0 
request frame --- , nb_gop_frames == 0 
filter frame --- , insert frame begin, frame queue size : 49, nb_frames : 49, pts : 117248, key_frame : 0 
filter frame --- , frame queue size(49) > 0 and nb_frames(49) > 0, check key_frame : 0, pts : 117248 
filter frame --- , not key frame comes, add it to queue, nb_frames : 50, queue size : 50, pts : 117248 
request frame --- , current cached_gop_ok : 0, nb_gop_frames : 0 
request frame --- , nb_gop_frames == 0 
[h264 @ 0x7feb5a009c00] nal_unit_type: 1, nal_ref_idc: 0
filter frame --- , insert frame begin, frame queue size : 50, nb_frames : 50, pts : 117760, key_frame : 0 
[h264 @ 0x7feb5a015a00] nal_unit_type: 1, nal_ref_idc: 0
filter frame --- , frame queue size(50) > 0 and nb_frames(50) > 0, check key_frame : 0, pts : 117760 
filter frame --- , not key frame comes, add it to queue, nb_frames : 51, queue size : 51, pts : 117760 
request frame --- , current cached_gop_ok : 0, nb_gop_frames : 0 
request frame --- , nb_gop_frames == 0 
filter frame --- , insert frame begin, frame queue size : 51, nb_frames : 51, pts : 118272, key_frame : 0 
filter frame --- , frame queue size(51) > 0 and nb_frames(51) > 0, check key_frame : 0, pts : 118272 
filter frame --- , not key frame comes, add it to queue, nb_frames : 52, queue size : 52, pts : 118272 
[h264 @ 0x7feb5a02be00] nal_unit_type: 1, nal_ref_idc: 2
request frame --- , current cached_gop_ok : 0, nb_gop_frames : 0 
request frame --- , nb_gop_frames == 0 
filter frame --- , insert frame begin, frame queue size : 52, nb_frames : 52, pts : 118784, key_frame : 0 
[h264 @ 0x7feb5a042200] nal_unit_type: 1, nal_ref_idc: 2
filter frame --- , frame queue size(52) > 0 and nb_frames(52) > 0, check key_frame : 0, pts : 118784 
filter frame --- , not key frame comes, add it to queue, nb_frames : 53, queue size : 53, pts : 118784 
request frame --- , current cached_gop_ok : 0, nb_gop_frames : 0 
request frame --- , nb_gop_frames == 0 
[h264 @ 0x7feb5a042800] nal_unit_type: 1, nal_ref_idc: 0
filter frame --- , insert frame begin, frame queue size : 53, nb_frames : 53, pts : 119296, key_frame : 0 
filter frame --- , frame queue size(53) > 0 and nb_frames(53) > 0, check key_frame : 0, pts : 119296 
filter frame --- , not key frame comes, add it to queue, nb_frames : 54, queue size : 54, pts : 119296 
request frame --- , current cached_gop_ok : 0, nb_gop_frames : 0 
request frame --- , nb_gop_frames == 0 
filter frame --- , insert frame begin, frame queue size : 54, nb_frames : 54, pts : 119808, key_frame : 0 
[h264 @ 0x7feb5a009c00] nal_unit_type: 1, nal_ref_idc: 0
filter frame --- , frame queue size(54) > 0 and nb_frames(54) > 0, check key_frame : 0, pts : 119808 
filter frame --- , not key frame comes, add it to queue, nb_frames : 55, queue size : 55, pts : 119808 
request frame --- , current cached_gop_ok : 0, nb_gop_frames : 0 
request frame --- , nb_gop_frames == 0 
[h264 @ 0x7feb5a015a00] nal_unit_type: 1, nal_ref_idc: 2
filter frame --- , insert frame begin, frame queue size : 55, nb_frames : 55, pts : 120320, key_frame : 0 
filter frame --- , frame queue size(55) > 0 and nb_frames(55) > 0, check key_frame : 0, pts : 120320 
filter frame --- , not key frame comes, add it to queue, nb_frames : 56, queue size : 56, pts : 120320 
request frame --- , current cached_gop_ok : 0, nb_gop_frames : 0 
request frame --- , nb_gop_frames == 0 
filter frame --- , insert frame begin, frame queue size : 56, nb_frames : 56, pts : 120832, key_frame : 0 
[h264 @ 0x7feb5a02be00] nal_unit_type: 1, nal_ref_idc: 2
filter frame --- , frame queue size(56) > 0 and nb_frames(56) > 0, check key_frame : 0, pts : 120832 
filter frame --- , not key frame comes, add it to queue, nb_frames : 57, queue size : 57, pts : 120832 
request frame --- , current cached_gop_ok : 0, nb_gop_frames : 0 
request frame --- , nb_gop_frames == 0 
filter frame --- , insert frame begin, frame queue size : 57, nb_frames : 57, pts : 121344, key_frame : 0 
[h264 @ 0x7feb5a042200] nal_unit_type: 1, nal_ref_idc: 0
filter frame --- , frame queue size(57) > 0 and nb_frames(57) > 0, check key_frame : 0, pts : 121344 
filter frame --- , not key frame comes, add it to queue, nb_frames : 58, queue size : 58, pts : 121344 
request frame --- , current cached_gop_ok : 0, nb_gop_frames : 0 
request frame --- , nb_gop_frames == 0 
filter frame --- , insert frame begin, frame queue size : 58, nb_frames : 58, pts : 121856, key_frame : 0 
filter frame --- , frame queue size(58) > 0 and nb_frames(58) > 0, check key_frame : 0, pts : 121856 
filter frame --- , not key frame comes, add it to queue, nb_frames : 59, queue size : 59, pts : 121856 
[h264 @ 0x7feb5a042800] nal_unit_type: 1, nal_ref_idc: 0
request frame --- , current cached_gop_ok : 0, nb_gop_frames : 0 
request frame --- , nb_gop_frames == 0 
filter frame --- , insert frame begin, frame queue size : 59, nb_frames : 59, pts : 122368, key_frame : 0 
filter frame --- , frame queue size(59) > 0 and nb_frames(59) > 0, check key_frame : 0, pts : 122368 
filter frame --- , not key frame comes, add it to queue, nb_frames : 60, queue size : 60, pts : 122368 
request frame --- , current cached_gop_ok : 0, nb_gop_frames : 0 
[h264 @ 0x7feb5a009c00] nal_unit_type: 1, nal_ref_idc: 2
request frame --- , nb_gop_frames == 0 
[h264 @ 0x7feb5a015a00] nal_unit_type: 1, nal_ref_idc: 2
filter frame --- , insert frame begin, frame queue size : 60, nb_frames : 60, pts : 122880, key_frame : 0 
filter frame --- , frame queue size(60) > 0 and nb_frames(60) > 0, check key_frame : 0, pts : 122880 
filter frame --- , not key frame comes, add it to queue, nb_frames : 61, queue size : 61, pts : 122880 
request frame --- , current cached_gop_ok : 0, nb_gop_frames : 0 
request frame --- , nb_gop_frames == 0 
[h264 @ 0x7feb5a02be00] nal_unit_type: 1, nal_ref_idc: 0
filter frame --- , insert frame begin, frame queue size : 61, nb_frames : 61, pts : 123392, key_frame : 0 
filter frame --- , frame queue size(61) > 0 and nb_frames(61) > 0, check key_frame : 0, pts : 123392 
filter frame --- , not key frame comes, add it to queue, nb_frames : 62, queue size : 62, pts : 123392 
request frame --- , current cached_gop_ok : 0, nb_gop_frames : 0 
request frame --- , nb_gop_frames == 0 
[h264 @ 0x7feb5a042200] nal_unit_type: 1, nal_ref_idc: 0
filter frame --- , insert frame begin, frame queue size : 62, nb_frames : 62, pts : 123904, key_frame : 0 
filter frame --- , frame queue size(62) > 0 and nb_frames(62) > 0, check key_frame : 0, pts : 123904 
filter frame --- , not key frame comes, add it to queue, nb_frames : 63, queue size : 63, pts : 123904 
request frame --- , current cached_gop_ok : 0, nb_gop_frames : 0 
request frame --- , nb_gop_frames == 0 
filter frame --- , insert frame begin, frame queue size : 63, nb_frames : 63, pts : 124416, key_frame : 0 
[h264 @ 0x7feb5a042800] nal_unit_type: 1, nal_ref_idc: 2
filter frame --- , frame queue size(63) > 0 and nb_frames(63) > 0, check key_frame : 0, pts : 124416 
filter frame --- , not key frame comes, add it to queue, nb_frames : 64, queue size : 64, pts : 124416 
request frame --- , current cached_gop_ok : 0, nb_gop_frames : 0 
request frame --- , nb_gop_frames == 0 
filter frame --- , insert frame begin, frame queue size : 64, nb_frames : 64, pts : 124928, key_frame : 0 
filter frame --- , frame queue size(64) > 0 and nb_frames(64) > 0, check key_frame : 0, pts : 124928 
filter frame --- , not key frame comes, add it to queue, nb_frames : 65, queue size : 65, pts : 124928 
request frame --- , current cached_gop_ok : 0, nb_gop_frames : 0 
request frame --- , nb_gop_frames == 0 
[h264 @ 0x7feb5a009c00] nal_unit_type: 1, nal_ref_idc: 2
filter frame --- , insert frame begin, frame queue size : 65, nb_frames : 65, pts : 125440, key_frame : 0 
[h264 @ 0x7feb5a015a00] nal_unit_type: 1, nal_ref_idc: 0
filter frame --- , frame queue size(65) > 0 and nb_frames(65) > 0, check key_frame : 0, pts : 125440 
filter frame --- , not key frame comes, add it to queue, nb_frames : 66, queue size : 66, pts : 125440 
request frame --- , current cached_gop_ok : 0, nb_gop_frames : 0 
request frame --- , nb_gop_frames == 0 
filter frame --- , insert frame begin, frame queue size : 66, nb_frames : 66, pts : 125952, key_frame : 0 
[h264 @ 0x7feb5a02be00] nal_unit_type: 1, nal_ref_idc: 0
filter frame --- , frame queue size(66) > 0 and nb_frames(66) > 0, check key_frame : 0, pts : 125952 
filter frame --- , not key frame comes, add it to queue, nb_frames : 67, queue size : 67, pts : 125952 
request frame --- , current cached_gop_ok : 0, nb_gop_frames : 0 
request frame --- , nb_gop_frames == 0 
[h264 @ 0x7feb5a042200] nal_unit_type: 1, nal_ref_idc: 2
filter frame --- , insert frame begin, frame queue size : 67, nb_frames : 67, pts : 126464, key_frame : 0 
filter frame --- , frame queue size(67) > 0 and nb_frames(67) > 0, check key_frame : 0, pts : 126464 
filter frame --- , not key frame comes, add it to queue, nb_frames : 68, queue size : 68, pts : 126464 
request frame --- , current cached_gop_ok : 0, nb_gop_frames : 0 
request frame --- , nb_gop_frames == 0 
[h264 @ 0x7feb5a042800] nal_unit_type: 1, nal_ref_idc: 2
filter frame --- , insert frame begin, frame queue size : 68, nb_frames : 68, pts : 126976, key_frame : 0 
filter frame --- , frame queue size(68) > 0 and nb_frames(68) > 0, check key_frame : 0, pts : 126976 
filter frame --- , not key frame comes, add it to queue, nb_frames : 69, queue size : 69, pts : 126976 
request frame --- , current cached_gop_ok : 0, nb_gop_frames : 0 
request frame --- , nb_gop_frames == 0 
filter frame --- , insert frame begin, frame queue size : 69, nb_frames : 69, pts : 127488, key_frame : 0 
filter frame --- , frame queue size(69) > 0 and nb_frames(69) > 0, check key_frame : 0, pts : 127488 
filter frame --- , not key frame comes, add it to queue, nb_frames : 70, queue size : 70, pts : 127488 
request frame --- , current cached_gop_ok : 0, nb_gop_frames : 0 
request frame --- , nb_gop_frames == 0 
[h264 @ 0x7feb5a009c00] nal_unit_type: 1, nal_ref_idc: 0
filter frame --- , insert frame begin, frame queue size : 70, nb_frames : 70, pts : 128000, key_frame : 0 
[h264 @ 0x7feb5a015a00] nal_unit_type: 1, nal_ref_idc: 0
filter frame --- , frame queue size(70) > 0 and nb_frames(70) > 0, check key_frame : 0, pts : 128000 
filter frame --- , not key frame comes, add it to queue, nb_frames : 71, queue size : 71, pts : 128000 
request frame --- , current cached_gop_ok : 0, nb_gop_frames : 0 
request frame --- , nb_gop_frames == 0 
filter frame --- , insert frame begin, frame queue size : 71, nb_frames : 71, pts : 128512, key_frame : 0 
filter frame --- , frame queue size(71) > 0 and nb_frames(71) > 0, check key_frame : 0, pts : 128512 
filter frame --- , not key frame comes, add it to queue, nb_frames : 72, queue size : 72, pts : 128512 
[h264 @ 0x7feb5a02be00] nal_unit_type: 1, nal_ref_idc: 2
request frame --- , current cached_gop_ok : 0, nb_gop_frames : 0 
request frame --- , nb_gop_frames == 0 
filter frame --- , insert frame begin, frame queue size : 72, nb_frames : 72, pts : 129024, key_frame : 0 
[h264 @ 0x7feb5a042200] nal_unit_type: 1, nal_ref_idc: 2
filter frame --- , frame queue size(72) > 0 and nb_frames(72) > 0, check key_frame : 0, pts : 129024 
filter frame --- , not key frame comes, add it to queue, nb_frames : 73, queue size : 73, pts : 129024 
request frame --- , current cached_gop_ok : 0, nb_gop_frames : 0 
request frame --- , nb_gop_frames == 0 
[h264 @ 0x7feb5a042800] nal_unit_type: 1, nal_ref_idc: 0
filter frame --- , insert frame begin, frame queue size : 73, nb_frames : 73, pts : 129536, key_frame : 0 
filter frame --- , frame queue size(73) > 0 and nb_frames(73) > 0, check key_frame : 0, pts : 129536 
filter frame --- , not key frame comes, add it to queue, nb_frames : 74, queue size : 74, pts : 129536 
request frame --- , current cached_gop_ok : 0, nb_gop_frames : 0 
request frame --- , nb_gop_frames == 0 
filter frame --- , insert frame begin, frame queue size : 74, nb_frames : 74, pts : 130048, key_frame : 0 
filter frame --- , frame queue size(74) > 0 and nb_frames(74) > 0, check key_frame : 0, pts : 130048 
filter frame --- , not key frame comes, add it to queue, nb_frames : 75, queue size : 75, pts : 130048 
[h264 @ 0x7feb5a009c00] nal_unit_type: 1, nal_ref_idc: 0
request frame --- , current cached_gop_ok : 0, nb_gop_frames : 0 
request frame --- , nb_gop_frames == 0 
filter frame --- , insert frame begin, frame queue size : 75, nb_frames : 75, pts : 130560, key_frame : 0 
[h264 @ 0x7feb5a015a00] nal_unit_type: 1, nal_ref_idc: 2
filter frame --- , frame queue size(75) > 0 and nb_frames(75) > 0, check key_frame : 0, pts : 130560 
filter frame --- , not key frame comes, add it to queue, nb_frames : 76, queue size : 76, pts : 130560 
request frame --- , current cached_gop_ok : 0, nb_gop_frames : 0 
request frame --- , nb_gop_frames == 0 
filter frame --- , insert frame begin, frame queue size : 76, nb_frames : 76, pts : 131072, key_frame : 0 
[h264 @ 0x7feb5a02be00] nal_unit_type: 1, nal_ref_idc: 2
filter frame --- , frame queue size(76) > 0 and nb_frames(76) > 0, check key_frame : 0, pts : 131072 
filter frame --- , not key frame comes, add it to queue, nb_frames : 77, queue size : 77, pts : 131072 
request frame --- , current cached_gop_ok : 0, nb_gop_frames : 0 
request frame --- , nb_gop_frames == 0 
filter frame --- , insert frame begin, frame queue size : 77, nb_frames : 77, pts : 131584, key_frame : 0 
[h264 @ 0x7feb5a042200] nal_unit_type: 1, nal_ref_idc: 0
filter frame --- , frame queue size(77) > 0 and nb_frames(77) > 0, check key_frame : 0, pts : 131584 
filter frame --- , not key frame comes, add it to queue, nb_frames : 78, queue size : 78, pts : 131584 
request frame --- , current cached_gop_ok : 0, nb_gop_frames : 0 
request frame --- , nb_gop_frames == 0 
[h264 @ 0x7feb5a042800] nal_unit_type: 1, nal_ref_idc: 0
filter frame --- , insert frame begin, frame queue size : 78, nb_frames : 78, pts : 132096, key_frame : 0 
filter frame --- , frame queue size(78) > 0 and nb_frames(78) > 0, check key_frame : 0, pts : 132096 
filter frame --- , not key frame comes, add it to queue, nb_frames : 79, queue size : 79, pts : 132096 
request frame --- , current cached_gop_ok : 0, nb_gop_frames : 0 
request frame --- , nb_gop_frames == 0 
filter frame --- , insert frame begin, frame queue size : 79, nb_frames : 79, pts : 132608, key_frame : 0 
filter frame --- , frame queue size(79) > 0 and nb_frames(79) > 0, check key_frame : 0, pts : 132608 
filter frame --- , not key frame comes, add it to queue, nb_frames : 80, queue size : 80, pts : 132608 
request frame --- , current cached_gop_ok : 0, nb_gop_frames : 0 
request frame --- , nb_gop_frames == 0 
[h264 @ 0x7feb5a009c00] nal_unit_type: 1, nal_ref_idc: 2
[h264 @ 0x7feb5a015a00] nal_unit_type: 1, nal_ref_idc: 2
filter frame --- , insert frame begin, frame queue size : 80, nb_frames : 80, pts : 133120, key_frame : 0 
filter frame --- , frame queue size(80) > 0 and nb_frames(80) > 0, check key_frame : 0, pts : 133120 
filter frame --- , not key frame comes, add it to queue, nb_frames : 81, queue size : 81, pts : 133120 
request frame --- , current cached_gop_ok : 0, nb_gop_frames : 0 
request frame --- , nb_gop_frames == 0 
[h264 @ 0x7feb5a02be00] nal_unit_type: 1, nal_ref_idc: 0
filter frame --- , insert frame begin, frame queue size : 81, nb_frames : 81, pts : 133632, key_frame : 0 
filter frame --- , frame queue size(81) > 0 and nb_frames(81) > 0, check key_frame : 0, pts : 133632 
filter frame --- , not key frame comes, add it to queue, nb_frames : 82, queue size : 82, pts : 133632 
request frame --- , current cached_gop_ok : 0, nb_gop_frames : 0 
request frame --- , nb_gop_frames == 0 
[h264 @ 0x7feb5a042200] nal_unit_type: 1, nal_ref_idc: 0
filter frame --- , insert frame begin, frame queue size : 82, nb_frames : 82, pts : 134144, key_frame : 0 
filter frame --- , frame queue size(82) > 0 and nb_frames(82) > 0, check key_frame : 0, pts : 134144 
filter frame --- , not key frame comes, add it to queue, nb_frames : 83, queue size : 83, pts : 134144 
request frame --- , current cached_gop_ok : 0, nb_gop_frames : 0 
request frame --- , nb_gop_frames == 0 
filter frame --- , insert frame begin, frame queue size : 83, nb_frames : 83, pts : 134656, key_frame : 0 
[h264 @ 0x7feb5a042800] nal_unit_type: 1, nal_ref_idc: 2
filter frame --- , frame queue size(83) > 0 and nb_frames(83) > 0, check key_frame : 0, pts : 134656 
filter frame --- , not key frame comes, add it to queue, nb_frames : 84, queue size : 84, pts : 134656 
request frame --- , current cached_gop_ok : 0, nb_gop_frames : 0 
request frame --- , nb_gop_frames == 0 
filter frame --- , insert frame begin, frame queue size : 84, nb_frames : 84, pts : 135168, key_frame : 0 
filter frame --- , frame queue size(84) > 0 and nb_frames(84) > 0, check key_frame : 0, pts : 135168 
filter frame --- , not key frame comes, add it to queue, nb_frames : 85, queue size : 85, pts : 135168 
request frame --- , current cached_gop_ok : 0, nb_gop_frames : 0 
request frame --- , nb_gop_frames == 0 
[h264 @ 0x7feb5a009c00] nal_unit_type: 5, nal_ref_idc: 3
filter frame --- , insert frame begin, frame queue size : 85, nb_frames : 85, pts : 135680, key_frame : 0 
[h264 @ 0x7feb5a015a00] nal_unit_type: 1, nal_ref_idc: 2
filter frame --- , frame queue size(85) > 0 and nb_frames(85) > 0, check key_frame : 0, pts : 135680 
filter frame --- , not key frame comes, add it to queue, nb_frames : 86, queue size : 86, pts : 135680 
request frame --- , current cached_gop_ok : 0, nb_gop_frames : 0 
request frame --- , nb_gop_frames == 0 
[h264 @ 0x7feb5a02be00] nal_unit_type: 1, nal_ref_idc: 2
filter frame --- , insert frame begin, frame queue size : 86, nb_frames : 86, pts : 136192, key_frame : 0 
filter frame --- , frame queue size(86) > 0 and nb_frames(86) > 0, check key_frame : 0, pts : 136192 
filter frame --- , not key frame comes, add it to queue, nb_frames : 87, queue size : 87, pts : 136192 
request frame --- , current cached_gop_ok : 0, nb_gop_frames : 0 
request frame --- , nb_gop_frames == 0 
filter frame --- , insert frame begin, frame queue size : 87, nb_frames : 87, pts : 136704, key_frame : 0 
[h264 @ 0x7feb5a042200] nal_unit_type: 1, nal_ref_idc: 0
filter frame --- , frame queue size(87) > 0 and nb_frames(87) > 0, check key_frame : 0, pts : 136704 
filter frame --- , not key frame comes, add it to queue, nb_frames : 88, queue size : 88, pts : 136704 
request frame --- , current cached_gop_ok : 0, nb_gop_frames : 0 
request frame --- , nb_gop_frames == 0 
[h264 @ 0x7feb5a042800] nal_unit_type: 1, nal_ref_idc: 0
filter frame --- , insert frame begin, frame queue size : 88, nb_frames : 88, pts : 137216, key_frame : 0 
filter frame --- , frame queue size(88) > 0 and nb_frames(88) > 0, check key_frame : 0, pts : 137216 
filter frame --- , not key frame comes, add it to queue, nb_frames : 89, queue size : 89, pts : 137216 
request frame --- , current cached_gop_ok : 0, nb_gop_frames : 0 
request frame --- , nb_gop_frames == 0 
filter frame --- , insert frame begin, frame queue size : 89, nb_frames : 89, pts : 137728, key_frame : 0 
[h264 @ 0x7feb5a009c00] nal_unit_type: 1, nal_ref_idc: 2
filter frame --- , frame queue size(89) > 0 and nb_frames(89) > 0, check key_frame : 0, pts : 137728 
filter frame --- , not key frame comes, add it to queue, nb_frames : 90, queue size : 90, pts : 137728 
request frame --- , current cached_gop_ok : 0, nb_gop_frames : 0 
request frame --- , nb_gop_frames == 0 
[h264 @ 0x7feb5a015a00] nal_unit_type: 1, nal_ref_idc: 2
filter frame --- , insert frame begin, frame queue size : 90, nb_frames : 90, pts : 138240, key_frame : 1 
filter frame --- , frame queue size(90) > 0 and nb_frames(90) > 0, check key_frame : 1, pts : 138240 
filter frame --- , key frame(next gop) comes, check nb_gop_frames : 0 
filter frame --- , key frame(next gop) comes, take frame from queue to gop_frames, nb_frames : 89, nb_gop_frames : 1, queue size : 89, pts : 92160 
filter frame --- , not key frame(next gop) comes, take frame from queue to gop_frames, nb_frames : 88, nb_gop_frames : 2, queue size : 88, pts : 92672 
filter frame --- , not key frame(next gop) comes, take frame from queue to gop_frames, nb_frames : 87, nb_gop_frames : 3, queue size : 87, pts : 93184 
filter frame --- , not key frame(next gop) comes, take frame from queue to gop_frames, nb_frames : 86, nb_gop_frames : 4, queue size : 86, pts : 93696 
filter frame --- , not key frame(next gop) comes, take frame from queue to gop_frames, nb_frames : 85, nb_gop_frames : 5, queue size : 85, pts : 94208 
filter frame --- , not key frame(next gop) comes, take frame from queue to gop_frames, nb_frames : 84, nb_gop_frames : 6, queue size : 84, pts : 94720 
filter frame --- , not key frame(next gop) comes, take frame from queue to gop_frames, nb_frames : 83, nb_gop_frames : 7, queue size : 83, pts : 95232 
filter frame --- , not key frame(next gop) comes, take frame from queue to gop_frames, nb_frames : 82, nb_gop_frames : 8, queue size : 82, pts : 95744 
filter frame --- , not key frame(next gop) comes, take frame from queue to gop_frames, nb_frames : 81, nb_gop_frames : 9, queue size : 81, pts : 96256 
filter frame --- , not key frame(next gop) comes, take frame from queue to gop_frames, nb_frames : 80, nb_gop_frames : 10, queue size : 80, pts : 96768 
filter frame --- , not key frame(next gop) comes, take frame from queue to gop_frames, nb_frames : 79, nb_gop_frames : 11, queue size : 79, pts : 97280 
filter frame --- , not key frame(next gop) comes, take frame from queue to gop_frames, nb_frames : 78, nb_gop_frames : 12, queue size : 78, pts : 97792 
filter frame --- , not key frame(next gop) comes, take frame from queue to gop_frames, nb_frames : 77, nb_gop_frames : 13, queue size : 77, pts : 98304 
filter frame --- , not key frame(next gop) comes, take frame from queue to gop_frames, nb_frames : 76, nb_gop_frames : 14, queue size : 76, pts : 98816 
filter frame --- , not key frame(next gop) comes, take frame from queue to gop_frames, nb_frames : 75, nb_gop_frames : 15, queue size : 75, pts : 99328 
filter frame --- , not key frame(next gop) comes, take frame from queue to gop_frames, nb_frames : 74, nb_gop_frames : 16, queue size : 74, pts : 99840 
filter frame --- , not key frame(next gop) comes, take frame from queue to gop_frames, nb_frames : 73, nb_gop_frames : 17, queue size : 73, pts : 100352 
filter frame --- , not key frame(next gop) comes, take frame from queue to gop_frames, nb_frames : 72, nb_gop_frames : 18, queue size : 72, pts : 100864 
filter frame --- , not key frame(next gop) comes, take frame from queue to gop_frames, nb_frames : 71, nb_gop_frames : 19, queue size : 71, pts : 101376 
filter frame --- , not key frame(next gop) comes, take frame from queue to gop_frames, nb_frames : 70, nb_gop_frames : 20, queue size : 70, pts : 101888 
filter frame --- , not key frame(next gop) comes, take frame from queue to gop_frames, nb_frames : 69, nb_gop_frames : 21, queue size : 69, pts : 102400 
filter frame --- , not key frame(next gop) comes, take frame from queue to gop_frames, nb_frames : 68, nb_gop_frames : 22, queue size : 68, pts : 102912 
filter frame --- , not key frame(next gop) comes, take frame from queue to gop_frames, nb_frames : 67, nb_gop_frames : 23, queue size : 67, pts : 103424 
filter frame --- , not key frame(next gop) comes, take frame from queue to gop_frames, nb_frames : 66, nb_gop_frames : 24, queue size : 66, pts : 103936 
filter frame --- , not key frame(next gop) comes, take frame from queue to gop_frames, nb_frames : 65, nb_gop_frames : 25, queue size : 65, pts : 104448 
filter frame --- , not key frame(next gop) comes, take frame from queue to gop_frames, nb_frames : 64, nb_gop_frames : 26, queue size : 64, pts : 104960 
filter frame --- , not key frame(next gop) comes, take frame from queue to gop_frames, nb_frames : 63, nb_gop_frames : 27, queue size : 63, pts : 105472 
filter frame --- , not key frame(next gop) comes, take frame from queue to gop_frames, nb_frames : 62, nb_gop_frames : 28, queue size : 62, pts : 105984 
filter frame --- , not key frame(next gop) comes, take frame from queue to gop_frames, nb_frames : 61, nb_gop_frames : 29, queue size : 61, pts : 106496 
filter frame --- , not key frame(next gop) comes, take frame from queue to gop_frames, nb_frames : 60, nb_gop_frames : 30, queue size : 60, pts : 107008 
filter frame --- , not key frame(next gop) comes, take frame from queue to gop_frames, nb_frames : 59, nb_gop_frames : 31, queue size : 59, pts : 107520 
filter frame --- , not key frame(next gop) comes, take frame from queue to gop_frames, nb_frames : 58, nb_gop_frames : 32, queue size : 58, pts : 108032 
filter frame --- , not key frame(next gop) comes, take frame from queue to gop_frames, nb_frames : 57, nb_gop_frames : 33, queue size : 57, pts : 108544 
filter frame --- , not key frame(next gop) comes, take frame from queue to gop_frames, nb_frames : 56, nb_gop_frames : 34, queue size : 56, pts : 109056 
filter frame --- , not key frame(next gop) comes, take frame from queue to gop_frames, nb_frames : 55, nb_gop_frames : 35, queue size : 55, pts : 109568 
filter frame --- , not key frame(next gop) comes, take frame from queue to gop_frames, nb_frames : 54, nb_gop_frames : 36, queue size : 54, pts : 110080 
filter frame --- , not key frame(next gop) comes, take frame from queue to gop_frames, nb_frames : 53, nb_gop_frames : 37, queue size : 53, pts : 110592 
filter frame --- , not key frame(next gop) comes, take frame from queue to gop_frames, nb_frames : 52, nb_gop_frames : 38, queue size : 52, pts : 111104 
filter frame --- , not key frame(next gop) comes, take frame from queue to gop_frames, nb_frames : 51, nb_gop_frames : 39, queue size : 51, pts : 111616 
filter frame --- , not key frame(next gop) comes, take frame from queue to gop_frames, nb_frames : 50, nb_gop_frames : 40, queue size : 50, pts : 112128 
filter frame --- , not key frame(next gop) comes, take frame from queue to gop_frames, nb_frames : 49, nb_gop_frames : 41, queue size : 49, pts : 112640 
filter frame --- , not key frame(next gop) comes, take frame from queue to gop_frames, nb_frames : 48, nb_gop_frames : 42, queue size : 48, pts : 113152 
filter frame --- , not key frame(next gop) comes, take frame from queue to gop_frames, nb_frames : 47, nb_gop_frames : 43, queue size : 47, pts : 113664 
filter frame --- , not key frame(next gop) comes, take frame from queue to gop_frames, nb_frames : 46, nb_gop_frames : 44, queue size : 46, pts : 114176 
filter frame --- , not key frame(next gop) comes, take frame from queue to gop_frames, nb_frames : 45, nb_gop_frames : 45, queue size : 45, pts : 114688 
filter frame --- , not key frame(next gop) comes, take frame from queue to gop_frames, nb_frames : 44, nb_gop_frames : 46, queue size : 44, pts : 115200 
filter frame --- , not key frame(next gop) comes, take frame from queue to gop_frames, nb_frames : 43, nb_gop_frames : 47, queue size : 43, pts : 115712 
filter frame --- , not key frame(next gop) comes, take frame from queue to gop_frames, nb_frames : 42, nb_gop_frames : 48, queue size : 42, pts : 116224 
filter frame --- , not key frame(next gop) comes, take frame from queue to gop_frames, nb_frames : 41, nb_gop_frames : 49, queue size : 41, pts : 116736 
filter frame --- , not key frame(next gop) comes, take frame from queue to gop_frames, nb_frames : 40, nb_gop_frames : 50, queue size : 40, pts : 117248 
filter frame --- , not key frame(next gop) comes, take frame from queue to gop_frames, nb_frames : 39, nb_gop_frames : 51, queue size : 39, pts : 117760 
filter frame --- , not key frame(next gop) comes, take frame from queue to gop_frames, nb_frames : 38, nb_gop_frames : 52, queue size : 38, pts : 118272 
filter frame --- , not key frame(next gop) comes, take frame from queue to gop_frames, nb_frames : 37, nb_gop_frames : 53, queue size : 37, pts : 118784 
filter frame --- , not key frame(next gop) comes, take frame from queue to gop_frames, nb_frames : 36, nb_gop_frames : 54, queue size : 36, pts : 119296 
filter frame --- , not key frame(next gop) comes, take frame from queue to gop_frames, nb_frames : 35, nb_gop_frames : 55, queue size : 35, pts : 119808 
filter frame --- , not key frame(next gop) comes, take frame from queue to gop_frames, nb_frames : 34, nb_gop_frames : 56, queue size : 34, pts : 120320 
filter frame --- , not key frame(next gop) comes, take frame from queue to gop_frames, nb_frames : 33, nb_gop_frames : 57, queue size : 33, pts : 120832 
filter frame --- , not key frame(next gop) comes, take frame from queue to gop_frames, nb_frames : 32, nb_gop_frames : 58, queue size : 32, pts : 121344 
filter frame --- , not key frame(next gop) comes, take frame from queue to gop_frames, nb_frames : 31, nb_gop_frames : 59, queue size : 31, pts : 121856 
filter frame --- , not key frame(next gop) comes, take frame from queue to gop_frames, nb_frames : 30, nb_gop_frames : 60, queue size : 30, pts : 122368 
filter frame --- , not key frame(next gop) comes, take frame from queue to gop_frames, nb_frames : 29, nb_gop_frames : 61, queue size : 29, pts : 122880 
filter frame --- , not key frame(next gop) comes, take frame from queue to gop_frames, nb_frames : 28, nb_gop_frames : 62, queue size : 28, pts : 123392 
filter frame --- , not key frame(next gop) comes, take frame from queue to gop_frames, nb_frames : 27, nb_gop_frames : 63, queue size : 27, pts : 123904 
filter frame --- , not key frame(next gop) comes, take frame from queue to gop_frames, nb_frames : 26, nb_gop_frames : 64, queue size : 26, pts : 124416 
filter frame --- , not key frame(next gop) comes, take frame from queue to gop_frames, nb_frames : 25, nb_gop_frames : 65, queue size : 25, pts : 124928 
filter frame --- , not key frame(next gop) comes, take frame from queue to gop_frames, nb_frames : 24, nb_gop_frames : 66, queue size : 24, pts : 125440 
filter frame --- , not key frame(next gop) comes, take frame from queue to gop_frames, nb_frames : 23, nb_gop_frames : 67, queue size : 23, pts : 125952 
filter frame --- , not key frame(next gop) comes, take frame from queue to gop_frames, nb_frames : 22, nb_gop_frames : 68, queue size : 22, pts : 126464 
filter frame --- , not key frame(next gop) comes, take frame from queue to gop_frames, nb_frames : 21, nb_gop_frames : 69, queue size : 21, pts : 126976 
filter frame --- , not key frame(next gop) comes, take frame from queue to gop_frames, nb_frames : 20, nb_gop_frames : 70, queue size : 20, pts : 127488 
filter frame --- , not key frame(next gop) comes, take frame from queue to gop_frames, nb_frames : 19, nb_gop_frames : 71, queue size : 19, pts : 128000 
filter frame --- , not key frame(next gop) comes, take frame from queue to gop_frames, nb_frames : 18, nb_gop_frames : 72, queue size : 18, pts : 128512 
filter frame --- , not key frame(next gop) comes, take frame from queue to gop_frames, nb_frames : 17, nb_gop_frames : 73, queue size : 17, pts : 129024 
filter frame --- , not key frame(next gop) comes, take frame from queue to gop_frames, nb_frames : 16, nb_gop_frames : 74, queue size : 16, pts : 129536 
filter frame --- , not key frame(next gop) comes, take frame from queue to gop_frames, nb_frames : 15, nb_gop_frames : 75, queue size : 15, pts : 130048 
filter frame --- , not key frame(next gop) comes, take frame from queue to gop_frames, nb_frames : 14, nb_gop_frames : 76, queue size : 14, pts : 130560 
filter frame --- , not key frame(next gop) comes, take frame from queue to gop_frames, nb_frames : 13, nb_gop_frames : 77, queue size : 13, pts : 131072 
filter frame --- , not key frame(next gop) comes, take frame from queue to gop_frames, nb_frames : 12, nb_gop_frames : 78, queue size : 12, pts : 131584 
filter frame --- , not key frame(next gop) comes, take frame from queue to gop_frames, nb_frames : 11, nb_gop_frames : 79, queue size : 11, pts : 132096 
filter frame --- , not key frame(next gop) comes, take frame from queue to gop_frames, nb_frames : 10, nb_gop_frames : 80, queue size : 10, pts : 132608 
filter frame --- , not key frame(next gop) comes, take frame from queue to gop_frames, nb_frames : 9, nb_gop_frames : 81, queue size : 9, pts : 133120 
filter frame --- , not key frame(next gop) comes, take frame from queue to gop_frames, nb_frames : 8, nb_gop_frames : 82, queue size : 8, pts : 133632 
filter frame --- , not key frame(next gop) comes, take frame from queue to gop_frames, nb_frames : 7, nb_gop_frames : 83, queue size : 7, pts : 134144 
filter frame --- , not key frame(next gop) comes, take frame from queue to gop_frames, nb_frames : 6, nb_gop_frames : 84, queue size : 6, pts : 134656 
filter frame --- , not key frame(next gop) comes, take frame from queue to gop_frames, nb_frames : 5, nb_gop_frames : 85, queue size : 5, pts : 135168 
filter frame --- , not key frame(next gop) comes, take frame from queue to gop_frames, nb_frames : 4, nb_gop_frames : 86, queue size : 4, pts : 135680 
filter frame --- , not key frame(next gop) comes, take frame from queue to gop_frames, nb_frames : 3, nb_gop_frames : 87, queue size : 3, pts : 136192 
filter frame --- , not key frame(next gop) comes, take frame from queue to gop_frames, nb_frames : 2, nb_gop_frames : 88, queue size : 2, pts : 136704 
filter frame --- , not key frame(next gop) comes, take frame from queue to gop_frames, nb_frames : 1, nb_gop_frames : 89, queue size : 1, pts : 137216 
filter frame --- , not key frame(next gop) comes, take frame from queue to gop_frames, nb_frames : 0, nb_gop_frames : 90, queue size : 0, pts : 137728 
filter frame --- , cached_gop_ok == 1 
request frame --- , current cached_gop_ok : 1, nb_gop_frames : 90 
*** 88 dup!
[h264_videotoolbox @ 0x7feb5b004400] request frame --- , current cached_gop_ok : 1, nb_gop_frames : 89 
[h264_videotoolbox @ 0x7feb5b004400] request frame --- , current cached_gop_ok : 1, nb_gop_frames : 88 
request frame --- , current cached_gop_ok : 1, nb_gop_frames : 87 
*** dropping frame 271 from stream 0 at ts 267
request frame --- , current cached_gop_ok : 1, nb_gop_frames : 86 
*** dropping frame 271 from stream 0 at ts 266
request frame --- , current cached_gop_ok : 1, nb_gop_frames : 85 
*** dropping frame 271 from stream 0 at ts 265
request frame --- , current cached_gop_ok : 1, nb_gop_frames : 84 
*** dropping frame 271 from stream 0 at ts 264
request frame --- , current cached_gop_ok : 1, nb_gop_frames : 83 
*** dropping frame 271 from stream 0 at ts 263
request frame --- , current cached_gop_ok : 1, nb_gop_frames : 82 
*** dropping frame 271 from stream 0 at ts 262
request frame --- , current cached_gop_ok : 1, nb_gop_frames : 81 
*** dropping frame 271 from stream 0 at ts 261
request frame --- , current cached_gop_ok : 1, nb_gop_frames : 80 
*** dropping frame 271 from stream 0 at ts 260
request frame --- , current cached_gop_ok : 1, nb_gop_frames : 79 
*** dropping frame 271 from stream 0 at ts 259
request frame --- , current cached_gop_ok : 1, nb_gop_frames : 78 
*** dropping frame 271 from stream 0 at ts 258
request frame --- , current cached_gop_ok : 1, nb_gop_frames : 77 
*** dropping frame 271 from stream 0 at ts 257
request frame --- , current cached_gop_ok : 1, nb_gop_frames : 76 
*** dropping frame 271 from stream 0 at ts 256
request frame --- , current cached_gop_ok : 1, nb_gop_frames : 75 
*** dropping frame 271 from stream 0 at ts 255
request frame --- , current cached_gop_ok : 1, nb_gop_frames : 74 
*** dropping frame 271 from stream 0 at ts 254
request frame --- , current cached_gop_ok : 1, nb_gop_frames : 73 
*** dropping frame 271 from stream 0 at ts 253
request frame --- , current cached_gop_ok : 1, nb_gop_frames : 72 
*** dropping frame 271 from stream 0 at ts 252
request frame --- , current cached_gop_ok : 1, nb_gop_frames : 71 
*** dropping frame 271 from stream 0 at ts 251
request frame --- , current cached_gop_ok : 1, nb_gop_frames : 70 
*** dropping frame 271 from stream 0 at ts 250
request frame --- , current cached_gop_ok : 1, nb_gop_frames : 69 
*** dropping frame 271 from stream 0 at ts 249
request frame --- , current cached_gop_ok : 1, nb_gop_frames : 68 
*** dropping frame 271 from stream 0 at ts 248
request frame --- , current cached_gop_ok : 1, nb_gop_frames : 67 
*** dropping frame 271 from stream 0 at ts 247
request frame --- , current cached_gop_ok : 1, nb_gop_frames : 66 
*** dropping frame 271 from stream 0 at ts 246
request frame --- , current cached_gop_ok : 1, nb_gop_frames : 65 
*** dropping frame 271 from stream 0 at ts 245
request frame --- , current cached_gop_ok : 1, nb_gop_frames : 64 
*** dropping frame 271 from stream 0 at ts 244
request frame --- , current cached_gop_ok : 1, nb_gop_frames : 63 
*** dropping frame 271 from stream 0 at ts 243
request frame --- , current cached_gop_ok : 1, nb_gop_frames : 62 
*** dropping frame 271 from stream 0 at ts 242
request frame --- , current cached_gop_ok : 1, nb_gop_frames : 61 
*** dropping frame 271 from stream 0 at ts 241
request frame --- , current cached_gop_ok : 1, nb_gop_frames : 60 
*** dropping frame 271 from stream 0 at ts 240
request frame --- , current cached_gop_ok : 1, nb_gop_frames : 59 
*** dropping frame 271 from stream 0 at ts 239
request frame --- , current cached_gop_ok : 1, nb_gop_frames : 58 
*** dropping frame 271 from stream 0 at ts 238
request frame --- , current cached_gop_ok : 1, nb_gop_frames : 57 
*** dropping frame 271 from stream 0 at ts 237
request frame --- , current cached_gop_ok : 1, nb_gop_frames : 56 
*** dropping frame 271 from stream 0 at ts 236
request frame --- , current cached_gop_ok : 1, nb_gop_frames : 55 
*** dropping frame 271 from stream 0 at ts 235
request frame --- , current cached_gop_ok : 1, nb_gop_frames : 54 
*** dropping frame 271 from stream 0 at ts 234
request frame --- , current cached_gop_ok : 1, nb_gop_frames : 53 
*** dropping frame 271 from stream 0 at ts 233
request frame --- , current cached_gop_ok : 1, nb_gop_frames : 52 
*** dropping frame 271 from stream 0 at ts 232
request frame --- , current cached_gop_ok : 1, nb_gop_frames : 51 
*** dropping frame 271 from stream 0 at ts 231
request frame --- , current cached_gop_ok : 1, nb_gop_frames : 50 
*** dropping frame 271 from stream 0 at ts 230
request frame --- , current cached_gop_ok : 1, nb_gop_frames : 49 
*** dropping frame 271 from stream 0 at ts 229
request frame --- , current cached_gop_ok : 1, nb_gop_frames : 48 
*** dropping frame 271 from stream 0 at ts 228
request frame --- , current cached_gop_ok : 1, nb_gop_frames : 47 
*** dropping frame 271 from stream 0 at ts 227
request frame --- , current cached_gop_ok : 1, nb_gop_frames : 46 
*** dropping frame 271 from stream 0 at ts 226
request frame --- , current cached_gop_ok : 1, nb_gop_frames : 45 
*** dropping frame 271 from stream 0 at ts 225
request frame --- , current cached_gop_ok : 1, nb_gop_frames : 44 
*** dropping frame 271 from stream 0 at ts 224
request frame --- , current cached_gop_ok : 1, nb_gop_frames : 43 
*** dropping frame 271 from stream 0 at ts 223
request frame --- , current cached_gop_ok : 1, nb_gop_frames : 42 
*** dropping frame 271 from stream 0 at ts 222
request frame --- , current cached_gop_ok : 1, nb_gop_frames : 41 
*** dropping frame 271 from stream 0 at ts 221
request frame --- , current cached_gop_ok : 1, nb_gop_frames : 40 
*** dropping frame 271 from stream 0 at ts 220
request frame --- , current cached_gop_ok : 1, nb_gop_frames : 39 
*** dropping frame 271 from stream 0 at ts 219
request frame --- , current cached_gop_ok : 1, nb_gop_frames : 38 
*** dropping frame 271 from stream 0 at ts 218
request frame --- , current cached_gop_ok : 1, nb_gop_frames : 37 
*** dropping frame 271 from stream 0 at ts 217
request frame --- , current cached_gop_ok : 1, nb_gop_frames : 36 
*** dropping frame 271 from stream 0 at ts 216
request frame --- , current cached_gop_ok : 1, nb_gop_frames : 35 
*** dropping frame 271 from stream 0 at ts 215
request frame --- , current cached_gop_ok : 1, nb_gop_frames : 34 
*** dropping frame 271 from stream 0 at ts 214
request frame --- , current cached_gop_ok : 1, nb_gop_frames : 33 
*** dropping frame 271 from stream 0 at ts 213
request frame --- , current cached_gop_ok : 1, nb_gop_frames : 32 
*** dropping frame 271 from stream 0 at ts 212
request frame --- , current cached_gop_ok : 1, nb_gop_frames : 31 
*** dropping frame 271 from stream 0 at ts 211
request frame --- , current cached_gop_ok : 1, nb_gop_frames : 30 
*** dropping frame 271 from stream 0 at ts 210
request frame --- , current cached_gop_ok : 1, nb_gop_frames : 29 
*** dropping frame 271 from stream 0 at ts 209
request frame --- , current cached_gop_ok : 1, nb_gop_frames : 28 
*** dropping frame 271 from stream 0 at ts 208
request frame --- , current cached_gop_ok : 1, nb_gop_frames : 27 
*** dropping frame 271 from stream 0 at ts 207
request frame --- , current cached_gop_ok : 1, nb_gop_frames : 26 
*** dropping frame 271 from stream 0 at ts 206
request frame --- , current cached_gop_ok : 1, nb_gop_frames : 25 
*** dropping frame 271 from stream 0 at ts 205
request frame --- , current cached_gop_ok : 1, nb_gop_frames : 24 
*** dropping frame 271 from stream 0 at ts 204
request frame --- , current cached_gop_ok : 1, nb_gop_frames : 23 
*** dropping frame 271 from stream 0 at ts 203
request frame --- , current cached_gop_ok : 1, nb_gop_frames : 22 
*** dropping frame 271 from stream 0 at ts 202
request frame --- , current cached_gop_ok : 1, nb_gop_frames : 21 
*** dropping frame 271 from stream 0 at ts 201
request frame --- , current cached_gop_ok : 1, nb_gop_frames : 20 
*** dropping frame 271 from stream 0 at ts 200
request frame --- , current cached_gop_ok : 1, nb_gop_frames : 19 
*** dropping frame 271 from stream 0 at ts 199
request frame --- , current cached_gop_ok : 1, nb_gop_frames : 18 
*** dropping frame 271 from stream 0 at ts 198
request frame --- , current cached_gop_ok : 1, nb_gop_frames : 17 
*** dropping frame 271 from stream 0 at ts 197
request frame --- , current cached_gop_ok : 1, nb_gop_frames : 16 
*** dropping frame 271 from stream 0 at ts 196
request frame --- , current cached_gop_ok : 1, nb_gop_frames : 15 
*** dropping frame 271 from stream 0 at ts 195
request frame --- , current cached_gop_ok : 1, nb_gop_frames : 14 
*** dropping frame 271 from stream 0 at ts 194
request frame --- , current cached_gop_ok : 1, nb_gop_frames : 13 
*** dropping frame 271 from stream 0 at ts 193
request frame --- , current cached_gop_ok : 1, nb_gop_frames : 12 
*** dropping frame 271 from stream 0 at ts 192
request frame --- , current cached_gop_ok : 1, nb_gop_frames : 11 
*** dropping frame 271 from stream 0 at ts 191
request frame --- , current cached_gop_ok : 1, nb_gop_frames : 10 
*** dropping frame 271 from stream 0 at ts 190
request frame --- , current cached_gop_ok : 1, nb_gop_frames : 9 
*** dropping frame 271 from stream 0 at ts 189
request frame --- , current cached_gop_ok : 1, nb_gop_frames : 8 
*** dropping frame 271 from stream 0 at ts 188
request frame --- , current cached_gop_ok : 1, nb_gop_frames : 7 
*** dropping frame 271 from stream 0 at ts 187
request frame --- , current cached_gop_ok : 1, nb_gop_frames : 6 
*** dropping frame 271 from stream 0 at ts 186
request frame --- , current cached_gop_ok : 1, nb_gop_frames : 5 
*** dropping frame 271 from stream 0 at ts 185
request frame --- , current cached_gop_ok : 1, nb_gop_frames : 4 
*** dropping frame 271 from stream 0 at ts 184
request frame --- , current cached_gop_ok : 1, nb_gop_frames : 3 
*** dropping frame 271 from stream 0 at ts 183
request frame --- , current cached_gop_ok : 1, nb_gop_frames : 2 
*** dropping frame 271 from stream 0 at ts 182
request frame --- , current cached_gop_ok : 1, nb_gop_frames : 1 
request frame --- , nb_gop_frames == 0 
*** dropping frame 271 from stream 0 at ts 181
request frame --- , current cached_gop_ok : 0, nb_gop_frames : 0 
request frame --- , nb_gop_frames == 0 
[h264 @ 0x7feb5a02be00] nal_unit_type: 1, nal_ref_idc: 0
filter frame --- , insert frame begin, frame queue size : 1, nb_frames : 1, pts : 138752, key_frame : 0 
filter frame --- , frame queue size(1) > 0 and nb_frames(1) > 0, check key_frame : 0, pts : 138752 
filter frame --- , not key frame comes, add it to queue, nb_frames : 2, queue size : 2, pts : 138752 
request frame --- , current cached_gop_ok : 0, nb_gop_frames : 0 
request frame --- , nb_gop_frames == 0 
filter frame --- , insert frame begin, frame queue size : 2, nb_frames : 2, pts : 139264, key_frame : 0 
[h264 @ 0x7feb5a042200] nal_unit_type: 1, nal_ref_idc: 0
filter frame --- , frame queue size(2) > 0 and nb_frames(2) > 0, check key_frame : 0, pts : 139264 
filter frame --- , not key frame comes, add it to queue, nb_frames : 3, queue size : 3, pts : 139264 
request frame --- , current cached_gop_ok : 0, nb_gop_frames : 0 
request frame --- , nb_gop_frames == 0 
filter frame --- , insert frame begin, frame queue size : 3, nb_frames : 3, pts : 139776, key_frame : 0 
[h264 @ 0x7feb5a042800] nal_unit_type: 1, nal_ref_idc: 2
filter frame --- , frame queue size(3) > 0 and nb_frames(3) > 0, check key_frame : 0, pts : 139776 
filter frame --- , not key frame comes, add it to queue, nb_frames : 4, queue size : 4, pts : 139776 
request frame --- , current cached_gop_ok : 0, nb_gop_frames : 0 
request frame --- , nb_gop_frames == 0 
[h264 @ 0x7feb5a009c00] nal_unit_type: 1, nal_ref_idc: 2
filter frame --- , insert frame begin, frame queue size : 4, nb_frames : 4, pts : 140288, key_frame : 0 
filter frame --- , frame queue size(4) > 0 and nb_frames(4) > 0, check key_frame : 0, pts : 140288 
filter frame --- , not key frame comes, add it to queue, nb_frames : 5, queue size : 5, pts : 140288 
request frame --- , current cached_gop_ok : 0, nb_gop_frames : 0 
request frame --- , nb_gop_frames == 0 
[h264 @ 0x7feb5a015a00] nal_unit_type: 1, nal_ref_idc: 0
filter frame --- , insert frame begin, frame queue size : 5, nb_frames : 5, pts : 140800, key_frame : 0 
filter frame --- , frame queue size(5) > 0 and nb_frames(5) > 0, check key_frame : 0, pts : 140800 
filter frame --- , not key frame comes, add it to queue, nb_frames : 6, queue size : 6, pts : 140800 
request frame --- , current cached_gop_ok : 0, nb_gop_frames : 0 
request frame --- , nb_gop_frames == 0 
[h264 @ 0x7feb5a02be00] nal_unit_type: 1, nal_ref_idc: 0
filter frame --- , insert frame begin, frame queue size : 6, nb_frames : 6, pts : 141312, key_frame : 0 
filter frame --- , frame queue size(6) > 0 and nb_frames(6) > 0, check key_frame : 0, pts : 141312 
filter frame --- , not key frame comes, add it to queue, nb_frames : 7, queue size : 7, pts : 141312 
request frame --- , current cached_gop_ok : 0, nb_gop_frames : 0 
request frame --- , nb_gop_frames == 0 
filter frame --- , insert frame begin, frame queue size : 7, nb_frames : 7, pts : 141824, key_frame : 0 
[h264 @ 0x7feb5a042200] nal_unit_type: 1, nal_ref_idc: 2
filter frame --- , frame queue size(7) > 0 and nb_frames(7) > 0, check key_frame : 0, pts : 141824 
filter frame --- , not key frame comes, add it to queue, nb_frames : 8, queue size : 8, pts : 141824 
request frame --- , current cached_gop_ok : 0, nb_gop_frames : 0 
request frame --- , nb_gop_frames == 0 
filter frame --- , insert frame begin, frame queue size : 8, nb_frames : 8, pts : 142336, key_frame : 0 
[h264 @ 0x7feb5a042800] nal_unit_type: 1, nal_ref_idc: 2
filter frame --- , frame queue size(8) > 0 and nb_frames(8) > 0, check key_frame : 0, pts : 142336 
filter frame --- , not key frame comes, add it to queue, nb_frames : 9, queue size : 9, pts : 142336 
request frame --- , current cached_gop_ok : 0, nb_gop_frames : 0 
request frame --- , nb_gop_frames == 0 
filter frame --- , insert frame begin, frame queue size : 9, nb_frames : 9, pts : 142848, key_frame : 0 
filter frame --- , frame queue size(9) > 0 and nb_frames(9) > 0, check key_frame : 0, pts : 142848 
filter frame --- , not key frame comes, add it to queue, nb_frames : 10, queue size : 10, pts : 142848 
request frame --- , current cached_gop_ok : 0, nb_gop_frames : 0 
request frame --- , nb_gop_frames == 0 
[h264 @ 0x7feb5a009c00] nal_unit_type: 1, nal_ref_idc: 0
filter frame --- , insert frame begin, frame queue size : 10, nb_frames : 10, pts : 143360, key_frame : 0 
[h264 @ 0x7feb5a015a00] nal_unit_type: 1, nal_ref_idc: 0
filter frame --- , frame queue size(10) > 0 and nb_frames(10) > 0, check key_frame : 0, pts : 143360 
filter frame --- , not key frame comes, add it to queue, nb_frames : 11, queue size : 11, pts : 143360 
request frame --- , current cached_gop_ok : 0, nb_gop_frames : 0 
request frame --- , nb_gop_frames == 0 
[h264 @ 0x7feb5a02be00] nal_unit_type: 1, nal_ref_idc: 2
filter frame --- , insert frame begin, frame queue size : 11, nb_frames : 11, pts : 143872, key_frame : 0 
filter frame --- , frame queue size(11) > 0 and nb_frames(11) > 0, check key_frame : 0, pts : 143872 
filter frame --- , not key frame comes, add it to queue, nb_frames : 12, queue size : 12, pts : 143872 
request frame --- , current cached_gop_ok : 0, nb_gop_frames : 0 
request frame --- , nb_gop_frames == 0 
filter frame --- , insert frame begin, frame queue size : 12, nb_frames : 12, pts : 144384, key_frame : 0 
[h264 @ 0x7feb5a042200] nal_unit_type: 1, nal_ref_idc: 2
filter frame --- , frame queue size(12) > 0 and nb_frames(12) > 0, check key_frame : 0, pts : 144384 
filter frame --- , not key frame comes, add it to queue, nb_frames : 13, queue size : 13, pts : 144384 
request frame --- , current cached_gop_ok : 0, nb_gop_frames : 0 
request frame --- , nb_gop_frames == 0 
filter frame --- , insert frame begin, frame queue size : 13, nb_frames : 13, pts : 144896, key_frame : 0 
[h264 @ 0x7feb5a042800] nal_unit_type: 1, nal_ref_idc: 0
filter frame --- , frame queue size(13) > 0 and nb_frames(13) > 0, check key_frame : 0, pts : 144896 
filter frame --- , not key frame comes, add it to queue, nb_frames : 14, queue size : 14, pts : 144896 
request frame --- , current cached_gop_ok : 0, nb_gop_frames : 0 
request frame --- , nb_gop_frames == 0 
filter frame --- , insert frame begin, frame queue size : 14, nb_frames : 14, pts : 145408, key_frame : 0 
[h264 @ 0x7feb5a009c00] nal_unit_type: 1, nal_ref_idc: 0
filter frame --- , frame queue size(14) > 0 and nb_frames(14) > 0, check key_frame : 0, pts : 145408 
filter frame --- , not key frame comes, add it to queue, nb_frames : 15, queue size : 15, pts : 145408 
request frame --- , current cached_gop_ok : 0, nb_gop_frames : 0 
request frame --- , nb_gop_frames == 0 
[h264 @ 0x7feb5a015a00] nal_unit_type: 1, nal_ref_idc: 2
filter frame --- , insert frame begin, frame queue size : 15, nb_frames : 15, pts : 145920, key_frame : 0 
filter frame --- , frame queue size(15) > 0 and nb_frames(15) > 0, check key_frame : 0, pts : 145920 
filter frame --- , not key frame comes, add it to queue, nb_frames : 16, queue size : 16, pts : 145920 
request frame --- , current cached_gop_ok : 0, nb_gop_frames : 0 
request frame --- , nb_gop_frames == 0 
[h264 @ 0x7feb5a02be00] nal_unit_type: 1, nal_ref_idc: 2
filter frame --- , insert frame begin, frame queue size : 16, nb_frames : 16, pts : 146432, key_frame : 0 
filter frame --- , frame queue size(16) > 0 and nb_frames(16) > 0, check key_frame : 0, pts : 146432 
filter frame --- , not key frame comes, add it to queue, nb_frames : 17, queue size : 17, pts : 146432 
request frame --- , current cached_gop_ok : 0, nb_gop_frames : 0 
request frame --- , nb_gop_frames == 0 
[h264 @ 0x7feb5a042200] nal_unit_type: 1, nal_ref_idc: 0
filter frame --- , insert frame begin, frame queue size : 17, nb_frames : 17, pts : 146944, key_frame : 0 
filter frame --- , frame queue size(17) > 0 and nb_frames(17) > 0, check key_frame : 0, pts : 146944 
filter frame --- , not key frame comes, add it to queue, nb_frames : 18, queue size : 18, pts : 146944 
request frame --- , current cached_gop_ok : 0, nb_gop_frames : 0 
request frame --- , nb_gop_frames == 0 
[h264 @ 0x7feb5a042800] nal_unit_type: 1, nal_ref_idc: 0
filter frame --- , insert frame begin, frame queue size : 18, nb_frames : 18, pts : 147456, key_frame : 0 
filter frame --- , frame queue size(18) > 0 and nb_frames(18) > 0, check key_frame : 0, pts : 147456 
filter frame --- , not key frame comes, add it to queue, nb_frames : 19, queue size : 19, pts : 147456 
request frame --- , current cached_gop_ok : 0, nb_gop_frames : 0 
request frame --- , nb_gop_frames == 0 
filter frame --- , insert frame begin, frame queue size : 19, nb_frames : 19, pts : 147968, key_frame : 0 
[h264 @ 0x7feb5a009c00] nal_unit_type: 1, nal_ref_idc: 2
filter frame --- , frame queue size(19) > 0 and nb_frames(19) > 0, check key_frame : 0, pts : 147968 
filter frame --- , not key frame comes, add it to queue, nb_frames : 20, queue size : 20, pts : 147968 
request frame --- , current cached_gop_ok : 0, nb_gop_frames : 0 
request frame --- , nb_gop_frames == 0 
[h264 @ 0x7feb5a015a00] nal_unit_type: 1, nal_ref_idc: 2
filter frame --- , insert frame begin, frame queue size : 20, nb_frames : 20, pts : 148480, key_frame : 0 
filter frame --- , frame queue size(20) > 0 and nb_frames(20) > 0, check key_frame : 0, pts : 148480 
filter frame --- , not key frame comes, add it to queue, nb_frames : 21, queue size : 21, pts : 148480 
request frame --- , current cached_gop_ok : 0, nb_gop_frames : 0 
request frame --- , nb_gop_frames == 0 
[h264 @ 0x7feb5a02be00] nal_unit_type: 1, nal_ref_idc: 0
filter frame --- , insert frame begin, frame queue size : 21, nb_frames : 21, pts : 148992, key_frame : 0 
filter frame --- , frame queue size(21) > 0 and nb_frames(21) > 0, check key_frame : 0, pts : 148992 
filter frame --- , not key frame comes, add it to queue, nb_frames : 22, queue size : 22, pts : 148992 
request frame --- , current cached_gop_ok : 0, nb_gop_frames : 0 
request frame --- , nb_gop_frames == 0 
filter frame --- , insert frame begin, frame queue size : 22, nb_frames : 22, pts : 149504, key_frame : 0 
[h264 @ 0x7feb5a042200] nal_unit_type: 1, nal_ref_idc: 0
filter frame --- , frame queue size(22) > 0 and nb_frames(22) > 0, check key_frame : 0, pts : 149504 
filter frame --- , not key frame comes, add it to queue, nb_frames : 23, queue size : 23, pts : 149504 
request frame --- , current cached_gop_ok : 0, nb_gop_frames : 0 
request frame --- , nb_gop_frames == 0 
filter frame --- , insert frame begin, frame queue size : 23, nb_frames : 23, pts : 150016, key_frame : 0 
[h264 @ 0x7feb5a042800] nal_unit_type: 1, nal_ref_idc: 2
filter frame --- , frame queue size(23) > 0 and nb_frames(23) > 0, check key_frame : 0, pts : 150016 
filter frame --- , not key frame comes, add it to queue, nb_frames : 24, queue size : 24, pts : 150016 
request frame --- , current cached_gop_ok : 0, nb_gop_frames : 0 
request frame --- , nb_gop_frames == 0 
[h264 @ 0x7feb5a009c00] nal_unit_type: 1, nal_ref_idc: 2
filter frame --- , insert frame begin, frame queue size : 24, nb_frames : 24, pts : 150528, key_frame : 0 
filter frame --- , frame queue size(24) > 0 and nb_frames(24) > 0, check key_frame : 0, pts : 150528 
filter frame --- , not key frame comes, add it to queue, nb_frames : 25, queue size : 25, pts : 150528 
request frame --- , current cached_gop_ok : 0, nb_gop_frames : 0 
request frame --- , nb_gop_frames == 0 
[h264 @ 0x7feb5a015a00] nal_unit_type: 1, nal_ref_idc: 0
filter frame --- , insert frame begin, frame queue size : 25, nb_frames : 25, pts : 151040, key_frame : 0 
filter frame --- , frame queue size(25) > 0 and nb_frames(25) > 0, check key_frame : 0, pts : 151040 
filter frame --- , not key frame comes, add it to queue, nb_frames : 26, queue size : 26, pts : 151040 
request frame --- , current cached_gop_ok : 0, nb_gop_frames : 0 
request frame --- , nb_gop_frames == 0 
filter frame --- , insert frame begin, frame queue size : 26, nb_frames : 26, pts : 151552, key_frame : 0 
[h264 @ 0x7feb5a02be00] nal_unit_type: 1, nal_ref_idc: 0
filter frame --- , frame queue size(26) > 0 and nb_frames(26) > 0, check key_frame : 0, pts : 151552 
filter frame --- , not key frame comes, add it to queue, nb_frames : 27, queue size : 27, pts : 151552 
request frame --- , current cached_gop_ok : 0, nb_gop_frames : 0 
request frame --- , nb_gop_frames == 0 
filter frame --- , insert frame begin, frame queue size : 27, nb_frames : 27, pts : 152064, key_frame : 0 
[h264 @ 0x7feb5a042200] nal_unit_type: 1, nal_ref_idc: 2
filter frame --- , frame queue size(27) > 0 and nb_frames(27) > 0, check key_frame : 0, pts : 152064 
filter frame --- , not key frame comes, add it to queue, nb_frames : 28, queue size : 28, pts : 152064 
request frame --- , current cached_gop_ok : 0, nb_gop_frames : 0 
request frame --- , nb_gop_frames == 0 
filter frame --- , insert frame begin, frame queue size : 28, nb_frames : 28, pts : 152576, key_frame : 0 
[h264 @ 0x7feb5a042800] nal_unit_type: 1, nal_ref_idc: 2
filter frame --- , frame queue size(28) > 0 and nb_frames(28) > 0, check key_frame : 0, pts : 152576 
filter frame --- , not key frame comes, add it to queue, nb_frames : 29, queue size : 29, pts : 152576 
request frame --- , current cached_gop_ok : 0, nb_gop_frames : 0 
request frame --- , nb_gop_frames == 0 
[h264 @ 0x7feb5a009c00] nal_unit_type: 1, nal_ref_idc: 0
filter frame --- , insert frame begin, frame queue size : 29, nb_frames : 29, pts : 153088, key_frame : 0 
filter frame --- , frame queue size(29) > 0 and nb_frames(29) > 0, check key_frame : 0, pts : 153088 
filter frame --- , not key frame comes, add it to queue, nb_frames : 30, queue size : 30, pts : 153088 
request frame --- , current cached_gop_ok : 0, nb_gop_frames : 0 
request frame --- , nb_gop_frames == 0 
filter frame --- , insert frame begin, frame queue size : 30, nb_frames : 30, pts : 153600, key_frame : 0 
[h264 @ 0x7feb5a015a00] nal_unit_type: 1, nal_ref_idc: 0
filter frame --- , frame queue size(30) > 0 and nb_frames(30) > 0, check key_frame : 0, pts : 153600 
filter frame --- , not key frame comes, add it to queue, nb_frames : 31, queue size : 31, pts : 153600 
request frame --- , current cached_gop_ok : 0, nb_gop_frames : 0 
request frame --- , nb_gop_frames == 0 
filter frame --- , insert frame begin, frame queue size : 31, nb_frames : 31, pts : 154112, key_frame : 0 
[h264 @ 0x7feb5a02be00] nal_unit_type: 1, nal_ref_idc: 2
filter frame --- , frame queue size(31) > 0 and nb_frames(31) > 0, check key_frame : 0, pts : 154112 
filter frame --- , not key frame comes, add it to queue, nb_frames : 32, queue size : 32, pts : 154112 
request frame --- , current cached_gop_ok : 0, nb_gop_frames : 0 
request frame --- , nb_gop_frames == 0 
filter frame --- , insert frame begin, frame queue size : 32, nb_frames : 32, pts : 154624, key_frame : 0 
[h264 @ 0x7feb5a042200] nal_unit_type: 1, nal_ref_idc: 2
filter frame --- , frame queue size(32) > 0 and nb_frames(32) > 0, check key_frame : 0, pts : 154624 
filter frame --- , not key frame comes, add it to queue, nb_frames : 33, queue size : 33, pts : 154624 
request frame --- , current cached_gop_ok : 0, nb_gop_frames : 0 
request frame --- , nb_gop_frames == 0 
[h264 @ 0x7feb5a042800] nal_unit_type: 1, nal_ref_idc: 0
filter frame --- , insert frame begin, frame queue size : 33, nb_frames : 33, pts : 155136, key_frame : 0 
filter frame --- , frame queue size(33) > 0 and nb_frames(33) > 0, check key_frame : 0, pts : 155136 
filter frame --- , not key frame comes, add it to queue, nb_frames : 34, queue size : 34, pts : 155136 
request frame --- , current cached_gop_ok : 0, nb_gop_frames : 0 
request frame --- , nb_gop_frames == 0 
[h264 @ 0x7feb5a009c00] nal_unit_type: 1, nal_ref_idc: 0
filter frame --- , insert frame begin, frame queue size : 34, nb_frames : 34, pts : 155648, key_frame : 0 
filter frame --- , frame queue size(34) > 0 and nb_frames(34) > 0, check key_frame : 0, pts : 155648 
filter frame --- , not key frame comes, add it to queue, nb_frames : 35, queue size : 35, pts : 155648 
request frame --- , current cached_gop_ok : 0, nb_gop_frames : 0 
request frame --- , nb_gop_frames == 0 
filter frame --- , insert frame begin, frame queue size : 35, nb_frames : 35, pts : 156160, key_frame : 0 
filter frame --- , frame queue size(35) > 0 and nb_frames(35) > 0, check key_frame : 0, pts : 156160 
filter frame --- , not key frame comes, add it to queue, nb_frames : 36, queue size : 36, pts : 156160 
[h264 @ 0x7feb5a015a00] nal_unit_type: 1, nal_ref_idc: 2
request frame --- , current cached_gop_ok : 0, nb_gop_frames : 0 
request frame --- , nb_gop_frames == 0 
filter frame --- , insert frame begin, frame queue size : 36, nb_frames : 36, pts : 156672, key_frame : 0 
[h264 @ 0x7feb5a02be00] nal_unit_type: 1, nal_ref_idc: 2
filter frame --- , frame queue size(36) > 0 and nb_frames(36) > 0, check key_frame : 0, pts : 156672 
filter frame --- , not key frame comes, add it to queue, nb_frames : 37, queue size : 37, pts : 156672 
request frame --- , current cached_gop_ok : 0, nb_gop_frames : 0 
request frame --- , nb_gop_frames == 0 
[h264 @ 0x7feb5a042200] nal_unit_type: 1, nal_ref_idc: 0
filter frame --- , insert frame begin, frame queue size : 37, nb_frames : 37, pts : 157184, key_frame : 0 
filter frame --- , frame queue size(37) > 0 and nb_frames(37) > 0, check key_frame : 0, pts : 157184 
filter frame --- , not key frame comes, add it to queue, nb_frames : 38, queue size : 38, pts : 157184 
request frame --- , current cached_gop_ok : 0, nb_gop_frames : 0 
request frame --- , nb_gop_frames == 0 
[h264 @ 0x7feb5a042800] nal_unit_type: 1, nal_ref_idc: 0
filter frame --- , insert frame begin, frame queue size : 38, nb_frames : 38, pts : 157696, key_frame : 0 
filter frame --- , frame queue size(38) > 0 and nb_frames(38) > 0, check key_frame : 0, pts : 157696 
filter frame --- , not key frame comes, add it to queue, nb_frames : 39, queue size : 39, pts : 157696 
request frame --- , current cached_gop_ok : 0, nb_gop_frames : 0 
request frame --- , nb_gop_frames == 0 
filter frame --- , insert frame begin, frame queue size : 39, nb_frames : 39, pts : 158208, key_frame : 0 
[h264 @ 0x7feb5a009c00] nal_unit_type: 1, nal_ref_idc: 2
filter frame --- , frame queue size(39) > 0 and nb_frames(39) > 0, check key_frame : 0, pts : 158208 
filter frame --- , not key frame comes, add it to queue, nb_frames : 40, queue size : 40, pts : 158208 
request frame --- , current cached_gop_ok : 0, nb_gop_frames : 0 
request frame --- , nb_gop_frames == 0 
[h264 @ 0x7feb5a015a00] nal_unit_type: 1, nal_ref_idc: 2
filter frame --- , insert frame begin, frame queue size : 40, nb_frames : 40, pts : 158720, key_frame : 0 
filter frame --- , frame queue size(40) > 0 and nb_frames(40) > 0, check key_frame : 0, pts : 158720 
filter frame --- , not key frame comes, add it to queue, nb_frames : 41, queue size : 41, pts : 158720 
request frame --- , current cached_gop_ok : 0, nb_gop_frames : 0 
request frame --- , nb_gop_frames == 0 
[h264 @ 0x7feb5a02be00] nal_unit_type: 1, nal_ref_idc: 0
filter frame --- , insert frame begin, frame queue size : 41, nb_frames : 41, pts : 159232, key_frame : 0 
filter frame --- , frame queue size(41) > 0 and nb_frames(41) > 0, check key_frame : 0, pts : 159232 
filter frame --- , not key frame comes, add it to queue, nb_frames : 42, queue size : 42, pts : 159232 
request frame --- , current cached_gop_ok : 0, nb_gop_frames : 0 
request frame --- , nb_gop_frames == 0 
[h264 @ 0x7feb5a042200] nal_unit_type: 1, nal_ref_idc: 0
filter frame --- , insert frame begin, frame queue size : 42, nb_frames : 42, pts : 159744, key_frame : 0 
filter frame --- , frame queue size(42) > 0 and nb_frames(42) > 0, check key_frame : 0, pts : 159744 
filter frame --- , not key frame comes, add it to queue, nb_frames : 43, queue size : 43, pts : 159744 
request frame --- , current cached_gop_ok : 0, nb_gop_frames : 0 
request frame --- , nb_gop_frames == 0 
[h264 @ 0x7feb5a042800] nal_unit_type: 1, nal_ref_idc: 2
filter frame --- , insert frame begin, frame queue size : 43, nb_frames : 43, pts : 160256, key_frame : 0 
filter frame --- , frame queue size(43) > 0 and nb_frames(43) > 0, check key_frame : 0, pts : 160256 
filter frame --- , not key frame comes, add it to queue, nb_frames : 44, queue size : 44, pts : 160256 
request frame --- , current cached_gop_ok : 0, nb_gop_frames : 0 
request frame --- , nb_gop_frames == 0 
filter frame --- , insert frame begin, frame queue size : 44, nb_frames : 44, pts : 160768, key_frame : 0 
[h264 @ 0x7feb5a009c00] nal_unit_type: 1, nal_ref_idc: 2
filter frame --- , frame queue size(44) > 0 and nb_frames(44) > 0, check key_frame : 0, pts : 160768 
filter frame --- , not key frame comes, add it to queue, nb_frames : 45, queue size : 45, pts : 160768 
request frame --- , current cached_gop_ok : 0, nb_gop_frames : 0 
request frame --- , nb_gop_frames == 0 
[h264 @ 0x7feb5a015a00] nal_unit_type: 1, nal_ref_idc: 0
filter frame --- , insert frame begin, frame queue size : 45, nb_frames : 45, pts : 161280, key_frame : 0 
filter frame --- , frame queue size(45) > 0 and nb_frames(45) > 0, check key_frame : 0, pts : 161280 
filter frame --- , not key frame comes, add it to queue, nb_frames : 46, queue size : 46, pts : 161280 
request frame --- , current cached_gop_ok : 0, nb_gop_frames : 0 
request frame --- , nb_gop_frames == 0 
[h264 @ 0x7feb5a02be00] nal_unit_type: 1, nal_ref_idc: 0
filter frame --- , insert frame begin, frame queue size : 46, nb_frames : 46, pts : 161792, key_frame : 0 
filter frame --- , frame queue size(46) > 0 and nb_frames(46) > 0, check key_frame : 0, pts : 161792 
filter frame --- , not key frame comes, add it to queue, nb_frames : 47, queue size : 47, pts : 161792 
request frame --- , current cached_gop_ok : 0, nb_gop_frames : 0 
request frame --- , nb_gop_frames == 0 
filter frame --- , insert frame begin, frame queue size : 47, nb_frames : 47, pts : 162304, key_frame : 0 
[h264 @ 0x7feb5a042200] nal_unit_type: 1, nal_ref_idc: 2
filter frame --- , frame queue size(47) > 0 and nb_frames(47) > 0, check key_frame : 0, pts : 162304 
filter frame --- , not key frame comes, add it to queue, nb_frames : 48, queue size : 48, pts : 162304 
request frame --- , current cached_gop_ok : 0, nb_gop_frames : 0 
request frame --- , nb_gop_frames == 0 
filter frame --- , insert frame begin, frame queue size : 48, nb_frames : 48, pts : 162816, key_frame : 0 
[h264 @ 0x7feb5a042800] nal_unit_type: 1, nal_ref_idc: 2
filter frame --- , frame queue size(48) > 0 and nb_frames(48) > 0, check key_frame : 0, pts : 162816 
filter frame --- , not key frame comes, add it to queue, nb_frames : 49, queue size : 49, pts : 162816 
request frame --- , current cached_gop_ok : 0, nb_gop_frames : 0 
request frame --- , nb_gop_frames == 0 
[h264 @ 0x7feb5a009c00] nal_unit_type: 1, nal_ref_idc: 0
filter frame --- , insert frame begin, frame queue size : 49, nb_frames : 49, pts : 163328, key_frame : 0 
filter frame --- , frame queue size(49) > 0 and nb_frames(49) > 0, check key_frame : 0, pts : 163328 
filter frame --- , not key frame comes, add it to queue, nb_frames : 50, queue size : 50, pts : 163328 
request frame --- , current cached_gop_ok : 0, nb_gop_frames : 0 
request frame --- , nb_gop_frames == 0 
filter frame --- , insert frame begin, frame queue size : 50, nb_frames : 50, pts : 163840, key_frame : 0 
[h264 @ 0x7feb5a015a00] nal_unit_type: 1, nal_ref_idc: 0
filter frame --- , frame queue size(50) > 0 and nb_frames(50) > 0, check key_frame : 0, pts : 163840 
filter frame --- , not key frame comes, add it to queue, nb_frames : 51, queue size : 51, pts : 163840 
request frame --- , current cached_gop_ok : 0, nb_gop_frames : 0 
request frame --- , nb_gop_frames == 0 
filter frame --- , insert frame begin, frame queue size : 51, nb_frames : 51, pts : 164352, key_frame : 0 
filter frame --- , frame queue size(51) > 0 and nb_frames(51) > 0, check key_frame : 0, pts : 164352 
filter frame --- , not key frame comes, add it to queue, nb_frames : 52, queue size : 52, pts : 164352 
request frame --- , current cached_gop_ok : 0, nb_gop_frames : 0 
[h264 @ 0x7feb5a02be00] nal_unit_type: 1, nal_ref_idc: 2
request frame --- , nb_gop_frames == 0 
filter frame --- , insert frame begin, frame queue size : 52, nb_frames : 52, pts : 164864, key_frame : 0 
[h264 @ 0x7feb5a042200] nal_unit_type: 1, nal_ref_idc: 2
filter frame --- , frame queue size(52) > 0 and nb_frames(52) > 0, check key_frame : 0, pts : 164864 
filter frame --- , not key frame comes, add it to queue, nb_frames : 53, queue size : 53, pts : 164864 
request frame --- , current cached_gop_ok : 0, nb_gop_frames : 0 
request frame --- , nb_gop_frames == 0 
[h264 @ 0x7feb5a042800] nal_unit_type: 1, nal_ref_idc: 0
filter frame --- , insert frame begin, frame queue size : 53, nb_frames : 53, pts : 165376, key_frame : 0 
filter frame --- , frame queue size(53) > 0 and nb_frames(53) > 0, check key_frame : 0, pts : 165376 
filter frame --- , not key frame comes, add it to queue, nb_frames : 54, queue size : 54, pts : 165376 
request frame --- , current cached_gop_ok : 0, nb_gop_frames : 0 
request frame --- , nb_gop_frames == 0 
filter frame --- , insert frame begin, frame queue size : 54, nb_frames : 54, pts : 165888, key_frame : 0 
[h264 @ 0x7feb5a009c00] nal_unit_type: 1, nal_ref_idc: 0
filter frame --- , frame queue size(54) > 0 and nb_frames(54) > 0, check key_frame : 0, pts : 165888 
filter frame --- , not key frame comes, add it to queue, nb_frames : 55, queue size : 55, pts : 165888 
request frame --- , current cached_gop_ok : 0, nb_gop_frames : 0 
request frame --- , nb_gop_frames == 0 
filter frame --- , insert frame begin, frame queue size : 55, nb_frames : 55, pts : 166400, key_frame : 0 
[h264 @ 0x7feb5a015a00] nal_unit_type: 1, nal_ref_idc: 2
filter frame --- , frame queue size(55) > 0 and nb_frames(55) > 0, check key_frame : 0, pts : 166400 
filter frame --- , not key frame comes, add it to queue, nb_frames : 56, queue size : 56, pts : 166400 
request frame --- , current cached_gop_ok : 0, nb_gop_frames : 0 
request frame --- , nb_gop_frames == 0 
[h264 @ 0x7feb5a02be00] nal_unit_type: 1, nal_ref_idc: 2
filter frame --- , insert frame begin, frame queue size : 56, nb_frames : 56, pts : 166912, key_frame : 0 
filter frame --- , frame queue size(56) > 0 and nb_frames(56) > 0, check key_frame : 0, pts : 166912 
filter frame --- , not key frame comes, add it to queue, nb_frames : 57, queue size : 57, pts : 166912 
request frame --- , current cached_gop_ok : 0, nb_gop_frames : 0 
request frame --- , nb_gop_frames == 0 
[h264 @ 0x7feb5a042200] nal_unit_type: 1, nal_ref_idc: 0
filter frame --- , insert frame begin, frame queue size : 57, nb_frames : 57, pts : 167424, key_frame : 0 
filter frame --- , frame queue size(57) > 0 and nb_frames(57) > 0, check key_frame : 0, pts : 167424 
filter frame --- , not key frame comes, add it to queue, nb_frames : 58, queue size : 58, pts : 167424 
request frame --- , current cached_gop_ok : 0, nb_gop_frames : 0 
request frame --- , nb_gop_frames == 0 
[h264 @ 0x7feb5a042800] nal_unit_type: 1, nal_ref_idc: 0
filter frame --- , insert frame begin, frame queue size : 58, nb_frames : 58, pts : 167936, key_frame : 0 
filter frame --- , frame queue size(58) > 0 and nb_frames(58) > 0, check key_frame : 0, pts : 167936 
filter frame --- , not key frame comes, add it to queue, nb_frames : 59, queue size : 59, pts : 167936 
request frame --- , current cached_gop_ok : 0, nb_gop_frames : 0 
request frame --- , nb_gop_frames == 0 
[h264 @ 0x7feb5a009c00] nal_unit_type: 1, nal_ref_idc: 2
filter frame --- , insert frame begin, frame queue size : 59, nb_frames : 59, pts : 168448, key_frame : 0 
filter frame --- , frame queue size(59) > 0 and nb_frames(59) > 0, check key_frame : 0, pts : 168448 
filter frame --- , not key frame comes, add it to queue, nb_frames : 60, queue size : 60, pts : 168448 
request frame --- , current cached_gop_ok : 0, nb_gop_frames : 0 
request frame --- , nb_gop_frames == 0 
filter frame --- , insert frame begin, frame queue size : 60, nb_frames : 60, pts : 168960, key_frame : 0 
[h264 @ 0x7feb5a015a00] nal_unit_type: 1, nal_ref_idc: 2
filter frame --- , frame queue size(60) > 0 and nb_frames(60) > 0, check key_frame : 0, pts : 168960 
filter frame --- , not key frame comes, add it to queue, nb_frames : 61, queue size : 61, pts : 168960 
request frame --- , current cached_gop_ok : 0, nb_gop_frames : 0 
request frame --- , nb_gop_frames == 0 
[h264 @ 0x7feb5a02be00] nal_unit_type: 1, nal_ref_idc: 0
filter frame --- , insert frame begin, frame queue size : 61, nb_frames : 61, pts : 169472, key_frame : 0 
filter frame --- , frame queue size(61) > 0 and nb_frames(61) > 0, check key_frame : 0, pts : 169472 
filter frame --- , not key frame comes, add it to queue, nb_frames : 62, queue size : 62, pts : 169472 
request frame --- , current cached_gop_ok : 0, nb_gop_frames : 0 
request frame --- , nb_gop_frames == 0 
[h264 @ 0x7feb5a042200] nal_unit_type: 1, nal_ref_idc: 0
filter frame --- , insert frame begin, frame queue size : 62, nb_frames : 62, pts : 169984, key_frame : 0 
filter frame --- , frame queue size(62) > 0 and nb_frames(62) > 0, check key_frame : 0, pts : 169984 
filter frame --- , not key frame comes, add it to queue, nb_frames : 63, queue size : 63, pts : 169984 
request frame --- , current cached_gop_ok : 0, nb_gop_frames : 0 
request frame --- , nb_gop_frames == 0 
filter frame --- , insert frame begin, frame queue size : 63, nb_frames : 63, pts : 170496, key_frame : 0 
[h264 @ 0x7feb5a042800] nal_unit_type: 1, nal_ref_idc: 2
filter frame --- , frame queue size(63) > 0 and nb_frames(63) > 0, check key_frame : 0, pts : 170496 
filter frame --- , not key frame comes, add it to queue, nb_frames : 64, queue size : 64, pts : 170496 
request frame --- , current cached_gop_ok : 0, nb_gop_frames : 0 
request frame --- , nb_gop_frames == 0 
filter frame --- , insert frame begin, frame queue size : 64, nb_frames : 64, pts : 171008, key_frame : 0 
filter frame --- , frame queue size(64) > 0 and nb_frames(64) > 0, check key_frame : 0, pts : 171008 
filter frame --- , not key frame comes, add it to queue, nb_frames : 65, queue size : 65, pts : 171008 
request frame --- , current cached_gop_ok : 0, nb_gop_frames : 0 
request frame --- , nb_gop_frames == 0 
[h264 @ 0x7feb5a009c00] nal_unit_type: 1, nal_ref_idc: 2
[h264 @ 0x7feb5a015a00] nal_unit_type: 1, nal_ref_idc: 0
filter frame --- , insert frame begin, frame queue size : 65, nb_frames : 65, pts : 171520, key_frame : 0 
filter frame --- , frame queue size(65) > 0 and nb_frames(65) > 0, check key_frame : 0, pts : 171520 
filter frame --- , not key frame comes, add it to queue, nb_frames : 66, queue size : 66, pts : 171520 
request frame --- , current cached_gop_ok : 0, nb_gop_frames : 0 
request frame --- , nb_gop_frames == 0 
[h264 @ 0x7feb5a02be00] nal_unit_type: 1, nal_ref_idc: 0
filter frame --- , insert frame begin, frame queue size : 66, nb_frames : 66, pts : 172032, key_frame : 0 
filter frame --- , frame queue size(66) > 0 and nb_frames(66) > 0, check key_frame : 0, pts : 172032 
filter frame --- , not key frame comes, add it to queue, nb_frames : 67, queue size : 67, pts : 172032 
request frame --- , current cached_gop_ok : 0, nb_gop_frames : 0 
request frame --- , nb_gop_frames == 0 
[h264 @ 0x7feb5a042200] nal_unit_type: 1, nal_ref_idc: 2
filter frame --- , insert frame begin, frame queue size : 67, nb_frames : 67, pts : 172544, key_frame : 0 
filter frame --- , frame queue size(67) > 0 and nb_frames(67) > 0, check key_frame : 0, pts : 172544 
filter frame --- , not key frame comes, add it to queue, nb_frames : 68, queue size : 68, pts : 172544 
request frame --- , current cached_gop_ok : 0, nb_gop_frames : 0 
request frame --- , nb_gop_frames == 0 
filter frame --- , insert frame begin, frame queue size : 68, nb_frames : 68, pts : 173056, key_frame : 0 
[h264 @ 0x7feb5a042800] nal_unit_type: 1, nal_ref_idc: 2
filter frame --- , frame queue size(68) > 0 and nb_frames(68) > 0, check key_frame : 0, pts : 173056 
filter frame --- , not key frame comes, add it to queue, nb_frames : 69, queue size : 69, pts : 173056 
request frame --- , current cached_gop_ok : 0, nb_gop_frames : 0 
request frame --- , nb_gop_frames == 0 
filter frame --- , insert frame begin, frame queue size : 69, nb_frames : 69, pts : 173568, key_frame : 0 
[h264 @ 0x7feb5a009c00] nal_unit_type: 1, nal_ref_idc: 0
filter frame --- , frame queue size(69) > 0 and nb_frames(69) > 0, check key_frame : 0, pts : 173568 
filter frame --- , not key frame comes, add it to queue, nb_frames : 70, queue size : 70, pts : 173568 
request frame --- , current cached_gop_ok : 0, nb_gop_frames : 0 
request frame --- , nb_gop_frames == 0 
filter frame --- , insert frame begin, frame queue size : 70, nb_frames : 70, pts : 174080, key_frame : 0 
[h264 @ 0x7feb5a015a00] nal_unit_type: 1, nal_ref_idc: 0
filter frame --- , frame queue size(70) > 0 and nb_frames(70) > 0, check key_frame : 0, pts : 174080 
filter frame --- , not key frame comes, add it to queue, nb_frames : 71, queue size : 71, pts : 174080 
request frame --- , current cached_gop_ok : 0, nb_gop_frames : 0 
request frame --- , nb_gop_frames == 0 
[h264 @ 0x7feb5a02be00] nal_unit_type: 1, nal_ref_idc: 2
filter frame --- , insert frame begin, frame queue size : 71, nb_frames : 71, pts : 174592, key_frame : 0 
filter frame --- , frame queue size(71) > 0 and nb_frames(71) > 0, check key_frame : 0, pts : 174592 
filter frame --- , not key frame comes, add it to queue, nb_frames : 72, queue size : 72, pts : 174592 
request frame --- , current cached_gop_ok : 0, nb_gop_frames : 0 
request frame --- , nb_gop_frames == 0 
filter frame --- , insert frame begin, frame queue size : 72, nb_frames : 72, pts : 175104, key_frame : 0 
[h264 @ 0x7feb5a042200] nal_unit_type: 1, nal_ref_idc: 2
filter frame --- , frame queue size(72) > 0 and nb_frames(72) > 0, check key_frame : 0, pts : 175104 
filter frame --- , not key frame comes, add it to queue, nb_frames : 73, queue size : 73, pts : 175104 
request frame --- , current cached_gop_ok : 0, nb_gop_frames : 0 
request frame --- , nb_gop_frames == 0 
[h264 @ 0x7feb5a042800] nal_unit_type: 1, nal_ref_idc: 0
filter frame --- , insert frame begin, frame queue size : 73, nb_frames : 73, pts : 175616, key_frame : 0 
filter frame --- , frame queue size(73) > 0 and nb_frames(73) > 0, check key_frame : 0, pts : 175616 
filter frame --- , not key frame comes, add it to queue, nb_frames : 74, queue size : 74, pts : 175616 
request frame --- , current cached_gop_ok : 0, nb_gop_frames : 0 
request frame --- , nb_gop_frames == 0 
[h264 @ 0x7feb5a009c00] nal_unit_type: 1, nal_ref_idc: 0
filter frame --- , insert frame begin, frame queue size : 74, nb_frames : 74, pts : 176128, key_frame : 0 
filter frame --- , frame queue size(74) > 0 and nb_frames(74) > 0, check key_frame : 0, pts : 176128 
filter frame --- , not key frame comes, add it to queue, nb_frames : 75, queue size : 75, pts : 176128 
request frame --- , current cached_gop_ok : 0, nb_gop_frames : 0 
request frame --- , nb_gop_frames == 0 
filter frame --- , insert frame begin, frame queue size : 75, nb_frames : 75, pts : 176640, key_frame : 0 
[h264 @ 0x7feb5a015a00] nal_unit_type: 1, nal_ref_idc: 2
filter frame --- , frame queue size(75) > 0 and nb_frames(75) > 0, check key_frame : 0, pts : 176640 
filter frame --- , not key frame comes, add it to queue, nb_frames : 76, queue size : 76, pts : 176640 
request frame --- , current cached_gop_ok : 0, nb_gop_frames : 0 
request frame --- , nb_gop_frames == 0 
[h264 @ 0x7feb5a02be00] nal_unit_type: 1, nal_ref_idc: 2
filter frame --- , insert frame begin, frame queue size : 76, nb_frames : 76, pts : 177152, key_frame : 0 
filter frame --- , frame queue size(76) > 0 and nb_frames(76) > 0, check key_frame : 0, pts : 177152 
filter frame --- , not key frame comes, add it to queue, nb_frames : 77, queue size : 77, pts : 177152 
request frame --- , current cached_gop_ok : 0, nb_gop_frames : 0 
request frame --- , nb_gop_frames == 0 
[h264 @ 0x7feb5a042200] nal_unit_type: 1, nal_ref_idc: 0
filter frame --- , insert frame begin, frame queue size : 77, nb_frames : 77, pts : 177664, key_frame : 0 
filter frame --- , frame queue size(77) > 0 and nb_frames(77) > 0, check key_frame : 0, pts : 177664 
filter frame --- , not key frame comes, add it to queue, nb_frames : 78, queue size : 78, pts : 177664 
request frame --- , current cached_gop_ok : 0, nb_gop_frames : 0 
request frame --- , nb_gop_frames == 0 
[h264 @ 0x7feb5a042800] nal_unit_type: 1, nal_ref_idc: 0
filter frame --- , insert frame begin, frame queue size : 78, nb_frames : 78, pts : 178176, key_frame : 0 
filter frame --- , frame queue size(78) > 0 and nb_frames(78) > 0, check key_frame : 0, pts : 178176 
filter frame --- , not key frame comes, add it to queue, nb_frames : 79, queue size : 79, pts : 178176 
request frame --- , current cached_gop_ok : 0, nb_gop_frames : 0 
request frame --- , nb_gop_frames == 0 
[h264 @ 0x7feb5a009c00] nal_unit_type: 1, nal_ref_idc: 2
filter frame --- , insert frame begin, frame queue size : 79, nb_frames : 79, pts : 178688, key_frame : 0 
filter frame --- , frame queue size(79) > 0 and nb_frames(79) > 0, check key_frame : 0, pts : 178688 
filter frame --- , not key frame comes, add it to queue, nb_frames : 80, queue size : 80, pts : 178688 
request frame --- , current cached_gop_ok : 0, nb_gop_frames : 0 
request frame --- , nb_gop_frames == 0 
[h264 @ 0x7feb5a015a00] nal_unit_type: 1, nal_ref_idc: 2
filter frame --- , insert frame begin, frame queue size : 80, nb_frames : 80, pts : 179200, key_frame : 0 
filter frame --- , frame queue size(80) > 0 and nb_frames(80) > 0, check key_frame : 0, pts : 179200 
filter frame --- , not key frame comes, add it to queue, nb_frames : 81, queue size : 81, pts : 179200 
request frame --- , current cached_gop_ok : 0, nb_gop_frames : 0 
request frame --- , nb_gop_frames == 0 
filter frame --- , insert frame begin, frame queue size : 81, nb_frames : 81, pts : 179712, key_frame : 0 
[h264 @ 0x7feb5a02be00] nal_unit_type: 1, nal_ref_idc: 0
filter frame --- , frame queue size(81) > 0 and nb_frames(81) > 0, check key_frame : 0, pts : 179712 
filter frame --- , not key frame comes, add it to queue, nb_frames : 82, queue size : 82, pts : 179712 
request frame --- , current cached_gop_ok : 0, nb_gop_frames : 0 
request frame --- , nb_gop_frames == 0 
filter frame --- , insert frame begin, frame queue size : 82, nb_frames : 82, pts : 180224, key_frame : 0 
[h264 @ 0x7feb5a042200] nal_unit_type: 1, nal_ref_idc: 0
filter frame --- , frame queue size(82) > 0 and nb_frames(82) > 0, check key_frame : 0, pts : 180224 
filter frame --- , not key frame comes, add it to queue, nb_frames : 83, queue size : 83, pts : 180224 
request frame --- , current cached_gop_ok : 0, nb_gop_frames : 0 
request frame --- , nb_gop_frames == 0 
[h264 @ 0x7feb5a042800] nal_unit_type: 1, nal_ref_idc: 2
filter frame --- , insert frame begin, frame queue size : 83, nb_frames : 83, pts : 180736, key_frame : 0 
filter frame --- , frame queue size(83) > 0 and nb_frames(83) > 0, check key_frame : 0, pts : 180736 
filter frame --- , not key frame comes, add it to queue, nb_frames : 84, queue size : 84, pts : 180736 
request frame --- , current cached_gop_ok : 0, nb_gop_frames : 0 
request frame --- , nb_gop_frames == 0 
filter frame --- , insert frame begin, frame queue size : 84, nb_frames : 84, pts : 181248, key_frame : 0 
filter frame --- , frame queue size(84) > 0 and nb_frames(84) > 0, check key_frame : 0, pts : 181248 
filter frame --- , not key frame comes, add it to queue, nb_frames : 85, queue size : 85, pts : 181248 
request frame --- , current cached_gop_ok : 0, nb_gop_frames : 0 
[h264 @ 0x7feb5a009c00] nal_unit_type: 5, nal_ref_idc: 3
request frame --- , nb_gop_frames == 0 
[h264 @ 0x7feb5a015a00] nal_unit_type: 1, nal_ref_idc: 2
filter frame --- , insert frame begin, frame queue size : 85, nb_frames : 85, pts : 181760, key_frame : 0 
filter frame --- , frame queue size(85) > 0 and nb_frames(85) > 0, check key_frame : 0, pts : 181760 
filter frame --- , not key frame comes, add it to queue, nb_frames : 86, queue size : 86, pts : 181760 
request frame --- , current cached_gop_ok : 0, nb_gop_frames : 0 
request frame --- , nb_gop_frames == 0 
filter frame --- , insert frame begin, frame queue size : 86, nb_frames : 86, pts : 182272, key_frame : 0 
[h264 @ 0x7feb5a02be00] nal_unit_type: 1, nal_ref_idc: 2
filter frame --- , frame queue size(86) > 0 and nb_frames(86) > 0, check key_frame : 0, pts : 182272 
filter frame --- , not key frame comes, add it to queue, nb_frames : 87, queue size : 87, pts : 182272 
request frame --- , current cached_gop_ok : 0, nb_gop_frames : 0 
request frame --- , nb_gop_frames == 0 
[h264 @ 0x7feb5a042200] nal_unit_type: 1, nal_ref_idc: 0
filter frame --- , insert frame begin, frame queue size : 87, nb_frames : 87, pts : 182784, key_frame : 0 
filter frame --- , frame queue size(87) > 0 and nb_frames(87) > 0, check key_frame : 0, pts : 182784 
filter frame --- , not key frame comes, add it to queue, nb_frames : 88, queue size : 88, pts : 182784 
request frame --- , current cached_gop_ok : 0, nb_gop_frames : 0 
request frame --- , nb_gop_frames == 0 
filter frame --- , insert frame begin, frame queue size : 88, nb_frames : 88, pts : 183296, key_frame : 0 
filter frame --- , frame queue size(88) > 0 and nb_frames(88) > 0, check key_frame : 0, pts : 183296 
filter frame --- , not key frame comes, add it to queue, nb_frames : 89, queue size : 89, pts : 183296 
[h264 @ 0x7feb5a042800] nal_unit_type: 1, nal_ref_idc: 0
request frame --- , current cached_gop_ok : 0, nb_gop_frames : 0 
request frame --- , nb_gop_frames == 0 
filter frame --- , insert frame begin, frame queue size : 89, nb_frames : 89, pts : 183808, key_frame : 0 
filter frame --- , frame queue size(89) > 0 and nb_frames(89) > 0, check key_frame : 0, pts : 183808 
filter frame --- , not key frame comes, add it to queue, nb_frames : 90, queue size : 90, pts : 183808 
request frame --- , current cached_gop_ok : 0, nb_gop_frames : 0 
[h264 @ 0x7feb5a009c00] nal_unit_type: 1, nal_ref_idc: 2
request frame --- , nb_gop_frames == 0 
[h264 @ 0x7feb5a015a00] nal_unit_type: 1, nal_ref_idc: 2
filter frame --- , insert frame begin, frame queue size : 90, nb_frames : 90, pts : 184320, key_frame : 1 
filter frame --- , frame queue size(90) > 0 and nb_frames(90) > 0, check key_frame : 1, pts : 184320 
filter frame --- , key frame(next gop) comes, check nb_gop_frames : 0 
filter frame --- , key frame(next gop) comes, take frame from queue to gop_frames, nb_frames : 89, nb_gop_frames : 1, queue size : 89, pts : 138240 
filter frame --- , not key frame(next gop) comes, take frame from queue to gop_frames, nb_frames : 88, nb_gop_frames : 2, queue size : 88, pts : 138752 
filter frame --- , not key frame(next gop) comes, take frame from queue to gop_frames, nb_frames : 87, nb_gop_frames : 3, queue size : 87, pts : 139264 
filter frame --- , not key frame(next gop) comes, take frame from queue to gop_frames, nb_frames : 86, nb_gop_frames : 4, queue size : 86, pts : 139776 
filter frame --- , not key frame(next gop) comes, take frame from queue to gop_frames, nb_frames : 85, nb_gop_frames : 5, queue size : 85, pts : 140288 
filter frame --- , not key frame(next gop) comes, take frame from queue to gop_frames, nb_frames : 84, nb_gop_frames : 6, queue size : 84, pts : 140800 
filter frame --- , not key frame(next gop) comes, take frame from queue to gop_frames, nb_frames : 83, nb_gop_frames : 7, queue size : 83, pts : 141312 
filter frame --- , not key frame(next gop) comes, take frame from queue to gop_frames, nb_frames : 82, nb_gop_frames : 8, queue size : 82, pts : 141824 
filter frame --- , not key frame(next gop) comes, take frame from queue to gop_frames, nb_frames : 81, nb_gop_frames : 9, queue size : 81, pts : 142336 
filter frame --- , not key frame(next gop) comes, take frame from queue to gop_frames, nb_frames : 80, nb_gop_frames : 10, queue size : 80, pts : 142848 
filter frame --- , not key frame(next gop) comes, take frame from queue to gop_frames, nb_frames : 79, nb_gop_frames : 11, queue size : 79, pts : 143360 
filter frame --- , not key frame(next gop) comes, take frame from queue to gop_frames, nb_frames : 78, nb_gop_frames : 12, queue size : 78, pts : 143872 
filter frame --- , not key frame(next gop) comes, take frame from queue to gop_frames, nb_frames : 77, nb_gop_frames : 13, queue size : 77, pts : 144384 
filter frame --- , not key frame(next gop) comes, take frame from queue to gop_frames, nb_frames : 76, nb_gop_frames : 14, queue size : 76, pts : 144896 
filter frame --- , not key frame(next gop) comes, take frame from queue to gop_frames, nb_frames : 75, nb_gop_frames : 15, queue size : 75, pts : 145408 
filter frame --- , not key frame(next gop) comes, take frame from queue to gop_frames, nb_frames : 74, nb_gop_frames : 16, queue size : 74, pts : 145920 
filter frame --- , not key frame(next gop) comes, take frame from queue to gop_frames, nb_frames : 73, nb_gop_frames : 17, queue size : 73, pts : 146432 
filter frame --- , not key frame(next gop) comes, take frame from queue to gop_frames, nb_frames : 72, nb_gop_frames : 18, queue size : 72, pts : 146944 
filter frame --- , not key frame(next gop) comes, take frame from queue to gop_frames, nb_frames : 71, nb_gop_frames : 19, queue size : 71, pts : 147456 
filter frame --- , not key frame(next gop) comes, take frame from queue to gop_frames, nb_frames : 70, nb_gop_frames : 20, queue size : 70, pts : 147968 
filter frame --- , not key frame(next gop) comes, take frame from queue to gop_frames, nb_frames : 69, nb_gop_frames : 21, queue size : 69, pts : 148480 
filter frame --- , not key frame(next gop) comes, take frame from queue to gop_frames, nb_frames : 68, nb_gop_frames : 22, queue size : 68, pts : 148992 
filter frame --- , not key frame(next gop) comes, take frame from queue to gop_frames, nb_frames : 67, nb_gop_frames : 23, queue size : 67, pts : 149504 
filter frame --- , not key frame(next gop) comes, take frame from queue to gop_frames, nb_frames : 66, nb_gop_frames : 24, queue size : 66, pts : 150016 
filter frame --- , not key frame(next gop) comes, take frame from queue to gop_frames, nb_frames : 65, nb_gop_frames : 25, queue size : 65, pts : 150528 
filter frame --- , not key frame(next gop) comes, take frame from queue to gop_frames, nb_frames : 64, nb_gop_frames : 26, queue size : 64, pts : 151040 
filter frame --- , not key frame(next gop) comes, take frame from queue to gop_frames, nb_frames : 63, nb_gop_frames : 27, queue size : 63, pts : 151552 
filter frame --- , not key frame(next gop) comes, take frame from queue to gop_frames, nb_frames : 62, nb_gop_frames : 28, queue size : 62, pts : 152064 
filter frame --- , not key frame(next gop) comes, take frame from queue to gop_frames, nb_frames : 61, nb_gop_frames : 29, queue size : 61, pts : 152576 
filter frame --- , not key frame(next gop) comes, take frame from queue to gop_frames, nb_frames : 60, nb_gop_frames : 30, queue size : 60, pts : 153088 
filter frame --- , not key frame(next gop) comes, take frame from queue to gop_frames, nb_frames : 59, nb_gop_frames : 31, queue size : 59, pts : 153600 
filter frame --- , not key frame(next gop) comes, take frame from queue to gop_frames, nb_frames : 58, nb_gop_frames : 32, queue size : 58, pts : 154112 
filter frame --- , not key frame(next gop) comes, take frame from queue to gop_frames, nb_frames : 57, nb_gop_frames : 33, queue size : 57, pts : 154624 
filter frame --- , not key frame(next gop) comes, take frame from queue to gop_frames, nb_frames : 56, nb_gop_frames : 34, queue size : 56, pts : 155136 
filter frame --- , not key frame(next gop) comes, take frame from queue to gop_frames, nb_frames : 55, nb_gop_frames : 35, queue size : 55, pts : 155648 
filter frame --- , not key frame(next gop) comes, take frame from queue to gop_frames, nb_frames : 54, nb_gop_frames : 36, queue size : 54, pts : 156160 
filter frame --- , not key frame(next gop) comes, take frame from queue to gop_frames, nb_frames : 53, nb_gop_frames : 37, queue size : 53, pts : 156672 
filter frame --- , not key frame(next gop) comes, take frame from queue to gop_frames, nb_frames : 52, nb_gop_frames : 38, queue size : 52, pts : 157184 
filter frame --- , not key frame(next gop) comes, take frame from queue to gop_frames, nb_frames : 51, nb_gop_frames : 39, queue size : 51, pts : 157696 
filter frame --- , not key frame(next gop) comes, take frame from queue to gop_frames, nb_frames : 50, nb_gop_frames : 40, queue size : 50, pts : 158208 
filter frame --- , not key frame(next gop) comes, take frame from queue to gop_frames, nb_frames : 49, nb_gop_frames : 41, queue size : 49, pts : 158720 
filter frame --- , not key frame(next gop) comes, take frame from queue to gop_frames, nb_frames : 48, nb_gop_frames : 42, queue size : 48, pts : 159232 
filter frame --- , not key frame(next gop) comes, take frame from queue to gop_frames, nb_frames : 47, nb_gop_frames : 43, queue size : 47, pts : 159744 
filter frame --- , not key frame(next gop) comes, take frame from queue to gop_frames, nb_frames : 46, nb_gop_frames : 44, queue size : 46, pts : 160256 
filter frame --- , not key frame(next gop) comes, take frame from queue to gop_frames, nb_frames : 45, nb_gop_frames : 45, queue size : 45, pts : 160768 
filter frame --- , not key frame(next gop) comes, take frame from queue to gop_frames, nb_frames : 44, nb_gop_frames : 46, queue size : 44, pts : 161280 
filter frame --- , not key frame(next gop) comes, take frame from queue to gop_frames, nb_frames : 43, nb_gop_frames : 47, queue size : 43, pts : 161792 
filter frame --- , not key frame(next gop) comes, take frame from queue to gop_frames, nb_frames : 42, nb_gop_frames : 48, queue size : 42, pts : 162304 
filter frame --- , not key frame(next gop) comes, take frame from queue to gop_frames, nb_frames : 41, nb_gop_frames : 49, queue size : 41, pts : 162816 
filter frame --- , not key frame(next gop) comes, take frame from queue to gop_frames, nb_frames : 40, nb_gop_frames : 50, queue size : 40, pts : 163328 
filter frame --- , not key frame(next gop) comes, take frame from queue to gop_frames, nb_frames : 39, nb_gop_frames : 51, queue size : 39, pts : 163840 
filter frame --- , not key frame(next gop) comes, take frame from queue to gop_frames, nb_frames : 38, nb_gop_frames : 52, queue size : 38, pts : 164352 
filter frame --- , not key frame(next gop) comes, take frame from queue to gop_frames, nb_frames : 37, nb_gop_frames : 53, queue size : 37, pts : 164864 
filter frame --- , not key frame(next gop) comes, take frame from queue to gop_frames, nb_frames : 36, nb_gop_frames : 54, queue size : 36, pts : 165376 
filter frame --- , not key frame(next gop) comes, take frame from queue to gop_frames, nb_frames : 35, nb_gop_frames : 55, queue size : 35, pts : 165888 
filter frame --- , not key frame(next gop) comes, take frame from queue to gop_frames, nb_frames : 34, nb_gop_frames : 56, queue size : 34, pts : 166400 
filter frame --- , not key frame(next gop) comes, take frame from queue to gop_frames, nb_frames : 33, nb_gop_frames : 57, queue size : 33, pts : 166912 
filter frame --- , not key frame(next gop) comes, take frame from queue to gop_frames, nb_frames : 32, nb_gop_frames : 58, queue size : 32, pts : 167424 
filter frame --- , not key frame(next gop) comes, take frame from queue to gop_frames, nb_frames : 31, nb_gop_frames : 59, queue size : 31, pts : 167936 
filter frame --- , not key frame(next gop) comes, take frame from queue to gop_frames, nb_frames : 30, nb_gop_frames : 60, queue size : 30, pts : 168448 
filter frame --- , not key frame(next gop) comes, take frame from queue to gop_frames, nb_frames : 29, nb_gop_frames : 61, queue size : 29, pts : 168960 
filter frame --- , not key frame(next gop) comes, take frame from queue to gop_frames, nb_frames : 28, nb_gop_frames : 62, queue size : 28, pts : 169472 
filter frame --- , not key frame(next gop) comes, take frame from queue to gop_frames, nb_frames : 27, nb_gop_frames : 63, queue size : 27, pts : 169984 
filter frame --- , not key frame(next gop) comes, take frame from queue to gop_frames, nb_frames : 26, nb_gop_frames : 64, queue size : 26, pts : 170496 
filter frame --- , not key frame(next gop) comes, take frame from queue to gop_frames, nb_frames : 25, nb_gop_frames : 65, queue size : 25, pts : 171008 
filter frame --- , not key frame(next gop) comes, take frame from queue to gop_frames, nb_frames : 24, nb_gop_frames : 66, queue size : 24, pts : 171520 
filter frame --- , not key frame(next gop) comes, take frame from queue to gop_frames, nb_frames : 23, nb_gop_frames : 67, queue size : 23, pts : 172032 
filter frame --- , not key frame(next gop) comes, take frame from queue to gop_frames, nb_frames : 22, nb_gop_frames : 68, queue size : 22, pts : 172544 
filter frame --- , not key frame(next gop) comes, take frame from queue to gop_frames, nb_frames : 21, nb_gop_frames : 69, queue size : 21, pts : 173056 
filter frame --- , not key frame(next gop) comes, take frame from queue to gop_frames, nb_frames : 20, nb_gop_frames : 70, queue size : 20, pts : 173568 
filter frame --- , not key frame(next gop) comes, take frame from queue to gop_frames, nb_frames : 19, nb_gop_frames : 71, queue size : 19, pts : 174080 
filter frame --- , not key frame(next gop) comes, take frame from queue to gop_frames, nb_frames : 18, nb_gop_frames : 72, queue size : 18, pts : 174592 
filter frame --- , not key frame(next gop) comes, take frame from queue to gop_frames, nb_frames : 17, nb_gop_frames : 73, queue size : 17, pts : 175104 
filter frame --- , not key frame(next gop) comes, take frame from queue to gop_frames, nb_frames : 16, nb_gop_frames : 74, queue size : 16, pts : 175616 
filter frame --- , not key frame(next gop) comes, take frame from queue to gop_frames, nb_frames : 15, nb_gop_frames : 75, queue size : 15, pts : 176128 
filter frame --- , not key frame(next gop) comes, take frame from queue to gop_frames, nb_frames : 14, nb_gop_frames : 76, queue size : 14, pts : 176640 
filter frame --- , not key frame(next gop) comes, take frame from queue to gop_frames, nb_frames : 13, nb_gop_frames : 77, queue size : 13, pts : 177152 
filter frame --- , not key frame(next gop) comes, take frame from queue to gop_frames, nb_frames : 12, nb_gop_frames : 78, queue size : 12, pts : 177664 
filter frame --- , not key frame(next gop) comes, take frame from queue to gop_frames, nb_frames : 11, nb_gop_frames : 79, queue size : 11, pts : 178176 
filter frame --- , not key frame(next gop) comes, take frame from queue to gop_frames, nb_frames : 10, nb_gop_frames : 80, queue size : 10, pts : 178688 
filter frame --- , not key frame(next gop) comes, take frame from queue to gop_frames, nb_frames : 9, nb_gop_frames : 81, queue size : 9, pts : 179200 
filter frame --- , not key frame(next gop) comes, take frame from queue to gop_frames, nb_frames : 8, nb_gop_frames : 82, queue size : 8, pts : 179712 
filter frame --- , not key frame(next gop) comes, take frame from queue to gop_frames, nb_frames : 7, nb_gop_frames : 83, queue size : 7, pts : 180224 
filter frame --- , not key frame(next gop) comes, take frame from queue to gop_frames, nb_frames : 6, nb_gop_frames : 84, queue size : 6, pts : 180736 
filter frame --- , not key frame(next gop) comes, take frame from queue to gop_frames, nb_frames : 5, nb_gop_frames : 85, queue size : 5, pts : 181248 
filter frame --- , not key frame(next gop) comes, take frame from queue to gop_frames, nb_frames : 4, nb_gop_frames : 86, queue size : 4, pts : 181760 
filter frame --- , not key frame(next gop) comes, take frame from queue to gop_frames, nb_frames : 3, nb_gop_frames : 87, queue size : 3, pts : 182272 
filter frame --- , not key frame(next gop) comes, take frame from queue to gop_frames, nb_frames : 2, nb_gop_frames : 88, queue size : 2, pts : 182784 
filter frame --- , not key frame(next gop) comes, take frame from queue to gop_frames, nb_frames : 1, nb_gop_frames : 89, queue size : 1, pts : 183296 
filter frame --- , not key frame(next gop) comes, take frame from queue to gop_frames, nb_frames : 0, nb_gop_frames : 90, queue size : 0, pts : 183808 
filter frame --- , cached_gop_ok == 1 
request frame --- , current cached_gop_ok : 1, nb_gop_frames : 90 
*** 88 dup!
[h264_videotoolbox @ 0x7feb5b004400] request frame --- , current cached_gop_ok : 1, nb_gop_frames : 89 
[h264_videotoolbox @ 0x7feb5b004400] frame=  361 fps=336 q=-0.0 size=     589kB time=00:00:15.13 bitrate= 318.8kbits/s dup=350 drop=261 speed=14.1x    request frame --- , current cached_gop_ok : 1, nb_gop_frames : 88 
request frame --- , current cached_gop_ok : 1, nb_gop_frames : 87 
*** dropping frame 361 from stream 0 at ts 357
request frame --- , current cached_gop_ok : 1, nb_gop_frames : 86 
*** dropping frame 361 from stream 0 at ts 356
request frame --- , current cached_gop_ok : 1, nb_gop_frames : 85 
*** dropping frame 361 from stream 0 at ts 355
request frame --- , current cached_gop_ok : 1, nb_gop_frames : 84 
*** dropping frame 361 from stream 0 at ts 354
request frame --- , current cached_gop_ok : 1, nb_gop_frames : 83 
*** dropping frame 361 from stream 0 at ts 353
request frame --- , current cached_gop_ok : 1, nb_gop_frames : 82 
*** dropping frame 361 from stream 0 at ts 352
request frame --- , current cached_gop_ok : 1, nb_gop_frames : 81 
*** dropping frame 361 from stream 0 at ts 351
request frame --- , current cached_gop_ok : 1, nb_gop_frames : 80 
*** dropping frame 361 from stream 0 at ts 350
request frame --- , current cached_gop_ok : 1, nb_gop_frames : 79 
*** dropping frame 361 from stream 0 at ts 349
request frame --- , current cached_gop_ok : 1, nb_gop_frames : 78 
*** dropping frame 361 from stream 0 at ts 348
request frame --- , current cached_gop_ok : 1, nb_gop_frames : 77 
*** dropping frame 361 from stream 0 at ts 347
request frame --- , current cached_gop_ok : 1, nb_gop_frames : 76 
*** dropping frame 361 from stream 0 at ts 346
request frame --- , current cached_gop_ok : 1, nb_gop_frames : 75 
*** dropping frame 361 from stream 0 at ts 345
request frame --- , current cached_gop_ok : 1, nb_gop_frames : 74 
*** dropping frame 361 from stream 0 at ts 344
request frame --- , current cached_gop_ok : 1, nb_gop_frames : 73 
*** dropping frame 361 from stream 0 at ts 343
request frame --- , current cached_gop_ok : 1, nb_gop_frames : 72 
*** dropping frame 361 from stream 0 at ts 342
request frame --- , current cached_gop_ok : 1, nb_gop_frames : 71 
*** dropping frame 361 from stream 0 at ts 341
request frame --- , current cached_gop_ok : 1, nb_gop_frames : 70 
*** dropping frame 361 from stream 0 at ts 340
request frame --- , current cached_gop_ok : 1, nb_gop_frames : 69 
*** dropping frame 361 from stream 0 at ts 339
request frame --- , current cached_gop_ok : 1, nb_gop_frames : 68 
*** dropping frame 361 from stream 0 at ts 338
request frame --- , current cached_gop_ok : 1, nb_gop_frames : 67 
*** dropping frame 361 from stream 0 at ts 337
request frame --- , current cached_gop_ok : 1, nb_gop_frames : 66 
*** dropping frame 361 from stream 0 at ts 336
request frame --- , current cached_gop_ok : 1, nb_gop_frames : 65 
*** dropping frame 361 from stream 0 at ts 335
request frame --- , current cached_gop_ok : 1, nb_gop_frames : 64 
*** dropping frame 361 from stream 0 at ts 334
request frame --- , current cached_gop_ok : 1, nb_gop_frames : 63 
*** dropping frame 361 from stream 0 at ts 333
request frame --- , current cached_gop_ok : 1, nb_gop_frames : 62 
*** dropping frame 361 from stream 0 at ts 332
request frame --- , current cached_gop_ok : 1, nb_gop_frames : 61 
*** dropping frame 361 from stream 0 at ts 331
request frame --- , current cached_gop_ok : 1, nb_gop_frames : 60 
*** dropping frame 361 from stream 0 at ts 330
request frame --- , current cached_gop_ok : 1, nb_gop_frames : 59 
*** dropping frame 361 from stream 0 at ts 329
request frame --- , current cached_gop_ok : 1, nb_gop_frames : 58 
*** dropping frame 361 from stream 0 at ts 328
request frame --- , current cached_gop_ok : 1, nb_gop_frames : 57 
*** dropping frame 361 from stream 0 at ts 327
request frame --- , current cached_gop_ok : 1, nb_gop_frames : 56 
*** dropping frame 361 from stream 0 at ts 326
request frame --- , current cached_gop_ok : 1, nb_gop_frames : 55 
*** dropping frame 361 from stream 0 at ts 325
request frame --- , current cached_gop_ok : 1, nb_gop_frames : 54 
*** dropping frame 361 from stream 0 at ts 324
request frame --- , current cached_gop_ok : 1, nb_gop_frames : 53 
*** dropping frame 361 from stream 0 at ts 323
request frame --- , current cached_gop_ok : 1, nb_gop_frames : 52 
*** dropping frame 361 from stream 0 at ts 322
request frame --- , current cached_gop_ok : 1, nb_gop_frames : 51 
*** dropping frame 361 from stream 0 at ts 321
request frame --- , current cached_gop_ok : 1, nb_gop_frames : 50 
*** dropping frame 361 from stream 0 at ts 320
request frame --- , current cached_gop_ok : 1, nb_gop_frames : 49 
*** dropping frame 361 from stream 0 at ts 319
request frame --- , current cached_gop_ok : 1, nb_gop_frames : 48 
*** dropping frame 361 from stream 0 at ts 318
request frame --- , current cached_gop_ok : 1, nb_gop_frames : 47 
*** dropping frame 361 from stream 0 at ts 317
request frame --- , current cached_gop_ok : 1, nb_gop_frames : 46 
*** dropping frame 361 from stream 0 at ts 316
request frame --- , current cached_gop_ok : 1, nb_gop_frames : 45 
*** dropping frame 361 from stream 0 at ts 315
request frame --- , current cached_gop_ok : 1, nb_gop_frames : 44 
*** dropping frame 361 from stream 0 at ts 314
request frame --- , current cached_gop_ok : 1, nb_gop_frames : 43 
*** dropping frame 361 from stream 0 at ts 313
request frame --- , current cached_gop_ok : 1, nb_gop_frames : 42 
*** dropping frame 361 from stream 0 at ts 312
request frame --- , current cached_gop_ok : 1, nb_gop_frames : 41 
*** dropping frame 361 from stream 0 at ts 311
request frame --- , current cached_gop_ok : 1, nb_gop_frames : 40 
*** dropping frame 361 from stream 0 at ts 310
request frame --- , current cached_gop_ok : 1, nb_gop_frames : 39 
*** dropping frame 361 from stream 0 at ts 309
request frame --- , current cached_gop_ok : 1, nb_gop_frames : 38 
*** dropping frame 361 from stream 0 at ts 308
request frame --- , current cached_gop_ok : 1, nb_gop_frames : 37 
*** dropping frame 361 from stream 0 at ts 307
request frame --- , current cached_gop_ok : 1, nb_gop_frames : 36 
*** dropping frame 361 from stream 0 at ts 306
request frame --- , current cached_gop_ok : 1, nb_gop_frames : 35 
*** dropping frame 361 from stream 0 at ts 305
request frame --- , current cached_gop_ok : 1, nb_gop_frames : 34 
*** dropping frame 361 from stream 0 at ts 304
request frame --- , current cached_gop_ok : 1, nb_gop_frames : 33 
*** dropping frame 361 from stream 0 at ts 303
request frame --- , current cached_gop_ok : 1, nb_gop_frames : 32 
*** dropping frame 361 from stream 0 at ts 302
request frame --- , current cached_gop_ok : 1, nb_gop_frames : 31 
*** dropping frame 361 from stream 0 at ts 301
request frame --- , current cached_gop_ok : 1, nb_gop_frames : 30 
*** dropping frame 361 from stream 0 at ts 300
request frame --- , current cached_gop_ok : 1, nb_gop_frames : 29 
*** dropping frame 361 from stream 0 at ts 299
request frame --- , current cached_gop_ok : 1, nb_gop_frames : 28 
*** dropping frame 361 from stream 0 at ts 298
request frame --- , current cached_gop_ok : 1, nb_gop_frames : 27 
*** dropping frame 361 from stream 0 at ts 297
request frame --- , current cached_gop_ok : 1, nb_gop_frames : 26 
*** dropping frame 361 from stream 0 at ts 296
request frame --- , current cached_gop_ok : 1, nb_gop_frames : 25 
*** dropping frame 361 from stream 0 at ts 295
request frame --- , current cached_gop_ok : 1, nb_gop_frames : 24 
*** dropping frame 361 from stream 0 at ts 294
request frame --- , current cached_gop_ok : 1, nb_gop_frames : 23 
*** dropping frame 361 from stream 0 at ts 293
request frame --- , current cached_gop_ok : 1, nb_gop_frames : 22 
*** dropping frame 361 from stream 0 at ts 292
request frame --- , current cached_gop_ok : 1, nb_gop_frames : 21 
*** dropping frame 361 from stream 0 at ts 291
request frame --- , current cached_gop_ok : 1, nb_gop_frames : 20 
*** dropping frame 361 from stream 0 at ts 290
request frame --- , current cached_gop_ok : 1, nb_gop_frames : 19 
*** dropping frame 361 from stream 0 at ts 289
request frame --- , current cached_gop_ok : 1, nb_gop_frames : 18 
*** dropping frame 361 from stream 0 at ts 288
request frame --- , current cached_gop_ok : 1, nb_gop_frames : 17 
*** dropping frame 361 from stream 0 at ts 287
request frame --- , current cached_gop_ok : 1, nb_gop_frames : 16 
*** dropping frame 361 from stream 0 at ts 286
request frame --- , current cached_gop_ok : 1, nb_gop_frames : 15 
*** dropping frame 361 from stream 0 at ts 285
request frame --- , current cached_gop_ok : 1, nb_gop_frames : 14 
*** dropping frame 361 from stream 0 at ts 284
request frame --- , current cached_gop_ok : 1, nb_gop_frames : 13 
*** dropping frame 361 from stream 0 at ts 283
request frame --- , current cached_gop_ok : 1, nb_gop_frames : 12 
*** dropping frame 361 from stream 0 at ts 282
request frame --- , current cached_gop_ok : 1, nb_gop_frames : 11 
*** dropping frame 361 from stream 0 at ts 281
request frame --- , current cached_gop_ok : 1, nb_gop_frames : 10 
*** dropping frame 361 from stream 0 at ts 280
request frame --- , current cached_gop_ok : 1, nb_gop_frames : 9 
*** dropping frame 361 from stream 0 at ts 279
request frame --- , current cached_gop_ok : 1, nb_gop_frames : 8 
*** dropping frame 361 from stream 0 at ts 278
request frame --- , current cached_gop_ok : 1, nb_gop_frames : 7 
*** dropping frame 361 from stream 0 at ts 277
request frame --- , current cached_gop_ok : 1, nb_gop_frames : 6 
*** dropping frame 361 from stream 0 at ts 276
request frame --- , current cached_gop_ok : 1, nb_gop_frames : 5 
*** dropping frame 361 from stream 0 at ts 275
request frame --- , current cached_gop_ok : 1, nb_gop_frames : 4 
*** dropping frame 361 from stream 0 at ts 274
request frame --- , current cached_gop_ok : 1, nb_gop_frames : 3 
*** dropping frame 361 from stream 0 at ts 273
request frame --- , current cached_gop_ok : 1, nb_gop_frames : 2 
*** dropping frame 361 from stream 0 at ts 272
request frame --- , current cached_gop_ok : 1, nb_gop_frames : 1 
request frame --- , nb_gop_frames == 0 
*** dropping frame 361 from stream 0 at ts 271
request frame --- , current cached_gop_ok : 0, nb_gop_frames : 0 
request frame --- , nb_gop_frames == 0 
filter frame --- , insert frame begin, frame queue size : 1, nb_frames : 1, pts : 184832, key_frame : 0 
[h264 @ 0x7feb5a02be00] nal_unit_type: 1, nal_ref_idc: 0
filter frame --- , frame queue size(1) > 0 and nb_frames(1) > 0, check key_frame : 0, pts : 184832 
filter frame --- , not key frame comes, add it to queue, nb_frames : 2, queue size : 2, pts : 184832 
request frame --- , current cached_gop_ok : 0, nb_gop_frames : 0 
request frame --- , nb_gop_frames == 0 
filter frame --- , insert frame begin, frame queue size : 2, nb_frames : 2, pts : 185344, key_frame : 0 
[h264 @ 0x7feb5a042200] nal_unit_type: 1, nal_ref_idc: 0
filter frame --- , frame queue size(2) > 0 and nb_frames(2) > 0, check key_frame : 0, pts : 185344 
filter frame --- , not key frame comes, add it to queue, nb_frames : 3, queue size : 3, pts : 185344 
request frame --- , current cached_gop_ok : 0, nb_gop_frames : 0 
request frame --- , nb_gop_frames == 0 
filter frame --- , insert frame begin, frame queue size : 3, nb_frames : 3, pts : 185856, key_frame : 0 
filter frame --- , frame queue size(3) > 0 and nb_frames(3) > 0, check key_frame : 0, pts : 185856 
filter frame --- , not key frame comes, add it to queue, nb_frames : 4, queue size : 4, pts : 185856 
[h264 @ 0x7feb5a042800] nal_unit_type: 1, nal_ref_idc: 2
request frame --- , current cached_gop_ok : 0, nb_gop_frames : 0 
request frame --- , nb_gop_frames == 0 
filter frame --- , insert frame begin, frame queue size : 4, nb_frames : 4, pts : 186368, key_frame : 0 
[h264 @ 0x7feb5a009c00] nal_unit_type: 1, nal_ref_idc: 2
filter frame --- , frame queue size(4) > 0 and nb_frames(4) > 0, check key_frame : 0, pts : 186368 
filter frame --- , not key frame comes, add it to queue, nb_frames : 5, queue size : 5, pts : 186368 
request frame --- , current cached_gop_ok : 0, nb_gop_frames : 0 
request frame --- , nb_gop_frames == 0 
filter frame --- , insert frame begin, frame queue size : 5, nb_frames : 5, pts : 186880, key_frame : 0 
[h264 @ 0x7feb5a015a00] nal_unit_type: 1, nal_ref_idc: 0
filter frame --- , frame queue size(5) > 0 and nb_frames(5) > 0, check key_frame : 0, pts : 186880 
filter frame --- , not key frame comes, add it to queue, nb_frames : 6, queue size : 6, pts : 186880 
request frame --- , current cached_gop_ok : 0, nb_gop_frames : 0 
request frame --- , nb_gop_frames == 0 
filter frame --- , insert frame begin, frame queue size : 6, nb_frames : 6, pts : 187392, key_frame : 0 
[h264 @ 0x7feb5a02be00] nal_unit_type: 1, nal_ref_idc: 0
filter frame --- , frame queue size(6) > 0 and nb_frames(6) > 0, check key_frame : 0, pts : 187392 
filter frame --- , not key frame comes, add it to queue, nb_frames : 7, queue size : 7, pts : 187392 
request frame --- , current cached_gop_ok : 0, nb_gop_frames : 0 
request frame --- , nb_gop_frames == 0 
[h264 @ 0x7feb5a042200] nal_unit_type: 1, nal_ref_idc: 2
filter frame --- , insert frame begin, frame queue size : 7, nb_frames : 7, pts : 187904, key_frame : 0 
filter frame --- , frame queue size(7) > 0 and nb_frames(7) > 0, check key_frame : 0, pts : 187904 
filter frame --- , not key frame comes, add it to queue, nb_frames : 8, queue size : 8, pts : 187904 
request frame --- , current cached_gop_ok : 0, nb_gop_frames : 0 
request frame --- , nb_gop_frames == 0 
filter frame --- , insert frame begin, frame queue size : 8, nb_frames : 8, pts : 188416, key_frame : 0 
[h264 @ 0x7feb5a042800] nal_unit_type: 1, nal_ref_idc: 2
filter frame --- , frame queue size(8) > 0 and nb_frames(8) > 0, check key_frame : 0, pts : 188416 
filter frame --- , not key frame comes, add it to queue, nb_frames : 9, queue size : 9, pts : 188416 
request frame --- , current cached_gop_ok : 0, nb_gop_frames : 0 
request frame --- , nb_gop_frames == 0 
filter frame --- , insert frame begin, frame queue size : 9, nb_frames : 9, pts : 188928, key_frame : 0 
[h264 @ 0x7feb5a009c00] nal_unit_type: 1, nal_ref_idc: 0
filter frame --- , frame queue size(9) > 0 and nb_frames(9) > 0, check key_frame : 0, pts : 188928 
filter frame --- , not key frame comes, add it to queue, nb_frames : 10, queue size : 10, pts : 188928 
request frame --- , current cached_gop_ok : 0, nb_gop_frames : 0 
request frame --- , nb_gop_frames == 0 
filter frame --- , insert frame begin, frame queue size : 10, nb_frames : 10, pts : 189440, key_frame : 0 
[h264 @ 0x7feb5a015a00] nal_unit_type: 1, nal_ref_idc: 0
filter frame --- , frame queue size(10) > 0 and nb_frames(10) > 0, check key_frame : 0, pts : 189440 
filter frame --- , not key frame comes, add it to queue, nb_frames : 11, queue size : 11, pts : 189440 
request frame --- , current cached_gop_ok : 0, nb_gop_frames : 0 
request frame --- , nb_gop_frames == 0 
[h264 @ 0x7feb5a02be00] nal_unit_type: 1, nal_ref_idc: 2
filter frame --- , insert frame begin, frame queue size : 11, nb_frames : 11, pts : 189952, key_frame : 0 
filter frame --- , frame queue size(11) > 0 and nb_frames(11) > 0, check key_frame : 0, pts : 189952 
filter frame --- , not key frame comes, add it to queue, nb_frames : 12, queue size : 12, pts : 189952 
request frame --- , current cached_gop_ok : 0, nb_gop_frames : 0 
request frame --- , nb_gop_frames == 0 
filter frame --- , insert frame begin, frame queue size : 12, nb_frames : 12, pts : 190464, key_frame : 0 
[h264 @ 0x7feb5a042200] nal_unit_type: 1, nal_ref_idc: 2
filter frame --- , frame queue size(12) > 0 and nb_frames(12) > 0, check key_frame : 0, pts : 190464 
filter frame --- , not key frame comes, add it to queue, nb_frames : 13, queue size : 13, pts : 190464 
request frame --- , current cached_gop_ok : 0, nb_gop_frames : 0 
request frame --- , nb_gop_frames == 0 
filter frame --- , insert frame begin, frame queue size : 13, nb_frames : 13, pts : 190976, key_frame : 0 
[h264 @ 0x7feb5a042800] nal_unit_type: 1, nal_ref_idc: 0
filter frame --- , frame queue size(13) > 0 and nb_frames(13) > 0, check key_frame : 0, pts : 190976 
filter frame --- , not key frame comes, add it to queue, nb_frames : 14, queue size : 14, pts : 190976 
request frame --- , current cached_gop_ok : 0, nb_gop_frames : 0 
request frame --- , nb_gop_frames == 0 
filter frame --- , insert frame begin, frame queue size : 14, nb_frames : 14, pts : 191488, key_frame : 0 
[h264 @ 0x7feb5a009c00] nal_unit_type: 1, nal_ref_idc: 0
filter frame --- , frame queue size(14) > 0 and nb_frames(14) > 0, check key_frame : 0, pts : 191488 
filter frame --- , not key frame comes, add it to queue, nb_frames : 15, queue size : 15, pts : 191488 
request frame --- , current cached_gop_ok : 0, nb_gop_frames : 0 
request frame --- , nb_gop_frames == 0 
[h264 @ 0x7feb5a015a00] nal_unit_type: 1, nal_ref_idc: 2
filter frame --- , insert frame begin, frame queue size : 15, nb_frames : 15, pts : 192000, key_frame : 0 
filter frame --- , frame queue size(15) > 0 and nb_frames(15) > 0, check key_frame : 0, pts : 192000 
filter frame --- , not key frame comes, add it to queue, nb_frames : 16, queue size : 16, pts : 192000 
request frame --- , current cached_gop_ok : 0, nb_gop_frames : 0 
request frame --- , nb_gop_frames == 0 
filter frame --- , insert frame begin, frame queue size : 16, nb_frames : 16, pts : 192512, key_frame : 0 
[h264 @ 0x7feb5a02be00] nal_unit_type: 1, nal_ref_idc: 2
filter frame --- , frame queue size(16) > 0 and nb_frames(16) > 0, check key_frame : 0, pts : 192512 
filter frame --- , not key frame comes, add it to queue, nb_frames : 17, queue size : 17, pts : 192512 
request frame --- , current cached_gop_ok : 0, nb_gop_frames : 0 
request frame --- , nb_gop_frames == 0 
filter frame --- , insert frame begin, frame queue size : 17, nb_frames : 17, pts : 193024, key_frame : 0 
[h264 @ 0x7feb5a042200] nal_unit_type: 1, nal_ref_idc: 0
filter frame --- , frame queue size(17) > 0 and nb_frames(17) > 0, check key_frame : 0, pts : 193024 
filter frame --- , not key frame comes, add it to queue, nb_frames : 18, queue size : 18, pts : 193024 
request frame --- , current cached_gop_ok : 0, nb_gop_frames : 0 
request frame --- , nb_gop_frames == 0 
filter frame --- , insert frame begin, frame queue size : 18, nb_frames : 18, pts : 193536, key_frame : 0 
[h264 @ 0x7feb5a042800] nal_unit_type: 1, nal_ref_idc: 0
filter frame --- , frame queue size(18) > 0 and nb_frames(18) > 0, check key_frame : 0, pts : 193536 
filter frame --- , not key frame comes, add it to queue, nb_frames : 19, queue size : 19, pts : 193536 
request frame --- , current cached_gop_ok : 0, nb_gop_frames : 0 
request frame --- , nb_gop_frames == 0 
filter frame --- , insert frame begin, frame queue size : 19, nb_frames : 19, pts : 194048, key_frame : 0 
[h264 @ 0x7feb5a009c00] nal_unit_type: 1, nal_ref_idc: 2
filter frame --- , frame queue size(19) > 0 and nb_frames(19) > 0, check key_frame : 0, pts : 194048 
filter frame --- , not key frame comes, add it to queue, nb_frames : 20, queue size : 20, pts : 194048 
request frame --- , current cached_gop_ok : 0, nb_gop_frames : 0 
request frame --- , nb_gop_frames == 0 
filter frame --- , insert frame begin, frame queue size : 20, nb_frames : 20, pts : 194560, key_frame : 0 
filter frame --- , frame queue size(20) > 0 and nb_frames(20) > 0, check key_frame : 0, pts : 194560 
filter frame --- , not key frame comes, add it to queue, nb_frames : 21, queue size : 21, pts : 194560 
request frame --- , current cached_gop_ok : 0, nb_gop_frames : 0 
[h264 @ 0x7feb5a015a00] nal_unit_type: 1, nal_ref_idc: 2
request frame --- , nb_gop_frames == 0 
filter frame --- , insert frame begin, frame queue size : 21, nb_frames : 21, pts : 195072, key_frame : 0 
filter frame --- , frame queue size(21) > 0 and nb_frames(21) > 0, check key_frame : 0, pts : 195072 
filter frame --- , not key frame comes, add it to queue, nb_frames : 22, queue size : 22, pts : 195072 
request frame --- , current cached_gop_ok : 0, nb_gop_frames : 0 
request frame --- , nb_gop_frames == 0 
[h264 @ 0x7feb5a02be00] nal_unit_type: 1, nal_ref_idc: 0
filter frame --- , insert frame begin, frame queue size : 22, nb_frames : 22, pts : 195584, key_frame : 0 
filter frame --- , frame queue size(22) > 0 and nb_frames(22) > 0, check key_frame : 0, pts : 195584 
filter frame --- , not key frame comes, add it to queue, nb_frames : 23, queue size : 23, pts : 195584 
request frame --- , current cached_gop_ok : 0, nb_gop_frames : 0 
request frame --- , nb_gop_frames == 0 
[h264 @ 0x7feb5a042200] nal_unit_type: 1, nal_ref_idc: 0
[h264 @ 0x7feb5a042800] nal_unit_type: 1, nal_ref_idc: 2
filter frame --- , insert frame begin, frame queue size : 23, nb_frames : 23, pts : 196096, key_frame : 0 
filter frame --- , frame queue size(23) > 0 and nb_frames(23) > 0, check key_frame : 0, pts : 196096 
filter frame --- , not key frame comes, add it to queue, nb_frames : 24, queue size : 24, pts : 196096 
request frame --- , current cached_gop_ok : 0, nb_gop_frames : 0 
request frame --- , nb_gop_frames == 0 
filter frame --- , insert frame begin, frame queue size : 24, nb_frames : 24, pts : 196608, key_frame : 0 
filter frame --- , frame queue size(24) > 0 and nb_frames(24) > 0, check key_frame : 0, pts : 196608 
[h264 @ 0x7feb5a009c00] nal_unit_type: 1, nal_ref_idc: 2
filter frame --- , not key frame comes, add it to queue, nb_frames : 25, queue size : 25, pts : 196608 
request frame --- , current cached_gop_ok : 0, nb_gop_frames : 0 
request frame --- , nb_gop_frames == 0 
filter frame --- , insert frame begin, frame queue size : 25, nb_frames : 25, pts : 197120, key_frame : 0 
filter frame --- , frame queue size(25) > 0 and nb_frames(25) > 0, check key_frame : 0, pts : 197120 
filter frame --- , not key frame comes, add it to queue, nb_frames : 26, queue size : 26, pts : 197120 
request frame --- , current cached_gop_ok : 0, nb_gop_frames : 0 
request frame --- , nb_gop_frames == 0 
[h264 @ 0x7feb5a015a00] nal_unit_type: 1, nal_ref_idc: 0
filter frame --- , insert frame begin, frame queue size : 26, nb_frames : 26, pts : 197632, key_frame : 0 
filter frame --- , frame queue size(26) > 0 and nb_frames(26) > 0, check key_frame : 0, pts : 197632 
filter frame --- , not key frame comes, add it to queue, nb_frames : 27, queue size : 27, pts : 197632 
request frame --- , current cached_gop_ok : 0, nb_gop_frames : 0 
request frame --- , nb_gop_frames == 0 
[h264 @ 0x7feb5a02be00] nal_unit_type: 1, nal_ref_idc: 0
filter frame --- , insert frame begin, frame queue size : 27, nb_frames : 27, pts : 198144, key_frame : 0 
filter frame --- , frame queue size(27) > 0 and nb_frames(27) > 0, check key_frame : 0, pts : 198144 
filter frame --- , not key frame comes, add it to queue, nb_frames : 28, queue size : 28, pts : 198144 
request frame --- , current cached_gop_ok : 0, nb_gop_frames : 0 
request frame --- , nb_gop_frames == 0 
[h264 @ 0x7feb5a042200] nal_unit_type: 1, nal_ref_idc: 2
filter frame --- , insert frame begin, frame queue size : 28, nb_frames : 28, pts : 198656, key_frame : 0 
[h264 @ 0x7feb5a042800] nal_unit_type: 1, nal_ref_idc: 2
filter frame --- , frame queue size(28) > 0 and nb_frames(28) > 0, check key_frame : 0, pts : 198656 
filter frame --- , not key frame comes, add it to queue, nb_frames : 29, queue size : 29, pts : 198656 
request frame --- , current cached_gop_ok : 0, nb_gop_frames : 0 
request frame --- , nb_gop_frames == 0 
filter frame --- , insert frame begin, frame queue size : 29, nb_frames : 29, pts : 199168, key_frame : 0 
filter frame --- , frame queue size(29) > 0 and nb_frames(29) > 0, check key_frame : 0, pts : 199168 
filter frame --- , not key frame comes, add it to queue, nb_frames : 30, queue size : 30, pts : 199168 
request frame --- , current cached_gop_ok : 0, nb_gop_frames : 0 
[h264 @ 0x7feb5a009c00] nal_unit_type: 1, nal_ref_idc: 0
request frame --- , nb_gop_frames == 0 
filter frame --- , insert frame begin, frame queue size : 30, nb_frames : 30, pts : 199680, key_frame : 0 
filter frame --- , frame queue size(30) > 0 and nb_frames(30) > 0, check key_frame : 0, pts : 199680 
filter frame --- , not key frame comes, add it to queue, nb_frames : 31, queue size : 31, pts : 199680 
request frame --- , current cached_gop_ok : 0, nb_gop_frames : 0 
request frame --- , nb_gop_frames == 0 
[h264 @ 0x7feb5a015a00] nal_unit_type: 1, nal_ref_idc: 0
[h264 @ 0x7feb5a02be00] nal_unit_type: 1, nal_ref_idc: 2
filter frame --- , insert frame begin, frame queue size : 31, nb_frames : 31, pts : 200192, key_frame : 0 
filter frame --- , frame queue size(31) > 0 and nb_frames(31) > 0, check key_frame : 0, pts : 200192 
filter frame --- , not key frame comes, add it to queue, nb_frames : 32, queue size : 32, pts : 200192 
request frame --- , current cached_gop_ok : 0, nb_gop_frames : 0 
request frame --- , nb_gop_frames == 0 
filter frame --- , insert frame begin, frame queue size : 32, nb_frames : 32, pts : 200704, key_frame : 0 
[h264 @ 0x7feb5a042200] nal_unit_type: 1, nal_ref_idc: 2
filter frame --- , frame queue size(32) > 0 and nb_frames(32) > 0, check key_frame : 0, pts : 200704 
filter frame --- , not key frame comes, add it to queue, nb_frames : 33, queue size : 33, pts : 200704 
request frame --- , current cached_gop_ok : 0, nb_gop_frames : 0 
request frame --- , nb_gop_frames == 0 
filter frame --- , insert frame begin, frame queue size : 33, nb_frames : 33, pts : 201216, key_frame : 0 
[h264 @ 0x7feb5a042800] nal_unit_type: 1, nal_ref_idc: 0
filter frame --- , frame queue size(33) > 0 and nb_frames(33) > 0, check key_frame : 0, pts : 201216 
filter frame --- , not key frame comes, add it to queue, nb_frames : 34, queue size : 34, pts : 201216 
request frame --- , current cached_gop_ok : 0, nb_gop_frames : 0 
request frame --- , nb_gop_frames == 0 
filter frame --- , insert frame begin, frame queue size : 34, nb_frames : 34, pts : 201728, key_frame : 0 
filter frame --- , frame queue size(34) > 0 and nb_frames(34) > 0, check key_frame : 0, pts : 201728 
filter frame --- , not key frame comes, add it to queue, nb_frames : 35, queue size : 35, pts : 201728 
request frame --- , current cached_gop_ok : 0, nb_gop_frames : 0 
request frame --- , nb_gop_frames == 0 
[h264 @ 0x7feb5a009c00] nal_unit_type: 1, nal_ref_idc: 0
filter frame --- , insert frame begin, frame queue size : 35, nb_frames : 35, pts : 202240, key_frame : 0 
filter frame --- , frame queue size(35) > 0 and nb_frames(35) > 0, check key_frame : 0, pts : 202240 
filter frame --- , not key frame comes, add it to queue, nb_frames : 36, queue size : 36, pts : 202240 
request frame --- , current cached_gop_ok : 0, nb_gop_frames : 0 
request frame --- , nb_gop_frames == 0 
[h264 @ 0x7feb5a015a00] nal_unit_type: 1, nal_ref_idc: 2
filter frame --- , insert frame begin, frame queue size : 36, nb_frames : 36, pts : 202752, key_frame : 0 
[h264 @ 0x7feb5a02be00] nal_unit_type: 1, nal_ref_idc: 2
filter frame --- , frame queue size(36) > 0 and nb_frames(36) > 0, check key_frame : 0, pts : 202752 
filter frame --- , not key frame comes, add it to queue, nb_frames : 37, queue size : 37, pts : 202752 
request frame --- , current cached_gop_ok : 0, nb_gop_frames : 0 
request frame --- , nb_gop_frames == 0 
filter frame --- , insert frame begin, frame queue size : 37, nb_frames : 37, pts : 203264, key_frame : 0 
[h264 @ 0x7feb5a042200] nal_unit_type: 1, nal_ref_idc: 0
filter frame --- , frame queue size(37) > 0 and nb_frames(37) > 0, check key_frame : 0, pts : 203264 
filter frame --- , not key frame comes, add it to queue, nb_frames : 38, queue size : 38, pts : 203264 
request frame --- , current cached_gop_ok : 0, nb_gop_frames : 0 
request frame --- , nb_gop_frames == 0 
filter frame --- , insert frame begin, frame queue size : 38, nb_frames : 38, pts : 203776, key_frame : 0 
filter frame --- , frame queue size(38) > 0 and nb_frames(38) > 0, check key_frame : 0, pts : 203776 
filter frame --- , not key frame comes, add it to queue, nb_frames : 39, queue size : 39, pts : 203776 
request frame --- , current cached_gop_ok : 0, nb_gop_frames : 0 
request frame --- , nb_gop_frames == 0 
[h264 @ 0x7feb5a042800] nal_unit_type: 1, nal_ref_idc: 0
filter frame --- , insert frame begin, frame queue size : 39, nb_frames : 39, pts : 204288, key_frame : 0 
[h264 @ 0x7feb5a009c00] nal_unit_type: 1, nal_ref_idc: 2
filter frame --- , frame queue size(39) > 0 and nb_frames(39) > 0, check key_frame : 0, pts : 204288 
filter frame --- , not key frame comes, add it to queue, nb_frames : 40, queue size : 40, pts : 204288 
request frame --- , current cached_gop_ok : 0, nb_gop_frames : 0 
request frame --- , nb_gop_frames == 0 
filter frame --- , insert frame begin, frame queue size : 40, nb_frames : 40, pts : 204800, key_frame : 0 
[h264 @ 0x7feb5a015a00] nal_unit_type: 1, nal_ref_idc: 2
filter frame --- , frame queue size(40) > 0 and nb_frames(40) > 0, check key_frame : 0, pts : 204800 
filter frame --- , not key frame comes, add it to queue, nb_frames : 41, queue size : 41, pts : 204800 
request frame --- , current cached_gop_ok : 0, nb_gop_frames : 0 
request frame --- , nb_gop_frames == 0 
filter frame --- , insert frame begin, frame queue size : 41, nb_frames : 41, pts : 205312, key_frame : 0 
filter frame --- , frame queue size(41) > 0 and nb_frames(41) > 0, check key_frame : 0, pts : 205312 
filter frame --- , not key frame comes, add it to queue, nb_frames : 42, queue size : 42, pts : 205312 
request frame --- , current cached_gop_ok : 0, nb_gop_frames : 0 
request frame --- , nb_gop_frames == 0 
[h264 @ 0x7feb5a02be00] nal_unit_type: 1, nal_ref_idc: 0
filter frame --- , insert frame begin, frame queue size : 42, nb_frames : 42, pts : 205824, key_frame : 0 
filter frame --- , frame queue size(42) > 0 and nb_frames(42) > 0, check key_frame : 0, pts : 205824 
filter frame --- , not key frame comes, add it to queue, nb_frames : 43, queue size : 43, pts : 205824 
request frame --- , current cached_gop_ok : 0, nb_gop_frames : 0 
request frame --- , nb_gop_frames == 0 
[h264 @ 0x7feb5a042200] nal_unit_type: 1, nal_ref_idc: 0
filter frame --- , insert frame begin, frame queue size : 43, nb_frames : 43, pts : 206336, key_frame : 0 
filter frame --- , frame queue size(43) > 0 and nb_frames(43) > 0, check key_frame : 0, pts : 206336 
filter frame --- , not key frame comes, add it to queue, nb_frames : 44, queue size : 44, pts : 206336 
request frame --- , current cached_gop_ok : 0, nb_gop_frames : 0 
request frame --- , nb_gop_frames == 0 
[h264 @ 0x7feb5a042800] nal_unit_type: 1, nal_ref_idc: 2
filter frame --- , insert frame begin, frame queue size : 44, nb_frames : 44, pts : 206848, key_frame : 0 
[h264 @ 0x7feb5a009c00] nal_unit_type: 1, nal_ref_idc: 2
filter frame --- , frame queue size(44) > 0 and nb_frames(44) > 0, check key_frame : 0, pts : 206848 
filter frame --- , not key frame comes, add it to queue, nb_frames : 45, queue size : 45, pts : 206848 
request frame --- , current cached_gop_ok : 0, nb_gop_frames : 0 
request frame --- , nb_gop_frames == 0 
filter frame --- , insert frame begin, frame queue size : 45, nb_frames : 45, pts : 207360, key_frame : 0 
filter frame --- , frame queue size(45) > 0 and nb_frames(45) > 0, check key_frame : 0, pts : 207360 
filter frame --- , not key frame comes, add it to queue, nb_frames : 46, queue size : 46, pts : 207360 
request frame --- , current cached_gop_ok : 0, nb_gop_frames : 0 
request frame --- , nb_gop_frames == 0 
[h264 @ 0x7feb5a015a00] nal_unit_type: 1, nal_ref_idc: 0
filter frame --- , insert frame begin, frame queue size : 46, nb_frames : 46, pts : 207872, key_frame : 0 
filter frame --- , frame queue size(46) > 0 and nb_frames(46) > 0, check key_frame : 0, pts : 207872 
filter frame --- , not key frame comes, add it to queue, nb_frames : 47, queue size : 47, pts : 207872 
request frame --- , current cached_gop_ok : 0, nb_gop_frames : 0 
request frame --- , nb_gop_frames == 0 
[h264 @ 0x7feb5a02be00] nal_unit_type: 1, nal_ref_idc: 0
filter frame --- , insert frame begin, frame queue size : 47, nb_frames : 47, pts : 208384, key_frame : 0 
filter frame --- , frame queue size(47) > 0 and nb_frames(47) > 0, check key_frame : 0, pts : 208384 
filter frame --- , not key frame comes, add it to queue, nb_frames : 48, queue size : 48, pts : 208384 
request frame --- , current cached_gop_ok : 0, nb_gop_frames : 0 
request frame --- , nb_gop_frames == 0 
[h264 @ 0x7feb5a042200] nal_unit_type: 1, nal_ref_idc: 2
filter frame --- , insert frame begin, frame queue size : 48, nb_frames : 48, pts : 208896, key_frame : 0 
filter frame --- , frame queue size(48) > 0 and nb_frames(48) > 0, check key_frame : 0, pts : 208896 
filter frame --- , not key frame comes, add it to queue, nb_frames : 49, queue size : 49, pts : 208896 
request frame --- , current cached_gop_ok : 0, nb_gop_frames : 0 
request frame --- , nb_gop_frames == 0 
[h264 @ 0x7feb5a042800] nal_unit_type: 1, nal_ref_idc: 2
filter frame --- , insert frame begin, frame queue size : 49, nb_frames : 49, pts : 209408, key_frame : 0 
[h264 @ 0x7feb5a009c00] nal_unit_type: 1, nal_ref_idc: 0
filter frame --- , frame queue size(49) > 0 and nb_frames(49) > 0, check key_frame : 0, pts : 209408 
filter frame --- , not key frame comes, add it to queue, nb_frames : 50, queue size : 50, pts : 209408 
request frame --- , current cached_gop_ok : 0, nb_gop_frames : 0 
request frame --- , nb_gop_frames == 0 
filter frame --- , insert frame begin, frame queue size : 50, nb_frames : 50, pts : 209920, key_frame : 0 
[h264 @ 0x7feb5a015a00] nal_unit_type: 1, nal_ref_idc: 0
filter frame --- , frame queue size(50) > 0 and nb_frames(50) > 0, check key_frame : 0, pts : 209920 
filter frame --- , not key frame comes, add it to queue, nb_frames : 51, queue size : 51, pts : 209920 
request frame --- , current cached_gop_ok : 0, nb_gop_frames : 0 
request frame --- , nb_gop_frames == 0 
[h264 @ 0x7feb5a02be00] nal_unit_type: 1, nal_ref_idc: 2
filter frame --- , insert frame begin, frame queue size : 51, nb_frames : 51, pts : 210432, key_frame : 0 
filter frame --- , frame queue size(51) > 0 and nb_frames(51) > 0, check key_frame : 0, pts : 210432 
filter frame --- , not key frame comes, add it to queue, nb_frames : 52, queue size : 52, pts : 210432 
request frame --- , current cached_gop_ok : 0, nb_gop_frames : 0 
request frame --- , nb_gop_frames == 0 
filter frame --- , insert frame begin, frame queue size : 52, nb_frames : 52, pts : 210944, key_frame : 0 
filter frame --- , frame queue size(52) > 0 and nb_frames(52) > 0, check key_frame : 0, pts : 210944 
filter frame --- , not key frame comes, add it to queue, nb_frames : 53, queue size : 53, pts : 210944 
request frame --- , current cached_gop_ok : 0, nb_gop_frames : 0 
request frame --- , nb_gop_frames == 0 
[h264 @ 0x7feb5a042200] nal_unit_type: 1, nal_ref_idc: 2
filter frame --- , insert frame begin, frame queue size : 53, nb_frames : 53, pts : 211456, key_frame : 0 
[h264 @ 0x7feb5a042800] nal_unit_type: 1, nal_ref_idc: 0
filter frame --- , frame queue size(53) > 0 and nb_frames(53) > 0, check key_frame : 0, pts : 211456 
filter frame --- , not key frame comes, add it to queue, nb_frames : 54, queue size : 54, pts : 211456 
request frame --- , current cached_gop_ok : 0, nb_gop_frames : 0 
request frame --- , nb_gop_frames == 0 
filter frame --- , insert frame begin, frame queue size : 54, nb_frames : 54, pts : 211968, key_frame : 0 
[h264 @ 0x7feb5a009c00] nal_unit_type: 1, nal_ref_idc: 0
filter frame --- , frame queue size(54) > 0 and nb_frames(54) > 0, check key_frame : 0, pts : 211968 
filter frame --- , not key frame comes, add it to queue, nb_frames : 55, queue size : 55, pts : 211968 
request frame --- , current cached_gop_ok : 0, nb_gop_frames : 0 
request frame --- , nb_gop_frames == 0 
filter frame --- , insert frame begin, frame queue size : 55, nb_frames : 55, pts : 212480, key_frame : 0 
filter frame --- , frame queue size(55) > 0 and nb_frames(55) > 0, check key_frame : 0, pts : 212480 
filter frame --- , not key frame comes, add it to queue, nb_frames : 56, queue size : 56, pts : 212480 
request frame --- , current cached_gop_ok : 0, nb_gop_frames : 0 
request frame --- , nb_gop_frames == 0 
[h264 @ 0x7feb5a015a00] nal_unit_type: 1, nal_ref_idc: 2
filter frame --- , insert frame begin, frame queue size : 56, nb_frames : 56, pts : 212992, key_frame : 0 
[h264 @ 0x7feb5a02be00] nal_unit_type: 1, nal_ref_idc: 2
filter frame --- , frame queue size(56) > 0 and nb_frames(56) > 0, check key_frame : 0, pts : 212992 
filter frame --- , not key frame comes, add it to queue, nb_frames : 57, queue size : 57, pts : 212992 
request frame --- , current cached_gop_ok : 0, nb_gop_frames : 0 
request frame --- , nb_gop_frames == 0 
filter frame --- , insert frame begin, frame queue size : 57, nb_frames : 57, pts : 213504, key_frame : 0 
[h264 @ 0x7feb5a042200] nal_unit_type: 1, nal_ref_idc: 0
filter frame --- , frame queue size(57) > 0 and nb_frames(57) > 0, check key_frame : 0, pts : 213504 
filter frame --- , not key frame comes, add it to queue, nb_frames : 58, queue size : 58, pts : 213504 
request frame --- , current cached_gop_ok : 0, nb_gop_frames : 0 
request frame --- , nb_gop_frames == 0 
filter frame --- , insert frame begin, frame queue size : 58, nb_frames : 58, pts : 214016, key_frame : 0 
[h264 @ 0x7feb5a042800] nal_unit_type: 1, nal_ref_idc: 0
filter frame --- , frame queue size(58) > 0 and nb_frames(58) > 0, check key_frame : 0, pts : 214016 
filter frame --- , not key frame comes, add it to queue, nb_frames : 59, queue size : 59, pts : 214016 
request frame --- , current cached_gop_ok : 0, nb_gop_frames : 0 
request frame --- , nb_gop_frames == 0 
[h264 @ 0x7feb5a009c00] nal_unit_type: 1, nal_ref_idc: 2
filter frame --- , insert frame begin, frame queue size : 59, nb_frames : 59, pts : 214528, key_frame : 0 
filter frame --- , frame queue size(59) > 0 and nb_frames(59) > 0, check key_frame : 0, pts : 214528 
filter frame --- , not key frame comes, add it to queue, nb_frames : 60, queue size : 60, pts : 214528 
request frame --- , current cached_gop_ok : 0, nb_gop_frames : 0 
request frame --- , nb_gop_frames == 0 
[h264 @ 0x7feb5a015a00] nal_unit_type: 1, nal_ref_idc: 2
filter frame --- , insert frame begin, frame queue size : 60, nb_frames : 60, pts : 215040, key_frame : 0 
filter frame --- , frame queue size(60) > 0 and nb_frames(60) > 0, check key_frame : 0, pts : 215040 
filter frame --- , not key frame comes, add it to queue, nb_frames : 61, queue size : 61, pts : 215040 
request frame --- , current cached_gop_ok : 0, nb_gop_frames : 0 
request frame --- , nb_gop_frames == 0 
filter frame --- , insert frame begin, frame queue size : 61, nb_frames : 61, pts : 215552, key_frame : 0 
[h264 @ 0x7feb5a02be00] nal_unit_type: 1, nal_ref_idc: 0
filter frame --- , frame queue size(61) > 0 and nb_frames(61) > 0, check key_frame : 0, pts : 215552 
filter frame --- , not key frame comes, add it to queue, nb_frames : 62, queue size : 62, pts : 215552 
request frame --- , current cached_gop_ok : 0, nb_gop_frames : 0 
request frame --- , nb_gop_frames == 0 
filter frame --- , insert frame begin, frame queue size : 62, nb_frames : 62, pts : 216064, key_frame : 0 
[h264 @ 0x7feb5a042200] nal_unit_type: 1, nal_ref_idc: 0
filter frame --- , frame queue size(62) > 0 and nb_frames(62) > 0, check key_frame : 0, pts : 216064 
filter frame --- , not key frame comes, add it to queue, nb_frames : 63, queue size : 63, pts : 216064 
request frame --- , current cached_gop_ok : 0, nb_gop_frames : 0 
request frame --- , nb_gop_frames == 0 
[h264 @ 0x7feb5a042800] nal_unit_type: 1, nal_ref_idc: 2
filter frame --- , insert frame begin, frame queue size : 63, nb_frames : 63, pts : 216576, key_frame : 0 
filter frame --- , frame queue size(63) > 0 and nb_frames(63) > 0, check key_frame : 0, pts : 216576 
filter frame --- , not key frame comes, add it to queue, nb_frames : 64, queue size : 64, pts : 216576 
request frame --- , current cached_gop_ok : 0, nb_gop_frames : 0 
request frame --- , nb_gop_frames == 0 
filter frame --- , insert frame begin, frame queue size : 64, nb_frames : 64, pts : 217088, key_frame : 0 
[h264 @ 0x7feb5a009c00] nal_unit_type: 1, nal_ref_idc: 2
filter frame --- , frame queue size(64) > 0 and nb_frames(64) > 0, check key_frame : 0, pts : 217088 
filter frame --- , not key frame comes, add it to queue, nb_frames : 65, queue size : 65, pts : 217088 
request frame --- , current cached_gop_ok : 0, nb_gop_frames : 0 
request frame --- , nb_gop_frames == 0 
filter frame --- , insert frame begin, frame queue size : 65, nb_frames : 65, pts : 217600, key_frame : 0 
[h264 @ 0x7feb5a015a00] nal_unit_type: 1, nal_ref_idc: 0
filter frame --- , frame queue size(65) > 0 and nb_frames(65) > 0, check key_frame : 0, pts : 217600 
filter frame --- , not key frame comes, add it to queue, nb_frames : 66, queue size : 66, pts : 217600 
request frame --- , current cached_gop_ok : 0, nb_gop_frames : 0 
request frame --- , nb_gop_frames == 0 
filter frame --- , insert frame begin, frame queue size : 66, nb_frames : 66, pts : 218112, key_frame : 0 
[h264 @ 0x7feb5a02be00] nal_unit_type: 1, nal_ref_idc: 0
filter frame --- , frame queue size(66) > 0 and nb_frames(66) > 0, check key_frame : 0, pts : 218112 
filter frame --- , not key frame comes, add it to queue, nb_frames : 67, queue size : 67, pts : 218112 
request frame --- , current cached_gop_ok : 0, nb_gop_frames : 0 
request frame --- , nb_gop_frames == 0 
filter frame --- , insert frame begin, frame queue size : 67, nb_frames : 67, pts : 218624, key_frame : 0 
[h264 @ 0x7feb5a042200] nal_unit_type: 1, nal_ref_idc: 2
filter frame --- , frame queue size(67) > 0 and nb_frames(67) > 0, check key_frame : 0, pts : 218624 
filter frame --- , not key frame comes, add it to queue, nb_frames : 68, queue size : 68, pts : 218624 
request frame --- , current cached_gop_ok : 0, nb_gop_frames : 0 
request frame --- , nb_gop_frames == 0 
filter frame --- , insert frame begin, frame queue size : 68, nb_frames : 68, pts : 219136, key_frame : 0 
filter frame --- , frame queue size(68) > 0 and nb_frames(68) > 0, check key_frame : 0, pts : 219136 
filter frame --- , not key frame comes, add it to queue, nb_frames : 69, queue size : 69, pts : 219136 
request frame --- , current cached_gop_ok : 0, nb_gop_frames : 0 
request frame --- , nb_gop_frames == 0 
[h264 @ 0x7feb5a042800] nal_unit_type: 1, nal_ref_idc: 2
filter frame --- , insert frame begin, frame queue size : 69, nb_frames : 69, pts : 219648, key_frame : 0 
[h264 @ 0x7feb5a009c00] nal_unit_type: 1, nal_ref_idc: 0
filter frame --- , frame queue size(69) > 0 and nb_frames(69) > 0, check key_frame : 0, pts : 219648 
filter frame --- , not key frame comes, add it to queue, nb_frames : 70, queue size : 70, pts : 219648 
request frame --- , current cached_gop_ok : 0, nb_gop_frames : 0 
request frame --- , nb_gop_frames == 0 
filter frame --- , insert frame begin, frame queue size : 70, nb_frames : 70, pts : 220160, key_frame : 0 
[h264 @ 0x7feb5a015a00] nal_unit_type: 1, nal_ref_idc: 0
filter frame --- , frame queue size(70) > 0 and nb_frames(70) > 0, check key_frame : 0, pts : 220160 
filter frame --- , not key frame comes, add it to queue, nb_frames : 71, queue size : 71, pts : 220160 
request frame --- , current cached_gop_ok : 0, nb_gop_frames : 0 
request frame --- , nb_gop_frames == 0 
filter frame --- , insert frame begin, frame queue size : 71, nb_frames : 71, pts : 220672, key_frame : 0 
filter frame --- , frame queue size(71) > 0 and nb_frames(71) > 0, check key_frame : 0, pts : 220672 
filter frame --- , not key frame comes, add it to queue, nb_frames : 72, queue size : 72, pts : 220672 
request frame --- , current cached_gop_ok : 0, nb_gop_frames : 0 
request frame --- , nb_gop_frames == 0 
[h264 @ 0x7feb5a02be00] nal_unit_type: 1, nal_ref_idc: 2
filter frame --- , insert frame begin, frame queue size : 72, nb_frames : 72, pts : 221184, key_frame : 0 
filter frame --- , frame queue size(72) > 0 and nb_frames(72) > 0, check key_frame : 0, pts : 221184 
filter frame --- , not key frame comes, add it to queue, nb_frames : 73, queue size : 73, pts : 221184 
request frame --- , current cached_gop_ok : 0, nb_gop_frames : 0 
[h264 @ 0x7feb5a042200] nal_unit_type: 1, nal_ref_idc: 2
request frame --- , nb_gop_frames == 0 
filter frame --- , insert frame begin, frame queue size : 73, nb_frames : 73, pts : 221696, key_frame : 0 
filter frame --- , frame queue size(73) > 0 and nb_frames(73) > 0, check key_frame : 0, pts : 221696 
filter frame --- , not key frame comes, add it to queue, nb_frames : 74, queue size : 74, pts : 221696 
request frame --- , current cached_gop_ok : 0, nb_gop_frames : 0 
[h264 @ 0x7feb5a042800] nal_unit_type: 1, nal_ref_idc: 0
request frame --- , nb_gop_frames == 0 
filter frame --- , insert frame begin, frame queue size : 74, nb_frames : 74, pts : 222208, key_frame : 0 
[h264 @ 0x7feb5a009c00] nal_unit_type: 1, nal_ref_idc: 0
filter frame --- , frame queue size(74) > 0 and nb_frames(74) > 0, check key_frame : 0, pts : 222208 
filter frame --- , not key frame comes, add it to queue, nb_frames : 75, queue size : 75, pts : 222208 
request frame --- , current cached_gop_ok : 0, nb_gop_frames : 0 
request frame --- , nb_gop_frames == 0 
filter frame --- , insert frame begin, frame queue size : 75, nb_frames : 75, pts : 222720, key_frame : 0 
filter frame --- , frame queue size(75) > 0 and nb_frames(75) > 0, check key_frame : 0, pts : 222720 
filter frame --- , not key frame comes, add it to queue, nb_frames : 76, queue size : 76, pts : 222720 
request frame --- , current cached_gop_ok : 0, nb_gop_frames : 0 
request frame --- , nb_gop_frames == 0 
[h264 @ 0x7feb5a015a00] nal_unit_type: 1, nal_ref_idc: 2
filter frame --- , insert frame begin, frame queue size : 76, nb_frames : 76, pts : 223232, key_frame : 0 
[h264 @ 0x7feb5a02be00] nal_unit_type: 1, nal_ref_idc: 2
filter frame --- , frame queue size(76) > 0 and nb_frames(76) > 0, check key_frame : 0, pts : 223232 
filter frame --- , not key frame comes, add it to queue, nb_frames : 77, queue size : 77, pts : 223232 
request frame --- , current cached_gop_ok : 0, nb_gop_frames : 0 
request frame --- , nb_gop_frames == 0 
filter frame --- , insert frame begin, frame queue size : 77, nb_frames : 77, pts : 223744, key_frame : 0 
filter frame --- , frame queue size(77) > 0 and nb_frames(77) > 0, check key_frame : 0, pts : 223744 
filter frame --- , not key frame comes, add it to queue, nb_frames : 78, queue size : 78, pts : 223744 
[h264 @ 0x7feb5a042200] nal_unit_type: 1, nal_ref_idc: 0
request frame --- , current cached_gop_ok : 0, nb_gop_frames : 0 
request frame --- , nb_gop_frames == 0 
filter frame --- , insert frame begin, frame queue size : 78, nb_frames : 78, pts : 224256, key_frame : 0 
filter frame --- , frame queue size(78) > 0 and nb_frames(78) > 0, check key_frame : 0, pts : 224256 
filter frame --- , not key frame comes, add it to queue, nb_frames : 79, queue size : 79, pts : 224256 
request frame --- , current cached_gop_ok : 0, nb_gop_frames : 0 
request frame --- , nb_gop_frames == 0 
[h264 @ 0x7feb5a042800] nal_unit_type: 1, nal_ref_idc: 0
[h264 @ 0x7feb5a009c00] nal_unit_type: 1, nal_ref_idc: 2
filter frame --- , insert frame begin, frame queue size : 79, nb_frames : 79, pts : 224768, key_frame : 0 
filter frame --- , frame queue size(79) > 0 and nb_frames(79) > 0, check key_frame : 0, pts : 224768 
filter frame --- , not key frame comes, add it to queue, nb_frames : 80, queue size : 80, pts : 224768 
request frame --- , current cached_gop_ok : 0, nb_gop_frames : 0 
request frame --- , nb_gop_frames == 0 
filter frame --- , insert frame begin, frame queue size : 80, nb_frames : 80, pts : 225280, key_frame : 0 
[h264 @ 0x7feb5a015a00] nal_unit_type: 1, nal_ref_idc: 2
filter frame --- , frame queue size(80) > 0 and nb_frames(80) > 0, check key_frame : 0, pts : 225280 
filter frame --- , not key frame comes, add it to queue, nb_frames : 81, queue size : 81, pts : 225280 
request frame --- , current cached_gop_ok : 0, nb_gop_frames : 0 
request frame --- , nb_gop_frames == 0 
filter frame --- , insert frame begin, frame queue size : 81, nb_frames : 81, pts : 225792, key_frame : 0 
[h264 @ 0x7feb5a02be00] nal_unit_type: 1, nal_ref_idc: 0
filter frame --- , frame queue size(81) > 0 and nb_frames(81) > 0, check key_frame : 0, pts : 225792 
filter frame --- , not key frame comes, add it to queue, nb_frames : 82, queue size : 82, pts : 225792 
request frame --- , current cached_gop_ok : 0, nb_gop_frames : 0 
request frame --- , nb_gop_frames == 0 
filter frame --- , insert frame begin, frame queue size : 82, nb_frames : 82, pts : 226304, key_frame : 0 
[h264 @ 0x7feb5a042200] nal_unit_type: 1, nal_ref_idc: 0
filter frame --- , frame queue size(82) > 0 and nb_frames(82) > 0, check key_frame : 0, pts : 226304 
filter frame --- , not key frame comes, add it to queue, nb_frames : 83, queue size : 83, pts : 226304 
request frame --- , current cached_gop_ok : 0, nb_gop_frames : 0 
request frame --- , nb_gop_frames == 0 
filter frame --- , insert frame begin, frame queue size : 83, nb_frames : 83, pts : 226816, key_frame : 0 
[h264 @ 0x7feb5a042800] nal_unit_type: 1, nal_ref_idc: 2
filter frame --- , frame queue size(83) > 0 and nb_frames(83) > 0, check key_frame : 0, pts : 226816 
filter frame --- , not key frame comes, add it to queue, nb_frames : 84, queue size : 84, pts : 226816 
request frame --- , current cached_gop_ok : 0, nb_gop_frames : 0 
request frame --- , nb_gop_frames == 0 
filter frame --- , insert frame begin, frame queue size : 84, nb_frames : 84, pts : 227328, key_frame : 0 
filter frame --- , frame queue size(84) > 0 and nb_frames(84) > 0, check key_frame : 0, pts : 227328 
filter frame --- , not key frame comes, add it to queue, nb_frames : 85, queue size : 85, pts : 227328 
request frame --- , current cached_gop_ok : 0, nb_gop_frames : 0 
request frame --- , nb_gop_frames == 0 
[h264 @ 0x7feb5a009c00] nal_unit_type: 5, nal_ref_idc: 3
filter frame --- , insert frame begin, frame queue size : 85, nb_frames : 85, pts : 227840, key_frame : 0 
[h264 @ 0x7feb5a015a00] nal_unit_type: 1, nal_ref_idc: 2
filter frame --- , frame queue size(85) > 0 and nb_frames(85) > 0, check key_frame : 0, pts : 227840 
filter frame --- , not key frame comes, add it to queue, nb_frames : 86, queue size : 86, pts : 227840 
request frame --- , current cached_gop_ok : 0, nb_gop_frames : 0 
request frame --- , nb_gop_frames == 0 
filter frame --- , insert frame begin, frame queue size : 86, nb_frames : 86, pts : 228352, key_frame : 0 
[h264 @ 0x7feb5a02be00] nal_unit_type: 1, nal_ref_idc: 2
filter frame --- , frame queue size(86) > 0 and nb_frames(86) > 0, check key_frame : 0, pts : 228352 
filter frame --- , not key frame comes, add it to queue, nb_frames : 87, queue size : 87, pts : 228352 
request frame --- , current cached_gop_ok : 0, nb_gop_frames : 0 
request frame --- , nb_gop_frames == 0 
filter frame --- , insert frame begin, frame queue size : 87, nb_frames : 87, pts : 228864, key_frame : 0 
[h264 @ 0x7feb5a042200] nal_unit_type: 1, nal_ref_idc: 0
filter frame --- , frame queue size(87) > 0 and nb_frames(87) > 0, check key_frame : 0, pts : 228864 
filter frame --- , not key frame comes, add it to queue, nb_frames : 88, queue size : 88, pts : 228864 
request frame --- , current cached_gop_ok : 0, nb_gop_frames : 0 
request frame --- , nb_gop_frames == 0 
filter frame --- , insert frame begin, frame queue size : 88, nb_frames : 88, pts : 229376, key_frame : 0 
[h264 @ 0x7feb5a042800] nal_unit_type: 1, nal_ref_idc: 0
filter frame --- , frame queue size(88) > 0 and nb_frames(88) > 0, check key_frame : 0, pts : 229376 
filter frame --- , not key frame comes, add it to queue, nb_frames : 89, queue size : 89, pts : 229376 
request frame --- , current cached_gop_ok : 0, nb_gop_frames : 0 
request frame --- , nb_gop_frames == 0 
filter frame --- , insert frame begin, frame queue size : 89, nb_frames : 89, pts : 229888, key_frame : 0 
[h264 @ 0x7feb5a009c00] nal_unit_type: 1, nal_ref_idc: 2
filter frame --- , frame queue size(89) > 0 and nb_frames(89) > 0, check key_frame : 0, pts : 229888 
filter frame --- , not key frame comes, add it to queue, nb_frames : 90, queue size : 90, pts : 229888 
request frame --- , current cached_gop_ok : 0, nb_gop_frames : 0 
request frame --- , nb_gop_frames == 0 
filter frame --- , insert frame begin, frame queue size : 90, nb_frames : 90, pts : 230400, key_frame : 1 
[h264 @ 0x7feb5a015a00] nal_unit_type: 1, nal_ref_idc: 2
filter frame --- , frame queue size(90) > 0 and nb_frames(90) > 0, check key_frame : 1, pts : 230400 
filter frame --- , key frame(next gop) comes, check nb_gop_frames : 0 
filter frame --- , key frame(next gop) comes, take frame from queue to gop_frames, nb_frames : 89, nb_gop_frames : 1, queue size : 89, pts : 184320 
filter frame --- , not key frame(next gop) comes, take frame from queue to gop_frames, nb_frames : 88, nb_gop_frames : 2, queue size : 88, pts : 184832 
filter frame --- , not key frame(next gop) comes, take frame from queue to gop_frames, nb_frames : 87, nb_gop_frames : 3, queue size : 87, pts : 185344 
filter frame --- , not key frame(next gop) comes, take frame from queue to gop_frames, nb_frames : 86, nb_gop_frames : 4, queue size : 86, pts : 185856 
filter frame --- , not key frame(next gop) comes, take frame from queue to gop_frames, nb_frames : 85, nb_gop_frames : 5, queue size : 85, pts : 186368 
filter frame --- , not key frame(next gop) comes, take frame from queue to gop_frames, nb_frames : 84, nb_gop_frames : 6, queue size : 84, pts : 186880 
filter frame --- , not key frame(next gop) comes, take frame from queue to gop_frames, nb_frames : 83, nb_gop_frames : 7, queue size : 83, pts : 187392 
filter frame --- , not key frame(next gop) comes, take frame from queue to gop_frames, nb_frames : 82, nb_gop_frames : 8, queue size : 82, pts : 187904 
filter frame --- , not key frame(next gop) comes, take frame from queue to gop_frames, nb_frames : 81, nb_gop_frames : 9, queue size : 81, pts : 188416 
filter frame --- , not key frame(next gop) comes, take frame from queue to gop_frames, nb_frames : 80, nb_gop_frames : 10, queue size : 80, pts : 188928 
filter frame --- , not key frame(next gop) comes, take frame from queue to gop_frames, nb_frames : 79, nb_gop_frames : 11, queue size : 79, pts : 189440 
filter frame --- , not key frame(next gop) comes, take frame from queue to gop_frames, nb_frames : 78, nb_gop_frames : 12, queue size : 78, pts : 189952 
filter frame --- , not key frame(next gop) comes, take frame from queue to gop_frames, nb_frames : 77, nb_gop_frames : 13, queue size : 77, pts : 190464 
filter frame --- , not key frame(next gop) comes, take frame from queue to gop_frames, nb_frames : 76, nb_gop_frames : 14, queue size : 76, pts : 190976 
filter frame --- , not key frame(next gop) comes, take frame from queue to gop_frames, nb_frames : 75, nb_gop_frames : 15, queue size : 75, pts : 191488 
filter frame --- , not key frame(next gop) comes, take frame from queue to gop_frames, nb_frames : 74, nb_gop_frames : 16, queue size : 74, pts : 192000 
filter frame --- , not key frame(next gop) comes, take frame from queue to gop_frames, nb_frames : 73, nb_gop_frames : 17, queue size : 73, pts : 192512 
filter frame --- , not key frame(next gop) comes, take frame from queue to gop_frames, nb_frames : 72, nb_gop_frames : 18, queue size : 72, pts : 193024 
filter frame --- , not key frame(next gop) comes, take frame from queue to gop_frames, nb_frames : 71, nb_gop_frames : 19, queue size : 71, pts : 193536 
filter frame --- , not key frame(next gop) comes, take frame from queue to gop_frames, nb_frames : 70, nb_gop_frames : 20, queue size : 70, pts : 194048 
filter frame --- , not key frame(next gop) comes, take frame from queue to gop_frames, nb_frames : 69, nb_gop_frames : 21, queue size : 69, pts : 194560 
filter frame --- , not key frame(next gop) comes, take frame from queue to gop_frames, nb_frames : 68, nb_gop_frames : 22, queue size : 68, pts : 195072 
filter frame --- , not key frame(next gop) comes, take frame from queue to gop_frames, nb_frames : 67, nb_gop_frames : 23, queue size : 67, pts : 195584 
filter frame --- , not key frame(next gop) comes, take frame from queue to gop_frames, nb_frames : 66, nb_gop_frames : 24, queue size : 66, pts : 196096 
filter frame --- , not key frame(next gop) comes, take frame from queue to gop_frames, nb_frames : 65, nb_gop_frames : 25, queue size : 65, pts : 196608 
filter frame --- , not key frame(next gop) comes, take frame from queue to gop_frames, nb_frames : 64, nb_gop_frames : 26, queue size : 64, pts : 197120 
filter frame --- , not key frame(next gop) comes, take frame from queue to gop_frames, nb_frames : 63, nb_gop_frames : 27, queue size : 63, pts : 197632 
filter frame --- , not key frame(next gop) comes, take frame from queue to gop_frames, nb_frames : 62, nb_gop_frames : 28, queue size : 62, pts : 198144 
filter frame --- , not key frame(next gop) comes, take frame from queue to gop_frames, nb_frames : 61, nb_gop_frames : 29, queue size : 61, pts : 198656 
filter frame --- , not key frame(next gop) comes, take frame from queue to gop_frames, nb_frames : 60, nb_gop_frames : 30, queue size : 60, pts : 199168 
filter frame --- , not key frame(next gop) comes, take frame from queue to gop_frames, nb_frames : 59, nb_gop_frames : 31, queue size : 59, pts : 199680 
filter frame --- , not key frame(next gop) comes, take frame from queue to gop_frames, nb_frames : 58, nb_gop_frames : 32, queue size : 58, pts : 200192 
filter frame --- , not key frame(next gop) comes, take frame from queue to gop_frames, nb_frames : 57, nb_gop_frames : 33, queue size : 57, pts : 200704 
filter frame --- , not key frame(next gop) comes, take frame from queue to gop_frames, nb_frames : 56, nb_gop_frames : 34, queue size : 56, pts : 201216 
filter frame --- , not key frame(next gop) comes, take frame from queue to gop_frames, nb_frames : 55, nb_gop_frames : 35, queue size : 55, pts : 201728 
filter frame --- , not key frame(next gop) comes, take frame from queue to gop_frames, nb_frames : 54, nb_gop_frames : 36, queue size : 54, pts : 202240 
filter frame --- , not key frame(next gop) comes, take frame from queue to gop_frames, nb_frames : 53, nb_gop_frames : 37, queue size : 53, pts : 202752 
filter frame --- , not key frame(next gop) comes, take frame from queue to gop_frames, nb_frames : 52, nb_gop_frames : 38, queue size : 52, pts : 203264 
filter frame --- , not key frame(next gop) comes, take frame from queue to gop_frames, nb_frames : 51, nb_gop_frames : 39, queue size : 51, pts : 203776 
filter frame --- , not key frame(next gop) comes, take frame from queue to gop_frames, nb_frames : 50, nb_gop_frames : 40, queue size : 50, pts : 204288 
filter frame --- , not key frame(next gop) comes, take frame from queue to gop_frames, nb_frames : 49, nb_gop_frames : 41, queue size : 49, pts : 204800 
filter frame --- , not key frame(next gop) comes, take frame from queue to gop_frames, nb_frames : 48, nb_gop_frames : 42, queue size : 48, pts : 205312 
filter frame --- , not key frame(next gop) comes, take frame from queue to gop_frames, nb_frames : 47, nb_gop_frames : 43, queue size : 47, pts : 205824 
filter frame --- , not key frame(next gop) comes, take frame from queue to gop_frames, nb_frames : 46, nb_gop_frames : 44, queue size : 46, pts : 206336 
filter frame --- , not key frame(next gop) comes, take frame from queue to gop_frames, nb_frames : 45, nb_gop_frames : 45, queue size : 45, pts : 206848 
filter frame --- , not key frame(next gop) comes, take frame from queue to gop_frames, nb_frames : 44, nb_gop_frames : 46, queue size : 44, pts : 207360 
filter frame --- , not key frame(next gop) comes, take frame from queue to gop_frames, nb_frames : 43, nb_gop_frames : 47, queue size : 43, pts : 207872 
filter frame --- , not key frame(next gop) comes, take frame from queue to gop_frames, nb_frames : 42, nb_gop_frames : 48, queue size : 42, pts : 208384 
filter frame --- , not key frame(next gop) comes, take frame from queue to gop_frames, nb_frames : 41, nb_gop_frames : 49, queue size : 41, pts : 208896 
filter frame --- , not key frame(next gop) comes, take frame from queue to gop_frames, nb_frames : 40, nb_gop_frames : 50, queue size : 40, pts : 209408 
filter frame --- , not key frame(next gop) comes, take frame from queue to gop_frames, nb_frames : 39, nb_gop_frames : 51, queue size : 39, pts : 209920 
filter frame --- , not key frame(next gop) comes, take frame from queue to gop_frames, nb_frames : 38, nb_gop_frames : 52, queue size : 38, pts : 210432 
filter frame --- , not key frame(next gop) comes, take frame from queue to gop_frames, nb_frames : 37, nb_gop_frames : 53, queue size : 37, pts : 210944 
filter frame --- , not key frame(next gop) comes, take frame from queue to gop_frames, nb_frames : 36, nb_gop_frames : 54, queue size : 36, pts : 211456 
filter frame --- , not key frame(next gop) comes, take frame from queue to gop_frames, nb_frames : 35, nb_gop_frames : 55, queue size : 35, pts : 211968 
filter frame --- , not key frame(next gop) comes, take frame from queue to gop_frames, nb_frames : 34, nb_gop_frames : 56, queue size : 34, pts : 212480 
filter frame --- , not key frame(next gop) comes, take frame from queue to gop_frames, nb_frames : 33, nb_gop_frames : 57, queue size : 33, pts : 212992 
filter frame --- , not key frame(next gop) comes, take frame from queue to gop_frames, nb_frames : 32, nb_gop_frames : 58, queue size : 32, pts : 213504 
filter frame --- , not key frame(next gop) comes, take frame from queue to gop_frames, nb_frames : 31, nb_gop_frames : 59, queue size : 31, pts : 214016 
filter frame --- , not key frame(next gop) comes, take frame from queue to gop_frames, nb_frames : 30, nb_gop_frames : 60, queue size : 30, pts : 214528 
filter frame --- , not key frame(next gop) comes, take frame from queue to gop_frames, nb_frames : 29, nb_gop_frames : 61, queue size : 29, pts : 215040 
filter frame --- , not key frame(next gop) comes, take frame from queue to gop_frames, nb_frames : 28, nb_gop_frames : 62, queue size : 28, pts : 215552 
filter frame --- , not key frame(next gop) comes, take frame from queue to gop_frames, nb_frames : 27, nb_gop_frames : 63, queue size : 27, pts : 216064 
filter frame --- , not key frame(next gop) comes, take frame from queue to gop_frames, nb_frames : 26, nb_gop_frames : 64, queue size : 26, pts : 216576 
filter frame --- , not key frame(next gop) comes, take frame from queue to gop_frames, nb_frames : 25, nb_gop_frames : 65, queue size : 25, pts : 217088 
filter frame --- , not key frame(next gop) comes, take frame from queue to gop_frames, nb_frames : 24, nb_gop_frames : 66, queue size : 24, pts : 217600 
filter frame --- , not key frame(next gop) comes, take frame from queue to gop_frames, nb_frames : 23, nb_gop_frames : 67, queue size : 23, pts : 218112 
filter frame --- , not key frame(next gop) comes, take frame from queue to gop_frames, nb_frames : 22, nb_gop_frames : 68, queue size : 22, pts : 218624 
filter frame --- , not key frame(next gop) comes, take frame from queue to gop_frames, nb_frames : 21, nb_gop_frames : 69, queue size : 21, pts : 219136 
filter frame --- , not key frame(next gop) comes, take frame from queue to gop_frames, nb_frames : 20, nb_gop_frames : 70, queue size : 20, pts : 219648 
filter frame --- , not key frame(next gop) comes, take frame from queue to gop_frames, nb_frames : 19, nb_gop_frames : 71, queue size : 19, pts : 220160 
filter frame --- , not key frame(next gop) comes, take frame from queue to gop_frames, nb_frames : 18, nb_gop_frames : 72, queue size : 18, pts : 220672 
filter frame --- , not key frame(next gop) comes, take frame from queue to gop_frames, nb_frames : 17, nb_gop_frames : 73, queue size : 17, pts : 221184 
filter frame --- , not key frame(next gop) comes, take frame from queue to gop_frames, nb_frames : 16, nb_gop_frames : 74, queue size : 16, pts : 221696 
filter frame --- , not key frame(next gop) comes, take frame from queue to gop_frames, nb_frames : 15, nb_gop_frames : 75, queue size : 15, pts : 222208 
filter frame --- , not key frame(next gop) comes, take frame from queue to gop_frames, nb_frames : 14, nb_gop_frames : 76, queue size : 14, pts : 222720 
filter frame --- , not key frame(next gop) comes, take frame from queue to gop_frames, nb_frames : 13, nb_gop_frames : 77, queue size : 13, pts : 223232 
filter frame --- , not key frame(next gop) comes, take frame from queue to gop_frames, nb_frames : 12, nb_gop_frames : 78, queue size : 12, pts : 223744 
filter frame --- , not key frame(next gop) comes, take frame from queue to gop_frames, nb_frames : 11, nb_gop_frames : 79, queue size : 11, pts : 224256 
filter frame --- , not key frame(next gop) comes, take frame from queue to gop_frames, nb_frames : 10, nb_gop_frames : 80, queue size : 10, pts : 224768 
filter frame --- , not key frame(next gop) comes, take frame from queue to gop_frames, nb_frames : 9, nb_gop_frames : 81, queue size : 9, pts : 225280 
filter frame --- , not key frame(next gop) comes, take frame from queue to gop_frames, nb_frames : 8, nb_gop_frames : 82, queue size : 8, pts : 225792 
filter frame --- , not key frame(next gop) comes, take frame from queue to gop_frames, nb_frames : 7, nb_gop_frames : 83, queue size : 7, pts : 226304 
filter frame --- , not key frame(next gop) comes, take frame from queue to gop_frames, nb_frames : 6, nb_gop_frames : 84, queue size : 6, pts : 226816 
filter frame --- , not key frame(next gop) comes, take frame from queue to gop_frames, nb_frames : 5, nb_gop_frames : 85, queue size : 5, pts : 227328 
filter frame --- , not key frame(next gop) comes, take frame from queue to gop_frames, nb_frames : 4, nb_gop_frames : 86, queue size : 4, pts : 227840 
filter frame --- , not key frame(next gop) comes, take frame from queue to gop_frames, nb_frames : 3, nb_gop_frames : 87, queue size : 3, pts : 228352 
filter frame --- , not key frame(next gop) comes, take frame from queue to gop_frames, nb_frames : 2, nb_gop_frames : 88, queue size : 2, pts : 228864 
filter frame --- , not key frame(next gop) comes, take frame from queue to gop_frames, nb_frames : 1, nb_gop_frames : 89, queue size : 1, pts : 229376 
filter frame --- , not key frame(next gop) comes, take frame from queue to gop_frames, nb_frames : 0, nb_gop_frames : 90, queue size : 0, pts : 229888 
filter frame --- , cached_gop_ok == 1 
request frame --- , current cached_gop_ok : 1, nb_gop_frames : 90 
*** 88 dup!
[h264_videotoolbox @ 0x7feb5b004400] request frame --- , current cached_gop_ok : 1, nb_gop_frames : 89 
[h264_videotoolbox @ 0x7feb5b004400] request frame --- , current cached_gop_ok : 1, nb_gop_frames : 88 
request frame --- , current cached_gop_ok : 1, nb_gop_frames : 87 
*** dropping frame 451 from stream 0 at ts 447
request frame --- , current cached_gop_ok : 1, nb_gop_frames : 86 
*** dropping frame 451 from stream 0 at ts 446
request frame --- , current cached_gop_ok : 1, nb_gop_frames : 85 
*** dropping frame 451 from stream 0 at ts 445
request frame --- , current cached_gop_ok : 1, nb_gop_frames : 84 
*** dropping frame 451 from stream 0 at ts 444
request frame --- , current cached_gop_ok : 1, nb_gop_frames : 83 
*** dropping frame 451 from stream 0 at ts 443
request frame --- , current cached_gop_ok : 1, nb_gop_frames : 82 
*** dropping frame 451 from stream 0 at ts 442
request frame --- , current cached_gop_ok : 1, nb_gop_frames : 81 
*** dropping frame 451 from stream 0 at ts 441
request frame --- , current cached_gop_ok : 1, nb_gop_frames : 80 
*** dropping frame 451 from stream 0 at ts 440
request frame --- , current cached_gop_ok : 1, nb_gop_frames : 79 
*** dropping frame 451 from stream 0 at ts 439
request frame --- , current cached_gop_ok : 1, nb_gop_frames : 78 
*** dropping frame 451 from stream 0 at ts 438
request frame --- , current cached_gop_ok : 1, nb_gop_frames : 77 
*** dropping frame 451 from stream 0 at ts 437
request frame --- , current cached_gop_ok : 1, nb_gop_frames : 76 
*** dropping frame 451 from stream 0 at ts 436
request frame --- , current cached_gop_ok : 1, nb_gop_frames : 75 
*** dropping frame 451 from stream 0 at ts 435
request frame --- , current cached_gop_ok : 1, nb_gop_frames : 74 
*** dropping frame 451 from stream 0 at ts 434
request frame --- , current cached_gop_ok : 1, nb_gop_frames : 73 
*** dropping frame 451 from stream 0 at ts 433
request frame --- , current cached_gop_ok : 1, nb_gop_frames : 72 
*** dropping frame 451 from stream 0 at ts 432
request frame --- , current cached_gop_ok : 1, nb_gop_frames : 71 
*** dropping frame 451 from stream 0 at ts 431
request frame --- , current cached_gop_ok : 1, nb_gop_frames : 70 
*** dropping frame 451 from stream 0 at ts 430
request frame --- , current cached_gop_ok : 1, nb_gop_frames : 69 
*** dropping frame 451 from stream 0 at ts 429
request frame --- , current cached_gop_ok : 1, nb_gop_frames : 68 
*** dropping frame 451 from stream 0 at ts 428
request frame --- , current cached_gop_ok : 1, nb_gop_frames : 67 
*** dropping frame 451 from stream 0 at ts 427
request frame --- , current cached_gop_ok : 1, nb_gop_frames : 66 
*** dropping frame 451 from stream 0 at ts 426
request frame --- , current cached_gop_ok : 1, nb_gop_frames : 65 
*** dropping frame 451 from stream 0 at ts 425
request frame --- , current cached_gop_ok : 1, nb_gop_frames : 64 
*** dropping frame 451 from stream 0 at ts 424
request frame --- , current cached_gop_ok : 1, nb_gop_frames : 63 
*** dropping frame 451 from stream 0 at ts 423
request frame --- , current cached_gop_ok : 1, nb_gop_frames : 62 
*** dropping frame 451 from stream 0 at ts 422
request frame --- , current cached_gop_ok : 1, nb_gop_frames : 61 
*** dropping frame 451 from stream 0 at ts 421
request frame --- , current cached_gop_ok : 1, nb_gop_frames : 60 
*** dropping frame 451 from stream 0 at ts 420
request frame --- , current cached_gop_ok : 1, nb_gop_frames : 59 
*** dropping frame 451 from stream 0 at ts 419
request frame --- , current cached_gop_ok : 1, nb_gop_frames : 58 
*** dropping frame 451 from stream 0 at ts 418
request frame --- , current cached_gop_ok : 1, nb_gop_frames : 57 
*** dropping frame 451 from stream 0 at ts 417
request frame --- , current cached_gop_ok : 1, nb_gop_frames : 56 
*** dropping frame 451 from stream 0 at ts 416
request frame --- , current cached_gop_ok : 1, nb_gop_frames : 55 
*** dropping frame 451 from stream 0 at ts 415
request frame --- , current cached_gop_ok : 1, nb_gop_frames : 54 
*** dropping frame 451 from stream 0 at ts 414
request frame --- , current cached_gop_ok : 1, nb_gop_frames : 53 
*** dropping frame 451 from stream 0 at ts 413
request frame --- , current cached_gop_ok : 1, nb_gop_frames : 52 
*** dropping frame 451 from stream 0 at ts 412
request frame --- , current cached_gop_ok : 1, nb_gop_frames : 51 
*** dropping frame 451 from stream 0 at ts 411
request frame --- , current cached_gop_ok : 1, nb_gop_frames : 50 
*** dropping frame 451 from stream 0 at ts 410
request frame --- , current cached_gop_ok : 1, nb_gop_frames : 49 
*** dropping frame 451 from stream 0 at ts 409
request frame --- , current cached_gop_ok : 1, nb_gop_frames : 48 
*** dropping frame 451 from stream 0 at ts 408
request frame --- , current cached_gop_ok : 1, nb_gop_frames : 47 
*** dropping frame 451 from stream 0 at ts 407
request frame --- , current cached_gop_ok : 1, nb_gop_frames : 46 
*** dropping frame 451 from stream 0 at ts 406
request frame --- , current cached_gop_ok : 1, nb_gop_frames : 45 
*** dropping frame 451 from stream 0 at ts 405
request frame --- , current cached_gop_ok : 1, nb_gop_frames : 44 
*** dropping frame 451 from stream 0 at ts 404
request frame --- , current cached_gop_ok : 1, nb_gop_frames : 43 
*** dropping frame 451 from stream 0 at ts 403
request frame --- , current cached_gop_ok : 1, nb_gop_frames : 42 
*** dropping frame 451 from stream 0 at ts 402
request frame --- , current cached_gop_ok : 1, nb_gop_frames : 41 
*** dropping frame 451 from stream 0 at ts 401
request frame --- , current cached_gop_ok : 1, nb_gop_frames : 40 
*** dropping frame 451 from stream 0 at ts 400
request frame --- , current cached_gop_ok : 1, nb_gop_frames : 39 
*** dropping frame 451 from stream 0 at ts 399
request frame --- , current cached_gop_ok : 1, nb_gop_frames : 38 
*** dropping frame 451 from stream 0 at ts 398
request frame --- , current cached_gop_ok : 1, nb_gop_frames : 37 
*** dropping frame 451 from stream 0 at ts 397
request frame --- , current cached_gop_ok : 1, nb_gop_frames : 36 
*** dropping frame 451 from stream 0 at ts 396
request frame --- , current cached_gop_ok : 1, nb_gop_frames : 35 
*** dropping frame 451 from stream 0 at ts 395
request frame --- , current cached_gop_ok : 1, nb_gop_frames : 34 
*** dropping frame 451 from stream 0 at ts 394
request frame --- , current cached_gop_ok : 1, nb_gop_frames : 33 
*** dropping frame 451 from stream 0 at ts 393
request frame --- , current cached_gop_ok : 1, nb_gop_frames : 32 
*** dropping frame 451 from stream 0 at ts 392
request frame --- , current cached_gop_ok : 1, nb_gop_frames : 31 
*** dropping frame 451 from stream 0 at ts 391
request frame --- , current cached_gop_ok : 1, nb_gop_frames : 30 
*** dropping frame 451 from stream 0 at ts 390
request frame --- , current cached_gop_ok : 1, nb_gop_frames : 29 
*** dropping frame 451 from stream 0 at ts 389
request frame --- , current cached_gop_ok : 1, nb_gop_frames : 28 
*** dropping frame 451 from stream 0 at ts 388
request frame --- , current cached_gop_ok : 1, nb_gop_frames : 27 
*** dropping frame 451 from stream 0 at ts 387
request frame --- , current cached_gop_ok : 1, nb_gop_frames : 26 
*** dropping frame 451 from stream 0 at ts 386
request frame --- , current cached_gop_ok : 1, nb_gop_frames : 25 
*** dropping frame 451 from stream 0 at ts 385
request frame --- , current cached_gop_ok : 1, nb_gop_frames : 24 
*** dropping frame 451 from stream 0 at ts 384
request frame --- , current cached_gop_ok : 1, nb_gop_frames : 23 
*** dropping frame 451 from stream 0 at ts 383
request frame --- , current cached_gop_ok : 1, nb_gop_frames : 22 
*** dropping frame 451 from stream 0 at ts 382
request frame --- , current cached_gop_ok : 1, nb_gop_frames : 21 
*** dropping frame 451 from stream 0 at ts 381
request frame --- , current cached_gop_ok : 1, nb_gop_frames : 20 
*** dropping frame 451 from stream 0 at ts 380
request frame --- , current cached_gop_ok : 1, nb_gop_frames : 19 
*** dropping frame 451 from stream 0 at ts 379
request frame --- , current cached_gop_ok : 1, nb_gop_frames : 18 
*** dropping frame 451 from stream 0 at ts 378
request frame --- , current cached_gop_ok : 1, nb_gop_frames : 17 
*** dropping frame 451 from stream 0 at ts 377
request frame --- , current cached_gop_ok : 1, nb_gop_frames : 16 
*** dropping frame 451 from stream 0 at ts 376
request frame --- , current cached_gop_ok : 1, nb_gop_frames : 15 
*** dropping frame 451 from stream 0 at ts 375
request frame --- , current cached_gop_ok : 1, nb_gop_frames : 14 
*** dropping frame 451 from stream 0 at ts 374
request frame --- , current cached_gop_ok : 1, nb_gop_frames : 13 
*** dropping frame 451 from stream 0 at ts 373
request frame --- , current cached_gop_ok : 1, nb_gop_frames : 12 
*** dropping frame 451 from stream 0 at ts 372
request frame --- , current cached_gop_ok : 1, nb_gop_frames : 11 
*** dropping frame 451 from stream 0 at ts 371
request frame --- , current cached_gop_ok : 1, nb_gop_frames : 10 
*** dropping frame 451 from stream 0 at ts 370
request frame --- , current cached_gop_ok : 1, nb_gop_frames : 9 
*** dropping frame 451 from stream 0 at ts 369
request frame --- , current cached_gop_ok : 1, nb_gop_frames : 8 
*** dropping frame 451 from stream 0 at ts 368
request frame --- , current cached_gop_ok : 1, nb_gop_frames : 7 
*** dropping frame 451 from stream 0 at ts 367
request frame --- , current cached_gop_ok : 1, nb_gop_frames : 6 
*** dropping frame 451 from stream 0 at ts 366
request frame --- , current cached_gop_ok : 1, nb_gop_frames : 5 
*** dropping frame 451 from stream 0 at ts 365
request frame --- , current cached_gop_ok : 1, nb_gop_frames : 4 
*** dropping frame 451 from stream 0 at ts 364
request frame --- , current cached_gop_ok : 1, nb_gop_frames : 3 
*** dropping frame 451 from stream 0 at ts 363
request frame --- , current cached_gop_ok : 1, nb_gop_frames : 2 
*** dropping frame 451 from stream 0 at ts 362
request frame --- , current cached_gop_ok : 1, nb_gop_frames : 1 
request frame --- , nb_gop_frames == 0 
*** dropping frame 451 from stream 0 at ts 361
request frame --- , current cached_gop_ok : 0, nb_gop_frames : 0 
request frame --- , nb_gop_frames == 0 
filter frame --- , insert frame begin, frame queue size : 1, nb_frames : 1, pts : 230912, key_frame : 0 
filter frame --- , frame queue size(1) > 0 and nb_frames(1) > 0, check key_frame : 0, pts : 230912 
filter frame --- , not key frame comes, add it to queue, nb_frames : 2, queue size : 2, pts : 230912 
request frame --- , current cached_gop_ok : 0, nb_gop_frames : 0 
request frame --- , nb_gop_frames == 0 
[h264 @ 0x7feb5a02be00] nal_unit_type: 1, nal_ref_idc: 0
filter frame --- , insert frame begin, frame queue size : 2, nb_frames : 2, pts : 231424, key_frame : 0 
[h264 @ 0x7feb5a042200] nal_unit_type: 1, nal_ref_idc: 0
filter frame --- , frame queue size(2) > 0 and nb_frames(2) > 0, check key_frame : 0, pts : 231424 
filter frame --- , not key frame comes, add it to queue, nb_frames : 3, queue size : 3, pts : 231424 
request frame --- , current cached_gop_ok : 0, nb_gop_frames : 0 
request frame --- , nb_gop_frames == 0 
filter frame --- , insert frame begin, frame queue size : 3, nb_frames : 3, pts : 231936, key_frame : 0 
filter frame --- , frame queue size(3) > 0 and nb_frames(3) > 0, check key_frame : 0, pts : 231936 
filter frame --- , not key frame comes, add it to queue, nb_frames : 4, queue size : 4, pts : 231936 
request frame --- , current cached_gop_ok : 0, nb_gop_frames : 0 
[h264 @ 0x7feb5a042800] nal_unit_type: 1, nal_ref_idc: 2
request frame --- , nb_gop_frames == 0 
filter frame --- , insert frame begin, frame queue size : 4, nb_frames : 4, pts : 232448, key_frame : 0 
filter frame --- , frame queue size(4) > 0 and nb_frames(4) > 0, check key_frame : 0, pts : 232448 
filter frame --- , not key frame comes, add it to queue, nb_frames : 5, queue size : 5, pts : 232448 
request frame --- , current cached_gop_ok : 0, nb_gop_frames : 0 
[h264 @ 0x7feb5a009c00] nal_unit_type: 1, nal_ref_idc: 2
request frame --- , nb_gop_frames == 0 
filter frame --- , insert frame begin, frame queue size : 5, nb_frames : 5, pts : 232960, key_frame : 0 
filter frame --- , frame queue size(5) > 0 and nb_frames(5) > 0, check key_frame : 0, pts : 232960 
filter frame --- , not key frame comes, add it to queue, nb_frames : 6, queue size : 6, pts : 232960 
request frame --- , current cached_gop_ok : 0, nb_gop_frames : 0 
request frame --- , nb_gop_frames == 0 
[h264 @ 0x7feb5a015a00] nal_unit_type: 1, nal_ref_idc: 0
filter frame --- , insert frame begin, frame queue size : 6, nb_frames : 6, pts : 233472, key_frame : 0 
[h264 @ 0x7feb5a02be00] nal_unit_type: 1, nal_ref_idc: 0
filter frame --- , frame queue size(6) > 0 and nb_frames(6) > 0, check key_frame : 0, pts : 233472 
filter frame --- , not key frame comes, add it to queue, nb_frames : 7, queue size : 7, pts : 233472 
request frame --- , current cached_gop_ok : 0, nb_gop_frames : 0 
request frame --- , nb_gop_frames == 0 
filter frame --- , insert frame begin, frame queue size : 7, nb_frames : 7, pts : 233984, key_frame : 0 
filter frame --- , frame queue size(7) > 0 and nb_frames(7) > 0, check key_frame : 0, pts : 233984 
filter frame --- , not key frame comes, add it to queue, nb_frames : 8, queue size : 8, pts : 233984 
request frame --- , current cached_gop_ok : 0, nb_gop_frames : 0 
request frame --- , nb_gop_frames == 0 
[h264 @ 0x7feb5a042200] nal_unit_type: 1, nal_ref_idc: 2
filter frame --- , insert frame begin, frame queue size : 8, nb_frames : 8, pts : 234496, key_frame : 0 
filter frame --- , frame queue size(8) > 0 and nb_frames(8) > 0, check key_frame : 0, pts : 234496 
filter frame --- , not key frame comes, add it to queue, nb_frames : 9, queue size : 9, pts : 234496 
[h264 @ 0x7feb5a042800] nal_unit_type: 1, nal_ref_idc: 2
request frame --- , current cached_gop_ok : 0, nb_gop_frames : 0 
request frame --- , nb_gop_frames == 0 
filter frame --- , insert frame begin, frame queue size : 9, nb_frames : 9, pts : 235008, key_frame : 0 
[h264 @ 0x7feb5a009c00] nal_unit_type: 1, nal_ref_idc: 0
filter frame --- , frame queue size(9) > 0 and nb_frames(9) > 0, check key_frame : 0, pts : 235008 
filter frame --- , not key frame comes, add it to queue, nb_frames : 10, queue size : 10, pts : 235008 
request frame --- , current cached_gop_ok : 0, nb_gop_frames : 0 
request frame --- , nb_gop_frames == 0 
filter frame --- , insert frame begin, frame queue size : 10, nb_frames : 10, pts : 235520, key_frame : 0 
[h264 @ 0x7feb5a015a00] nal_unit_type: 1, nal_ref_idc: 0
filter frame --- , frame queue size(10) > 0 and nb_frames(10) > 0, check key_frame : 0, pts : 235520 
filter frame --- , not key frame comes, add it to queue, nb_frames : 11, queue size : 11, pts : 235520 
request frame --- , current cached_gop_ok : 0, nb_gop_frames : 0 
request frame --- , nb_gop_frames == 0 
filter frame --- , insert frame begin, frame queue size : 11, nb_frames : 11, pts : 236032, key_frame : 0 
filter frame --- , frame queue size(11) > 0 and nb_frames(11) > 0, check key_frame : 0, pts : 236032 
filter frame --- , not key frame comes, add it to queue, nb_frames : 12, queue size : 12, pts : 236032 
request frame --- , current cached_gop_ok : 0, nb_gop_frames : 0 
[h264 @ 0x7feb5a02be00] nal_unit_type: 1, nal_ref_idc: 2
request frame --- , nb_gop_frames == 0 
filter frame --- , insert frame begin, frame queue size : 12, nb_frames : 12, pts : 236544, key_frame : 0 
filter frame --- , frame queue size(12) > 0 and nb_frames(12) > 0, check key_frame : 0, pts : 236544 
filter frame --- , not key frame comes, add it to queue, nb_frames : 13, queue size : 13, pts : 236544 
request frame --- , current cached_gop_ok : 0, nb_gop_frames : 0 
[h264 @ 0x7feb5a042200] nal_unit_type: 1, nal_ref_idc: 2
request frame --- , nb_gop_frames == 0 
filter frame --- , insert frame begin, frame queue size : 13, nb_frames : 13, pts : 237056, key_frame : 0 
filter frame --- , frame queue size(13) > 0 and nb_frames(13) > 0, check key_frame : 0, pts : 237056 
filter frame --- , not key frame comes, add it to queue, nb_frames : 14, queue size : 14, pts : 237056 
request frame --- , current cached_gop_ok : 0, nb_gop_frames : 0 
[h264 @ 0x7feb5a042800] nal_unit_type: 1, nal_ref_idc: 0
request frame --- , nb_gop_frames == 0 
filter frame --- , insert frame begin, frame queue size : 14, nb_frames : 14, pts : 237568, key_frame : 0 
[h264 @ 0x7feb5a009c00] nal_unit_type: 1, nal_ref_idc: 0
filter frame --- , frame queue size(14) > 0 and nb_frames(14) > 0, check key_frame : 0, pts : 237568 
filter frame --- , not key frame comes, add it to queue, nb_frames : 15, queue size : 15, pts : 237568 
request frame --- , current cached_gop_ok : 0, nb_gop_frames : 0 
request frame --- , nb_gop_frames == 0 
filter frame --- , insert frame begin, frame queue size : 15, nb_frames : 15, pts : 238080, key_frame : 0 
filter frame --- , frame queue size(15) > 0 and nb_frames(15) > 0, check key_frame : 0, pts : 238080 
filter frame --- , not key frame comes, add it to queue, nb_frames : 16, queue size : 16, pts : 238080 
request frame --- , current cached_gop_ok : 0, nb_gop_frames : 0 
[h264 @ 0x7feb5a015a00] nal_unit_type: 1, nal_ref_idc: 2
request frame --- , nb_gop_frames == 0 
filter frame --- , insert frame begin, frame queue size : 16, nb_frames : 16, pts : 238592, key_frame : 0 
[h264 @ 0x7feb5a02be00] nal_unit_type: 1, nal_ref_idc: 2
filter frame --- , frame queue size(16) > 0 and nb_frames(16) > 0, check key_frame : 0, pts : 238592 
filter frame --- , not key frame comes, add it to queue, nb_frames : 17, queue size : 17, pts : 238592 
request frame --- , current cached_gop_ok : 0, nb_gop_frames : 0 
request frame --- , nb_gop_frames == 0 
filter frame --- , insert frame begin, frame queue size : 17, nb_frames : 17, pts : 239104, key_frame : 0 
[h264 @ 0x7feb5a042200] nal_unit_type: 1, nal_ref_idc: 0
filter frame --- , frame queue size(17) > 0 and nb_frames(17) > 0, check key_frame : 0, pts : 239104 
filter frame --- , not key frame comes, add it to queue, nb_frames : 18, queue size : 18, pts : 239104 
request frame --- , current cached_gop_ok : 0, nb_gop_frames : 0 
request frame --- , nb_gop_frames == 0 
filter frame --- , insert frame begin, frame queue size : 18, nb_frames : 18, pts : 239616, key_frame : 0 
[h264 @ 0x7feb5a042800] nal_unit_type: 1, nal_ref_idc: 0
filter frame --- , frame queue size(18) > 0 and nb_frames(18) > 0, check key_frame : 0, pts : 239616 
filter frame --- , not key frame comes, add it to queue, nb_frames : 19, queue size : 19, pts : 239616 
request frame --- , current cached_gop_ok : 0, nb_gop_frames : 0 
request frame --- , nb_gop_frames == 0 
filter frame --- , insert frame begin, frame queue size : 19, nb_frames : 19, pts : 240128, key_frame : 0 
[h264 @ 0x7feb5a009c00] nal_unit_type: 1, nal_ref_idc: 2
filter frame --- , frame queue size(19) > 0 and nb_frames(19) > 0, check key_frame : 0, pts : 240128 
filter frame --- , not key frame comes, add it to queue, nb_frames : 20, queue size : 20, pts : 240128 
request frame --- , current cached_gop_ok : 0, nb_gop_frames : 0 
request frame --- , nb_gop_frames == 0 
filter frame --- , insert frame begin, frame queue size : 20, nb_frames : 20, pts : 240640, key_frame : 0 
filter frame --- , frame queue size(20) > 0 and nb_frames(20) > 0, check key_frame : 0, pts : 240640 
filter frame --- , not key frame comes, add it to queue, nb_frames : 21, queue size : 21, pts : 240640 
request frame --- , current cached_gop_ok : 0, nb_gop_frames : 0 
[h264 @ 0x7feb5a015a00] nal_unit_type: 1, nal_ref_idc: 2
request frame --- , nb_gop_frames == 0 
filter frame --- , insert frame begin, frame queue size : 21, nb_frames : 21, pts : 241152, key_frame : 0 
[h264 @ 0x7feb5a02be00] nal_unit_type: 1, nal_ref_idc: 0
filter frame --- , frame queue size(21) > 0 and nb_frames(21) > 0, check key_frame : 0, pts : 241152 
filter frame --- , not key frame comes, add it to queue, nb_frames : 22, queue size : 22, pts : 241152 
request frame --- , current cached_gop_ok : 0, nb_gop_frames : 0 
request frame --- , nb_gop_frames == 0 
filter frame --- , insert frame begin, frame queue size : 22, nb_frames : 22, pts : 241664, key_frame : 0 
[h264 @ 0x7feb5a042200] nal_unit_type: 1, nal_ref_idc: 0
filter frame --- , frame queue size(22) > 0 and nb_frames(22) > 0, check key_frame : 0, pts : 241664 
filter frame --- , not key frame comes, add it to queue, nb_frames : 23, queue size : 23, pts : 241664 
request frame --- , current cached_gop_ok : 0, nb_gop_frames : 0 
request frame --- , nb_gop_frames == 0 
filter frame --- , insert frame begin, frame queue size : 23, nb_frames : 23, pts : 242176, key_frame : 0 
[h264 @ 0x7feb5a042800] nal_unit_type: 1, nal_ref_idc: 2
filter frame --- , frame queue size(23) > 0 and nb_frames(23) > 0, check key_frame : 0, pts : 242176 
filter frame --- , not key frame comes, add it to queue, nb_frames : 24, queue size : 24, pts : 242176 
request frame --- , current cached_gop_ok : 0, nb_gop_frames : 0 
request frame --- , nb_gop_frames == 0 
filter frame --- , insert frame begin, frame queue size : 24, nb_frames : 24, pts : 242688, key_frame : 0 
[h264 @ 0x7feb5a009c00] nal_unit_type: 1, nal_ref_idc: 2
filter frame --- , frame queue size(24) > 0 and nb_frames(24) > 0, check key_frame : 0, pts : 242688 
filter frame --- , not key frame comes, add it to queue, nb_frames : 25, queue size : 25, pts : 242688 
request frame --- , current cached_gop_ok : 0, nb_gop_frames : 0 
request frame --- , nb_gop_frames == 0 
filter frame --- , insert frame begin, frame queue size : 25, nb_frames : 25, pts : 243200, key_frame : 0 
[h264 @ 0x7feb5a015a00] nal_unit_type: 1, nal_ref_idc: 0
filter frame --- , frame queue size(25) > 0 and nb_frames(25) > 0, check key_frame : 0, pts : 243200 
filter frame --- , not key frame comes, add it to queue, nb_frames : 26, queue size : 26, pts : 243200 
request frame --- , current cached_gop_ok : 0, nb_gop_frames : 0 
request frame --- , nb_gop_frames == 0 
filter frame --- , insert frame begin, frame queue size : 26, nb_frames : 26, pts : 243712, key_frame : 0 
[h264 @ 0x7feb5a02be00] nal_unit_type: 1, nal_ref_idc: 0
filter frame --- , frame queue size(26) > 0 and nb_frames(26) > 0, check key_frame : 0, pts : 243712 
filter frame --- , not key frame comes, add it to queue, nb_frames : 27, queue size : 27, pts : 243712 
request frame --- , current cached_gop_ok : 0, nb_gop_frames : 0 
request frame --- , nb_gop_frames == 0 
filter frame --- , insert frame begin, frame queue size : 27, nb_frames : 27, pts : 244224, key_frame : 0 
[h264 @ 0x7feb5a042200] nal_unit_type: 1, nal_ref_idc: 2
filter frame --- , frame queue size(27) > 0 and nb_frames(27) > 0, check key_frame : 0, pts : 244224 
filter frame --- , not key frame comes, add it to queue, nb_frames : 28, queue size : 28, pts : 244224 
request frame --- , current cached_gop_ok : 0, nb_gop_frames : 0 
request frame --- , nb_gop_frames == 0 
filter frame --- , insert frame begin, frame queue size : 28, nb_frames : 28, pts : 244736, key_frame : 0 
[h264 @ 0x7feb5a042800] nal_unit_type: 1, nal_ref_idc: 2
filter frame --- , frame queue size(28) > 0 and nb_frames(28) > 0, check key_frame : 0, pts : 244736 
filter frame --- , not key frame comes, add it to queue, nb_frames : 29, queue size : 29, pts : 244736 
request frame --- , current cached_gop_ok : 0, nb_gop_frames : 0 
request frame --- , nb_gop_frames == 0 
filter frame --- , insert frame begin, frame queue size : 29, nb_frames : 29, pts : 245248, key_frame : 0 
[h264 @ 0x7feb5a009c00] nal_unit_type: 1, nal_ref_idc: 0
filter frame --- , frame queue size(29) > 0 and nb_frames(29) > 0, check key_frame : 0, pts : 245248 
filter frame --- , not key frame comes, add it to queue, nb_frames : 30, queue size : 30, pts : 245248 
request frame --- , current cached_gop_ok : 0, nb_gop_frames : 0 
request frame --- , nb_gop_frames == 0 
filter frame --- , insert frame begin, frame queue size : 30, nb_frames : 30, pts : 245760, key_frame : 0 
[h264 @ 0x7feb5a015a00] nal_unit_type: 1, nal_ref_idc: 0
filter frame --- , frame queue size(30) > 0 and nb_frames(30) > 0, check key_frame : 0, pts : 245760 
filter frame --- , not key frame comes, add it to queue, nb_frames : 31, queue size : 31, pts : 245760 
request frame --- , current cached_gop_ok : 0, nb_gop_frames : 0 
request frame --- , nb_gop_frames == 0 
filter frame --- , insert frame begin, frame queue size : 31, nb_frames : 31, pts : 246272, key_frame : 0 
[h264 @ 0x7feb5a02be00] nal_unit_type: 1, nal_ref_idc: 2
filter frame --- , frame queue size(31) > 0 and nb_frames(31) > 0, check key_frame : 0, pts : 246272 
filter frame --- , not key frame comes, add it to queue, nb_frames : 32, queue size : 32, pts : 246272 
request frame --- , current cached_gop_ok : 0, nb_gop_frames : 0 
request frame --- , nb_gop_frames == 0 
filter frame --- , insert frame begin, frame queue size : 32, nb_frames : 32, pts : 246784, key_frame : 0 
[h264 @ 0x7feb5a042200] nal_unit_type: 1, nal_ref_idc: 2
filter frame --- , frame queue size(32) > 0 and nb_frames(32) > 0, check key_frame : 0, pts : 246784 
filter frame --- , not key frame comes, add it to queue, nb_frames : 33, queue size : 33, pts : 246784 
request frame --- , current cached_gop_ok : 0, nb_gop_frames : 0 
request frame --- , nb_gop_frames == 0 
filter frame --- , insert frame begin, frame queue size : 33, nb_frames : 33, pts : 247296, key_frame : 0 
[h264 @ 0x7feb5a042800] nal_unit_type: 1, nal_ref_idc: 0
filter frame --- , frame queue size(33) > 0 and nb_frames(33) > 0, check key_frame : 0, pts : 247296 
filter frame --- , not key frame comes, add it to queue, nb_frames : 34, queue size : 34, pts : 247296 
request frame --- , current cached_gop_ok : 0, nb_gop_frames : 0 
request frame --- , nb_gop_frames == 0 
filter frame --- , insert frame begin, frame queue size : 34, nb_frames : 34, pts : 247808, key_frame : 0 
[h264 @ 0x7feb5a009c00] nal_unit_type: 1, nal_ref_idc: 0
filter frame --- , frame queue size(34) > 0 and nb_frames(34) > 0, check key_frame : 0, pts : 247808 
filter frame --- , not key frame comes, add it to queue, nb_frames : 35, queue size : 35, pts : 247808 
request frame --- , current cached_gop_ok : 0, nb_gop_frames : 0 
request frame --- , nb_gop_frames == 0 
filter frame --- , insert frame begin, frame queue size : 35, nb_frames : 35, pts : 248320, key_frame : 0 
[h264 @ 0x7feb5a015a00] nal_unit_type: 1, nal_ref_idc: 2
filter frame --- , frame queue size(35) > 0 and nb_frames(35) > 0, check key_frame : 0, pts : 248320 
filter frame --- , not key frame comes, add it to queue, nb_frames : 36, queue size : 36, pts : 248320 
request frame --- , current cached_gop_ok : 0, nb_gop_frames : 0 
request frame --- , nb_gop_frames == 0 
filter frame --- , insert frame begin, frame queue size : 36, nb_frames : 36, pts : 248832, key_frame : 0 
[h264 @ 0x7feb5a02be00] nal_unit_type: 1, nal_ref_idc: 2
filter frame --- , frame queue size(36) > 0 and nb_frames(36) > 0, check key_frame : 0, pts : 248832 
filter frame --- , not key frame comes, add it to queue, nb_frames : 37, queue size : 37, pts : 248832 
request frame --- , current cached_gop_ok : 0, nb_gop_frames : 0 
request frame --- , nb_gop_frames == 0 
filter frame --- , insert frame begin, frame queue size : 37, nb_frames : 37, pts : 249344, key_frame : 0 
[h264 @ 0x7feb5a042200] nal_unit_type: 1, nal_ref_idc: 0
filter frame --- , frame queue size(37) > 0 and nb_frames(37) > 0, check key_frame : 0, pts : 249344 
filter frame --- , not key frame comes, add it to queue, nb_frames : 38, queue size : 38, pts : 249344 
request frame --- , current cached_gop_ok : 0, nb_gop_frames : 0 
request frame --- , nb_gop_frames == 0 
filter frame --- , insert frame begin, frame queue size : 38, nb_frames : 38, pts : 249856, key_frame : 0 
[h264 @ 0x7feb5a042800] nal_unit_type: 1, nal_ref_idc: 0
filter frame --- , frame queue size(38) > 0 and nb_frames(38) > 0, check key_frame : 0, pts : 249856 
filter frame --- , not key frame comes, add it to queue, nb_frames : 39, queue size : 39, pts : 249856 
request frame --- , current cached_gop_ok : 0, nb_gop_frames : 0 
request frame --- , nb_gop_frames == 0 
filter frame --- , insert frame begin, frame queue size : 39, nb_frames : 39, pts : 250368, key_frame : 0 
[h264 @ 0x7feb5a009c00] nal_unit_type: 1, nal_ref_idc: 2
filter frame --- , frame queue size(39) > 0 and nb_frames(39) > 0, check key_frame : 0, pts : 250368 
filter frame --- , not key frame comes, add it to queue, nb_frames : 40, queue size : 40, pts : 250368 
request frame --- , current cached_gop_ok : 0, nb_gop_frames : 0 
request frame --- , nb_gop_frames == 0 
filter frame --- , insert frame begin, frame queue size : 40, nb_frames : 40, pts : 250880, key_frame : 0 
[h264 @ 0x7feb5a015a00] nal_unit_type: 1, nal_ref_idc: 2
filter frame --- , frame queue size(40) > 0 and nb_frames(40) > 0, check key_frame : 0, pts : 250880 
filter frame --- , not key frame comes, add it to queue, nb_frames : 41, queue size : 41, pts : 250880 
request frame --- , current cached_gop_ok : 0, nb_gop_frames : 0 
request frame --- , nb_gop_frames == 0 
filter frame --- , insert frame begin, frame queue size : 41, nb_frames : 41, pts : 251392, key_frame : 0 
[h264 @ 0x7feb5a02be00] nal_unit_type: 1, nal_ref_idc: 0
filter frame --- , frame queue size(41) > 0 and nb_frames(41) > 0, check key_frame : 0, pts : 251392 
filter frame --- , not key frame comes, add it to queue, nb_frames : 42, queue size : 42, pts : 251392 
request frame --- , current cached_gop_ok : 0, nb_gop_frames : 0 
request frame --- , nb_gop_frames == 0 
filter frame --- , insert frame begin, frame queue size : 42, nb_frames : 42, pts : 251904, key_frame : 0 
[h264 @ 0x7feb5a042200] nal_unit_type: 1, nal_ref_idc: 0
filter frame --- , frame queue size(42) > 0 and nb_frames(42) > 0, check key_frame : 0, pts : 251904 
filter frame --- , not key frame comes, add it to queue, nb_frames : 43, queue size : 43, pts : 251904 
request frame --- , current cached_gop_ok : 0, nb_gop_frames : 0 
request frame --- , nb_gop_frames == 0 
filter frame --- , insert frame begin, frame queue size : 43, nb_frames : 43, pts : 252416, key_frame : 0 
[h264 @ 0x7feb5a042800] nal_unit_type: 1, nal_ref_idc: 2
filter frame --- , frame queue size(43) > 0 and nb_frames(43) > 0, check key_frame : 0, pts : 252416 
filter frame --- , not key frame comes, add it to queue, nb_frames : 44, queue size : 44, pts : 252416 
request frame --- , current cached_gop_ok : 0, nb_gop_frames : 0 
request frame --- , nb_gop_frames == 0 
filter frame --- , insert frame begin, frame queue size : 44, nb_frames : 44, pts : 252928, key_frame : 0 
[h264 @ 0x7feb5a009c00] nal_unit_type: 1, nal_ref_idc: 2
filter frame --- , frame queue size(44) > 0 and nb_frames(44) > 0, check key_frame : 0, pts : 252928 
filter frame --- , not key frame comes, add it to queue, nb_frames : 45, queue size : 45, pts : 252928 
request frame --- , current cached_gop_ok : 0, nb_gop_frames : 0 
request frame --- , nb_gop_frames == 0 
filter frame --- , insert frame begin, frame queue size : 45, nb_frames : 45, pts : 253440, key_frame : 0 
[h264 @ 0x7feb5a015a00] nal_unit_type: 1, nal_ref_idc: 0
filter frame --- , frame queue size(45) > 0 and nb_frames(45) > 0, check key_frame : 0, pts : 253440 
filter frame --- , not key frame comes, add it to queue, nb_frames : 46, queue size : 46, pts : 253440 
request frame --- , current cached_gop_ok : 0, nb_gop_frames : 0 
request frame --- , nb_gop_frames == 0 
filter frame --- , insert frame begin, frame queue size : 46, nb_frames : 46, pts : 253952, key_frame : 0 
[h264 @ 0x7feb5a02be00] nal_unit_type: 1, nal_ref_idc: 0
filter frame --- , frame queue size(46) > 0 and nb_frames(46) > 0, check key_frame : 0, pts : 253952 
filter frame --- , not key frame comes, add it to queue, nb_frames : 47, queue size : 47, pts : 253952 
request frame --- , current cached_gop_ok : 0, nb_gop_frames : 0 
request frame --- , nb_gop_frames == 0 
filter frame --- , insert frame begin, frame queue size : 47, nb_frames : 47, pts : 254464, key_frame : 0 
[h264 @ 0x7feb5a042200] nal_unit_type: 1, nal_ref_idc: 2
filter frame --- , frame queue size(47) > 0 and nb_frames(47) > 0, check key_frame : 0, pts : 254464 
filter frame --- , not key frame comes, add it to queue, nb_frames : 48, queue size : 48, pts : 254464 
request frame --- , current cached_gop_ok : 0, nb_gop_frames : 0 
request frame --- , nb_gop_frames == 0 
filter frame --- , insert frame begin, frame queue size : 48, nb_frames : 48, pts : 254976, key_frame : 0 
[h264 @ 0x7feb5a042800] nal_unit_type: 1, nal_ref_idc: 2
filter frame --- , frame queue size(48) > 0 and nb_frames(48) > 0, check key_frame : 0, pts : 254976 
filter frame --- , not key frame comes, add it to queue, nb_frames : 49, queue size : 49, pts : 254976 
request frame --- , current cached_gop_ok : 0, nb_gop_frames : 0 
request frame --- , nb_gop_frames == 0 
filter frame --- , insert frame begin, frame queue size : 49, nb_frames : 49, pts : 255488, key_frame : 0 
filter frame --- , frame queue size(49) > 0 and nb_frames(49) > 0, check key_frame : 0, pts : 255488 
filter frame --- , not key frame comes, add it to queue, nb_frames : 50, queue size : 50, pts : 255488 
request frame --- , current cached_gop_ok : 0, nb_gop_frames : 0 
[h264 @ 0x7feb5a009c00] nal_unit_type: 1, nal_ref_idc: 0
request frame --- , nb_gop_frames == 0 
filter frame --- , insert frame begin, frame queue size : 50, nb_frames : 50, pts : 256000, key_frame : 0 
filter frame --- , frame queue size(50) > 0 and nb_frames(50) > 0, check key_frame : 0, pts : 256000 
[h264 @ 0x7feb5a015a00] nal_unit_type: 1, nal_ref_idc: 0
filter frame --- , not key frame comes, add it to queue, nb_frames : 51, queue size : 51, pts : 256000 
request frame --- , current cached_gop_ok : 0, nb_gop_frames : 0 
request frame --- , nb_gop_frames == 0 
filter frame --- , insert frame begin, frame queue size : 51, nb_frames : 51, pts : 256512, key_frame : 0 
[h264 @ 0x7feb5a02be00] nal_unit_type: 1, nal_ref_idc: 2
filter frame --- , frame queue size(51) > 0 and nb_frames(51) > 0, check key_frame : 0, pts : 256512 
filter frame --- , not key frame comes, add it to queue, nb_frames : 52, queue size : 52, pts : 256512 
request frame --- , current cached_gop_ok : 0, nb_gop_frames : 0 
request frame --- , nb_gop_frames == 0 
filter frame --- , insert frame begin, frame queue size : 52, nb_frames : 52, pts : 257024, key_frame : 0 
filter frame --- , frame queue size(52) > 0 and nb_frames(52) > 0, check key_frame : 0, pts : 257024 
[h264 @ 0x7feb5a042200] nal_unit_type: 1, nal_ref_idc: 2
filter frame --- , not key frame comes, add it to queue, nb_frames : 53, queue size : 53, pts : 257024 
request frame --- , current cached_gop_ok : 0, nb_gop_frames : 0 
request frame --- , nb_gop_frames == 0 
filter frame --- , insert frame begin, frame queue size : 53, nb_frames : 53, pts : 257536, key_frame : 0 
[h264 @ 0x7feb5a042800] nal_unit_type: 1, nal_ref_idc: 0
filter frame --- , frame queue size(53) > 0 and nb_frames(53) > 0, check key_frame : 0, pts : 257536 
filter frame --- , not key frame comes, add it to queue, nb_frames : 54, queue size : 54, pts : 257536 
request frame --- , current cached_gop_ok : 0, nb_gop_frames : 0 
request frame --- , nb_gop_frames == 0 
filter frame --- , insert frame begin, frame queue size : 54, nb_frames : 54, pts : 258048, key_frame : 0 
filter frame --- , frame queue size(54) > 0 and nb_frames(54) > 0, check key_frame : 0, pts : 258048 
filter frame --- , not key frame comes, add it to queue, nb_frames : 55, queue size : 55, pts : 258048 
request frame --- , current cached_gop_ok : 0, nb_gop_frames : 0 
request frame --- , nb_gop_frames == 0 
[h264 @ 0x7feb5a009c00] nal_unit_type: 1, nal_ref_idc: 0
filter frame --- , insert frame begin, frame queue size : 55, nb_frames : 55, pts : 258560, key_frame : 0 
filter frame --- , frame queue size(55) > 0 and nb_frames(55) > 0, check key_frame : 0, pts : 258560 
filter frame --- , not key frame comes, add it to queue, nb_frames : 56, queue size : 56, pts : 258560 
request frame --- , current cached_gop_ok : 0, nb_gop_frames : 0 
request frame --- , nb_gop_frames == 0 
[h264 @ 0x7feb5a015a00] nal_unit_type: 1, nal_ref_idc: 2
filter frame --- , insert frame begin, frame queue size : 56, nb_frames : 56, pts : 259072, key_frame : 0 
[h264 @ 0x7feb5a02be00] nal_unit_type: 1, nal_ref_idc: 2
filter frame --- , frame queue size(56) > 0 and nb_frames(56) > 0, check key_frame : 0, pts : 259072 
filter frame --- , not key frame comes, add it to queue, nb_frames : 57, queue size : 57, pts : 259072 
request frame --- , current cached_gop_ok : 0, nb_gop_frames : 0 
request frame --- , nb_gop_frames == 0 
filter frame --- , insert frame begin, frame queue size : 57, nb_frames : 57, pts : 259584, key_frame : 0 
filter frame --- , frame queue size(57) > 0 and nb_frames(57) > 0, check key_frame : 0, pts : 259584 
filter frame --- , not key frame comes, add it to queue, nb_frames : 58, queue size : 58, pts : 259584 
request frame --- , current cached_gop_ok : 0, nb_gop_frames : 0 
request frame --- , nb_gop_frames == 0 
[h264 @ 0x7feb5a042200] nal_unit_type: 1, nal_ref_idc: 0
filter frame --- , insert frame begin, frame queue size : 58, nb_frames : 58, pts : 260096, key_frame : 0 
[h264 @ 0x7feb5a042800] nal_unit_type: 1, nal_ref_idc: 0
filter frame --- , frame queue size(58) > 0 and nb_frames(58) > 0, check key_frame : 0, pts : 260096 
filter frame --- , not key frame comes, add it to queue, nb_frames : 59, queue size : 59, pts : 260096 
request frame --- , current cached_gop_ok : 0, nb_gop_frames : 0 
request frame --- , nb_gop_frames == 0 
[h264 @ 0x7feb5a009c00] nal_unit_type: 1, nal_ref_idc: 2
filter frame --- , insert frame begin, frame queue size : 59, nb_frames : 59, pts : 260608, key_frame : 0 
filter frame --- , frame queue size(59) > 0 and nb_frames(59) > 0, check key_frame : 0, pts : 260608 
filter frame --- , not key frame comes, add it to queue, nb_frames : 60, queue size : 60, pts : 260608 
request frame --- , current cached_gop_ok : 0, nb_gop_frames : 0 
request frame --- , nb_gop_frames == 0 
filter frame --- , insert frame begin, frame queue size : 60, nb_frames : 60, pts : 261120, key_frame : 0 
[h264 @ 0x7feb5a015a00] nal_unit_type: 1, nal_ref_idc: 2
filter frame --- , frame queue size(60) > 0 and nb_frames(60) > 0, check key_frame : 0, pts : 261120 
filter frame --- , not key frame comes, add it to queue, nb_frames : 61, queue size : 61, pts : 261120 
request frame --- , current cached_gop_ok : 0, nb_gop_frames : 0 
request frame --- , nb_gop_frames == 0 
[h264 @ 0x7feb5a02be00] nal_unit_type: 1, nal_ref_idc: 0
filter frame --- , insert frame begin, frame queue size : 61, nb_frames : 61, pts : 261632, key_frame : 0 
filter frame --- , frame queue size(61) > 0 and nb_frames(61) > 0, check key_frame : 0, pts : 261632 
filter frame --- , not key frame comes, add it to queue, nb_frames : 62, queue size : 62, pts : 261632 
request frame --- , current cached_gop_ok : 0, nb_gop_frames : 0 
request frame --- , nb_gop_frames == 0 
filter frame --- , insert frame begin, frame queue size : 62, nb_frames : 62, pts : 262144, key_frame : 0 
[h264 @ 0x7feb5a042200] nal_unit_type: 1, nal_ref_idc: 0
filter frame --- , frame queue size(62) > 0 and nb_frames(62) > 0, check key_frame : 0, pts : 262144 
filter frame --- , not key frame comes, add it to queue, nb_frames : 63, queue size : 63, pts : 262144 
request frame --- , current cached_gop_ok : 0, nb_gop_frames : 0 
request frame --- , nb_gop_frames == 0 
filter frame --- , insert frame begin, frame queue size : 63, nb_frames : 63, pts : 262656, key_frame : 0 
[h264 @ 0x7feb5a042800] nal_unit_type: 1, nal_ref_idc: 2
filter frame --- , frame queue size(63) > 0 and nb_frames(63) > 0, check key_frame : 0, pts : 262656 
filter frame --- , not key frame comes, add it to queue, nb_frames : 64, queue size : 64, pts : 262656 
request frame --- , current cached_gop_ok : 0, nb_gop_frames : 0 
request frame --- , nb_gop_frames == 0 
filter frame --- , insert frame begin, frame queue size : 64, nb_frames : 64, pts : 263168, key_frame : 0 
[h264 @ 0x7feb5a009c00] nal_unit_type: 1, nal_ref_idc: 2
filter frame --- , frame queue size(64) > 0 and nb_frames(64) > 0, check key_frame : 0, pts : 263168 
filter frame --- , not key frame comes, add it to queue, nb_frames : 65, queue size : 65, pts : 263168 
request frame --- , current cached_gop_ok : 0, nb_gop_frames : 0 
request frame --- , nb_gop_frames == 0 
filter frame --- , insert frame begin, frame queue size : 65, nb_frames : 65, pts : 263680, key_frame : 0 
[h264 @ 0x7feb5a015a00] nal_unit_type: 1, nal_ref_idc: 0
filter frame --- , frame queue size(65) > 0 and nb_frames(65) > 0, check key_frame : 0, pts : 263680 
filter frame --- , not key frame comes, add it to queue, nb_frames : 66, queue size : 66, pts : 263680 
request frame --- , current cached_gop_ok : 0, nb_gop_frames : 0 
request frame --- , nb_gop_frames == 0 
filter frame --- , insert frame begin, frame queue size : 66, nb_frames : 66, pts : 264192, key_frame : 0 
filter frame --- , frame queue size(66) > 0 and nb_frames(66) > 0, check key_frame : 0, pts : 264192 
[h264 @ 0x7feb5a02be00] nal_unit_type: 1, nal_ref_idc: 0
filter frame --- , not key frame comes, add it to queue, nb_frames : 67, queue size : 67, pts : 264192 
request frame --- , current cached_gop_ok : 0, nb_gop_frames : 0 
request frame --- , nb_gop_frames == 0 
[h264 @ 0x7feb5a042200] nal_unit_type: 1, nal_ref_idc: 2
filter frame --- , insert frame begin, frame queue size : 67, nb_frames : 67, pts : 264704, key_frame : 0 
filter frame --- , frame queue size(67) > 0 and nb_frames(67) > 0, check key_frame : 0, pts : 264704 
filter frame --- , not key frame comes, add it to queue, nb_frames : 68, queue size : 68, pts : 264704 
request frame --- , current cached_gop_ok : 0, nb_gop_frames : 0 
request frame --- , nb_gop_frames == 0 
filter frame --- , insert frame begin, frame queue size : 68, nb_frames : 68, pts : 265216, key_frame : 0 
[h264 @ 0x7feb5a042800] nal_unit_type: 1, nal_ref_idc: 2
filter frame --- , frame queue size(68) > 0 and nb_frames(68) > 0, check key_frame : 0, pts : 265216 
filter frame --- , not key frame comes, add it to queue, nb_frames : 69, queue size : 69, pts : 265216 
request frame --- , current cached_gop_ok : 0, nb_gop_frames : 0 
request frame --- , nb_gop_frames == 0 
filter frame --- , insert frame begin, frame queue size : 69, nb_frames : 69, pts : 265728, key_frame : 0 
[h264 @ 0x7feb5a009c00] nal_unit_type: 1, nal_ref_idc: 0
filter frame --- , frame queue size(69) > 0 and nb_frames(69) > 0, check key_frame : 0, pts : 265728 
filter frame --- , not key frame comes, add it to queue, nb_frames : 70, queue size : 70, pts : 265728 
request frame --- , current cached_gop_ok : 0, nb_gop_frames : 0 
request frame --- , nb_gop_frames == 0 
filter frame --- , insert frame begin, frame queue size : 70, nb_frames : 70, pts : 266240, key_frame : 0 
filter frame --- , frame queue size(70) > 0 and nb_frames(70) > 0, check key_frame : 0, pts : 266240 
filter frame --- , not key frame comes, add it to queue, nb_frames : 71, queue size : 71, pts : 266240 
request frame --- , current cached_gop_ok : 0, nb_gop_frames : 0 
request frame --- , nb_gop_frames == 0 
[h264 @ 0x7feb5a015a00] nal_unit_type: 1, nal_ref_idc: 0
filter frame --- , insert frame begin, frame queue size : 71, nb_frames : 71, pts : 266752, key_frame : 0 
filter frame --- , frame queue size(71) > 0 and nb_frames(71) > 0, check key_frame : 0, pts : 266752 
filter frame --- , not key frame comes, add it to queue, nb_frames : 72, queue size : 72, pts : 266752 
request frame --- , current cached_gop_ok : 0, nb_gop_frames : 0 
request frame --- , nb_gop_frames == 0 
[h264 @ 0x7feb5a02be00] nal_unit_type: 1, nal_ref_idc: 2
filter frame --- , insert frame begin, frame queue size : 72, nb_frames : 72, pts : 267264, key_frame : 0 
[h264 @ 0x7feb5a042200] nal_unit_type: 1, nal_ref_idc: 2
filter frame --- , frame queue size(72) > 0 and nb_frames(72) > 0, check key_frame : 0, pts : 267264 
filter frame --- , not key frame comes, add it to queue, nb_frames : 73, queue size : 73, pts : 267264 
request frame --- , current cached_gop_ok : 0, nb_gop_frames : 0 
request frame --- , nb_gop_frames == 0 
filter frame --- , insert frame begin, frame queue size : 73, nb_frames : 73, pts : 267776, key_frame : 0 
filter frame --- , frame queue size(73) > 0 and nb_frames(73) > 0, check key_frame : 0, pts : 267776 
filter frame --- , not key frame comes, add it to queue, nb_frames : 74, queue size : 74, pts : 267776 
request frame --- , current cached_gop_ok : 0, nb_gop_frames : 0 
[h264 @ 0x7feb5a042800] nal_unit_type: 1, nal_ref_idc: 0
request frame --- , nb_gop_frames == 0 
filter frame --- , insert frame begin, frame queue size : 74, nb_frames : 74, pts : 268288, key_frame : 0 
filter frame --- , frame queue size(74) > 0 and nb_frames(74) > 0, check key_frame : 0, pts : 268288 
filter frame --- , not key frame comes, add it to queue, nb_frames : 75, queue size : 75, pts : 268288 
request frame --- , current cached_gop_ok : 0, nb_gop_frames : 0 
request frame --- , nb_gop_frames == 0 
[h264 @ 0x7feb5a009c00] nal_unit_type: 1, nal_ref_idc: 0
[h264 @ 0x7feb5a015a00] nal_unit_type: 1, nal_ref_idc: 2
filter frame --- , insert frame begin, frame queue size : 75, nb_frames : 75, pts : 268800, key_frame : 0 
filter frame --- , frame queue size(75) > 0 and nb_frames(75) > 0, check key_frame : 0, pts : 268800 
filter frame --- , not key frame comes, add it to queue, nb_frames : 76, queue size : 76, pts : 268800 
request frame --- , current cached_gop_ok : 0, nb_gop_frames : 0 
request frame --- , nb_gop_frames == 0 
filter frame --- , insert frame begin, frame queue size : 76, nb_frames : 76, pts : 269312, key_frame : 0 
[h264 @ 0x7feb5a02be00] nal_unit_type: 1, nal_ref_idc: 2
filter frame --- , frame queue size(76) > 0 and nb_frames(76) > 0, check key_frame : 0, pts : 269312 
filter frame --- , not key frame comes, add it to queue, nb_frames : 77, queue size : 77, pts : 269312 
request frame --- , current cached_gop_ok : 0, nb_gop_frames : 0 
request frame --- , nb_gop_frames == 0 
filter frame --- , insert frame begin, frame queue size : 77, nb_frames : 77, pts : 269824, key_frame : 0 
[h264 @ 0x7feb5a042200] nal_unit_type: 1, nal_ref_idc: 0
filter frame --- , frame queue size(77) > 0 and nb_frames(77) > 0, check key_frame : 0, pts : 269824 
filter frame --- , not key frame comes, add it to queue, nb_frames : 78, queue size : 78, pts : 269824 
request frame --- , current cached_gop_ok : 0, nb_gop_frames : 0 
request frame --- , nb_gop_frames == 0 
filter frame --- , insert frame begin, frame queue size : 78, nb_frames : 78, pts : 270336, key_frame : 0 
filter frame --- , frame queue size(78) > 0 and nb_frames(78) > 0, check key_frame : 0, pts : 270336 
filter frame --- , not key frame comes, add it to queue, nb_frames : 79, queue size : 79, pts : 270336 
request frame --- , current cached_gop_ok : 0, nb_gop_frames : 0 
request frame --- , nb_gop_frames == 0 
[h264 @ 0x7feb5a042800] nal_unit_type: 1, nal_ref_idc: 0
filter frame --- , insert frame begin, frame queue size : 79, nb_frames : 79, pts : 270848, key_frame : 0 
filter frame --- , frame queue size(79) > 0 and nb_frames(79) > 0, check key_frame : 0, pts : 270848 
filter frame --- , not key frame comes, add it to queue, nb_frames : 80, queue size : 80, pts : 270848 
[h264 @ 0x7feb5a009c00] nal_unit_type: 1, nal_ref_idc: 2
request frame --- , current cached_gop_ok : 0, nb_gop_frames : 0 
request frame --- , nb_gop_frames == 0 
filter frame --- , insert frame begin, frame queue size : 80, nb_frames : 80, pts : 271360, key_frame : 0 
[h264 @ 0x7feb5a015a00] nal_unit_type: 1, nal_ref_idc: 2
filter frame --- , frame queue size(80) > 0 and nb_frames(80) > 0, check key_frame : 0, pts : 271360 
filter frame --- , not key frame comes, add it to queue, nb_frames : 81, queue size : 81, pts : 271360 
request frame --- , current cached_gop_ok : 0, nb_gop_frames : 0 
request frame --- , nb_gop_frames == 0 
filter frame --- , insert frame begin, frame queue size : 81, nb_frames : 81, pts : 271872, key_frame : 0 
[h264 @ 0x7feb5a02be00] nal_unit_type: 1, nal_ref_idc: 0
filter frame --- , frame queue size(81) > 0 and nb_frames(81) > 0, check key_frame : 0, pts : 271872 
filter frame --- , not key frame comes, add it to queue, nb_frames : 82, queue size : 82, pts : 271872 
request frame --- , current cached_gop_ok : 0, nb_gop_frames : 0 
request frame --- , nb_gop_frames == 0 
filter frame --- , insert frame begin, frame queue size : 82, nb_frames : 82, pts : 272384, key_frame : 0 
[h264 @ 0x7feb5a042200] nal_unit_type: 1, nal_ref_idc: 0
filter frame --- , frame queue size(82) > 0 and nb_frames(82) > 0, check key_frame : 0, pts : 272384 
filter frame --- , not key frame comes, add it to queue, nb_frames : 83, queue size : 83, pts : 272384 
request frame --- , current cached_gop_ok : 0, nb_gop_frames : 0 
request frame --- , nb_gop_frames == 0 
[h264 @ 0x7feb5a042800] nal_unit_type: 1, nal_ref_idc: 2
filter frame --- , insert frame begin, frame queue size : 83, nb_frames : 83, pts : 272896, key_frame : 0 
filter frame --- , frame queue size(83) > 0 and nb_frames(83) > 0, check key_frame : 0, pts : 272896 
filter frame --- , not key frame comes, add it to queue, nb_frames : 84, queue size : 84, pts : 272896 
request frame --- , current cached_gop_ok : 0, nb_gop_frames : 0 
request frame --- , nb_gop_frames == 0 
filter frame --- , insert frame begin, frame queue size : 84, nb_frames : 84, pts : 273408, key_frame : 0 
[h264 @ 0x7feb5a009c00] nal_unit_type: 5, nal_ref_idc: 3
filter frame --- , frame queue size(84) > 0 and nb_frames(84) > 0, check key_frame : 0, pts : 273408 
filter frame --- , not key frame comes, add it to queue, nb_frames : 85, queue size : 85, pts : 273408 
request frame --- , current cached_gop_ok : 0, nb_gop_frames : 0 
request frame --- , nb_gop_frames == 0 
filter frame --- , insert frame begin, frame queue size : 85, nb_frames : 85, pts : 273920, key_frame : 0 
[h264 @ 0x7feb5a015a00] nal_unit_type: 1, nal_ref_idc: 2
filter frame --- , frame queue size(85) > 0 and nb_frames(85) > 0, check key_frame : 0, pts : 273920 
filter frame --- , not key frame comes, add it to queue, nb_frames : 86, queue size : 86, pts : 273920 
request frame --- , current cached_gop_ok : 0, nb_gop_frames : 0 
request frame --- , nb_gop_frames == 0 
filter frame --- , insert frame begin, frame queue size : 86, nb_frames : 86, pts : 274432, key_frame : 0 
filter frame --- , frame queue size(86) > 0 and nb_frames(86) > 0, check key_frame : 0, pts : 274432 
filter frame --- , not key frame comes, add it to queue, nb_frames : 87, queue size : 87, pts : 274432 
request frame --- , current cached_gop_ok : 0, nb_gop_frames : 0 
request frame --- , nb_gop_frames == 0 
[h264 @ 0x7feb5a02be00] nal_unit_type: 1, nal_ref_idc: 2
filter frame --- , insert frame begin, frame queue size : 87, nb_frames : 87, pts : 274944, key_frame : 0 
filter frame --- , frame queue size(87) > 0 and nb_frames(87) > 0, check key_frame : 0, pts : 274944 
filter frame --- , not key frame comes, add it to queue, nb_frames : 88, queue size : 88, pts : 274944 
request frame --- , current cached_gop_ok : 0, nb_gop_frames : 0 
request frame --- , nb_gop_frames == 0 
[h264 @ 0x7feb5a042200] nal_unit_type: 1, nal_ref_idc: 0
[h264 @ 0x7feb5a042800] nal_unit_type: 1, nal_ref_idc: 0
filter frame --- , insert frame begin, frame queue size : 88, nb_frames : 88, pts : 275456, key_frame : 0 
filter frame --- , frame queue size(88) > 0 and nb_frames(88) > 0, check key_frame : 0, pts : 275456 
filter frame --- , not key frame comes, add it to queue, nb_frames : 89, queue size : 89, pts : 275456 
request frame --- , current cached_gop_ok : 0, nb_gop_frames : 0 
request frame --- , nb_gop_frames == 0 
filter frame --- , insert frame begin, frame queue size : 89, nb_frames : 89, pts : 275968, key_frame : 0 
[h264 @ 0x7feb5a009c00] nal_unit_type: 1, nal_ref_idc: 2
filter frame --- , frame queue size(89) > 0 and nb_frames(89) > 0, check key_frame : 0, pts : 275968 
filter frame --- , not key frame comes, add it to queue, nb_frames : 90, queue size : 90, pts : 275968 
request frame --- , current cached_gop_ok : 0, nb_gop_frames : 0 
request frame --- , nb_gop_frames == 0 
filter frame --- , insert frame begin, frame queue size : 90, nb_frames : 90, pts : 276480, key_frame : 1 
[h264 @ 0x7feb5a015a00] nal_unit_type: 1, nal_ref_idc: 2
filter frame --- , frame queue size(90) > 0 and nb_frames(90) > 0, check key_frame : 1, pts : 276480 
filter frame --- , key frame(next gop) comes, check nb_gop_frames : 0 
filter frame --- , key frame(next gop) comes, take frame from queue to gop_frames, nb_frames : 89, nb_gop_frames : 1, queue size : 89, pts : 230400 
filter frame --- , not key frame(next gop) comes, take frame from queue to gop_frames, nb_frames : 88, nb_gop_frames : 2, queue size : 88, pts : 230912 
filter frame --- , not key frame(next gop) comes, take frame from queue to gop_frames, nb_frames : 87, nb_gop_frames : 3, queue size : 87, pts : 231424 
filter frame --- , not key frame(next gop) comes, take frame from queue to gop_frames, nb_frames : 86, nb_gop_frames : 4, queue size : 86, pts : 231936 
filter frame --- , not key frame(next gop) comes, take frame from queue to gop_frames, nb_frames : 85, nb_gop_frames : 5, queue size : 85, pts : 232448 
filter frame --- , not key frame(next gop) comes, take frame from queue to gop_frames, nb_frames : 84, nb_gop_frames : 6, queue size : 84, pts : 232960 
filter frame --- , not key frame(next gop) comes, take frame from queue to gop_frames, nb_frames : 83, nb_gop_frames : 7, queue size : 83, pts : 233472 
filter frame --- , not key frame(next gop) comes, take frame from queue to gop_frames, nb_frames : 82, nb_gop_frames : 8, queue size : 82, pts : 233984 
filter frame --- , not key frame(next gop) comes, take frame from queue to gop_frames, nb_frames : 81, nb_gop_frames : 9, queue size : 81, pts : 234496 
filter frame --- , not key frame(next gop) comes, take frame from queue to gop_frames, nb_frames : 80, nb_gop_frames : 10, queue size : 80, pts : 235008 
filter frame --- , not key frame(next gop) comes, take frame from queue to gop_frames, nb_frames : 79, nb_gop_frames : 11, queue size : 79, pts : 235520 
filter frame --- , not key frame(next gop) comes, take frame from queue to gop_frames, nb_frames : 78, nb_gop_frames : 12, queue size : 78, pts : 236032 
filter frame --- , not key frame(next gop) comes, take frame from queue to gop_frames, nb_frames : 77, nb_gop_frames : 13, queue size : 77, pts : 236544 
filter frame --- , not key frame(next gop) comes, take frame from queue to gop_frames, nb_frames : 76, nb_gop_frames : 14, queue size : 76, pts : 237056 
filter frame --- , not key frame(next gop) comes, take frame from queue to gop_frames, nb_frames : 75, nb_gop_frames : 15, queue size : 75, pts : 237568 
filter frame --- , not key frame(next gop) comes, take frame from queue to gop_frames, nb_frames : 74, nb_gop_frames : 16, queue size : 74, pts : 238080 
filter frame --- , not key frame(next gop) comes, take frame from queue to gop_frames, nb_frames : 73, nb_gop_frames : 17, queue size : 73, pts : 238592 
filter frame --- , not key frame(next gop) comes, take frame from queue to gop_frames, nb_frames : 72, nb_gop_frames : 18, queue size : 72, pts : 239104 
filter frame --- , not key frame(next gop) comes, take frame from queue to gop_frames, nb_frames : 71, nb_gop_frames : 19, queue size : 71, pts : 239616 
filter frame --- , not key frame(next gop) comes, take frame from queue to gop_frames, nb_frames : 70, nb_gop_frames : 20, queue size : 70, pts : 240128 
filter frame --- , not key frame(next gop) comes, take frame from queue to gop_frames, nb_frames : 69, nb_gop_frames : 21, queue size : 69, pts : 240640 
filter frame --- , not key frame(next gop) comes, take frame from queue to gop_frames, nb_frames : 68, nb_gop_frames : 22, queue size : 68, pts : 241152 
filter frame --- , not key frame(next gop) comes, take frame from queue to gop_frames, nb_frames : 67, nb_gop_frames : 23, queue size : 67, pts : 241664 
filter frame --- , not key frame(next gop) comes, take frame from queue to gop_frames, nb_frames : 66, nb_gop_frames : 24, queue size : 66, pts : 242176 
filter frame --- , not key frame(next gop) comes, take frame from queue to gop_frames, nb_frames : 65, nb_gop_frames : 25, queue size : 65, pts : 242688 
filter frame --- , not key frame(next gop) comes, take frame from queue to gop_frames, nb_frames : 64, nb_gop_frames : 26, queue size : 64, pts : 243200 
filter frame --- , not key frame(next gop) comes, take frame from queue to gop_frames, nb_frames : 63, nb_gop_frames : 27, queue size : 63, pts : 243712 
filter frame --- , not key frame(next gop) comes, take frame from queue to gop_frames, nb_frames : 62, nb_gop_frames : 28, queue size : 62, pts : 244224 
filter frame --- , not key frame(next gop) comes, take frame from queue to gop_frames, nb_frames : 61, nb_gop_frames : 29, queue size : 61, pts : 244736 
filter frame --- , not key frame(next gop) comes, take frame from queue to gop_frames, nb_frames : 60, nb_gop_frames : 30, queue size : 60, pts : 245248 
filter frame --- , not key frame(next gop) comes, take frame from queue to gop_frames, nb_frames : 59, nb_gop_frames : 31, queue size : 59, pts : 245760 
filter frame --- , not key frame(next gop) comes, take frame from queue to gop_frames, nb_frames : 58, nb_gop_frames : 32, queue size : 58, pts : 246272 
filter frame --- , not key frame(next gop) comes, take frame from queue to gop_frames, nb_frames : 57, nb_gop_frames : 33, queue size : 57, pts : 246784 
filter frame --- , not key frame(next gop) comes, take frame from queue to gop_frames, nb_frames : 56, nb_gop_frames : 34, queue size : 56, pts : 247296 
filter frame --- , not key frame(next gop) comes, take frame from queue to gop_frames, nb_frames : 55, nb_gop_frames : 35, queue size : 55, pts : 247808 
filter frame --- , not key frame(next gop) comes, take frame from queue to gop_frames, nb_frames : 54, nb_gop_frames : 36, queue size : 54, pts : 248320 
filter frame --- , not key frame(next gop) comes, take frame from queue to gop_frames, nb_frames : 53, nb_gop_frames : 37, queue size : 53, pts : 248832 
filter frame --- , not key frame(next gop) comes, take frame from queue to gop_frames, nb_frames : 52, nb_gop_frames : 38, queue size : 52, pts : 249344 
filter frame --- , not key frame(next gop) comes, take frame from queue to gop_frames, nb_frames : 51, nb_gop_frames : 39, queue size : 51, pts : 249856 
filter frame --- , not key frame(next gop) comes, take frame from queue to gop_frames, nb_frames : 50, nb_gop_frames : 40, queue size : 50, pts : 250368 
filter frame --- , not key frame(next gop) comes, take frame from queue to gop_frames, nb_frames : 49, nb_gop_frames : 41, queue size : 49, pts : 250880 
filter frame --- , not key frame(next gop) comes, take frame from queue to gop_frames, nb_frames : 48, nb_gop_frames : 42, queue size : 48, pts : 251392 
filter frame --- , not key frame(next gop) comes, take frame from queue to gop_frames, nb_frames : 47, nb_gop_frames : 43, queue size : 47, pts : 251904 
filter frame --- , not key frame(next gop) comes, take frame from queue to gop_frames, nb_frames : 46, nb_gop_frames : 44, queue size : 46, pts : 252416 
filter frame --- , not key frame(next gop) comes, take frame from queue to gop_frames, nb_frames : 45, nb_gop_frames : 45, queue size : 45, pts : 252928 
filter frame --- , not key frame(next gop) comes, take frame from queue to gop_frames, nb_frames : 44, nb_gop_frames : 46, queue size : 44, pts : 253440 
filter frame --- , not key frame(next gop) comes, take frame from queue to gop_frames, nb_frames : 43, nb_gop_frames : 47, queue size : 43, pts : 253952 
filter frame --- , not key frame(next gop) comes, take frame from queue to gop_frames, nb_frames : 42, nb_gop_frames : 48, queue size : 42, pts : 254464 
filter frame --- , not key frame(next gop) comes, take frame from queue to gop_frames, nb_frames : 41, nb_gop_frames : 49, queue size : 41, pts : 254976 
filter frame --- , not key frame(next gop) comes, take frame from queue to gop_frames, nb_frames : 40, nb_gop_frames : 50, queue size : 40, pts : 255488 
filter frame --- , not key frame(next gop) comes, take frame from queue to gop_frames, nb_frames : 39, nb_gop_frames : 51, queue size : 39, pts : 256000 
filter frame --- , not key frame(next gop) comes, take frame from queue to gop_frames, nb_frames : 38, nb_gop_frames : 52, queue size : 38, pts : 256512 
filter frame --- , not key frame(next gop) comes, take frame from queue to gop_frames, nb_frames : 37, nb_gop_frames : 53, queue size : 37, pts : 257024 
filter frame --- , not key frame(next gop) comes, take frame from queue to gop_frames, nb_frames : 36, nb_gop_frames : 54, queue size : 36, pts : 257536 
filter frame --- , not key frame(next gop) comes, take frame from queue to gop_frames, nb_frames : 35, nb_gop_frames : 55, queue size : 35, pts : 258048 
filter frame --- , not key frame(next gop) comes, take frame from queue to gop_frames, nb_frames : 34, nb_gop_frames : 56, queue size : 34, pts : 258560 
filter frame --- , not key frame(next gop) comes, take frame from queue to gop_frames, nb_frames : 33, nb_gop_frames : 57, queue size : 33, pts : 259072 
filter frame --- , not key frame(next gop) comes, take frame from queue to gop_frames, nb_frames : 32, nb_gop_frames : 58, queue size : 32, pts : 259584 
filter frame --- , not key frame(next gop) comes, take frame from queue to gop_frames, nb_frames : 31, nb_gop_frames : 59, queue size : 31, pts : 260096 
filter frame --- , not key frame(next gop) comes, take frame from queue to gop_frames, nb_frames : 30, nb_gop_frames : 60, queue size : 30, pts : 260608 
filter frame --- , not key frame(next gop) comes, take frame from queue to gop_frames, nb_frames : 29, nb_gop_frames : 61, queue size : 29, pts : 261120 
filter frame --- , not key frame(next gop) comes, take frame from queue to gop_frames, nb_frames : 28, nb_gop_frames : 62, queue size : 28, pts : 261632 
filter frame --- , not key frame(next gop) comes, take frame from queue to gop_frames, nb_frames : 27, nb_gop_frames : 63, queue size : 27, pts : 262144 
filter frame --- , not key frame(next gop) comes, take frame from queue to gop_frames, nb_frames : 26, nb_gop_frames : 64, queue size : 26, pts : 262656 
filter frame --- , not key frame(next gop) comes, take frame from queue to gop_frames, nb_frames : 25, nb_gop_frames : 65, queue size : 25, pts : 263168 
filter frame --- , not key frame(next gop) comes, take frame from queue to gop_frames, nb_frames : 24, nb_gop_frames : 66, queue size : 24, pts : 263680 
filter frame --- , not key frame(next gop) comes, take frame from queue to gop_frames, nb_frames : 23, nb_gop_frames : 67, queue size : 23, pts : 264192 
filter frame --- , not key frame(next gop) comes, take frame from queue to gop_frames, nb_frames : 22, nb_gop_frames : 68, queue size : 22, pts : 264704 
filter frame --- , not key frame(next gop) comes, take frame from queue to gop_frames, nb_frames : 21, nb_gop_frames : 69, queue size : 21, pts : 265216 
filter frame --- , not key frame(next gop) comes, take frame from queue to gop_frames, nb_frames : 20, nb_gop_frames : 70, queue size : 20, pts : 265728 
filter frame --- , not key frame(next gop) comes, take frame from queue to gop_frames, nb_frames : 19, nb_gop_frames : 71, queue size : 19, pts : 266240 
filter frame --- , not key frame(next gop) comes, take frame from queue to gop_frames, nb_frames : 18, nb_gop_frames : 72, queue size : 18, pts : 266752 
filter frame --- , not key frame(next gop) comes, take frame from queue to gop_frames, nb_frames : 17, nb_gop_frames : 73, queue size : 17, pts : 267264 
filter frame --- , not key frame(next gop) comes, take frame from queue to gop_frames, nb_frames : 16, nb_gop_frames : 74, queue size : 16, pts : 267776 
filter frame --- , not key frame(next gop) comes, take frame from queue to gop_frames, nb_frames : 15, nb_gop_frames : 75, queue size : 15, pts : 268288 
filter frame --- , not key frame(next gop) comes, take frame from queue to gop_frames, nb_frames : 14, nb_gop_frames : 76, queue size : 14, pts : 268800 
filter frame --- , not key frame(next gop) comes, take frame from queue to gop_frames, nb_frames : 13, nb_gop_frames : 77, queue size : 13, pts : 269312 
filter frame --- , not key frame(next gop) comes, take frame from queue to gop_frames, nb_frames : 12, nb_gop_frames : 78, queue size : 12, pts : 269824 
filter frame --- , not key frame(next gop) comes, take frame from queue to gop_frames, nb_frames : 11, nb_gop_frames : 79, queue size : 11, pts : 270336 
filter frame --- , not key frame(next gop) comes, take frame from queue to gop_frames, nb_frames : 10, nb_gop_frames : 80, queue size : 10, pts : 270848 
filter frame --- , not key frame(next gop) comes, take frame from queue to gop_frames, nb_frames : 9, nb_gop_frames : 81, queue size : 9, pts : 271360 
filter frame --- , not key frame(next gop) comes, take frame from queue to gop_frames, nb_frames : 8, nb_gop_frames : 82, queue size : 8, pts : 271872 
filter frame --- , not key frame(next gop) comes, take frame from queue to gop_frames, nb_frames : 7, nb_gop_frames : 83, queue size : 7, pts : 272384 
filter frame --- , not key frame(next gop) comes, take frame from queue to gop_frames, nb_frames : 6, nb_gop_frames : 84, queue size : 6, pts : 272896 
filter frame --- , not key frame(next gop) comes, take frame from queue to gop_frames, nb_frames : 5, nb_gop_frames : 85, queue size : 5, pts : 273408 
filter frame --- , not key frame(next gop) comes, take frame from queue to gop_frames, nb_frames : 4, nb_gop_frames : 86, queue size : 4, pts : 273920 
filter frame --- , not key frame(next gop) comes, take frame from queue to gop_frames, nb_frames : 3, nb_gop_frames : 87, queue size : 3, pts : 274432 
filter frame --- , not key frame(next gop) comes, take frame from queue to gop_frames, nb_frames : 2, nb_gop_frames : 88, queue size : 2, pts : 274944 
filter frame --- , not key frame(next gop) comes, take frame from queue to gop_frames, nb_frames : 1, nb_gop_frames : 89, queue size : 1, pts : 275456 
filter frame --- , not key frame(next gop) comes, take frame from queue to gop_frames, nb_frames : 0, nb_gop_frames : 90, queue size : 0, pts : 275968 
filter frame --- , cached_gop_ok == 1 
request frame --- , current cached_gop_ok : 1, nb_gop_frames : 90 
*** 88 dup!
[h264_videotoolbox @ 0x7feb5b004400] request frame --- , current cached_gop_ok : 1, nb_gop_frames : 89 
[h264_videotoolbox @ 0x7feb5b004400] request frame --- , current cached_gop_ok : 1, nb_gop_frames : 88 
request frame --- , current cached_gop_ok : 1, nb_gop_frames : 87 
*** dropping frame 541 from stream 0 at ts 537
request frame --- , current cached_gop_ok : 1, nb_gop_frames : 86 
*** dropping frame 541 from stream 0 at ts 536
request frame --- , current cached_gop_ok : 1, nb_gop_frames : 85 
*** dropping frame 541 from stream 0 at ts 535
request frame --- , current cached_gop_ok : 1, nb_gop_frames : 84 
*** dropping frame 541 from stream 0 at ts 534
request frame --- , current cached_gop_ok : 1, nb_gop_frames : 83 
*** dropping frame 541 from stream 0 at ts 533
request frame --- , current cached_gop_ok : 1, nb_gop_frames : 82 
*** dropping frame 541 from stream 0 at ts 532
request frame --- , current cached_gop_ok : 1, nb_gop_frames : 81 
*** dropping frame 541 from stream 0 at ts 531
request frame --- , current cached_gop_ok : 1, nb_gop_frames : 80 
*** dropping frame 541 from stream 0 at ts 530
request frame --- , current cached_gop_ok : 1, nb_gop_frames : 79 
*** dropping frame 541 from stream 0 at ts 529
request frame --- , current cached_gop_ok : 1, nb_gop_frames : 78 
*** dropping frame 541 from stream 0 at ts 528
request frame --- , current cached_gop_ok : 1, nb_gop_frames : 77 
*** dropping frame 541 from stream 0 at ts 527
request frame --- , current cached_gop_ok : 1, nb_gop_frames : 76 
*** dropping frame 541 from stream 0 at ts 526
request frame --- , current cached_gop_ok : 1, nb_gop_frames : 75 
*** dropping frame 541 from stream 0 at ts 525
request frame --- , current cached_gop_ok : 1, nb_gop_frames : 74 
*** dropping frame 541 from stream 0 at ts 524
request frame --- , current cached_gop_ok : 1, nb_gop_frames : 73 
*** dropping frame 541 from stream 0 at ts 523
request frame --- , current cached_gop_ok : 1, nb_gop_frames : 72 
*** dropping frame 541 from stream 0 at ts 522
request frame --- , current cached_gop_ok : 1, nb_gop_frames : 71 
*** dropping frame 541 from stream 0 at ts 521
request frame --- , current cached_gop_ok : 1, nb_gop_frames : 70 
*** dropping frame 541 from stream 0 at ts 520
request frame --- , current cached_gop_ok : 1, nb_gop_frames : 69 
*** dropping frame 541 from stream 0 at ts 519
request frame --- , current cached_gop_ok : 1, nb_gop_frames : 68 
*** dropping frame 541 from stream 0 at ts 518
request frame --- , current cached_gop_ok : 1, nb_gop_frames : 67 
*** dropping frame 541 from stream 0 at ts 517
request frame --- , current cached_gop_ok : 1, nb_gop_frames : 66 
*** dropping frame 541 from stream 0 at ts 516
request frame --- , current cached_gop_ok : 1, nb_gop_frames : 65 
*** dropping frame 541 from stream 0 at ts 515
request frame --- , current cached_gop_ok : 1, nb_gop_frames : 64 
*** dropping frame 541 from stream 0 at ts 514
request frame --- , current cached_gop_ok : 1, nb_gop_frames : 63 
*** dropping frame 541 from stream 0 at ts 513
request frame --- , current cached_gop_ok : 1, nb_gop_frames : 62 
*** dropping frame 541 from stream 0 at ts 512
request frame --- , current cached_gop_ok : 1, nb_gop_frames : 61 
*** dropping frame 541 from stream 0 at ts 511
request frame --- , current cached_gop_ok : 1, nb_gop_frames : 60 
*** dropping frame 541 from stream 0 at ts 510
request frame --- , current cached_gop_ok : 1, nb_gop_frames : 59 
*** dropping frame 541 from stream 0 at ts 509
request frame --- , current cached_gop_ok : 1, nb_gop_frames : 58 
*** dropping frame 541 from stream 0 at ts 508
request frame --- , current cached_gop_ok : 1, nb_gop_frames : 57 
*** dropping frame 541 from stream 0 at ts 507
request frame --- , current cached_gop_ok : 1, nb_gop_frames : 56 
*** dropping frame 541 from stream 0 at ts 506
request frame --- , current cached_gop_ok : 1, nb_gop_frames : 55 
*** dropping frame 541 from stream 0 at ts 505
request frame --- , current cached_gop_ok : 1, nb_gop_frames : 54 
*** dropping frame 541 from stream 0 at ts 504
request frame --- , current cached_gop_ok : 1, nb_gop_frames : 53 
*** dropping frame 541 from stream 0 at ts 503
request frame --- , current cached_gop_ok : 1, nb_gop_frames : 52 
*** dropping frame 541 from stream 0 at ts 502
request frame --- , current cached_gop_ok : 1, nb_gop_frames : 51 
*** dropping frame 541 from stream 0 at ts 501
request frame --- , current cached_gop_ok : 1, nb_gop_frames : 50 
*** dropping frame 541 from stream 0 at ts 500
request frame --- , current cached_gop_ok : 1, nb_gop_frames : 49 
*** dropping frame 541 from stream 0 at ts 499
request frame --- , current cached_gop_ok : 1, nb_gop_frames : 48 
*** dropping frame 541 from stream 0 at ts 498
request frame --- , current cached_gop_ok : 1, nb_gop_frames : 47 
*** dropping frame 541 from stream 0 at ts 497
request frame --- , current cached_gop_ok : 1, nb_gop_frames : 46 
*** dropping frame 541 from stream 0 at ts 496
request frame --- , current cached_gop_ok : 1, nb_gop_frames : 45 
*** dropping frame 541 from stream 0 at ts 495
request frame --- , current cached_gop_ok : 1, nb_gop_frames : 44 
*** dropping frame 541 from stream 0 at ts 494
request frame --- , current cached_gop_ok : 1, nb_gop_frames : 43 
*** dropping frame 541 from stream 0 at ts 493
request frame --- , current cached_gop_ok : 1, nb_gop_frames : 42 
*** dropping frame 541 from stream 0 at ts 492
request frame --- , current cached_gop_ok : 1, nb_gop_frames : 41 
*** dropping frame 541 from stream 0 at ts 491
request frame --- , current cached_gop_ok : 1, nb_gop_frames : 40 
*** dropping frame 541 from stream 0 at ts 490
request frame --- , current cached_gop_ok : 1, nb_gop_frames : 39 
*** dropping frame 541 from stream 0 at ts 489
request frame --- , current cached_gop_ok : 1, nb_gop_frames : 38 
*** dropping frame 541 from stream 0 at ts 488
request frame --- , current cached_gop_ok : 1, nb_gop_frames : 37 
*** dropping frame 541 from stream 0 at ts 487
request frame --- , current cached_gop_ok : 1, nb_gop_frames : 36 
*** dropping frame 541 from stream 0 at ts 486
request frame --- , current cached_gop_ok : 1, nb_gop_frames : 35 
*** dropping frame 541 from stream 0 at ts 485
request frame --- , current cached_gop_ok : 1, nb_gop_frames : 34 
*** dropping frame 541 from stream 0 at ts 484
request frame --- , current cached_gop_ok : 1, nb_gop_frames : 33 
*** dropping frame 541 from stream 0 at ts 483
request frame --- , current cached_gop_ok : 1, nb_gop_frames : 32 
*** dropping frame 541 from stream 0 at ts 482
request frame --- , current cached_gop_ok : 1, nb_gop_frames : 31 
*** dropping frame 541 from stream 0 at ts 481
request frame --- , current cached_gop_ok : 1, nb_gop_frames : 30 
*** dropping frame 541 from stream 0 at ts 480
request frame --- , current cached_gop_ok : 1, nb_gop_frames : 29 
*** dropping frame 541 from stream 0 at ts 479
request frame --- , current cached_gop_ok : 1, nb_gop_frames : 28 
*** dropping frame 541 from stream 0 at ts 478
request frame --- , current cached_gop_ok : 1, nb_gop_frames : 27 
*** dropping frame 541 from stream 0 at ts 477
request frame --- , current cached_gop_ok : 1, nb_gop_frames : 26 
*** dropping frame 541 from stream 0 at ts 476
request frame --- , current cached_gop_ok : 1, nb_gop_frames : 25 
*** dropping frame 541 from stream 0 at ts 475
request frame --- , current cached_gop_ok : 1, nb_gop_frames : 24 
*** dropping frame 541 from stream 0 at ts 474
request frame --- , current cached_gop_ok : 1, nb_gop_frames : 23 
*** dropping frame 541 from stream 0 at ts 473
request frame --- , current cached_gop_ok : 1, nb_gop_frames : 22 
*** dropping frame 541 from stream 0 at ts 472
request frame --- , current cached_gop_ok : 1, nb_gop_frames : 21 
*** dropping frame 541 from stream 0 at ts 471
request frame --- , current cached_gop_ok : 1, nb_gop_frames : 20 
*** dropping frame 541 from stream 0 at ts 470
request frame --- , current cached_gop_ok : 1, nb_gop_frames : 19 
*** dropping frame 541 from stream 0 at ts 469
request frame --- , current cached_gop_ok : 1, nb_gop_frames : 18 
*** dropping frame 541 from stream 0 at ts 468
request frame --- , current cached_gop_ok : 1, nb_gop_frames : 17 
*** dropping frame 541 from stream 0 at ts 467
request frame --- , current cached_gop_ok : 1, nb_gop_frames : 16 
*** dropping frame 541 from stream 0 at ts 466
request frame --- , current cached_gop_ok : 1, nb_gop_frames : 15 
*** dropping frame 541 from stream 0 at ts 465
request frame --- , current cached_gop_ok : 1, nb_gop_frames : 14 
*** dropping frame 541 from stream 0 at ts 464
request frame --- , current cached_gop_ok : 1, nb_gop_frames : 13 
*** dropping frame 541 from stream 0 at ts 463
request frame --- , current cached_gop_ok : 1, nb_gop_frames : 12 
*** dropping frame 541 from stream 0 at ts 462
request frame --- , current cached_gop_ok : 1, nb_gop_frames : 11 
*** dropping frame 541 from stream 0 at ts 461
request frame --- , current cached_gop_ok : 1, nb_gop_frames : 10 
*** dropping frame 541 from stream 0 at ts 460
request frame --- , current cached_gop_ok : 1, nb_gop_frames : 9 
*** dropping frame 541 from stream 0 at ts 459
request frame --- , current cached_gop_ok : 1, nb_gop_frames : 8 
*** dropping frame 541 from stream 0 at ts 458
request frame --- , current cached_gop_ok : 1, nb_gop_frames : 7 
*** dropping frame 541 from stream 0 at ts 457
request frame --- , current cached_gop_ok : 1, nb_gop_frames : 6 
*** dropping frame 541 from stream 0 at ts 456
request frame --- , current cached_gop_ok : 1, nb_gop_frames : 5 
*** dropping frame 541 from stream 0 at ts 455
request frame --- , current cached_gop_ok : 1, nb_gop_frames : 4 
*** dropping frame 541 from stream 0 at ts 454
request frame --- , current cached_gop_ok : 1, nb_gop_frames : 3 
*** dropping frame 541 from stream 0 at ts 453
request frame --- , current cached_gop_ok : 1, nb_gop_frames : 2 
*** dropping frame 541 from stream 0 at ts 452
request frame --- , current cached_gop_ok : 1, nb_gop_frames : 1 
request frame --- , nb_gop_frames == 0 
*** dropping frame 541 from stream 0 at ts 451
request frame --- , current cached_gop_ok : 0, nb_gop_frames : 0 
request frame --- , nb_gop_frames == 0 
filter frame --- , insert frame begin, frame queue size : 1, nb_frames : 1, pts : 276992, key_frame : 0 
[h264 @ 0x7feb5a02be00] nal_unit_type: 1, nal_ref_idc: 0
filter frame --- , frame queue size(1) > 0 and nb_frames(1) > 0, check key_frame : 0, pts : 276992 
filter frame --- , not key frame comes, add it to queue, nb_frames : 2, queue size : 2, pts : 276992 
request frame --- , current cached_gop_ok : 0, nb_gop_frames : 0 
request frame --- , nb_gop_frames == 0 
filter frame --- , insert frame begin, frame queue size : 2, nb_frames : 2, pts : 277504, key_frame : 0 
[h264 @ 0x7feb5a042200] nal_unit_type: 1, nal_ref_idc: 0
filter frame --- , frame queue size(2) > 0 and nb_frames(2) > 0, check key_frame : 0, pts : 277504 
filter frame --- , not key frame comes, add it to queue, nb_frames : 3, queue size : 3, pts : 277504 
request frame --- , current cached_gop_ok : 0, nb_gop_frames : 0 
request frame --- , nb_gop_frames == 0 
filter frame --- , insert frame begin, frame queue size : 3, nb_frames : 3, pts : 278016, key_frame : 0 
[h264 @ 0x7feb5a042800] nal_unit_type: 1, nal_ref_idc: 2
filter frame --- , frame queue size(3) > 0 and nb_frames(3) > 0, check key_frame : 0, pts : 278016 
filter frame --- , not key frame comes, add it to queue, nb_frames : 4, queue size : 4, pts : 278016 
request frame --- , current cached_gop_ok : 0, nb_gop_frames : 0 
request frame --- , nb_gop_frames == 0 
filter frame --- , insert frame begin, frame queue size : 4, nb_frames : 4, pts : 278528, key_frame : 0 
[h264 @ 0x7feb5a009c00] nal_unit_type: 1, nal_ref_idc: 2
filter frame --- , frame queue size(4) > 0 and nb_frames(4) > 0, check key_frame : 0, pts : 278528 
filter frame --- , not key frame comes, add it to queue, nb_frames : 5, queue size : 5, pts : 278528 
request frame --- , current cached_gop_ok : 0, nb_gop_frames : 0 
request frame --- , nb_gop_frames == 0 
filter frame --- , insert frame begin, frame queue size : 5, nb_frames : 5, pts : 279040, key_frame : 0 
[h264 @ 0x7feb5a015a00] nal_unit_type: 1, nal_ref_idc: 0
filter frame --- , frame queue size(5) > 0 and nb_frames(5) > 0, check key_frame : 0, pts : 279040 
filter frame --- , not key frame comes, add it to queue, nb_frames : 6, queue size : 6, pts : 279040 
request frame --- , current cached_gop_ok : 0, nb_gop_frames : 0 
request frame --- , nb_gop_frames == 0 
filter frame --- , insert frame begin, frame queue size : 6, nb_frames : 6, pts : 279552, key_frame : 0 
filter frame --- , frame queue size(6) > 0 and nb_frames(6) > 0, check key_frame : 0, pts : 279552 
filter frame --- , not key frame comes, add it to queue, nb_frames : 7, queue size : 7, pts : 279552 
request frame --- , current cached_gop_ok : 0, nb_gop_frames : 0 
request frame --- , nb_gop_frames == 0 
[h264 @ 0x7feb5a02be00] nal_unit_type: 1, nal_ref_idc: 0
filter frame --- , insert frame begin, frame queue size : 7, nb_frames : 7, pts : 280064, key_frame : 0 
filter frame --- , frame queue size(7) > 0 and nb_frames(7) > 0, check key_frame : 0, pts : 280064 
filter frame --- , not key frame comes, add it to queue, nb_frames : 8, queue size : 8, pts : 280064 
request frame --- , current cached_gop_ok : 0, nb_gop_frames : 0 
request frame --- , nb_gop_frames == 0 
[h264 @ 0x7feb5a042200] nal_unit_type: 1, nal_ref_idc: 2
filter frame --- , insert frame begin, frame queue size : 8, nb_frames : 8, pts : 280576, key_frame : 0 
[h264 @ 0x7feb5a042800] nal_unit_type: 1, nal_ref_idc: 2
filter frame --- , frame queue size(8) > 0 and nb_frames(8) > 0, check key_frame : 0, pts : 280576 
filter frame --- , not key frame comes, add it to queue, nb_frames : 9, queue size : 9, pts : 280576 
request frame --- , current cached_gop_ok : 0, nb_gop_frames : 0 
request frame --- , nb_gop_frames == 0 
filter frame --- , insert frame begin, frame queue size : 9, nb_frames : 9, pts : 281088, key_frame : 0 
[h264 @ 0x7feb5a009c00] nal_unit_type: 1, nal_ref_idc: 0
filter frame --- , frame queue size(9) > 0 and nb_frames(9) > 0, check key_frame : 0, pts : 281088 
filter frame --- , not key frame comes, add it to queue, nb_frames : 10, queue size : 10, pts : 281088 
request frame --- , current cached_gop_ok : 0, nb_gop_frames : 0 
request frame --- , nb_gop_frames == 0 
filter frame --- , insert frame begin, frame queue size : 10, nb_frames : 10, pts : 281600, key_frame : 0 
[h264 @ 0x7feb5a015a00] nal_unit_type: 1, nal_ref_idc: 0
filter frame --- , frame queue size(10) > 0 and nb_frames(10) > 0, check key_frame : 0, pts : 281600 
filter frame --- , not key frame comes, add it to queue, nb_frames : 11, queue size : 11, pts : 281600 
request frame --- , current cached_gop_ok : 0, nb_gop_frames : 0 
request frame --- , nb_gop_frames == 0 
[h264 @ 0x7feb5a02be00] nal_unit_type: 1, nal_ref_idc: 2
filter frame --- , insert frame begin, frame queue size : 11, nb_frames : 11, pts : 282112, key_frame : 0 
filter frame --- , frame queue size(11) > 0 and nb_frames(11) > 0, check key_frame : 0, pts : 282112 
filter frame --- , not key frame comes, add it to queue, nb_frames : 12, queue size : 12, pts : 282112 
request frame --- , current cached_gop_ok : 0, nb_gop_frames : 0 
request frame --- , nb_gop_frames == 0 
filter frame --- , insert frame begin, frame queue size : 12, nb_frames : 12, pts : 282624, key_frame : 0 
[h264 @ 0x7feb5a042200] nal_unit_type: 1, nal_ref_idc: 2
filter frame --- , frame queue size(12) > 0 and nb_frames(12) > 0, check key_frame : 0, pts : 282624 
filter frame --- , not key frame comes, add it to queue, nb_frames : 13, queue size : 13, pts : 282624 
request frame --- , current cached_gop_ok : 0, nb_gop_frames : 0 
request frame --- , nb_gop_frames == 0 
filter frame --- , insert frame begin, frame queue size : 13, nb_frames : 13, pts : 283136, key_frame : 0 
[h264 @ 0x7feb5a042800] nal_unit_type: 1, nal_ref_idc: 0
filter frame --- , frame queue size(13) > 0 and nb_frames(13) > 0, check key_frame : 0, pts : 283136 
filter frame --- , not key frame comes, add it to queue, nb_frames : 14, queue size : 14, pts : 283136 
request frame --- , current cached_gop_ok : 0, nb_gop_frames : 0 
request frame --- , nb_gop_frames == 0 
filter frame --- , insert frame begin, frame queue size : 14, nb_frames : 14, pts : 283648, key_frame : 0 
[h264 @ 0x7feb5a009c00] nal_unit_type: 1, nal_ref_idc: 0
filter frame --- , frame queue size(14) > 0 and nb_frames(14) > 0, check key_frame : 0, pts : 283648 
filter frame --- , not key frame comes, add it to queue, nb_frames : 15, queue size : 15, pts : 283648 
request frame --- , current cached_gop_ok : 0, nb_gop_frames : 0 
request frame --- , nb_gop_frames == 0 
filter frame --- , insert frame begin, frame queue size : 15, nb_frames : 15, pts : 284160, key_frame : 0 
[h264 @ 0x7feb5a015a00] nal_unit_type: 1, nal_ref_idc: 2
filter frame --- , frame queue size(15) > 0 and nb_frames(15) > 0, check key_frame : 0, pts : 284160 
filter frame --- , not key frame comes, add it to queue, nb_frames : 16, queue size : 16, pts : 284160 
request frame --- , current cached_gop_ok : 0, nb_gop_frames : 0 
request frame --- , nb_gop_frames == 0 
filter frame --- , insert frame begin, frame queue size : 16, nb_frames : 16, pts : 284672, key_frame : 0 
[h264 @ 0x7feb5a02be00] nal_unit_type: 1, nal_ref_idc: 2
filter frame --- , frame queue size(16) > 0 and nb_frames(16) > 0, check key_frame : 0, pts : 284672 
filter frame --- , not key frame comes, add it to queue, nb_frames : 17, queue size : 17, pts : 284672 
request frame --- , current cached_gop_ok : 0, nb_gop_frames : 0 
request frame --- , nb_gop_frames == 0 
filter frame --- , insert frame begin, frame queue size : 17, nb_frames : 17, pts : 285184, key_frame : 0 
[h264 @ 0x7feb5a042200] nal_unit_type: 1, nal_ref_idc: 0
filter frame --- , frame queue size(17) > 0 and nb_frames(17) > 0, check key_frame : 0, pts : 285184 
filter frame --- , not key frame comes, add it to queue, nb_frames : 18, queue size : 18, pts : 285184 
request frame --- , current cached_gop_ok : 0, nb_gop_frames : 0 
request frame --- , nb_gop_frames == 0 
filter frame --- , insert frame begin, frame queue size : 18, nb_frames : 18, pts : 285696, key_frame : 0 
filter frame --- , frame queue size(18) > 0 and nb_frames(18) > 0, check key_frame : 0, pts : 285696 
filter frame --- , not key frame comes, add it to queue, nb_frames : 19, queue size : 19, pts : 285696 
request frame --- , current cached_gop_ok : 0, nb_gop_frames : 0 
request frame --- , nb_gop_frames == 0 
[h264 @ 0x7feb5a042800] nal_unit_type: 1, nal_ref_idc: 0
[h264 @ 0x7feb5a009c00] nal_unit_type: 1, nal_ref_idc: 2
filter frame --- , insert frame begin, frame queue size : 19, nb_frames : 19, pts : 286208, key_frame : 0 
filter frame --- , frame queue size(19) > 0 and nb_frames(19) > 0, check key_frame : 0, pts : 286208 
filter frame --- , not key frame comes, add it to queue, nb_frames : 20, queue size : 20, pts : 286208 
request frame --- , current cached_gop_ok : 0, nb_gop_frames : 0 
request frame --- , nb_gop_frames == 0 
filter frame --- , insert frame begin, frame queue size : 20, nb_frames : 20, pts : 286720, key_frame : 0 
[h264 @ 0x7feb5a015a00] nal_unit_type: 1, nal_ref_idc: 2
filter frame --- , frame queue size(20) > 0 and nb_frames(20) > 0, check key_frame : 0, pts : 286720 
filter frame --- , not key frame comes, add it to queue, nb_frames : 21, queue size : 21, pts : 286720 
request frame --- , current cached_gop_ok : 0, nb_gop_frames : 0 
request frame --- , nb_gop_frames == 0 
filter frame --- , insert frame begin, frame queue size : 21, nb_frames : 21, pts : 287232, key_frame : 0 
[h264 @ 0x7feb5a02be00] nal_unit_type: 1, nal_ref_idc: 0
filter frame --- , frame queue size(21) > 0 and nb_frames(21) > 0, check key_frame : 0, pts : 287232 
filter frame --- , not key frame comes, add it to queue, nb_frames : 22, queue size : 22, pts : 287232 
request frame --- , current cached_gop_ok : 0, nb_gop_frames : 0 
request frame --- , nb_gop_frames == 0 
filter frame --- , insert frame begin, frame queue size : 22, nb_frames : 22, pts : 287744, key_frame : 0 
filter frame --- , frame queue size(22) > 0 and nb_frames(22) > 0, check key_frame : 0, pts : 287744 
filter frame --- , not key frame comes, add it to queue, nb_frames : 23, queue size : 23, pts : 287744 
request frame --- , current cached_gop_ok : 0, nb_gop_frames : 0 
request frame --- , nb_gop_frames == 0 
[h264 @ 0x7feb5a042200] nal_unit_type: 1, nal_ref_idc: 0
filter frame --- , insert frame begin, frame queue size : 23, nb_frames : 23, pts : 288256, key_frame : 0 
[h264 @ 0x7feb5a042800] nal_unit_type: 1, nal_ref_idc: 2
filter frame --- , frame queue size(23) > 0 and nb_frames(23) > 0, check key_frame : 0, pts : 288256 
filter frame --- , not key frame comes, add it to queue, nb_frames : 24, queue size : 24, pts : 288256 
request frame --- , current cached_gop_ok : 0, nb_gop_frames : 0 
request frame --- , nb_gop_frames == 0 
filter frame --- , insert frame begin, frame queue size : 24, nb_frames : 24, pts : 288768, key_frame : 0 
[h264 @ 0x7feb5a009c00] nal_unit_type: 1, nal_ref_idc: 2
filter frame --- , frame queue size(24) > 0 and nb_frames(24) > 0, check key_frame : 0, pts : 288768 
filter frame --- , not key frame comes, add it to queue, nb_frames : 25, queue size : 25, pts : 288768 
request frame --- , current cached_gop_ok : 0, nb_gop_frames : 0 
request frame --- , nb_gop_frames == 0 
filter frame --- , insert frame begin, frame queue size : 25, nb_frames : 25, pts : 289280, key_frame : 0 
filter frame --- , frame queue size(25) > 0 and nb_frames(25) > 0, check key_frame : 0, pts : 289280 
filter frame --- , not key frame comes, add it to queue, nb_frames : 26, queue size : 26, pts : 289280 
request frame --- , current cached_gop_ok : 0, nb_gop_frames : 0 
request frame --- , nb_gop_frames == 0 
[h264 @ 0x7feb5a015a00] nal_unit_type: 1, nal_ref_idc: 0
filter frame --- , insert frame begin, frame queue size : 26, nb_frames : 26, pts : 289792, key_frame : 0 
filter frame --- , frame queue size(26) > 0 and nb_frames(26) > 0, check key_frame : 0, pts : 289792 
filter frame --- , not key frame comes, add it to queue, nb_frames : 27, queue size : 27, pts : 289792 
request frame --- , current cached_gop_ok : 0, nb_gop_frames : 0 
request frame --- , nb_gop_frames == 0 
[h264 @ 0x7feb5a02be00] nal_unit_type: 1, nal_ref_idc: 0
[h264 @ 0x7feb5a042200] nal_unit_type: 1, nal_ref_idc: 2
filter frame --- , insert frame begin, frame queue size : 27, nb_frames : 27, pts : 290304, key_frame : 0 
filter frame --- , frame queue size(27) > 0 and nb_frames(27) > 0, check key_frame : 0, pts : 290304 
filter frame --- , not key frame comes, add it to queue, nb_frames : 28, queue size : 28, pts : 290304 
request frame --- , current cached_gop_ok : 0, nb_gop_frames : 0 
request frame --- , nb_gop_frames == 0 
filter frame --- , insert frame begin, frame queue size : 28, nb_frames : 28, pts : 290816, key_frame : 0 
[h264 @ 0x7feb5a042800] nal_unit_type: 1, nal_ref_idc: 2
filter frame --- , frame queue size(28) > 0 and nb_frames(28) > 0, check key_frame : 0, pts : 290816 
filter frame --- , not key frame comes, add it to queue, nb_frames : 29, queue size : 29, pts : 290816 
request frame --- , current cached_gop_ok : 0, nb_gop_frames : 0 
request frame --- , nb_gop_frames == 0 
filter frame --- , insert frame begin, frame queue size : 29, nb_frames : 29, pts : 291328, key_frame : 0 
[h264 @ 0x7feb5a009c00] nal_unit_type: 1, nal_ref_idc: 0
filter frame --- , frame queue size(29) > 0 and nb_frames(29) > 0, check key_frame : 0, pts : 291328 
filter frame --- , not key frame comes, add it to queue, nb_frames : 30, queue size : 30, pts : 291328 
request frame --- , current cached_gop_ok : 0, nb_gop_frames : 0 
request frame --- , nb_gop_frames == 0 
filter frame --- , insert frame begin, frame queue size : 30, nb_frames : 30, pts : 291840, key_frame : 0 
filter frame --- , frame queue size(30) > 0 and nb_frames(30) > 0, check key_frame : 0, pts : 291840 
filter frame --- , not key frame comes, add it to queue, nb_frames : 31, queue size : 31, pts : 291840 
request frame --- , current cached_gop_ok : 0, nb_gop_frames : 0 
request frame --- , nb_gop_frames == 0 
[h264 @ 0x7feb5a015a00] nal_unit_type: 1, nal_ref_idc: 0
filter frame --- , insert frame begin, frame queue size : 31, nb_frames : 31, pts : 292352, key_frame : 0 
filter frame --- , frame queue size(31) > 0 and nb_frames(31) > 0, check key_frame : 0, pts : 292352 
filter frame --- , not key frame comes, add it to queue, nb_frames : 32, queue size : 32, pts : 292352 
[h264 @ 0x7feb5a02be00] nal_unit_type: 1, nal_ref_idc: 2
request frame --- , current cached_gop_ok : 0, nb_gop_frames : 0 
request frame --- , nb_gop_frames == 0 
filter frame --- , insert frame begin, frame queue size : 32, nb_frames : 32, pts : 292864, key_frame : 0 
filter frame --- , frame queue size(32) > 0 and nb_frames(32) > 0, check key_frame : 0, pts : 292864 
filter frame --- , not key frame comes, add it to queue, nb_frames : 33, queue size : 33, pts : 292864 
request frame --- , current cached_gop_ok : 0, nb_gop_frames : 0 
request frame --- , nb_gop_frames == 0 
[h264 @ 0x7feb5a042200] nal_unit_type: 1, nal_ref_idc: 2
filter frame --- , insert frame begin, frame queue size : 33, nb_frames : 33, pts : 293376, key_frame : 0 
[h264 @ 0x7feb5a042800] nal_unit_type: 1, nal_ref_idc: 0
filter frame --- , frame queue size(33) > 0 and nb_frames(33) > 0, check key_frame : 0, pts : 293376 
filter frame --- , not key frame comes, add it to queue, nb_frames : 34, queue size : 34, pts : 293376 
request frame --- , current cached_gop_ok : 0, nb_gop_frames : 0 
request frame --- , nb_gop_frames == 0 
filter frame --- , insert frame begin, frame queue size : 34, nb_frames : 34, pts : 293888, key_frame : 0 
filter frame --- , frame queue size(34) > 0 and nb_frames(34) > 0, check key_frame : 0, pts : 293888 
filter frame --- , not key frame comes, add it to queue, nb_frames : 35, queue size : 35, pts : 293888 
request frame --- , current cached_gop_ok : 0, nb_gop_frames : 0 
request frame --- , nb_gop_frames == 0 
[h264 @ 0x7feb5a009c00] nal_unit_type: 1, nal_ref_idc: 0
[h264 @ 0x7feb5a015a00] nal_unit_type: 1, nal_ref_idc: 2
filter frame --- , insert frame begin, frame queue size : 35, nb_frames : 35, pts : 294400, key_frame : 0 
filter frame --- , frame queue size(35) > 0 and nb_frames(35) > 0, check key_frame : 0, pts : 294400 
filter frame --- , not key frame comes, add it to queue, nb_frames : 36, queue size : 36, pts : 294400 
request frame --- , current cached_gop_ok : 0, nb_gop_frames : 0 
request frame --- , nb_gop_frames == 0 
filter frame --- , insert frame begin, frame queue size : 36, nb_frames : 36, pts : 294912, key_frame : 0 
[h264 @ 0x7feb5a02be00] nal_unit_type: 1, nal_ref_idc: 2
filter frame --- , frame queue size(36) > 0 and nb_frames(36) > 0, check key_frame : 0, pts : 294912 
filter frame --- , not key frame comes, add it to queue, nb_frames : 37, queue size : 37, pts : 294912 
request frame --- , current cached_gop_ok : 0, nb_gop_frames : 0 
request frame --- , nb_gop_frames == 0 
filter frame --- , insert frame begin, frame queue size : 37, nb_frames : 37, pts : 295424, key_frame : 0 
[h264 @ 0x7feb5a042200] nal_unit_type: 1, nal_ref_idc: 0
filter frame --- , frame queue size(37) > 0 and nb_frames(37) > 0, check key_frame : 0, pts : 295424 
filter frame --- , not key frame comes, add it to queue, nb_frames : 38, queue size : 38, pts : 295424 
request frame --- , current cached_gop_ok : 0, nb_gop_frames : 0 
request frame --- , nb_gop_frames == 0 
filter frame --- , insert frame begin, frame queue size : 38, nb_frames : 38, pts : 295936, key_frame : 0 
filter frame --- , frame queue size(38) > 0 and nb_frames(38) > 0, check key_frame : 0, pts : 295936 
filter frame --- , not key frame comes, add it to queue, nb_frames : 39, queue size : 39, pts : 295936 
request frame --- , current cached_gop_ok : 0, nb_gop_frames : 0 
request frame --- , nb_gop_frames == 0 
[h264 @ 0x7feb5a042800] nal_unit_type: 1, nal_ref_idc: 0
filter frame --- , insert frame begin, frame queue size : 39, nb_frames : 39, pts : 296448, key_frame : 0 
filter frame --- , frame queue size(39) > 0 and nb_frames(39) > 0, check key_frame : 0, pts : 296448 
filter frame --- , not key frame comes, add it to queue, nb_frames : 40, queue size : 40, pts : 296448 
request frame --- , current cached_gop_ok : 0, nb_gop_frames : 0 
request frame --- , nb_gop_frames == 0 
[h264 @ 0x7feb5a009c00] nal_unit_type: 1, nal_ref_idc: 2
filter frame --- , insert frame begin, frame queue size : 40, nb_frames : 40, pts : 296960, key_frame : 0 
[h264 @ 0x7feb5a015a00] nal_unit_type: 1, nal_ref_idc: 2
filter frame --- , frame queue size(40) > 0 and nb_frames(40) > 0, check key_frame : 0, pts : 296960 
filter frame --- , not key frame comes, add it to queue, nb_frames : 41, queue size : 41, pts : 296960 
request frame --- , current cached_gop_ok : 0, nb_gop_frames : 0 
request frame --- , nb_gop_frames == 0 
filter frame --- , insert frame begin, frame queue size : 41, nb_frames : 41, pts : 297472, key_frame : 0 
[h264 @ 0x7feb5a02be00] nal_unit_type: 1, nal_ref_idc: 0
filter frame --- , frame queue size(41) > 0 and nb_frames(41) > 0, check key_frame : 0, pts : 297472 
filter frame --- , not key frame comes, add it to queue, nb_frames : 42, queue size : 42, pts : 297472 
request frame --- , current cached_gop_ok : 0, nb_gop_frames : 0 
request frame --- , nb_gop_frames == 0 
filter frame --- , insert frame begin, frame queue size : 42, nb_frames : 42, pts : 297984, key_frame : 0 
filter frame --- , frame queue size(42) > 0 and nb_frames(42) > 0, check key_frame : 0, pts : 297984 
filter frame --- , not key frame comes, add it to queue, nb_frames : 43, queue size : 43, pts : 297984 
request frame --- , current cached_gop_ok : 0, nb_gop_frames : 0 
request frame --- , nb_gop_frames == 0 
[h264 @ 0x7feb5a042200] nal_unit_type: 1, nal_ref_idc: 0
[h264 @ 0x7feb5a042800] nal_unit_type: 1, nal_ref_idc: 2
filter frame --- , insert frame begin, frame queue size : 43, nb_frames : 43, pts : 298496, key_frame : 0 
filter frame --- , frame queue size(43) > 0 and nb_frames(43) > 0, check key_frame : 0, pts : 298496 
filter frame --- , not key frame comes, add it to queue, nb_frames : 44, queue size : 44, pts : 298496 
request frame --- , current cached_gop_ok : 0, nb_gop_frames : 0 
request frame --- , nb_gop_frames == 0 
filter frame --- , insert frame begin, frame queue size : 44, nb_frames : 44, pts : 299008, key_frame : 0 
[h264 @ 0x7feb5a009c00] nal_unit_type: 1, nal_ref_idc: 2
filter frame --- , frame queue size(44) > 0 and nb_frames(44) > 0, check key_frame : 0, pts : 299008 
filter frame --- , not key frame comes, add it to queue, nb_frames : 45, queue size : 45, pts : 299008 
request frame --- , current cached_gop_ok : 0, nb_gop_frames : 0 
request frame --- , nb_gop_frames == 0 
filter frame --- , insert frame begin, frame queue size : 45, nb_frames : 45, pts : 299520, key_frame : 0 
[h264 @ 0x7feb5a015a00] nal_unit_type: 1, nal_ref_idc: 0
filter frame --- , frame queue size(45) > 0 and nb_frames(45) > 0, check key_frame : 0, pts : 299520 
filter frame --- , not key frame comes, add it to queue, nb_frames : 46, queue size : 46, pts : 299520 
request frame --- , current cached_gop_ok : 0, nb_gop_frames : 0 
request frame --- , nb_gop_frames == 0 
filter frame --- , insert frame begin, frame queue size : 46, nb_frames : 46, pts : 300032, key_frame : 0 
filter frame --- , frame queue size(46) > 0 and nb_frames(46) > 0, check key_frame : 0, pts : 300032 
filter frame --- , not key frame comes, add it to queue, nb_frames : 47, queue size : 47, pts : 300032 
request frame --- , current cached_gop_ok : 0, nb_gop_frames : 0 
request frame --- , nb_gop_frames == 0 
[h264 @ 0x7feb5a02be00] nal_unit_type: 1, nal_ref_idc: 0
filter frame --- , insert frame begin, frame queue size : 47, nb_frames : 47, pts : 300544, key_frame : 0 
filter frame --- , frame queue size(47) > 0 and nb_frames(47) > 0, check key_frame : 0, pts : 300544 
filter frame --- , not key frame comes, add it to queue, nb_frames : 48, queue size : 48, pts : 300544 
request frame --- , current cached_gop_ok : 0, nb_gop_frames : 0 
request frame --- , nb_gop_frames == 0 
[h264 @ 0x7feb5a042200] nal_unit_type: 1, nal_ref_idc: 2
filter frame --- , insert frame begin, frame queue size : 48, nb_frames : 48, pts : 301056, key_frame : 0 
[h264 @ 0x7feb5a042800] nal_unit_type: 1, nal_ref_idc: 2
filter frame --- , frame queue size(48) > 0 and nb_frames(48) > 0, check key_frame : 0, pts : 301056 
filter frame --- , not key frame comes, add it to queue, nb_frames : 49, queue size : 49, pts : 301056 
request frame --- , current cached_gop_ok : 0, nb_gop_frames : 0 
request frame --- , nb_gop_frames == 0 
filter frame --- , insert frame begin, frame queue size : 49, nb_frames : 49, pts : 301568, key_frame : 0 
[h264 @ 0x7feb5a009c00] nal_unit_type: 1, nal_ref_idc: 0
filter frame --- , frame queue size(49) > 0 and nb_frames(49) > 0, check key_frame : 0, pts : 301568 
filter frame --- , not key frame comes, add it to queue, nb_frames : 50, queue size : 50, pts : 301568 
request frame --- , current cached_gop_ok : 0, nb_gop_frames : 0 
request frame --- , nb_gop_frames == 0 
filter frame --- , insert frame begin, frame queue size : 50, nb_frames : 50, pts : 302080, key_frame : 0 
filter frame --- , frame queue size(50) > 0 and nb_frames(50) > 0, check key_frame : 0, pts : 302080 
filter frame --- , not key frame comes, add it to queue, nb_frames : 51, queue size : 51, pts : 302080 
request frame --- , current cached_gop_ok : 0, nb_gop_frames : 0 
request frame --- , nb_gop_frames == 0 
[h264 @ 0x7feb5a015a00] nal_unit_type: 1, nal_ref_idc: 0
[h264 @ 0x7feb5a02be00] nal_unit_type: 1, nal_ref_idc: 2
filter frame --- , insert frame begin, frame queue size : 51, nb_frames : 51, pts : 302592, key_frame : 0 
filter frame --- , frame queue size(51) > 0 and nb_frames(51) > 0, check key_frame : 0, pts : 302592 
filter frame --- , not key frame comes, add it to queue, nb_frames : 52, queue size : 52, pts : 302592 
request frame --- , current cached_gop_ok : 0, nb_gop_frames : 0 
request frame --- , nb_gop_frames == 0 
filter frame --- , insert frame begin, frame queue size : 52, nb_frames : 52, pts : 303104, key_frame : 0 
[h264 @ 0x7feb5a042200] nal_unit_type: 1, nal_ref_idc: 2
filter frame --- , frame queue size(52) > 0 and nb_frames(52) > 0, check key_frame : 0, pts : 303104 
filter frame --- , not key frame comes, add it to queue, nb_frames : 53, queue size : 53, pts : 303104 
request frame --- , current cached_gop_ok : 0, nb_gop_frames : 0 
request frame --- , nb_gop_frames == 0 
filter frame --- , insert frame begin, frame queue size : 53, nb_frames : 53, pts : 303616, key_frame : 0 
[h264 @ 0x7feb5a042800] nal_unit_type: 1, nal_ref_idc: 0
filter frame --- , frame queue size(53) > 0 and nb_frames(53) > 0, check key_frame : 0, pts : 303616 
filter frame --- , not key frame comes, add it to queue, nb_frames : 54, queue size : 54, pts : 303616 
request frame --- , current cached_gop_ok : 0, nb_gop_frames : 0 
request frame --- , nb_gop_frames == 0 
filter frame --- , insert frame begin, frame queue size : 54, nb_frames : 54, pts : 304128, key_frame : 0 
filter frame --- , frame queue size(54) > 0 and nb_frames(54) > 0, check key_frame : 0, pts : 304128 
filter frame --- , not key frame comes, add it to queue, nb_frames : 55, queue size : 55, pts : 304128 
request frame --- , current cached_gop_ok : 0, nb_gop_frames : 0 
request frame --- , nb_gop_frames == 0 
[h264 @ 0x7feb5a009c00] nal_unit_type: 1, nal_ref_idc: 0
filter frame --- , insert frame begin, frame queue size : 55, nb_frames : 55, pts : 304640, key_frame : 0 
[h264 @ 0x7feb5a015a00] nal_unit_type: 1, nal_ref_idc: 2
filter frame --- , frame queue size(55) > 0 and nb_frames(55) > 0, check key_frame : 0, pts : 304640 
filter frame --- , not key frame comes, add it to queue, nb_frames : 56, queue size : 56, pts : 304640 
request frame --- , current cached_gop_ok : 0, nb_gop_frames : 0 
request frame --- , nb_gop_frames == 0 
filter frame --- , insert frame begin, frame queue size : 56, nb_frames : 56, pts : 305152, key_frame : 0 
filter frame --- , frame queue size(56) > 0 and nb_frames(56) > 0, check key_frame : 0, pts : 305152 
filter frame --- , not key frame comes, add it to queue, nb_frames : 57, queue size : 57, pts : 305152 
request frame --- , current cached_gop_ok : 0, nb_gop_frames : 0 
request frame --- , nb_gop_frames == 0 
[h264 @ 0x7feb5a02be00] nal_unit_type: 1, nal_ref_idc: 2
filter frame --- , insert frame begin, frame queue size : 57, nb_frames : 57, pts : 305664, key_frame : 0 
[h264 @ 0x7feb5a042200] nal_unit_type: 1, nal_ref_idc: 0
filter frame --- , frame queue size(57) > 0 and nb_frames(57) > 0, check key_frame : 0, pts : 305664 
filter frame --- , not key frame comes, add it to queue, nb_frames : 58, queue size : 58, pts : 305664 
request frame --- , current cached_gop_ok : 0, nb_gop_frames : 0 
request frame --- , nb_gop_frames == 0 
filter frame --- , insert frame begin, frame queue size : 58, nb_frames : 58, pts : 306176, key_frame : 0 
[h264 @ 0x7feb5a042800] nal_unit_type: 1, nal_ref_idc: 0
filter frame --- , frame queue size(58) > 0 and nb_frames(58) > 0, check key_frame : 0, pts : 306176 
filter frame --- , not key frame comes, add it to queue, nb_frames : 59, queue size : 59, pts : 306176 
request frame --- , current cached_gop_ok : 0, nb_gop_frames : 0 
request frame --- , nb_gop_frames == 0 
filter frame --- , insert frame begin, frame queue size : 59, nb_frames : 59, pts : 306688, key_frame : 0 
filter frame --- , frame queue size(59) > 0 and nb_frames(59) > 0, check key_frame : 0, pts : 306688 
filter frame --- , not key frame comes, add it to queue, nb_frames : 60, queue size : 60, pts : 306688 
[h264 @ 0x7feb5a009c00] nal_unit_type: 1, nal_ref_idc: 2
request frame --- , current cached_gop_ok : 0, nb_gop_frames : 0 
request frame --- , nb_gop_frames == 0 
filter frame --- , insert frame begin, frame queue size : 60, nb_frames : 60, pts : 307200, key_frame : 0 
[h264 @ 0x7feb5a015a00] nal_unit_type: 1, nal_ref_idc: 2
filter frame --- , frame queue size(60) > 0 and nb_frames(60) > 0, check key_frame : 0, pts : 307200 
filter frame --- , not key frame comes, add it to queue, nb_frames : 61, queue size : 61, pts : 307200 
request frame --- , current cached_gop_ok : 0, nb_gop_frames : 0 
request frame --- , nb_gop_frames == 0 
filter frame --- , insert frame begin, frame queue size : 61, nb_frames : 61, pts : 307712, key_frame : 0 
[h264 @ 0x7feb5a02be00] nal_unit_type: 1, nal_ref_idc: 0
filter frame --- , frame queue size(61) > 0 and nb_frames(61) > 0, check key_frame : 0, pts : 307712 
filter frame --- , not key frame comes, add it to queue, nb_frames : 62, queue size : 62, pts : 307712 
request frame --- , current cached_gop_ok : 0, nb_gop_frames : 0 
request frame --- , nb_gop_frames == 0 
filter frame --- , insert frame begin, frame queue size : 62, nb_frames : 62, pts : 308224, key_frame : 0 
filter frame --- , frame queue size(62) > 0 and nb_frames(62) > 0, check key_frame : 0, pts : 308224 
filter frame --- , not key frame comes, add it to queue, nb_frames : 63, queue size : 63, pts : 308224 
request frame --- , current cached_gop_ok : 0, nb_gop_frames : 0 
request frame --- , nb_gop_frames == 0 
[h264 @ 0x7feb5a042200] nal_unit_type: 1, nal_ref_idc: 0
[h264 @ 0x7feb5a042800] nal_unit_type: 1, nal_ref_idc: 2
filter frame --- , insert frame begin, frame queue size : 63, nb_frames : 63, pts : 308736, key_frame : 0 
filter frame --- , frame queue size(63) > 0 and nb_frames(63) > 0, check key_frame : 0, pts : 308736 
filter frame --- , not key frame comes, add it to queue, nb_frames : 64, queue size : 64, pts : 308736 
request frame --- , current cached_gop_ok : 0, nb_gop_frames : 0 
request frame --- , nb_gop_frames == 0 
[h264 @ 0x7feb5a009c00] nal_unit_type: 1, nal_ref_idc: 2
filter frame --- , insert frame begin, frame queue size : 64, nb_frames : 64, pts : 309248, key_frame : 0 
filter frame --- , frame queue size(64) > 0 and nb_frames(64) > 0, check key_frame : 0, pts : 309248 
filter frame --- , not key frame comes, add it to queue, nb_frames : 65, queue size : 65, pts : 309248 
request frame --- , current cached_gop_ok : 0, nb_gop_frames : 0 
request frame --- , nb_gop_frames == 0 
filter frame --- , insert frame begin, frame queue size : 65, nb_frames : 65, pts : 309760, key_frame : 0 
[h264 @ 0x7feb5a015a00] nal_unit_type: 1, nal_ref_idc: 0
filter frame --- , frame queue size(65) > 0 and nb_frames(65) > 0, check key_frame : 0, pts : 309760 
filter frame --- , not key frame comes, add it to queue, nb_frames : 66, queue size : 66, pts : 309760 
request frame --- , current cached_gop_ok : 0, nb_gop_frames : 0 
request frame --- , nb_gop_frames == 0 
filter frame --- , insert frame begin, frame queue size : 66, nb_frames : 66, pts : 310272, key_frame : 0 
filter frame --- , frame queue size(66) > 0 and nb_frames(66) > 0, check key_frame : 0, pts : 310272 
filter frame --- , not key frame comes, add it to queue, nb_frames : 67, queue size : 67, pts : 310272 
request frame --- , current cached_gop_ok : 0, nb_gop_frames : 0 
request frame --- , nb_gop_frames == 0 
[h264 @ 0x7feb5a02be00] nal_unit_type: 1, nal_ref_idc: 0
[h264 @ 0x7feb5a042200] nal_unit_type: 1, nal_ref_idc: 2
filter frame --- , insert frame begin, frame queue size : 67, nb_frames : 67, pts : 310784, key_frame : 0 
filter frame --- , frame queue size(67) > 0 and nb_frames(67) > 0, check key_frame : 0, pts : 310784 
filter frame --- , not key frame comes, add it to queue, nb_frames : 68, queue size : 68, pts : 310784 
request frame --- , current cached_gop_ok : 0, nb_gop_frames : 0 
request frame --- , nb_gop_frames == 0 
filter frame --- , insert frame begin, frame queue size : 68, nb_frames : 68, pts : 311296, key_frame : 0 
[h264 @ 0x7feb5a042800] nal_unit_type: 1, nal_ref_idc: 2
filter frame --- , frame queue size(68) > 0 and nb_frames(68) > 0, check key_frame : 0, pts : 311296 
filter frame --- , not key frame comes, add it to queue, nb_frames : 69, queue size : 69, pts : 311296 
request frame --- , current cached_gop_ok : 0, nb_gop_frames : 0 
request frame --- , nb_gop_frames == 0 
filter frame --- , insert frame begin, frame queue size : 69, nb_frames : 69, pts : 311808, key_frame : 0 
[h264 @ 0x7feb5a009c00] nal_unit_type: 1, nal_ref_idc: 0
filter frame --- , frame queue size(69) > 0 and nb_frames(69) > 0, check key_frame : 0, pts : 311808 
filter frame --- , not key frame comes, add it to queue, nb_frames : 70, queue size : 70, pts : 311808 
request frame --- , current cached_gop_ok : 0, nb_gop_frames : 0 
request frame --- , nb_gop_frames == 0 
filter frame --- , insert frame begin, frame queue size : 70, nb_frames : 70, pts : 312320, key_frame : 0 
filter frame --- , frame queue size(70) > 0 and nb_frames(70) > 0, check key_frame : 0, pts : 312320 
filter frame --- , not key frame comes, add it to queue, nb_frames : 71, queue size : 71, pts : 312320 
request frame --- , current cached_gop_ok : 0, nb_gop_frames : 0 
request frame --- , nb_gop_frames == 0 
[h264 @ 0x7feb5a015a00] nal_unit_type: 1, nal_ref_idc: 0
filter frame --- , insert frame begin, frame queue size : 71, nb_frames : 71, pts : 312832, key_frame : 0 
filter frame --- , frame queue size(71) > 0 and nb_frames(71) > 0, check key_frame : 0, pts : 312832 
filter frame --- , not key frame comes, add it to queue, nb_frames : 72, queue size : 72, pts : 312832 
request frame --- , current cached_gop_ok : 0, nb_gop_frames : 0 
request frame --- , nb_gop_frames == 0 
[h264 @ 0x7feb5a02be00] nal_unit_type: 1, nal_ref_idc: 2
filter frame --- , insert frame begin, frame queue size : 72, nb_frames : 72, pts : 313344, key_frame : 0 
[h264 @ 0x7feb5a042200] nal_unit_type: 1, nal_ref_idc: 2
filter frame --- , frame queue size(72) > 0 and nb_frames(72) > 0, check key_frame : 0, pts : 313344 
filter frame --- , not key frame comes, add it to queue, nb_frames : 73, queue size : 73, pts : 313344 
request frame --- , current cached_gop_ok : 0, nb_gop_frames : 0 
request frame --- , nb_gop_frames == 0 
filter frame --- , insert frame begin, frame queue size : 73, nb_frames : 73, pts : 313856, key_frame : 0 
[h264 @ 0x7feb5a042800] nal_unit_type: 1, nal_ref_idc: 0
filter frame --- , frame queue size(73) > 0 and nb_frames(73) > 0, check key_frame : 0, pts : 313856 
filter frame --- , not key frame comes, add it to queue, nb_frames : 74, queue size : 74, pts : 313856 
request frame --- , current cached_gop_ok : 0, nb_gop_frames : 0 
request frame --- , nb_gop_frames == 0 
filter frame --- , insert frame begin, frame queue size : 74, nb_frames : 74, pts : 314368, key_frame : 0 
filter frame --- , frame queue size(74) > 0 and nb_frames(74) > 0, check key_frame : 0, pts : 314368 
filter frame --- , not key frame comes, add it to queue, nb_frames : 75, queue size : 75, pts : 314368 
request frame --- , current cached_gop_ok : 0, nb_gop_frames : 0 
[h264 @ 0x7feb5a009c00] nal_unit_type: 1, nal_ref_idc: 0
request frame --- , nb_gop_frames == 0 
[h264 @ 0x7feb5a015a00] nal_unit_type: 1, nal_ref_idc: 2
filter frame --- , insert frame begin, frame queue size : 75, nb_frames : 75, pts : 314880, key_frame : 0 
filter frame --- , frame queue size(75) > 0 and nb_frames(75) > 0, check key_frame : 0, pts : 314880 
filter frame --- , not key frame comes, add it to queue, nb_frames : 76, queue size : 76, pts : 314880 
request frame --- , current cached_gop_ok : 0, nb_gop_frames : 0 
request frame --- , nb_gop_frames == 0 
filter frame --- , insert frame begin, frame queue size : 76, nb_frames : 76, pts : 315392, key_frame : 0 
[h264 @ 0x7feb5a02be00] nal_unit_type: 1, nal_ref_idc: 2
filter frame --- , frame queue size(76) > 0 and nb_frames(76) > 0, check key_frame : 0, pts : 315392 
filter frame --- , not key frame comes, add it to queue, nb_frames : 77, queue size : 77, pts : 315392 
request frame --- , current cached_gop_ok : 0, nb_gop_frames : 0 
request frame --- , nb_gop_frames == 0 
filter frame --- , insert frame begin, frame queue size : 77, nb_frames : 77, pts : 315904, key_frame : 0 
[h264 @ 0x7feb5a042200] nal_unit_type: 1, nal_ref_idc: 0
filter frame --- , frame queue size(77) > 0 and nb_frames(77) > 0, check key_frame : 0, pts : 315904 
filter frame --- , not key frame comes, add it to queue, nb_frames : 78, queue size : 78, pts : 315904 
request frame --- , current cached_gop_ok : 0, nb_gop_frames : 0 
request frame --- , nb_gop_frames == 0 
filter frame --- , insert frame begin, frame queue size : 78, nb_frames : 78, pts : 316416, key_frame : 0 
[h264 @ 0x7feb5a042800] nal_unit_type: 1, nal_ref_idc: 0
filter frame --- , frame queue size(78) > 0 and nb_frames(78) > 0, check key_frame : 0, pts : 316416 
filter frame --- , not key frame comes, add it to queue, nb_frames : 79, queue size : 79, pts : 316416 
request frame --- , current cached_gop_ok : 0, nb_gop_frames : 0 
request frame --- , nb_gop_frames == 0 
filter frame --- , insert frame begin, frame queue size : 79, nb_frames : 79, pts : 316928, key_frame : 0 
filter frame --- , frame queue size(79) > 0 and nb_frames(79) > 0, check key_frame : 0, pts : 316928 
filter frame --- , not key frame comes, add it to queue, nb_frames : 80, queue size : 80, pts : 316928 
request frame --- , current cached_gop_ok : 0, nb_gop_frames : 0 
[h264 @ 0x7feb5a009c00] nal_unit_type: 1, nal_ref_idc: 2
request frame --- , nb_gop_frames == 0 
filter frame --- , insert frame begin, frame queue size : 80, nb_frames : 80, pts : 317440, key_frame : 0 
filter frame --- , frame queue size(80) > 0 and nb_frames(80) > 0, check key_frame : 0, pts : 317440 
filter frame --- , not key frame comes, add it to queue, nb_frames : 81, queue size : 81, pts : 317440 
request frame --- , current cached_gop_ok : 0, nb_gop_frames : 0 
request frame --- , nb_gop_frames == 0 
[h264 @ 0x7feb5a015a00] nal_unit_type: 1, nal_ref_idc: 2
filter frame --- , insert frame begin, frame queue size : 81, nb_frames : 81, pts : 317952, key_frame : 0 
filter frame --- , frame queue size(81) > 0 and nb_frames(81) > 0, check key_frame : 0, pts : 317952 
filter frame --- , not key frame comes, add it to queue, nb_frames : 82, queue size : 82, pts : 317952 
request frame --- , current cached_gop_ok : 0, nb_gop_frames : 0 
[h264 @ 0x7feb5a02be00] nal_unit_type: 1, nal_ref_idc: 0
request frame --- , nb_gop_frames == 0 
filter frame --- , insert frame begin, frame queue size : 82, nb_frames : 82, pts : 318464, key_frame : 0 
filter frame --- , frame queue size(82) > 0 and nb_frames(82) > 0, check key_frame : 0, pts : 318464 
filter frame --- , not key frame comes, add it to queue, nb_frames : 83, queue size : 83, pts : 318464 
request frame --- , current cached_gop_ok : 0, nb_gop_frames : 0 
request frame --- , nb_gop_frames == 0 
[h264 @ 0x7feb5a042200] nal_unit_type: 1, nal_ref_idc: 0
[h264 @ 0x7feb5a042800] nal_unit_type: 1, nal_ref_idc: 2
filter frame --- , insert frame begin, frame queue size : 83, nb_frames : 83, pts : 318976, key_frame : 0 
filter frame --- , frame queue size(83) > 0 and nb_frames(83) > 0, check key_frame : 0, pts : 318976 
filter frame --- , not key frame comes, add it to queue, nb_frames : 84, queue size : 84, pts : 318976 
request frame --- , current cached_gop_ok : 0, nb_gop_frames : 0 
request frame --- , nb_gop_frames == 0 
filter frame --- , insert frame begin, frame queue size : 84, nb_frames : 84, pts : 319488, key_frame : 0 
[h264 @ 0x7feb5a009c00] nal_unit_type: 5, nal_ref_idc: 3
filter frame --- , frame queue size(84) > 0 and nb_frames(84) > 0, check key_frame : 0, pts : 319488 
filter frame --- , not key frame comes, add it to queue, nb_frames : 85, queue size : 85, pts : 319488 
request frame --- , current cached_gop_ok : 0, nb_gop_frames : 0 
request frame --- , nb_gop_frames == 0 
filter frame --- , insert frame begin, frame queue size : 85, nb_frames : 85, pts : 320000, key_frame : 0 
[h264 @ 0x7feb5a015a00] nal_unit_type: 1, nal_ref_idc: 2
filter frame --- , frame queue size(85) > 0 and nb_frames(85) > 0, check key_frame : 0, pts : 320000 
filter frame --- , not key frame comes, add it to queue, nb_frames : 86, queue size : 86, pts : 320000 
request frame --- , current cached_gop_ok : 0, nb_gop_frames : 0 
request frame --- , nb_gop_frames == 0 
filter frame --- , insert frame begin, frame queue size : 86, nb_frames : 86, pts : 320512, key_frame : 0 
[h264 @ 0x7feb5a02be00] nal_unit_type: 1, nal_ref_idc: 2
filter frame --- , frame queue size(86) > 0 and nb_frames(86) > 0, check key_frame : 0, pts : 320512 
filter frame --- , not key frame comes, add it to queue, nb_frames : 87, queue size : 87, pts : 320512 
request frame --- , current cached_gop_ok : 0, nb_gop_frames : 0 
request frame --- , nb_gop_frames == 0 
filter frame --- , insert frame begin, frame queue size : 87, nb_frames : 87, pts : 321024, key_frame : 0 
filter frame --- , frame queue size(87) > 0 and nb_frames(87) > 0, check key_frame : 0, pts : 321024 
filter frame --- , not key frame comes, add it to queue, nb_frames : 88, queue size : 88, pts : 321024 
request frame --- , current cached_gop_ok : 0, nb_gop_frames : 0 
request frame --- , nb_gop_frames == 0 
[h264 @ 0x7feb5a042200] nal_unit_type: 1, nal_ref_idc: 0
[h264 @ 0x7feb5a042800] nal_unit_type: 1, nal_ref_idc: 0
filter frame --- , insert frame begin, frame queue size : 88, nb_frames : 88, pts : 321536, key_frame : 0 
filter frame --- , frame queue size(88) > 0 and nb_frames(88) > 0, check key_frame : 0, pts : 321536 
filter frame --- , not key frame comes, add it to queue, nb_frames : 89, queue size : 89, pts : 321536 
request frame --- , current cached_gop_ok : 0, nb_gop_frames : 0 
request frame --- , nb_gop_frames == 0 
filter frame --- , insert frame begin, frame queue size : 89, nb_frames : 89, pts : 322048, key_frame : 0 
filter frame --- , frame queue size(89) > 0 and nb_frames(89) > 0, check key_frame : 0, pts : 322048 
filter frame --- , not key frame comes, add it to queue, nb_frames : 90, queue size : 90, pts : 322048 
request frame --- , current cached_gop_ok : 0, nb_gop_frames : 0 
request frame --- , nb_gop_frames == 0 
[h264 @ 0x7feb5a009c00] nal_unit_type: 1, nal_ref_idc: 2
filter frame --- , insert frame begin, frame queue size : 90, nb_frames : 90, pts : 322560, key_frame : 1 
[h264 @ 0x7feb5a015a00] nal_unit_type: 1, nal_ref_idc: 2
filter frame --- , frame queue size(90) > 0 and nb_frames(90) > 0, check key_frame : 1, pts : 322560 
filter frame --- , key frame(next gop) comes, check nb_gop_frames : 0 
filter frame --- , key frame(next gop) comes, take frame from queue to gop_frames, nb_frames : 89, nb_gop_frames : 1, queue size : 89, pts : 276480 
filter frame --- , not key frame(next gop) comes, take frame from queue to gop_frames, nb_frames : 88, nb_gop_frames : 2, queue size : 88, pts : 276992 
filter frame --- , not key frame(next gop) comes, take frame from queue to gop_frames, nb_frames : 87, nb_gop_frames : 3, queue size : 87, pts : 277504 
filter frame --- , not key frame(next gop) comes, take frame from queue to gop_frames, nb_frames : 86, nb_gop_frames : 4, queue size : 86, pts : 278016 
filter frame --- , not key frame(next gop) comes, take frame from queue to gop_frames, nb_frames : 85, nb_gop_frames : 5, queue size : 85, pts : 278528 
filter frame --- , not key frame(next gop) comes, take frame from queue to gop_frames, nb_frames : 84, nb_gop_frames : 6, queue size : 84, pts : 279040 
filter frame --- , not key frame(next gop) comes, take frame from queue to gop_frames, nb_frames : 83, nb_gop_frames : 7, queue size : 83, pts : 279552 
filter frame --- , not key frame(next gop) comes, take frame from queue to gop_frames, nb_frames : 82, nb_gop_frames : 8, queue size : 82, pts : 280064 
filter frame --- , not key frame(next gop) comes, take frame from queue to gop_frames, nb_frames : 81, nb_gop_frames : 9, queue size : 81, pts : 280576 
filter frame --- , not key frame(next gop) comes, take frame from queue to gop_frames, nb_frames : 80, nb_gop_frames : 10, queue size : 80, pts : 281088 
filter frame --- , not key frame(next gop) comes, take frame from queue to gop_frames, nb_frames : 79, nb_gop_frames : 11, queue size : 79, pts : 281600 
filter frame --- , not key frame(next gop) comes, take frame from queue to gop_frames, nb_frames : 78, nb_gop_frames : 12, queue size : 78, pts : 282112 
filter frame --- , not key frame(next gop) comes, take frame from queue to gop_frames, nb_frames : 77, nb_gop_frames : 13, queue size : 77, pts : 282624 
filter frame --- , not key frame(next gop) comes, take frame from queue to gop_frames, nb_frames : 76, nb_gop_frames : 14, queue size : 76, pts : 283136 
filter frame --- , not key frame(next gop) comes, take frame from queue to gop_frames, nb_frames : 75, nb_gop_frames : 15, queue size : 75, pts : 283648 
filter frame --- , not key frame(next gop) comes, take frame from queue to gop_frames, nb_frames : 74, nb_gop_frames : 16, queue size : 74, pts : 284160 
filter frame --- , not key frame(next gop) comes, take frame from queue to gop_frames, nb_frames : 73, nb_gop_frames : 17, queue size : 73, pts : 284672 
filter frame --- , not key frame(next gop) comes, take frame from queue to gop_frames, nb_frames : 72, nb_gop_frames : 18, queue size : 72, pts : 285184 
filter frame --- , not key frame(next gop) comes, take frame from queue to gop_frames, nb_frames : 71, nb_gop_frames : 19, queue size : 71, pts : 285696 
filter frame --- , not key frame(next gop) comes, take frame from queue to gop_frames, nb_frames : 70, nb_gop_frames : 20, queue size : 70, pts : 286208 
filter frame --- , not key frame(next gop) comes, take frame from queue to gop_frames, nb_frames : 69, nb_gop_frames : 21, queue size : 69, pts : 286720 
filter frame --- , not key frame(next gop) comes, take frame from queue to gop_frames, nb_frames : 68, nb_gop_frames : 22, queue size : 68, pts : 287232 
filter frame --- , not key frame(next gop) comes, take frame from queue to gop_frames, nb_frames : 67, nb_gop_frames : 23, queue size : 67, pts : 287744 
filter frame --- , not key frame(next gop) comes, take frame from queue to gop_frames, nb_frames : 66, nb_gop_frames : 24, queue size : 66, pts : 288256 
filter frame --- , not key frame(next gop) comes, take frame from queue to gop_frames, nb_frames : 65, nb_gop_frames : 25, queue size : 65, pts : 288768 
filter frame --- , not key frame(next gop) comes, take frame from queue to gop_frames, nb_frames : 64, nb_gop_frames : 26, queue size : 64, pts : 289280 
filter frame --- , not key frame(next gop) comes, take frame from queue to gop_frames, nb_frames : 63, nb_gop_frames : 27, queue size : 63, pts : 289792 
filter frame --- , not key frame(next gop) comes, take frame from queue to gop_frames, nb_frames : 62, nb_gop_frames : 28, queue size : 62, pts : 290304 
filter frame --- , not key frame(next gop) comes, take frame from queue to gop_frames, nb_frames : 61, nb_gop_frames : 29, queue size : 61, pts : 290816 
filter frame --- , not key frame(next gop) comes, take frame from queue to gop_frames, nb_frames : 60, nb_gop_frames : 30, queue size : 60, pts : 291328 
filter frame --- , not key frame(next gop) comes, take frame from queue to gop_frames, nb_frames : 59, nb_gop_frames : 31, queue size : 59, pts : 291840 
filter frame --- , not key frame(next gop) comes, take frame from queue to gop_frames, nb_frames : 58, nb_gop_frames : 32, queue size : 58, pts : 292352 
filter frame --- , not key frame(next gop) comes, take frame from queue to gop_frames, nb_frames : 57, nb_gop_frames : 33, queue size : 57, pts : 292864 
filter frame --- , not key frame(next gop) comes, take frame from queue to gop_frames, nb_frames : 56, nb_gop_frames : 34, queue size : 56, pts : 293376 
filter frame --- , not key frame(next gop) comes, take frame from queue to gop_frames, nb_frames : 55, nb_gop_frames : 35, queue size : 55, pts : 293888 
filter frame --- , not key frame(next gop) comes, take frame from queue to gop_frames, nb_frames : 54, nb_gop_frames : 36, queue size : 54, pts : 294400 
filter frame --- , not key frame(next gop) comes, take frame from queue to gop_frames, nb_frames : 53, nb_gop_frames : 37, queue size : 53, pts : 294912 
filter frame --- , not key frame(next gop) comes, take frame from queue to gop_frames, nb_frames : 52, nb_gop_frames : 38, queue size : 52, pts : 295424 
filter frame --- , not key frame(next gop) comes, take frame from queue to gop_frames, nb_frames : 51, nb_gop_frames : 39, queue size : 51, pts : 295936 
filter frame --- , not key frame(next gop) comes, take frame from queue to gop_frames, nb_frames : 50, nb_gop_frames : 40, queue size : 50, pts : 296448 
filter frame --- , not key frame(next gop) comes, take frame from queue to gop_frames, nb_frames : 49, nb_gop_frames : 41, queue size : 49, pts : 296960 
filter frame --- , not key frame(next gop) comes, take frame from queue to gop_frames, nb_frames : 48, nb_gop_frames : 42, queue size : 48, pts : 297472 
filter frame --- , not key frame(next gop) comes, take frame from queue to gop_frames, nb_frames : 47, nb_gop_frames : 43, queue size : 47, pts : 297984 
filter frame --- , not key frame(next gop) comes, take frame from queue to gop_frames, nb_frames : 46, nb_gop_frames : 44, queue size : 46, pts : 298496 
filter frame --- , not key frame(next gop) comes, take frame from queue to gop_frames, nb_frames : 45, nb_gop_frames : 45, queue size : 45, pts : 299008 
filter frame --- , not key frame(next gop) comes, take frame from queue to gop_frames, nb_frames : 44, nb_gop_frames : 46, queue size : 44, pts : 299520 
filter frame --- , not key frame(next gop) comes, take frame from queue to gop_frames, nb_frames : 43, nb_gop_frames : 47, queue size : 43, pts : 300032 
filter frame --- , not key frame(next gop) comes, take frame from queue to gop_frames, nb_frames : 42, nb_gop_frames : 48, queue size : 42, pts : 300544 
filter frame --- , not key frame(next gop) comes, take frame from queue to gop_frames, nb_frames : 41, nb_gop_frames : 49, queue size : 41, pts : 301056 
filter frame --- , not key frame(next gop) comes, take frame from queue to gop_frames, nb_frames : 40, nb_gop_frames : 50, queue size : 40, pts : 301568 
filter frame --- , not key frame(next gop) comes, take frame from queue to gop_frames, nb_frames : 39, nb_gop_frames : 51, queue size : 39, pts : 302080 
filter frame --- , not key frame(next gop) comes, take frame from queue to gop_frames, nb_frames : 38, nb_gop_frames : 52, queue size : 38, pts : 302592 
filter frame --- , not key frame(next gop) comes, take frame from queue to gop_frames, nb_frames : 37, nb_gop_frames : 53, queue size : 37, pts : 303104 
filter frame --- , not key frame(next gop) comes, take frame from queue to gop_frames, nb_frames : 36, nb_gop_frames : 54, queue size : 36, pts : 303616 
filter frame --- , not key frame(next gop) comes, take frame from queue to gop_frames, nb_frames : 35, nb_gop_frames : 55, queue size : 35, pts : 304128 
filter frame --- , not key frame(next gop) comes, take frame from queue to gop_frames, nb_frames : 34, nb_gop_frames : 56, queue size : 34, pts : 304640 
filter frame --- , not key frame(next gop) comes, take frame from queue to gop_frames, nb_frames : 33, nb_gop_frames : 57, queue size : 33, pts : 305152 
filter frame --- , not key frame(next gop) comes, take frame from queue to gop_frames, nb_frames : 32, nb_gop_frames : 58, queue size : 32, pts : 305664 
filter frame --- , not key frame(next gop) comes, take frame from queue to gop_frames, nb_frames : 31, nb_gop_frames : 59, queue size : 31, pts : 306176 
filter frame --- , not key frame(next gop) comes, take frame from queue to gop_frames, nb_frames : 30, nb_gop_frames : 60, queue size : 30, pts : 306688 
filter frame --- , not key frame(next gop) comes, take frame from queue to gop_frames, nb_frames : 29, nb_gop_frames : 61, queue size : 29, pts : 307200 
filter frame --- , not key frame(next gop) comes, take frame from queue to gop_frames, nb_frames : 28, nb_gop_frames : 62, queue size : 28, pts : 307712 
filter frame --- , not key frame(next gop) comes, take frame from queue to gop_frames, nb_frames : 27, nb_gop_frames : 63, queue size : 27, pts : 308224 
filter frame --- , not key frame(next gop) comes, take frame from queue to gop_frames, nb_frames : 26, nb_gop_frames : 64, queue size : 26, pts : 308736 
filter frame --- , not key frame(next gop) comes, take frame from queue to gop_frames, nb_frames : 25, nb_gop_frames : 65, queue size : 25, pts : 309248 
filter frame --- , not key frame(next gop) comes, take frame from queue to gop_frames, nb_frames : 24, nb_gop_frames : 66, queue size : 24, pts : 309760 
filter frame --- , not key frame(next gop) comes, take frame from queue to gop_frames, nb_frames : 23, nb_gop_frames : 67, queue size : 23, pts : 310272 
filter frame --- , not key frame(next gop) comes, take frame from queue to gop_frames, nb_frames : 22, nb_gop_frames : 68, queue size : 22, pts : 310784 
filter frame --- , not key frame(next gop) comes, take frame from queue to gop_frames, nb_frames : 21, nb_gop_frames : 69, queue size : 21, pts : 311296 
filter frame --- , not key frame(next gop) comes, take frame from queue to gop_frames, nb_frames : 20, nb_gop_frames : 70, queue size : 20, pts : 311808 
filter frame --- , not key frame(next gop) comes, take frame from queue to gop_frames, nb_frames : 19, nb_gop_frames : 71, queue size : 19, pts : 312320 
filter frame --- , not key frame(next gop) comes, take frame from queue to gop_frames, nb_frames : 18, nb_gop_frames : 72, queue size : 18, pts : 312832 
filter frame --- , not key frame(next gop) comes, take frame from queue to gop_frames, nb_frames : 17, nb_gop_frames : 73, queue size : 17, pts : 313344 
filter frame --- , not key frame(next gop) comes, take frame from queue to gop_frames, nb_frames : 16, nb_gop_frames : 74, queue size : 16, pts : 313856 
filter frame --- , not key frame(next gop) comes, take frame from queue to gop_frames, nb_frames : 15, nb_gop_frames : 75, queue size : 15, pts : 314368 
filter frame --- , not key frame(next gop) comes, take frame from queue to gop_frames, nb_frames : 14, nb_gop_frames : 76, queue size : 14, pts : 314880 
filter frame --- , not key frame(next gop) comes, take frame from queue to gop_frames, nb_frames : 13, nb_gop_frames : 77, queue size : 13, pts : 315392 
filter frame --- , not key frame(next gop) comes, take frame from queue to gop_frames, nb_frames : 12, nb_gop_frames : 78, queue size : 12, pts : 315904 
filter frame --- , not key frame(next gop) comes, take frame from queue to gop_frames, nb_frames : 11, nb_gop_frames : 79, queue size : 11, pts : 316416 
filter frame --- , not key frame(next gop) comes, take frame from queue to gop_frames, nb_frames : 10, nb_gop_frames : 80, queue size : 10, pts : 316928 
filter frame --- , not key frame(next gop) comes, take frame from queue to gop_frames, nb_frames : 9, nb_gop_frames : 81, queue size : 9, pts : 317440 
filter frame --- , not key frame(next gop) comes, take frame from queue to gop_frames, nb_frames : 8, nb_gop_frames : 82, queue size : 8, pts : 317952 
filter frame --- , not key frame(next gop) comes, take frame from queue to gop_frames, nb_frames : 7, nb_gop_frames : 83, queue size : 7, pts : 318464 
filter frame --- , not key frame(next gop) comes, take frame from queue to gop_frames, nb_frames : 6, nb_gop_frames : 84, queue size : 6, pts : 318976 
filter frame --- , not key frame(next gop) comes, take frame from queue to gop_frames, nb_frames : 5, nb_gop_frames : 85, queue size : 5, pts : 319488 
filter frame --- , not key frame(next gop) comes, take frame from queue to gop_frames, nb_frames : 4, nb_gop_frames : 86, queue size : 4, pts : 320000 
filter frame --- , not key frame(next gop) comes, take frame from queue to gop_frames, nb_frames : 3, nb_gop_frames : 87, queue size : 3, pts : 320512 
filter frame --- , not key frame(next gop) comes, take frame from queue to gop_frames, nb_frames : 2, nb_gop_frames : 88, queue size : 2, pts : 321024 
filter frame --- , not key frame(next gop) comes, take frame from queue to gop_frames, nb_frames : 1, nb_gop_frames : 89, queue size : 1, pts : 321536 
filter frame --- , not key frame(next gop) comes, take frame from queue to gop_frames, nb_frames : 0, nb_gop_frames : 90, queue size : 0, pts : 322048 
filter frame --- , cached_gop_ok == 1 
request frame --- , current cached_gop_ok : 1, nb_gop_frames : 90 
*** 88 dup!
[h264_videotoolbox @ 0x7feb5b004400] request frame --- , current cached_gop_ok : 1, nb_gop_frames : 89 
[h264_videotoolbox @ 0x7feb5b004400] frame=  631 fps=398 q=-0.0 size=     961kB time=00:00:26.37 bitrate= 298.5kbits/s dup=611 drop=522 speed=16.6x    request frame --- , current cached_gop_ok : 1, nb_gop_frames : 88 
request frame --- , current cached_gop_ok : 1, nb_gop_frames : 87 
*** dropping frame 631 from stream 0 at ts 627
request frame --- , current cached_gop_ok : 1, nb_gop_frames : 86 
*** dropping frame 631 from stream 0 at ts 626
request frame --- , current cached_gop_ok : 1, nb_gop_frames : 85 
*** dropping frame 631 from stream 0 at ts 625
request frame --- , current cached_gop_ok : 1, nb_gop_frames : 84 
*** dropping frame 631 from stream 0 at ts 624
request frame --- , current cached_gop_ok : 1, nb_gop_frames : 83 
*** dropping frame 631 from stream 0 at ts 623
request frame --- , current cached_gop_ok : 1, nb_gop_frames : 82 
*** dropping frame 631 from stream 0 at ts 622
request frame --- , current cached_gop_ok : 1, nb_gop_frames : 81 
*** dropping frame 631 from stream 0 at ts 621
request frame --- , current cached_gop_ok : 1, nb_gop_frames : 80 
*** dropping frame 631 from stream 0 at ts 620
request frame --- , current cached_gop_ok : 1, nb_gop_frames : 79 
*** dropping frame 631 from stream 0 at ts 619
request frame --- , current cached_gop_ok : 1, nb_gop_frames : 78 
*** dropping frame 631 from stream 0 at ts 618
request frame --- , current cached_gop_ok : 1, nb_gop_frames : 77 
*** dropping frame 631 from stream 0 at ts 617
request frame --- , current cached_gop_ok : 1, nb_gop_frames : 76 
*** dropping frame 631 from stream 0 at ts 616
request frame --- , current cached_gop_ok : 1, nb_gop_frames : 75 
*** dropping frame 631 from stream 0 at ts 615
request frame --- , current cached_gop_ok : 1, nb_gop_frames : 74 
*** dropping frame 631 from stream 0 at ts 614
request frame --- , current cached_gop_ok : 1, nb_gop_frames : 73 
*** dropping frame 631 from stream 0 at ts 613
request frame --- , current cached_gop_ok : 1, nb_gop_frames : 72 
*** dropping frame 631 from stream 0 at ts 612
request frame --- , current cached_gop_ok : 1, nb_gop_frames : 71 
*** dropping frame 631 from stream 0 at ts 611
request frame --- , current cached_gop_ok : 1, nb_gop_frames : 70 
*** dropping frame 631 from stream 0 at ts 610
request frame --- , current cached_gop_ok : 1, nb_gop_frames : 69 
*** dropping frame 631 from stream 0 at ts 609
request frame --- , current cached_gop_ok : 1, nb_gop_frames : 68 
*** dropping frame 631 from stream 0 at ts 608
request frame --- , current cached_gop_ok : 1, nb_gop_frames : 67 
*** dropping frame 631 from stream 0 at ts 607
request frame --- , current cached_gop_ok : 1, nb_gop_frames : 66 
*** dropping frame 631 from stream 0 at ts 606
request frame --- , current cached_gop_ok : 1, nb_gop_frames : 65 
*** dropping frame 631 from stream 0 at ts 605
request frame --- , current cached_gop_ok : 1, nb_gop_frames : 64 
*** dropping frame 631 from stream 0 at ts 604
request frame --- , current cached_gop_ok : 1, nb_gop_frames : 63 
*** dropping frame 631 from stream 0 at ts 603
request frame --- , current cached_gop_ok : 1, nb_gop_frames : 62 
*** dropping frame 631 from stream 0 at ts 602
request frame --- , current cached_gop_ok : 1, nb_gop_frames : 61 
*** dropping frame 631 from stream 0 at ts 601
request frame --- , current cached_gop_ok : 1, nb_gop_frames : 60 
*** dropping frame 631 from stream 0 at ts 600
request frame --- , current cached_gop_ok : 1, nb_gop_frames : 59 
*** dropping frame 631 from stream 0 at ts 599
request frame --- , current cached_gop_ok : 1, nb_gop_frames : 58 
*** dropping frame 631 from stream 0 at ts 598
request frame --- , current cached_gop_ok : 1, nb_gop_frames : 57 
*** dropping frame 631 from stream 0 at ts 597
request frame --- , current cached_gop_ok : 1, nb_gop_frames : 56 
*** dropping frame 631 from stream 0 at ts 596
request frame --- , current cached_gop_ok : 1, nb_gop_frames : 55 
*** dropping frame 631 from stream 0 at ts 595
request frame --- , current cached_gop_ok : 1, nb_gop_frames : 54 
*** dropping frame 631 from stream 0 at ts 594
request frame --- , current cached_gop_ok : 1, nb_gop_frames : 53 
*** dropping frame 631 from stream 0 at ts 593
request frame --- , current cached_gop_ok : 1, nb_gop_frames : 52 
*** dropping frame 631 from stream 0 at ts 592
request frame --- , current cached_gop_ok : 1, nb_gop_frames : 51 
*** dropping frame 631 from stream 0 at ts 591
request frame --- , current cached_gop_ok : 1, nb_gop_frames : 50 
*** dropping frame 631 from stream 0 at ts 590
request frame --- , current cached_gop_ok : 1, nb_gop_frames : 49 
*** dropping frame 631 from stream 0 at ts 589
request frame --- , current cached_gop_ok : 1, nb_gop_frames : 48 
*** dropping frame 631 from stream 0 at ts 588
request frame --- , current cached_gop_ok : 1, nb_gop_frames : 47 
*** dropping frame 631 from stream 0 at ts 587
request frame --- , current cached_gop_ok : 1, nb_gop_frames : 46 
*** dropping frame 631 from stream 0 at ts 586
request frame --- , current cached_gop_ok : 1, nb_gop_frames : 45 
*** dropping frame 631 from stream 0 at ts 585
request frame --- , current cached_gop_ok : 1, nb_gop_frames : 44 
*** dropping frame 631 from stream 0 at ts 584
request frame --- , current cached_gop_ok : 1, nb_gop_frames : 43 
*** dropping frame 631 from stream 0 at ts 583
request frame --- , current cached_gop_ok : 1, nb_gop_frames : 42 
*** dropping frame 631 from stream 0 at ts 582
request frame --- , current cached_gop_ok : 1, nb_gop_frames : 41 
*** dropping frame 631 from stream 0 at ts 581
request frame --- , current cached_gop_ok : 1, nb_gop_frames : 40 
*** dropping frame 631 from stream 0 at ts 580
request frame --- , current cached_gop_ok : 1, nb_gop_frames : 39 
*** dropping frame 631 from stream 0 at ts 579
request frame --- , current cached_gop_ok : 1, nb_gop_frames : 38 
*** dropping frame 631 from stream 0 at ts 578
request frame --- , current cached_gop_ok : 1, nb_gop_frames : 37 
*** dropping frame 631 from stream 0 at ts 577
request frame --- , current cached_gop_ok : 1, nb_gop_frames : 36 
*** dropping frame 631 from stream 0 at ts 576
request frame --- , current cached_gop_ok : 1, nb_gop_frames : 35 
*** dropping frame 631 from stream 0 at ts 575
request frame --- , current cached_gop_ok : 1, nb_gop_frames : 34 
*** dropping frame 631 from stream 0 at ts 574
request frame --- , current cached_gop_ok : 1, nb_gop_frames : 33 
*** dropping frame 631 from stream 0 at ts 573
request frame --- , current cached_gop_ok : 1, nb_gop_frames : 32 
*** dropping frame 631 from stream 0 at ts 572
request frame --- , current cached_gop_ok : 1, nb_gop_frames : 31 
*** dropping frame 631 from stream 0 at ts 571
request frame --- , current cached_gop_ok : 1, nb_gop_frames : 30 
*** dropping frame 631 from stream 0 at ts 570
request frame --- , current cached_gop_ok : 1, nb_gop_frames : 29 
*** dropping frame 631 from stream 0 at ts 569
request frame --- , current cached_gop_ok : 1, nb_gop_frames : 28 
*** dropping frame 631 from stream 0 at ts 568
request frame --- , current cached_gop_ok : 1, nb_gop_frames : 27 
*** dropping frame 631 from stream 0 at ts 567
request frame --- , current cached_gop_ok : 1, nb_gop_frames : 26 
*** dropping frame 631 from stream 0 at ts 566
request frame --- , current cached_gop_ok : 1, nb_gop_frames : 25 
*** dropping frame 631 from stream 0 at ts 565
request frame --- , current cached_gop_ok : 1, nb_gop_frames : 24 
*** dropping frame 631 from stream 0 at ts 564
request frame --- , current cached_gop_ok : 1, nb_gop_frames : 23 
*** dropping frame 631 from stream 0 at ts 563
request frame --- , current cached_gop_ok : 1, nb_gop_frames : 22 
*** dropping frame 631 from stream 0 at ts 562
request frame --- , current cached_gop_ok : 1, nb_gop_frames : 21 
*** dropping frame 631 from stream 0 at ts 561
request frame --- , current cached_gop_ok : 1, nb_gop_frames : 20 
*** dropping frame 631 from stream 0 at ts 560
request frame --- , current cached_gop_ok : 1, nb_gop_frames : 19 
*** dropping frame 631 from stream 0 at ts 559
request frame --- , current cached_gop_ok : 1, nb_gop_frames : 18 
*** dropping frame 631 from stream 0 at ts 558
request frame --- , current cached_gop_ok : 1, nb_gop_frames : 17 
*** dropping frame 631 from stream 0 at ts 557
request frame --- , current cached_gop_ok : 1, nb_gop_frames : 16 
*** dropping frame 631 from stream 0 at ts 556
request frame --- , current cached_gop_ok : 1, nb_gop_frames : 15 
*** dropping frame 631 from stream 0 at ts 555
request frame --- , current cached_gop_ok : 1, nb_gop_frames : 14 
*** dropping frame 631 from stream 0 at ts 554
request frame --- , current cached_gop_ok : 1, nb_gop_frames : 13 
*** dropping frame 631 from stream 0 at ts 553
request frame --- , current cached_gop_ok : 1, nb_gop_frames : 12 
*** dropping frame 631 from stream 0 at ts 552
request frame --- , current cached_gop_ok : 1, nb_gop_frames : 11 
*** dropping frame 631 from stream 0 at ts 551
request frame --- , current cached_gop_ok : 1, nb_gop_frames : 10 
*** dropping frame 631 from stream 0 at ts 550
request frame --- , current cached_gop_ok : 1, nb_gop_frames : 9 
*** dropping frame 631 from stream 0 at ts 549
request frame --- , current cached_gop_ok : 1, nb_gop_frames : 8 
*** dropping frame 631 from stream 0 at ts 548
request frame --- , current cached_gop_ok : 1, nb_gop_frames : 7 
*** dropping frame 631 from stream 0 at ts 547
request frame --- , current cached_gop_ok : 1, nb_gop_frames : 6 
*** dropping frame 631 from stream 0 at ts 546
request frame --- , current cached_gop_ok : 1, nb_gop_frames : 5 
*** dropping frame 631 from stream 0 at ts 545
request frame --- , current cached_gop_ok : 1, nb_gop_frames : 4 
*** dropping frame 631 from stream 0 at ts 544
request frame --- , current cached_gop_ok : 1, nb_gop_frames : 3 
*** dropping frame 631 from stream 0 at ts 543
request frame --- , current cached_gop_ok : 1, nb_gop_frames : 2 
*** dropping frame 631 from stream 0 at ts 542
request frame --- , current cached_gop_ok : 1, nb_gop_frames : 1 
request frame --- , nb_gop_frames == 0 
*** dropping frame 631 from stream 0 at ts 541
request frame --- , current cached_gop_ok : 0, nb_gop_frames : 0 
request frame --- , nb_gop_frames == 0 
filter frame --- , insert frame begin, frame queue size : 1, nb_frames : 1, pts : 323072, key_frame : 0 
[h264 @ 0x7feb5a02be00] nal_unit_type: 1, nal_ref_idc: 0
filter frame --- , frame queue size(1) > 0 and nb_frames(1) > 0, check key_frame : 0, pts : 323072 
filter frame --- , not key frame comes, add it to queue, nb_frames : 2, queue size : 2, pts : 323072 
request frame --- , current cached_gop_ok : 0, nb_gop_frames : 0 
request frame --- , nb_gop_frames == 0 
filter frame --- , insert frame begin, frame queue size : 2, nb_frames : 2, pts : 323584, key_frame : 0 
[h264 @ 0x7feb5a042200] nal_unit_type: 1, nal_ref_idc: 0
filter frame --- , frame queue size(2) > 0 and nb_frames(2) > 0, check key_frame : 0, pts : 323584 
filter frame --- , not key frame comes, add it to queue, nb_frames : 3, queue size : 3, pts : 323584 
request frame --- , current cached_gop_ok : 0, nb_gop_frames : 0 
request frame --- , nb_gop_frames == 0 
filter frame --- , insert frame begin, frame queue size : 3, nb_frames : 3, pts : 324096, key_frame : 0 
[h264 @ 0x7feb5a042800] nal_unit_type: 1, nal_ref_idc: 2
filter frame --- , frame queue size(3) > 0 and nb_frames(3) > 0, check key_frame : 0, pts : 324096 
filter frame --- , not key frame comes, add it to queue, nb_frames : 4, queue size : 4, pts : 324096 
request frame --- , current cached_gop_ok : 0, nb_gop_frames : 0 
request frame --- , nb_gop_frames == 0 
filter frame --- , insert frame begin, frame queue size : 4, nb_frames : 4, pts : 324608, key_frame : 0 
[h264 @ 0x7feb5a009c00] nal_unit_type: 1, nal_ref_idc: 2
filter frame --- , frame queue size(4) > 0 and nb_frames(4) > 0, check key_frame : 0, pts : 324608 
filter frame --- , not key frame comes, add it to queue, nb_frames : 5, queue size : 5, pts : 324608 
request frame --- , current cached_gop_ok : 0, nb_gop_frames : 0 
request frame --- , nb_gop_frames == 0 
filter frame --- , insert frame begin, frame queue size : 5, nb_frames : 5, pts : 325120, key_frame : 0 
[h264 @ 0x7feb5a015a00] nal_unit_type: 1, nal_ref_idc: 0
filter frame --- , frame queue size(5) > 0 and nb_frames(5) > 0, check key_frame : 0, pts : 325120 
filter frame --- , not key frame comes, add it to queue, nb_frames : 6, queue size : 6, pts : 325120 
request frame --- , current cached_gop_ok : 0, nb_gop_frames : 0 
request frame --- , nb_gop_frames == 0 
filter frame --- , insert frame begin, frame queue size : 6, nb_frames : 6, pts : 325632, key_frame : 0 
[h264 @ 0x7feb5a02be00] nal_unit_type: 1, nal_ref_idc: 0
filter frame --- , frame queue size(6) > 0 and nb_frames(6) > 0, check key_frame : 0, pts : 325632 
filter frame --- , not key frame comes, add it to queue, nb_frames : 7, queue size : 7, pts : 325632 
request frame --- , current cached_gop_ok : 0, nb_gop_frames : 0 
request frame --- , nb_gop_frames == 0 
[h264 @ 0x7feb5a042200] nal_unit_type: 1, nal_ref_idc: 2
filter frame --- , insert frame begin, frame queue size : 7, nb_frames : 7, pts : 326144, key_frame : 0 
filter frame --- , frame queue size(7) > 0 and nb_frames(7) > 0, check key_frame : 0, pts : 326144 
filter frame --- , not key frame comes, add it to queue, nb_frames : 8, queue size : 8, pts : 326144 
request frame --- , current cached_gop_ok : 0, nb_gop_frames : 0 
request frame --- , nb_gop_frames == 0 
filter frame --- , insert frame begin, frame queue size : 8, nb_frames : 8, pts : 326656, key_frame : 0 
[h264 @ 0x7feb5a042800] nal_unit_type: 1, nal_ref_idc: 2
filter frame --- , frame queue size(8) > 0 and nb_frames(8) > 0, check key_frame : 0, pts : 326656 
filter frame --- , not key frame comes, add it to queue, nb_frames : 9, queue size : 9, pts : 326656 
request frame --- , current cached_gop_ok : 0, nb_gop_frames : 0 
request frame --- , nb_gop_frames == 0 
filter frame --- , insert frame begin, frame queue size : 9, nb_frames : 9, pts : 327168, key_frame : 0 
[h264 @ 0x7feb5a009c00] nal_unit_type: 1, nal_ref_idc: 0
filter frame --- , frame queue size(9) > 0 and nb_frames(9) > 0, check key_frame : 0, pts : 327168 
filter frame --- , not key frame comes, add it to queue, nb_frames : 10, queue size : 10, pts : 327168 
request frame --- , current cached_gop_ok : 0, nb_gop_frames : 0 
request frame --- , nb_gop_frames == 0 
filter frame --- , insert frame begin, frame queue size : 10, nb_frames : 10, pts : 327680, key_frame : 0 
[h264 @ 0x7feb5a015a00] nal_unit_type: 1, nal_ref_idc: 0
filter frame --- , frame queue size(10) > 0 and nb_frames(10) > 0, check key_frame : 0, pts : 327680 
filter frame --- , not key frame comes, add it to queue, nb_frames : 11, queue size : 11, pts : 327680 
request frame --- , current cached_gop_ok : 0, nb_gop_frames : 0 
request frame --- , nb_gop_frames == 0 
filter frame --- , insert frame begin, frame queue size : 11, nb_frames : 11, pts : 328192, key_frame : 0 
[h264 @ 0x7feb5a02be00] nal_unit_type: 1, nal_ref_idc: 2
filter frame --- , frame queue size(11) > 0 and nb_frames(11) > 0, check key_frame : 0, pts : 328192 
filter frame --- , not key frame comes, add it to queue, nb_frames : 12, queue size : 12, pts : 328192 
request frame --- , current cached_gop_ok : 0, nb_gop_frames : 0 
request frame --- , nb_gop_frames == 0 
filter frame --- , insert frame begin, frame queue size : 12, nb_frames : 12, pts : 328704, key_frame : 0 
filter frame --- , frame queue size(12) > 0 and nb_frames(12) > 0, check key_frame : 0, pts : 328704 
filter frame --- , not key frame comes, add it to queue, nb_frames : 13, queue size : 13, pts : 328704 
request frame --- , current cached_gop_ok : 0, nb_gop_frames : 0 
request frame --- , nb_gop_frames == 0 
[h264 @ 0x7feb5a042200] nal_unit_type: 1, nal_ref_idc: 2
filter frame --- , insert frame begin, frame queue size : 13, nb_frames : 13, pts : 329216, key_frame : 0 
[h264 @ 0x7feb5a042800] nal_unit_type: 1, nal_ref_idc: 0
filter frame --- , frame queue size(13) > 0 and nb_frames(13) > 0, check key_frame : 0, pts : 329216 
filter frame --- , not key frame comes, add it to queue, nb_frames : 14, queue size : 14, pts : 329216 
request frame --- , current cached_gop_ok : 0, nb_gop_frames : 0 
request frame --- , nb_gop_frames == 0 
filter frame --- , insert frame begin, frame queue size : 14, nb_frames : 14, pts : 329728, key_frame : 0 
[h264 @ 0x7feb5a009c00] nal_unit_type: 1, nal_ref_idc: 0
filter frame --- , frame queue size(14) > 0 and nb_frames(14) > 0, check key_frame : 0, pts : 329728 
filter frame --- , not key frame comes, add it to queue, nb_frames : 15, queue size : 15, pts : 329728 
request frame --- , current cached_gop_ok : 0, nb_gop_frames : 0 
request frame --- , nb_gop_frames == 0 
[h264 @ 0x7feb5a015a00] nal_unit_type: 1, nal_ref_idc: 2
filter frame --- , insert frame begin, frame queue size : 15, nb_frames : 15, pts : 330240, key_frame : 0 
filter frame --- , frame queue size(15) > 0 and nb_frames(15) > 0, check key_frame : 0, pts : 330240 
filter frame --- , not key frame comes, add it to queue, nb_frames : 16, queue size : 16, pts : 330240 
request frame --- , current cached_gop_ok : 0, nb_gop_frames : 0 
request frame --- , nb_gop_frames == 0 
filter frame --- , insert frame begin, frame queue size : 16, nb_frames : 16, pts : 330752, key_frame : 0 
[h264 @ 0x7feb5a02be00] nal_unit_type: 1, nal_ref_idc: 2
filter frame --- , frame queue size(16) > 0 and nb_frames(16) > 0, check key_frame : 0, pts : 330752 
filter frame --- , not key frame comes, add it to queue, nb_frames : 17, queue size : 17, pts : 330752 
request frame --- , current cached_gop_ok : 0, nb_gop_frames : 0 
request frame --- , nb_gop_frames == 0 
filter frame --- , insert frame begin, frame queue size : 17, nb_frames : 17, pts : 331264, key_frame : 0 
[h264 @ 0x7feb5a042200] nal_unit_type: 1, nal_ref_idc: 0
filter frame --- , frame queue size(17) > 0 and nb_frames(17) > 0, check key_frame : 0, pts : 331264 
filter frame --- , not key frame comes, add it to queue, nb_frames : 18, queue size : 18, pts : 331264 
request frame --- , current cached_gop_ok : 0, nb_gop_frames : 0 
request frame --- , nb_gop_frames == 0 
filter frame --- , insert frame begin, frame queue size : 18, nb_frames : 18, pts : 331776, key_frame : 0 
[h264 @ 0x7feb5a042800] nal_unit_type: 1, nal_ref_idc: 0
filter frame --- , frame queue size(18) > 0 and nb_frames(18) > 0, check key_frame : 0, pts : 331776 
filter frame --- , not key frame comes, add it to queue, nb_frames : 19, queue size : 19, pts : 331776 
request frame --- , current cached_gop_ok : 0, nb_gop_frames : 0 
request frame --- , nb_gop_frames == 0 
filter frame --- , insert frame begin, frame queue size : 19, nb_frames : 19, pts : 332288, key_frame : 0 
filter frame --- , frame queue size(19) > 0 and nb_frames(19) > 0, check key_frame : 0, pts : 332288 
filter frame --- , not key frame comes, add it to queue, nb_frames : 20, queue size : 20, pts : 332288 
request frame --- , current cached_gop_ok : 0, nb_gop_frames : 0 
request frame --- , nb_gop_frames == 0 
[h264 @ 0x7feb5a009c00] nal_unit_type: 1, nal_ref_idc: 2
filter frame --- , insert frame begin, frame queue size : 20, nb_frames : 20, pts : 332800, key_frame : 0 
filter frame --- , frame queue size(20) > 0 and nb_frames(20) > 0, check key_frame : 0, pts : 332800 
filter frame --- , not key frame comes, add it to queue, nb_frames : 21, queue size : 21, pts : 332800 
request frame --- , current cached_gop_ok : 0, nb_gop_frames : 0 
request frame --- , nb_gop_frames == 0 
[h264 @ 0x7feb5a015a00] nal_unit_type: 1, nal_ref_idc: 2
filter frame --- , insert frame begin, frame queue size : 21, nb_frames : 21, pts : 333312, key_frame : 0 
[h264 @ 0x7feb5a02be00] nal_unit_type: 1, nal_ref_idc: 0
filter frame --- , frame queue size(21) > 0 and nb_frames(21) > 0, check key_frame : 0, pts : 333312 
filter frame --- , not key frame comes, add it to queue, nb_frames : 22, queue size : 22, pts : 333312 
request frame --- , current cached_gop_ok : 0, nb_gop_frames : 0 
request frame --- , nb_gop_frames == 0 
filter frame --- , insert frame begin, frame queue size : 22, nb_frames : 22, pts : 333824, key_frame : 0 
filter frame --- , frame queue size(22) > 0 and nb_frames(22) > 0, check key_frame : 0, pts : 333824 
filter frame --- , not key frame comes, add it to queue, nb_frames : 23, queue size : 23, pts : 333824 
request frame --- , current cached_gop_ok : 0, nb_gop_frames : 0 
request frame --- , nb_gop_frames == 0 
[h264 @ 0x7feb5a042200] nal_unit_type: 1, nal_ref_idc: 0
[h264 @ 0x7feb5a042800] nal_unit_type: 1, nal_ref_idc: 2
filter frame --- , insert frame begin, frame queue size : 23, nb_frames : 23, pts : 334336, key_frame : 0 
filter frame --- , frame queue size(23) > 0 and nb_frames(23) > 0, check key_frame : 0, pts : 334336 
filter frame --- , not key frame comes, add it to queue, nb_frames : 24, queue size : 24, pts : 334336 
request frame --- , current cached_gop_ok : 0, nb_gop_frames : 0 
request frame --- , nb_gop_frames == 0 
filter frame --- , insert frame begin, frame queue size : 24, nb_frames : 24, pts : 334848, key_frame : 0 
filter frame --- , frame queue size(24) > 0 and nb_frames(24) > 0, check key_frame : 0, pts : 334848 
filter frame --- , not key frame comes, add it to queue, nb_frames : 25, queue size : 25, pts : 334848 
request frame --- , current cached_gop_ok : 0, nb_gop_frames : 0 
request frame --- , nb_gop_frames == 0 
[h264 @ 0x7feb5a009c00] nal_unit_type: 1, nal_ref_idc: 2
filter frame --- , insert frame begin, frame queue size : 25, nb_frames : 25, pts : 335360, key_frame : 0 
[h264 @ 0x7feb5a015a00] nal_unit_type: 1, nal_ref_idc: 0
filter frame --- , frame queue size(25) > 0 and nb_frames(25) > 0, check key_frame : 0, pts : 335360 
filter frame --- , not key frame comes, add it to queue, nb_frames : 26, queue size : 26, pts : 335360 
request frame --- , current cached_gop_ok : 0, nb_gop_frames : 0 
request frame --- , nb_gop_frames == 0 
filter frame --- , insert frame begin, frame queue size : 26, nb_frames : 26, pts : 335872, key_frame : 0 
[h264 @ 0x7feb5a02be00] nal_unit_type: 1, nal_ref_idc: 0
filter frame --- , frame queue size(26) > 0 and nb_frames(26) > 0, check key_frame : 0, pts : 335872 
filter frame --- , not key frame comes, add it to queue, nb_frames : 27, queue size : 27, pts : 335872 
request frame --- , current cached_gop_ok : 0, nb_gop_frames : 0 
request frame --- , nb_gop_frames == 0 
filter frame --- , insert frame begin, frame queue size : 27, nb_frames : 27, pts : 336384, key_frame : 0 
filter frame --- , frame queue size(27) > 0 and nb_frames(27) > 0, check key_frame : 0, pts : 336384 
filter frame --- , not key frame comes, add it to queue, nb_frames : 28, queue size : 28, pts : 336384 
request frame --- , current cached_gop_ok : 0, nb_gop_frames : 0 
request frame --- , nb_gop_frames == 0 
[h264 @ 0x7feb5a042200] nal_unit_type: 1, nal_ref_idc: 2
filter frame --- , insert frame begin, frame queue size : 28, nb_frames : 28, pts : 336896, key_frame : 0 
[h264 @ 0x7feb5a042800] nal_unit_type: 1, nal_ref_idc: 2
filter frame --- , frame queue size(28) > 0 and nb_frames(28) > 0, check key_frame : 0, pts : 336896 
filter frame --- , not key frame comes, add it to queue, nb_frames : 29, queue size : 29, pts : 336896 
request frame --- , current cached_gop_ok : 0, nb_gop_frames : 0 
request frame --- , nb_gop_frames == 0 
filter frame --- , insert frame begin, frame queue size : 29, nb_frames : 29, pts : 337408, key_frame : 0 
[h264 @ 0x7feb5a009c00] nal_unit_type: 1, nal_ref_idc: 0
filter frame --- , frame queue size(29) > 0 and nb_frames(29) > 0, check key_frame : 0, pts : 337408 
filter frame --- , not key frame comes, add it to queue, nb_frames : 30, queue size : 30, pts : 337408 
request frame --- , current cached_gop_ok : 0, nb_gop_frames : 0 
request frame --- , nb_gop_frames == 0 
filter frame --- , insert frame begin, frame queue size : 30, nb_frames : 30, pts : 337920, key_frame : 0 
[h264 @ 0x7feb5a015a00] nal_unit_type: 1, nal_ref_idc: 0
filter frame --- , frame queue size(30) > 0 and nb_frames(30) > 0, check key_frame : 0, pts : 337920 
filter frame --- , not key frame comes, add it to queue, nb_frames : 31, queue size : 31, pts : 337920 
request frame --- , current cached_gop_ok : 0, nb_gop_frames : 0 
request frame --- , nb_gop_frames == 0 
[h264 @ 0x7feb5a02be00] nal_unit_type: 1, nal_ref_idc: 2
filter frame --- , insert frame begin, frame queue size : 31, nb_frames : 31, pts : 338432, key_frame : 0 
filter frame --- , frame queue size(31) > 0 and nb_frames(31) > 0, check key_frame : 0, pts : 338432 
filter frame --- , not key frame comes, add it to queue, nb_frames : 32, queue size : 32, pts : 338432 
request frame --- , current cached_gop_ok : 0, nb_gop_frames : 0 
request frame --- , nb_gop_frames == 0 
filter frame --- , insert frame begin, frame queue size : 32, nb_frames : 32, pts : 338944, key_frame : 0 
[h264 @ 0x7feb5a042200] nal_unit_type: 1, nal_ref_idc: 2
filter frame --- , frame queue size(32) > 0 and nb_frames(32) > 0, check key_frame : 0, pts : 338944 
filter frame --- , not key frame comes, add it to queue, nb_frames : 33, queue size : 33, pts : 338944 
request frame --- , current cached_gop_ok : 0, nb_gop_frames : 0 
request frame --- , nb_gop_frames == 0 
filter frame --- , insert frame begin, frame queue size : 33, nb_frames : 33, pts : 339456, key_frame : 0 
filter frame --- , frame queue size(33) > 0 and nb_frames(33) > 0, check key_frame : 0, pts : 339456 
filter frame --- , not key frame comes, add it to queue, nb_frames : 34, queue size : 34, pts : 339456 
request frame --- , current cached_gop_ok : 0, nb_gop_frames : 0 
request frame --- , nb_gop_frames == 0 
[h264 @ 0x7feb5a042800] nal_unit_type: 1, nal_ref_idc: 0
filter frame --- , insert frame begin, frame queue size : 34, nb_frames : 34, pts : 339968, key_frame : 0 
filter frame --- , frame queue size(34) > 0 and nb_frames(34) > 0, check key_frame : 0, pts : 339968 
filter frame --- , not key frame comes, add it to queue, nb_frames : 35, queue size : 35, pts : 339968 
request frame --- , current cached_gop_ok : 0, nb_gop_frames : 0 
request frame --- , nb_gop_frames == 0 
[h264 @ 0x7feb5a009c00] nal_unit_type: 1, nal_ref_idc: 0
filter frame --- , insert frame begin, frame queue size : 35, nb_frames : 35, pts : 340480, key_frame : 0 
filter frame --- , frame queue size(35) > 0 and nb_frames(35) > 0, check key_frame : 0, pts : 340480 
filter frame --- , not key frame comes, add it to queue, nb_frames : 36, queue size : 36, pts : 340480 
request frame --- , current cached_gop_ok : 0, nb_gop_frames : 0 
request frame --- , nb_gop_frames == 0 
[h264 @ 0x7feb5a015a00] nal_unit_type: 1, nal_ref_idc: 2
filter frame --- , insert frame begin, frame queue size : 36, nb_frames : 36, pts : 340992, key_frame : 0 
filter frame --- , frame queue size(36) > 0 and nb_frames(36) > 0, check key_frame : 0, pts : 340992 
filter frame --- , not key frame comes, add it to queue, nb_frames : 37, queue size : 37, pts : 340992 
request frame --- , current cached_gop_ok : 0, nb_gop_frames : 0 
request frame --- , nb_gop_frames == 0 
[h264 @ 0x7feb5a02be00] nal_unit_type: 1, nal_ref_idc: 2
filter frame --- , insert frame begin, frame queue size : 37, nb_frames : 37, pts : 341504, key_frame : 0 
filter frame --- , frame queue size(37) > 0 and nb_frames(37) > 0, check key_frame : 0, pts : 341504 
filter frame --- , not key frame comes, add it to queue, nb_frames : 38, queue size : 38, pts : 341504 
request frame --- , current cached_gop_ok : 0, nb_gop_frames : 0 
request frame --- , nb_gop_frames == 0 
[h264 @ 0x7feb5a042200] nal_unit_type: 1, nal_ref_idc: 0
filter frame --- , insert frame begin, frame queue size : 38, nb_frames : 38, pts : 342016, key_frame : 0 
filter frame --- , frame queue size(38) > 0 and nb_frames(38) > 0, check key_frame : 0, pts : 342016 
filter frame --- , not key frame comes, add it to queue, nb_frames : 39, queue size : 39, pts : 342016 
request frame --- , current cached_gop_ok : 0, nb_gop_frames : 0 
request frame --- , nb_gop_frames == 0 
[h264 @ 0x7feb5a042800] nal_unit_type: 1, nal_ref_idc: 0
filter frame --- , insert frame begin, frame queue size : 39, nb_frames : 39, pts : 342528, key_frame : 0 
filter frame --- , frame queue size(39) > 0 and nb_frames(39) > 0, check key_frame : 0, pts : 342528 
filter frame --- , not key frame comes, add it to queue, nb_frames : 40, queue size : 40, pts : 342528 
request frame --- , current cached_gop_ok : 0, nb_gop_frames : 0 
request frame --- , nb_gop_frames == 0 
[h264 @ 0x7feb5a009c00] nal_unit_type: 1, nal_ref_idc: 2
filter frame --- , insert frame begin, frame queue size : 40, nb_frames : 40, pts : 343040, key_frame : 0 
filter frame --- , frame queue size(40) > 0 and nb_frames(40) > 0, check key_frame : 0, pts : 343040 
filter frame --- , not key frame comes, add it to queue, nb_frames : 41, queue size : 41, pts : 343040 
request frame --- , current cached_gop_ok : 0, nb_gop_frames : 0 
request frame --- , nb_gop_frames == 0 
[h264 @ 0x7feb5a015a00] nal_unit_type: 1, nal_ref_idc: 2
filter frame --- , insert frame begin, frame queue size : 41, nb_frames : 41, pts : 343552, key_frame : 0 
filter frame --- , frame queue size(41) > 0 and nb_frames(41) > 0, check key_frame : 0, pts : 343552 
filter frame --- , not key frame comes, add it to queue, nb_frames : 42, queue size : 42, pts : 343552 
request frame --- , current cached_gop_ok : 0, nb_gop_frames : 0 
request frame --- , nb_gop_frames == 0 
[h264 @ 0x7feb5a02be00] nal_unit_type: 1, nal_ref_idc: 0
filter frame --- , insert frame begin, frame queue size : 42, nb_frames : 42, pts : 344064, key_frame : 0 
filter frame --- , frame queue size(42) > 0 and nb_frames(42) > 0, check key_frame : 0, pts : 344064 
filter frame --- , not key frame comes, add it to queue, nb_frames : 43, queue size : 43, pts : 344064 
request frame --- , current cached_gop_ok : 0, nb_gop_frames : 0 
request frame --- , nb_gop_frames == 0 
[h264 @ 0x7feb5a042200] nal_unit_type: 1, nal_ref_idc: 0
filter frame --- , insert frame begin, frame queue size : 43, nb_frames : 43, pts : 344576, key_frame : 0 
filter frame --- , frame queue size(43) > 0 and nb_frames(43) > 0, check key_frame : 0, pts : 344576 
filter frame --- , not key frame comes, add it to queue, nb_frames : 44, queue size : 44, pts : 344576 
request frame --- , current cached_gop_ok : 0, nb_gop_frames : 0 
request frame --- , nb_gop_frames == 0 
[h264 @ 0x7feb5a042800] nal_unit_type: 1, nal_ref_idc: 2
filter frame --- , insert frame begin, frame queue size : 44, nb_frames : 44, pts : 345088, key_frame : 0 
filter frame --- , frame queue size(44) > 0 and nb_frames(44) > 0, check key_frame : 0, pts : 345088 
filter frame --- , not key frame comes, add it to queue, nb_frames : 45, queue size : 45, pts : 345088 
request frame --- , current cached_gop_ok : 0, nb_gop_frames : 0 
request frame --- , nb_gop_frames == 0 
[h264 @ 0x7feb5a009c00] nal_unit_type: 1, nal_ref_idc: 2
filter frame --- , insert frame begin, frame queue size : 45, nb_frames : 45, pts : 345600, key_frame : 0 
filter frame --- , frame queue size(45) > 0 and nb_frames(45) > 0, check key_frame : 0, pts : 345600 
filter frame --- , not key frame comes, add it to queue, nb_frames : 46, queue size : 46, pts : 345600 
request frame --- , current cached_gop_ok : 0, nb_gop_frames : 0 
request frame --- , nb_gop_frames == 0 
[h264 @ 0x7feb5a015a00] nal_unit_type: 1, nal_ref_idc: 0
filter frame --- , insert frame begin, frame queue size : 46, nb_frames : 46, pts : 346112, key_frame : 0 
filter frame --- , frame queue size(46) > 0 and nb_frames(46) > 0, check key_frame : 0, pts : 346112 
filter frame --- , not key frame comes, add it to queue, nb_frames : 47, queue size : 47, pts : 346112 
request frame --- , current cached_gop_ok : 0, nb_gop_frames : 0 
request frame --- , nb_gop_frames == 0 
[h264 @ 0x7feb5a02be00] nal_unit_type: 1, nal_ref_idc: 0
filter frame --- , insert frame begin, frame queue size : 47, nb_frames : 47, pts : 346624, key_frame : 0 
filter frame --- , frame queue size(47) > 0 and nb_frames(47) > 0, check key_frame : 0, pts : 346624 
filter frame --- , not key frame comes, add it to queue, nb_frames : 48, queue size : 48, pts : 346624 
request frame --- , current cached_gop_ok : 0, nb_gop_frames : 0 
request frame --- , nb_gop_frames == 0 
[h264 @ 0x7feb5a042200] nal_unit_type: 1, nal_ref_idc: 2
filter frame --- , insert frame begin, frame queue size : 48, nb_frames : 48, pts : 347136, key_frame : 0 
filter frame --- , frame queue size(48) > 0 and nb_frames(48) > 0, check key_frame : 0, pts : 347136 
filter frame --- , not key frame comes, add it to queue, nb_frames : 49, queue size : 49, pts : 347136 
request frame --- , current cached_gop_ok : 0, nb_gop_frames : 0 
request frame --- , nb_gop_frames == 0 
[h264 @ 0x7feb5a042800] nal_unit_type: 1, nal_ref_idc: 2
filter frame --- , insert frame begin, frame queue size : 49, nb_frames : 49, pts : 347648, key_frame : 0 
filter frame --- , frame queue size(49) > 0 and nb_frames(49) > 0, check key_frame : 0, pts : 347648 
filter frame --- , not key frame comes, add it to queue, nb_frames : 50, queue size : 50, pts : 347648 
request frame --- , current cached_gop_ok : 0, nb_gop_frames : 0 
request frame --- , nb_gop_frames == 0 
[h264 @ 0x7feb5a009c00] nal_unit_type: 1, nal_ref_idc: 0
filter frame --- , insert frame begin, frame queue size : 50, nb_frames : 50, pts : 348160, key_frame : 0 
filter frame --- , frame queue size(50) > 0 and nb_frames(50) > 0, check key_frame : 0, pts : 348160 
filter frame --- , not key frame comes, add it to queue, nb_frames : 51, queue size : 51, pts : 348160 
request frame --- , current cached_gop_ok : 0, nb_gop_frames : 0 
request frame --- , nb_gop_frames == 0 
[h264 @ 0x7feb5a015a00] nal_unit_type: 1, nal_ref_idc: 0
[h264 @ 0x7feb5a02be00] nal_unit_type: 1, nal_ref_idc: 2
filter frame --- , insert frame begin, frame queue size : 51, nb_frames : 51, pts : 348672, key_frame : 0 
filter frame --- , frame queue size(51) > 0 and nb_frames(51) > 0, check key_frame : 0, pts : 348672 
filter frame --- , not key frame comes, add it to queue, nb_frames : 52, queue size : 52, pts : 348672 
request frame --- , current cached_gop_ok : 0, nb_gop_frames : 0 
request frame --- , nb_gop_frames == 0 
filter frame --- , insert frame begin, frame queue size : 52, nb_frames : 52, pts : 349184, key_frame : 0 
[h264 @ 0x7feb5a042200] nal_unit_type: 1, nal_ref_idc: 2
filter frame --- , frame queue size(52) > 0 and nb_frames(52) > 0, check key_frame : 0, pts : 349184 
filter frame --- , not key frame comes, add it to queue, nb_frames : 53, queue size : 53, pts : 349184 
request frame --- , current cached_gop_ok : 0, nb_gop_frames : 0 
request frame --- , nb_gop_frames == 0 
[h264 @ 0x7feb5a042800] nal_unit_type: 1, nal_ref_idc: 0
filter frame --- , insert frame begin, frame queue size : 53, nb_frames : 53, pts : 349696, key_frame : 0 
filter frame --- , frame queue size(53) > 0 and nb_frames(53) > 0, check key_frame : 0, pts : 349696 
filter frame --- , not key frame comes, add it to queue, nb_frames : 54, queue size : 54, pts : 349696 
request frame --- , current cached_gop_ok : 0, nb_gop_frames : 0 
request frame --- , nb_gop_frames == 0 
filter frame --- , insert frame begin, frame queue size : 54, nb_frames : 54, pts : 350208, key_frame : 0 
[h264 @ 0x7feb5a009c00] nal_unit_type: 1, nal_ref_idc: 0
filter frame --- , frame queue size(54) > 0 and nb_frames(54) > 0, check key_frame : 0, pts : 350208 
filter frame --- , not key frame comes, add it to queue, nb_frames : 55, queue size : 55, pts : 350208 
request frame --- , current cached_gop_ok : 0, nb_gop_frames : 0 
request frame --- , nb_gop_frames == 0 
filter frame --- , insert frame begin, frame queue size : 55, nb_frames : 55, pts : 350720, key_frame : 0 
filter frame --- , frame queue size(55) > 0 and nb_frames(55) > 0, check key_frame : 0, pts : 350720 
filter frame --- , not key frame comes, add it to queue, nb_frames : 56, queue size : 56, pts : 350720 
request frame --- , current cached_gop_ok : 0, nb_gop_frames : 0 
request frame --- , nb_gop_frames == 0 
[h264 @ 0x7feb5a015a00] nal_unit_type: 1, nal_ref_idc: 2
filter frame --- , insert frame begin, frame queue size : 56, nb_frames : 56, pts : 351232, key_frame : 0 
[h264 @ 0x7feb5a02be00] nal_unit_type: 1, nal_ref_idc: 2
filter frame --- , frame queue size(56) > 0 and nb_frames(56) > 0, check key_frame : 0, pts : 351232 
filter frame --- , not key frame comes, add it to queue, nb_frames : 57, queue size : 57, pts : 351232 
request frame --- , current cached_gop_ok : 0, nb_gop_frames : 0 
request frame --- , nb_gop_frames == 0 
filter frame --- , insert frame begin, frame queue size : 57, nb_frames : 57, pts : 351744, key_frame : 0 
[h264 @ 0x7feb5a042200] nal_unit_type: 1, nal_ref_idc: 0
filter frame --- , frame queue size(57) > 0 and nb_frames(57) > 0, check key_frame : 0, pts : 351744 
filter frame --- , not key frame comes, add it to queue, nb_frames : 58, queue size : 58, pts : 351744 
request frame --- , current cached_gop_ok : 0, nb_gop_frames : 0 
request frame --- , nb_gop_frames == 0 
filter frame --- , insert frame begin, frame queue size : 58, nb_frames : 58, pts : 352256, key_frame : 0 
filter frame --- , frame queue size(58) > 0 and nb_frames(58) > 0, check key_frame : 0, pts : 352256 
[h264 @ 0x7feb5a042800] nal_unit_type: 1, nal_ref_idc: 0
filter frame --- , not key frame comes, add it to queue, nb_frames : 59, queue size : 59, pts : 352256 
request frame --- , current cached_gop_ok : 0, nb_gop_frames : 0 
request frame --- , nb_gop_frames == 0 
[h264 @ 0x7feb5a009c00] nal_unit_type: 1, nal_ref_idc: 2
filter frame --- , insert frame begin, frame queue size : 59, nb_frames : 59, pts : 352768, key_frame : 0 
filter frame --- , frame queue size(59) > 0 and nb_frames(59) > 0, check key_frame : 0, pts : 352768 
filter frame --- , not key frame comes, add it to queue, nb_frames : 60, queue size : 60, pts : 352768 
request frame --- , current cached_gop_ok : 0, nb_gop_frames : 0 
request frame --- , nb_gop_frames == 0 
filter frame --- , insert frame begin, frame queue size : 60, nb_frames : 60, pts : 353280, key_frame : 0 
filter frame --- , frame queue size(60) > 0 and nb_frames(60) > 0, check key_frame : 0, pts : 353280 
filter frame --- , not key frame comes, add it to queue, nb_frames : 61, queue size : 61, pts : 353280 
request frame --- , current cached_gop_ok : 0, nb_gop_frames : 0 
request frame --- , nb_gop_frames == 0 
[h264 @ 0x7feb5a015a00] nal_unit_type: 1, nal_ref_idc: 2
filter frame --- , insert frame begin, frame queue size : 61, nb_frames : 61, pts : 353792, key_frame : 0 
[h264 @ 0x7feb5a02be00] nal_unit_type: 1, nal_ref_idc: 0
filter frame --- , frame queue size(61) > 0 and nb_frames(61) > 0, check key_frame : 0, pts : 353792 
filter frame --- , not key frame comes, add it to queue, nb_frames : 62, queue size : 62, pts : 353792 
request frame --- , current cached_gop_ok : 0, nb_gop_frames : 0 
request frame --- , nb_gop_frames == 0 
[h264 @ 0x7feb5a042200] nal_unit_type: 1, nal_ref_idc: 0
filter frame --- , insert frame begin, frame queue size : 62, nb_frames : 62, pts : 354304, key_frame : 0 
filter frame --- , frame queue size(62) > 0 and nb_frames(62) > 0, check key_frame : 0, pts : 354304 
filter frame --- , not key frame comes, add it to queue, nb_frames : 63, queue size : 63, pts : 354304 
request frame --- , current cached_gop_ok : 0, nb_gop_frames : 0 
request frame --- , nb_gop_frames == 0 
filter frame --- , insert frame begin, frame queue size : 63, nb_frames : 63, pts : 354816, key_frame : 0 
[h264 @ 0x7feb5a042800] nal_unit_type: 1, nal_ref_idc: 2
filter frame --- , frame queue size(63) > 0 and nb_frames(63) > 0, check key_frame : 0, pts : 354816 
filter frame --- , not key frame comes, add it to queue, nb_frames : 64, queue size : 64, pts : 354816 
request frame --- , current cached_gop_ok : 0, nb_gop_frames : 0 
request frame --- , nb_gop_frames == 0 
filter frame --- , insert frame begin, frame queue size : 64, nb_frames : 64, pts : 355328, key_frame : 0 
[h264 @ 0x7feb5a009c00] nal_unit_type: 1, nal_ref_idc: 2
filter frame --- , frame queue size(64) > 0 and nb_frames(64) > 0, check key_frame : 0, pts : 355328 
filter frame --- , not key frame comes, add it to queue, nb_frames : 65, queue size : 65, pts : 355328 
request frame --- , current cached_gop_ok : 0, nb_gop_frames : 0 
request frame --- , nb_gop_frames == 0 
filter frame --- , insert frame begin, frame queue size : 65, nb_frames : 65, pts : 355840, key_frame : 0 
filter frame --- , frame queue size(65) > 0 and nb_frames(65) > 0, check key_frame : 0, pts : 355840 
filter frame --- , not key frame comes, add it to queue, nb_frames : 66, queue size : 66, pts : 355840 
request frame --- , current cached_gop_ok : 0, nb_gop_frames : 0 
request frame --- , nb_gop_frames == 0 
[h264 @ 0x7feb5a015a00] nal_unit_type: 1, nal_ref_idc: 0
filter frame --- , insert frame begin, frame queue size : 66, nb_frames : 66, pts : 356352, key_frame : 0 
[h264 @ 0x7feb5a02be00] nal_unit_type: 1, nal_ref_idc: 0
filter frame --- , frame queue size(66) > 0 and nb_frames(66) > 0, check key_frame : 0, pts : 356352 
filter frame --- , not key frame comes, add it to queue, nb_frames : 67, queue size : 67, pts : 356352 
request frame --- , current cached_gop_ok : 0, nb_gop_frames : 0 
request frame --- , nb_gop_frames == 0 
[h264 @ 0x7feb5a042200] nal_unit_type: 1, nal_ref_idc: 2
filter frame --- , insert frame begin, frame queue size : 67, nb_frames : 67, pts : 356864, key_frame : 0 
filter frame --- , frame queue size(67) > 0 and nb_frames(67) > 0, check key_frame : 0, pts : 356864 
filter frame --- , not key frame comes, add it to queue, nb_frames : 68, queue size : 68, pts : 356864 
request frame --- , current cached_gop_ok : 0, nb_gop_frames : 0 
request frame --- , nb_gop_frames == 0 
filter frame --- , insert frame begin, frame queue size : 68, nb_frames : 68, pts : 357376, key_frame : 0 
[h264 @ 0x7feb5a042800] nal_unit_type: 1, nal_ref_idc: 2
filter frame --- , frame queue size(68) > 0 and nb_frames(68) > 0, check key_frame : 0, pts : 357376 
filter frame --- , not key frame comes, add it to queue, nb_frames : 69, queue size : 69, pts : 357376 
request frame --- , current cached_gop_ok : 0, nb_gop_frames : 0 
request frame --- , nb_gop_frames == 0 
filter frame --- , insert frame begin, frame queue size : 69, nb_frames : 69, pts : 357888, key_frame : 0 
[h264 @ 0x7feb5a009c00] nal_unit_type: 1, nal_ref_idc: 0
filter frame --- , frame queue size(69) > 0 and nb_frames(69) > 0, check key_frame : 0, pts : 357888 
filter frame --- , not key frame comes, add it to queue, nb_frames : 70, queue size : 70, pts : 357888 
request frame --- , current cached_gop_ok : 0, nb_gop_frames : 0 
request frame --- , nb_gop_frames == 0 
filter frame --- , insert frame begin, frame queue size : 70, nb_frames : 70, pts : 358400, key_frame : 0 
filter frame --- , frame queue size(70) > 0 and nb_frames(70) > 0, check key_frame : 0, pts : 358400 
filter frame --- , not key frame comes, add it to queue, nb_frames : 71, queue size : 71, pts : 358400 
request frame --- , current cached_gop_ok : 0, nb_gop_frames : 0 
request frame --- , nb_gop_frames == 0 
[h264 @ 0x7feb5a015a00] nal_unit_type: 1, nal_ref_idc: 0
[h264 @ 0x7feb5a02be00] nal_unit_type: 1, nal_ref_idc: 2
filter frame --- , insert frame begin, frame queue size : 71, nb_frames : 71, pts : 358912, key_frame : 0 
filter frame --- , frame queue size(71) > 0 and nb_frames(71) > 0, check key_frame : 0, pts : 358912 
filter frame --- , not key frame comes, add it to queue, nb_frames : 72, queue size : 72, pts : 358912 
request frame --- , current cached_gop_ok : 0, nb_gop_frames : 0 
request frame --- , nb_gop_frames == 0 
filter frame --- , insert frame begin, frame queue size : 72, nb_frames : 72, pts : 359424, key_frame : 0 
[h264 @ 0x7feb5a042200] nal_unit_type: 1, nal_ref_idc: 2
filter frame --- , frame queue size(72) > 0 and nb_frames(72) > 0, check key_frame : 0, pts : 359424 
filter frame --- , not key frame comes, add it to queue, nb_frames : 73, queue size : 73, pts : 359424 
request frame --- , current cached_gop_ok : 0, nb_gop_frames : 0 
request frame --- , nb_gop_frames == 0 
filter frame --- , insert frame begin, frame queue size : 73, nb_frames : 73, pts : 359936, key_frame : 0 
[h264 @ 0x7feb5a042800] nal_unit_type: 1, nal_ref_idc: 0
filter frame --- , frame queue size(73) > 0 and nb_frames(73) > 0, check key_frame : 0, pts : 359936 
filter frame --- , not key frame comes, add it to queue, nb_frames : 74, queue size : 74, pts : 359936 
request frame --- , current cached_gop_ok : 0, nb_gop_frames : 0 
request frame --- , nb_gop_frames == 0 
[h264 @ 0x7feb5a009c00] nal_unit_type: 1, nal_ref_idc: 0
filter frame --- , insert frame begin, frame queue size : 74, nb_frames : 74, pts : 360448, key_frame : 0 
filter frame --- , frame queue size(74) > 0 and nb_frames(74) > 0, check key_frame : 0, pts : 360448 
filter frame --- , not key frame comes, add it to queue, nb_frames : 75, queue size : 75, pts : 360448 
request frame --- , current cached_gop_ok : 0, nb_gop_frames : 0 
request frame --- , nb_gop_frames == 0 
filter frame --- , insert frame begin, frame queue size : 75, nb_frames : 75, pts : 360960, key_frame : 0 
filter frame --- , frame queue size(75) > 0 and nb_frames(75) > 0, check key_frame : 0, pts : 360960 
filter frame --- , not key frame comes, add it to queue, nb_frames : 76, queue size : 76, pts : 360960 
request frame --- , current cached_gop_ok : 0, nb_gop_frames : 0 
request frame --- , nb_gop_frames == 0 
filter frame --- , insert frame begin, frame queue size : 76, nb_frames : 76, pts : 361472, key_frame : 0 
filter frame --- , frame queue size(76) > 0 and nb_frames(76) > 0, check key_frame : 0, pts : 361472 
filter frame --- , not key frame comes, add it to queue, nb_frames : 77, queue size : 77, pts : 361472 
request frame --- , current cached_gop_ok : 0, nb_gop_frames : 0 
request frame --- , nb_gop_frames == 0 
filter frame --- , insert frame begin, frame queue size : 77, nb_frames : 77, pts : 361984, key_frame : 0 
filter frame --- , frame queue size(77) > 0 and nb_frames(77) > 0, check key_frame : 0, pts : 361984 
filter frame --- , not key frame comes, add it to queue, nb_frames : 78, queue size : 78, pts : 361984 
request frame --- , current cached_gop_ok : 0, nb_gop_frames : 0 
request frame --- , nb_gop_frames == 0 
filter frame --- , insert frame begin, frame queue size : 78, nb_frames : 78, pts : 362496, key_frame : 0 
filter frame --- , frame queue size(78) > 0 and nb_frames(78) > 0, check key_frame : 0, pts : 362496 
filter frame --- , not key frame comes, add it to queue, nb_frames : 79, queue size : 79, pts : 362496 
request frame --- , current cached_gop_ok : 0, nb_gop_frames : 0 
request frame --- , nb_gop_frames == 0 
filter frame --- , insert frame begin, frame queue size : 79, nb_frames : 79, pts : 363008, key_frame : 0 
filter frame --- , frame queue size(79) > 0 and nb_frames(79) > 0, check key_frame : 0, pts : 363008 
filter frame --- , not key frame comes, add it to queue, nb_frames : 80, queue size : 80, pts : 363008 
request frame --- , current cached_gop_ok : 0, nb_gop_frames : 0 
request frame --- , nb_gop_frames == 0 
filter frame --- , insert frame begin, frame queue size : 80, nb_frames : 80, pts : 363520, key_frame : 0 
filter frame --- , frame queue size(80) > 0 and nb_frames(80) > 0, check key_frame : 0, pts : 363520 
filter frame --- , not key frame comes, add it to queue, nb_frames : 81, queue size : 81, pts : 363520 
request frame --- , current cached_gop_ok : 0, nb_gop_frames : 0 
request frame --- , nb_gop_frames == 0 
request frame --- , current cached_gop_ok : 0, nb_gop_frames : 0 
request frame --- , nb_gop_frames == 0 
[out_0_0 @ 0x7feb5940d420] EOF on sink link out_0_0:default.
*** dropping frame 631 from stream 0 at ts 540
[out_0_1 @ 0x7feb5940a1a0] EOF on sink link out_0_1:default.
No more output streams to write to, finishing.
frame=  631 fps=371 q=-0.0 Lsize=    1075kB time=00:00:30.00 bitrate= 293.6kbits/s dup=611 drop=610 speed=17.6x    
video:582kB audio:476kB subtitle:0kB other streams:0kB global headers:0kB muxing overhead: 1.606535%
Input file #0 (/Users/mtime/Downloads/WeChatSight29.mp4):
  Input stream #0:0 (video): 711 packets read (1627830 bytes); 711 frames decoded; 
  Input stream #0:1 (audio): 1292 packets read (182342 bytes); 1292 frames decoded (1323008 samples); 
  Total: 2003 packets (1810172 bytes) demuxed
Output file #0 (test.mp4):
  Output stream #0:0 (video): 631 frames encoded; 631 packets muxed (595923 bytes); 
  Output stream #0:1 (audio): 1292 frames encoded (1323008 samples); 1293 packets muxed (487776 bytes); 
  Total: 1924 packets (1083699 bytes) muxed
2003 frames successfully decoded, 0 decoding errors
[AVIOContext @ 0x7feb59503560] Statistics: 60 seeks, 1970 writeouts
[aac @ 0x7feb5b005600] Qavg: 901.284
[AVIOContext @ 0x7feb59407c60] Statistics: 1834332 bytes read, 0 seeks
